showip.net

.ua

threema.ch

signal.org
simplex.chat
simplex.im
adminforge.de

linkedin.com
licdn.com

nnmclub.to
nnmstatic.win
filmitorrent.net
fast-torrent.club
kinozal.guru
kinozal.me
kinozal.tv
kinozaltv.life
cnd2exp.online
torrentgalaxy.to
rutor.org
rutor.info
rutor.is
cdnbunny.org
rutracker.org
rutracker.net
rutracker.wiki
rutracker.cc
selezen.org
booktracker.org
riperam.org
megapeer.vip
piratbit.top
thepiratebay.org
cloudtorrents.com
bt4gprx.com
slifki.biz
pb.wtf
rustorka.com
opentrackr.org

vpnlove.me
redshieldvpn.com
psiphon.ca
vpngate.net
mullvad.net
censortracker.org
prostovpn.org
vpngen.org
amnezia.org
cyberghostvpn.com
getoutline.org
vpnpay.io
protonvpn.com
surfshark.com
tiptop-vpn.com

scryde.ru
scryde.net
scryde1.net
scryde2.net
scryde3.net
scryde4.net
scryde5.net
scryde6.net
scryde7.net
scryde8.net
scryde9.net
scryde10.net
scryde11.net
scryde12.net
ruscryde.net
scryde.io
scryde.world

pages.dev
designify.com
ntc.party
dpidetector.org
notepad-plus-plus.org
mailo.com
cock.li
leafletjs.com
edu-cisco.org
hackmd.io
zbigz.com
allegro.pl
goodreads.com
gr-assets.com
freedomletters.org
babook.org
quora.com
quora.com.cdn.cloudflare.net
academy.terrasoft.ua
saverudata.net
mail-api.proton.me
olx.ua
gamesrepack.com
opensea.io
prnt.sc
knews.kg
ilook.tv
iptv.online
metacritic.com
okx.com
te-st.org
gagadget.com
kupujemprodajem.com
neformat.com.ua
privatekeys.pw
4freerussia.org
iichan.hk
rf.dobrochan.net
livetv.sx
annas-archive.org
malwarebytes.com
fls.guru
avira.com
filmix.ac
filmix.biz
gonitro.com
gofile.io
everand.com
infineon.com
coldfilm.xyz
squietpc.com
element14.com
baginya.org
linktr.ee
spreadthesign.com
simplix.info
trellix.com
carnegieendowment.org
twirpx.com
capcut.com
decrypt.day
amdm.ru
amx.com
archiveofourown.org
wilsoncenter.org
interactivebrokers.co.uk
ohmyswift.ru
sap.com
ahrefs.com
zendesk.com
kinovod.net
wiki.fextralife.com
coursera.org
4pna.com
skiff.com
mailfence.com
swissinfo.ch
ign.com
flipboard.com
digikey.com
skladchik.com
lolz.guru
sklatchiki.ru
gamedistribution.com
archive.ph
vice.com
hackernoon.com
visualcapitalist.com
coinpayments.net
eggertspiele.de
coinsbee.com
btdig.com
indiehackers.com
forum.ru-board.com
kinogo.uk
liveuamap.com
deepstatemap.live
ukr.net
flibusta.is
flibusta.net
flisland.net
cbilling.vip
cbilling.eu
soundcloud.com
soundcloud.cloud
sndcdn.com
linear.app
7tv.app
7tv.io
onlinesim.io
pimpletv.ru
f95-zone.to
proton.me
ukrtelcdn.net
render-state.to
webtoons.com
aol.com
as6723.net
novaline.fm
trueblackmetalradio.com
more.fm
polymarket.com
5sim.net
turbobit.net
nippon.com
knowyourmeme.com
kym-cdn.com
libgen.li
iedb.org
rentry.co
tuta.com
tuta.io
temu.com
nhl.com
windows10spotlight.com
rublacklist.net
mashable.com
metal-archives.com
halooglasi.com
lucid.app
hdkinoteatr.com
steamstat.info
statology.org
lostfilm.tv
lostfilmtv2.site
static.lostfilm.top
lostfilm.download
lostfilm.uno
lostfilm.tw
insearch.site
filmix.fm
filmix.day
filmix.la
api.service-kp.com
kino.pub
kamatera.com
hostgator.com
networksolutions.com
dreamhost.com
bluehost.com
ionos.com
digitalocean.com
godaddy.com
hetzner.com
bcbits.com
cub.red
patreon.com
shiza-project.com
kinozal.tv
anidub.com
10minutemail.com
abook-club.ru
depositphotos.com
deviantart.com
exler.ru
forklog.com
kinogo.ec
medium.com
navalny.com
nih.gov
omv-extras.org
seasonvar.ru
bestchange.ru
adguard.com
epidemz.net.co
chess.com
chesscomfiles.com
1337x.to
forum.netgate.com
botnadzor.org
ef.com
ef.edu
sci-hub.se
sci-hub.st
booth.pm
booth.pximg.net
torproject.org
refactoring.guru
opensanctions.org
startpage.com
searchfloor.org
le-production.tv
megapeer.ru
viber.com
musixmatch.com
digash.live
riseup.net
supersliv.biz
boominfo.org
audiobookbay.lu
make.com
elements.envato.com
apkmirror.com
mw2.wiki
lu4.org
iditelesombase.org
speedtest.net
sms-activate.io
jw.org
jw-russia.org
lantern.io
chub.ai
itch.io
unsplash.com
webmd.com
restream.io
startmail.com
gifyu.com
modrinth.com
hdstudio.org
kinopub.me
coldfilm.city
coldfilm.ink
croxyproxy.com
mega.nz
itch.io
twin.me
twinme.com
twinlife-systems.com 