cloudflare.com
artstation.com
bitru.org
clerk.com
clerk.dev
clashverge.dev
discogs.com
ezgif.com
flclash.cc
fosshub.com
heavyfetish.com
ikea.com
ipinfo.app
ixxx.com
jinxxy.com
karing.app
magicalchemy.org
nexusmods.com
pastebin.com
protondb.com
rulet.tv
rutracker.org
sing-box.sagernet.org
spankbang.com
sb-cd.com
sxyprn.com
sxyprn.net
teamviewer.com
trueachievements.com
yarnpkg.com
check-host.net
inoreader.com
edx.org
pinterest.com
reddit.com
openrailwaymap.org
succurity.com
lenso.ai
imagedelivery.net
ds-servers.com
alterportal.net
feeds.feedburner.com
crdroid.net
russianfood.com
wwnd.space
smods.ru
fastpic.org
drpool.io
kyoceradocumentsolutions.com
eaaccounts.akamaized.net
friendlyelec.com
discourse-cdn.com
xraycore.org
opensubtitles.org
localsend.org
adbappcontrol.com
tunemymusic.com
use.typekit.net
jellyfin.org
htx.com
cochrane.org
thelancet.com
rottentomatoes.com
resizing.flixster.com
heltec.org
silabs.com
meshtastic.org
maximoff.su
strapi.io
coderabbit.ai
storybook.js.org
aniliberty.top 
libria.fun
userbenchmark.com
plantuml.com
imigo.ai
tefl.org
britishcouncil.org
imgbb.com
gnome.org
kde.org
fwupd.org
flathub.org
joeysretrohandhelds.com
customfw.xyz
youngliving.com
gopro.com
artixlinux.org 
beatsaver.com
beatmods.com
bsmanager.io
ajay.app
opencode.ai
dvprogram.state.gov

hetzner.com
hetzner.cloud
desec.io
izzysoft.de
manjaro.org
mirror.chaotic.cx
nextcloud.com
ocbase.com
archlinux.org
beamng.com

amazon.com
fossorial.io
netbird.io
protonvpn.com
strava.com
vrchat.com
vrchat.cloud
mongodb.com

zerotier.com
forum.syncthing.net
openwrt.org
vod.streamgum.com
windowsupdate.com

tuya.com
tuyaeu.com
tuyacn.com
tuyaus.com
tuyaaf.com
tuya-inc.cn
tuyain.com
iot334.com

wbagora.com
wbinsights.com
wbgames.com

capcutstatic.com
capcutvod.com

huggingface.co
cdn-lfs.hf.co
cdn-lfs.huggingface.co
cdn-lfs-us-1.hf.co
cdn-lfs-eu-1.hf.co