cloudflare.com
cloudflarestorage.com
artstation.com
bitru.org
clerk.com
clerk.dev
clashverge.dev
discogs.com
ezgif.com
flclash.cc
fosshub.com
heavyfetish.com
ikea.com
ipinfo.app
ixxx.com
jinxxy.com
karing.app
magicalchemy.org
nexusmods.com
pastebin.com
protondb.com
rulet.tv
rutracker.org
sing-box.sagernet.org
spankbang.com
sb-cd.com
sxyprn.com
sxyprn.net
teamviewer.com
trueachievements.com
yarnpkg.com
check-host.net
inoreader.com
edx.org
pinterest.com
reddit.com
openrailwaymap.org
succurity.com
lenso.ai
imagedelivery.net
ds-servers.com
alterportal.net
feeds.feedburner.com
crdroid.net
russianfood.com
wwnd.space
smods.ru
fastpic.org
drpool.io
kyoceradocumentsolutions.com
eaaccounts.akamaized.net
friendlyelec.com
discourse-cdn.com
xraycore.org
opensubtitles.org
localsend.org
adbappcontrol.com
tunemymusic.com
use.typekit.net
jellyfin.org
htx.com
cochrane.org
thelancet.com
rottentomatoes.com
resizing.flixster.com
heltec.org
silabs.com
meshtastic.org
maximoff.su
strapi.io
coderabbit.ai
storybook.js.org
aniliberty.top 
libria.fun
userbenchmark.com
plantuml.com
imigo.ai
tefl.org
britishcouncil.org
imgbb.com
gnome.org
kde.org
fwupd.org
flathub.org
joeysretrohandhelds.com
customfw.xyz
youngliving.com
gopro.com
artixlinux.org 
beatsaver.com
beatmods.com
bsmanager.io
ajay.app
opencode.ai
dvprogram.state.gov
static.wixstatic.com
steamos.cloud
pstatic.net
nuxt.com
patterns.dev
redux.js.org
tailwind-variants.org
pinia-colada.esm.dev
curseforge.com
mediafilez.forgecdn.net
dockhand.pro
pantone.com
pplx-res.cloudinary.com
pplx-res.cloudinary.com
elsevier.com
elsevier.com.cdn.cloudflare.net
mdpi.com
fedoraproject.org
dev.to
snikket.org
tiny.cloud
vecpea.com
lifeforge.dev
cdn.web-global.fds.api.mi-img.com
3os.org
easysimplesolution.net
imazing.com
acclaimedvideogames.com 
cdn.polyhaven.com
cdn-service.space
wayground.com
nextdirect.com
rosepinetheme.com
convertunits.com
opentext.com
qualtrics.com
tremendous.com
xda-developers.com
xdaforums.com
nintendo.com
fandom.com
music.apple.com
linuxserver.io
skillsforall.com
pstmn.io
dosvid.tk
livechatinc.com
livechat.com
text.com
helpdesk.com
helpdesk-static.com
pypi.org
utils.docs.rw
howtogeek.com
clickup-attachments.com
clubtv.pro
shara-mail.com
nvidia.com
monochrome.tf
nixos.org
grafana.net
porkbun.com
pinata.cloud
galaxy.ansible.com
litellm.ai
geekbench.com
memepedia.ru
armbian.com
armbian.de
ovh.ie
ubuntu-touch.io
llhost.eu
hostero.eu
cloudns.net
luadns.com
filmix.my
bitbucket.org
gitlab.com
callfilter.app
vivo.com.cn
pusher.com 
irc-ws.chat.twitch.tv
bitvise.com
higgsfield.ai
sbox.game
gizmochina.com
lowendtalk.com
seriesgraph.com
blackhatworld.com
ping-admin.com
scribd.com
pdfcoffee.com
consensus.app
whoer.net
vpnjantit.com
figshare.com
opintopolku.fi
studyinfinland.fi
transistor.fm
walletbot.me
allawnos.com

hetzner.com
hetzner.cloud
desec.io
izzysoft.de
manjaro.org
mirror.chaotic.cx
nextcloud.com
ocbase.com
archlinux.org
beamng.com
media5.cdnbase.com

amazon.com
fossorial.io
netbird.io
protonvpn.com
strava.com
vrchat.com
vrchat.cloud
mongodb.com
amazonaws.com
cloudfront.net

zerotier.com
forum.syncthing.net
openwrt.org
vod.streamgum.com
windowsupdate.com

tuya.com
tuyaeu.com
tuyacn.com
tuyaus.com
tuyaaf.com
tuya-inc.cn
tuyain.com
iot334.com

wbagora.com
wbinsights.com
wbgames.com

capcut.com
capcutstatic.com
capcutvod.com
capcutapi.com

huggingface.co
cdn-lfs.hf.co
cdn-lfs.huggingface.co
cdn-lfs-us-1.hf.co
cdn-lfs-eu-1.hf.co

stripe.com
stripecdn.com

scira.ai
cdn.embedly.com
dodopayments.com

d4c.nintendo.net
eshop.nintendo.net
srv.nintendo.net
dragons.nintendo.net