xvideos.com
hqporner.com
attachments.f95zone.to
reddxxx.com
redgifs.com
xv-ru.com
pornhub.com
pornhub.org
phncdn.com
phncdn.com.sds.rncdn7.com
etahub.com
playboy.com
multporn.net
rule34.art
hentai-foundry.com
nhentai.com
nhentai.net
chaturbate.com
mmcdn.com
pornolab.net
xhamster.com
xhamsterlive.com
xhcdn.com
coomer.su
vipergirls.to
rentry.org
xnxx.com
xnxx.net
xnxx.tv
xnxx3.com
xnxx-cdn.com
xnxx-ru.com
xvideos-cdn.com
rule34.xxx
rule34video.com
rule34gen.com
eu-cdn01-prem.boomio-cdn.com
eu-cdn03-prem.boomio-cdn.com
eu-cdn04-prem.boomio-cdn.com
eu-cdn05-prem.boomio-cdn.com
eu-cdn06-prem.boomio-cdn.com
eu-cdn07-prem.boomio-cdn.com
eu-cdn08-prem.boomio-cdn.com
eu-cdn09-prem.boomio-cdn.com
eu-cdn10-prem.boomio-cdn.com
eu-cdn11-prem.boomio-cdn.com
us-cdn01-prem.boomio-cdn.com
us-cdn02-prem.boomio-cdn.com
us-cdn03-prem.boomio-cdn.com
us-cdn04-prem.boomio-cdn.com
us-cdn05-prem.boomio-cdn.com
us-cdn06-prem.boomio-cdn.com
us-cdn07-prem.boomio-cdn.com
us-cdn08-prem.boomio-cdn.com
us-cdn09-prem.boomio-cdn.com
us-cdn11-prem.boomio-cdn.com
us-cdn12-prem.boomio-cdn.com
us-cdn14-prem.boomio-cdn.com
us-cdn15-prem.boomio-cdn.com
eporner.com
fansly.com
manyvids.com
hitomi.la
rule34.us
e-hentai.org
ukdevilz.com
theporndude.com
nude-moon.org
realbooru.com
freeones.com
babepedia.com
fapello.com

idolcomplex.com
sankakuapi.com
sankakucomplex.com
sankakustatic.com
