media-imdb.com
associates-amazon.com
aboutamazon.es
aboutamazon.eu
aboutamazon.fr
aboutamazon.in
aboutamazon.it
aboutamazon.jp
aboutamazon.pl
amaaozn.com
amazon-fashions.com
amazon-jp-recruiting.com
amazon-lantern.com
amazon-launchpad.com
amazon.ae
amazon.ca
amzndns.com
amzndns.net
amazon.com
thinkboxsoftware.com
elasticbeanstalk.com
containersonaws.com
cloudfront.net
amazon.de
amazon.dev
amazon.es
amazon.fr
amazon.in
amazon.it
amazon.jobs
amazon.jp
amazon.nl
amazon.red
amazon.sg
amazonalexavoxcon.com
amazonauthorinsights.com
amazonbusiness.org
amazonbusinessblog.com
amazondevicesupport.com
amazonfctours.com
amazonianblog.com
amazonimages.com
amazonlaunchpad.com
amazonliterarypartnership.com
amazonlumberyard.wang
amazonpay.com
amazonpay.in
amazonsdi.com
amazonstudiosguilds.com
amazonvideodirect.com
amzn.asia
amzn.com
amzn.to
amznl.com
kindle.com
gameon-masters.com
gdansk-amazon.com
images-amazon.com
media-amazon.com
primeday.info
siege-amazon.com
ssl-images-amazon.com
kindle.de
yamaxun.com
alexa.com
audible.com
createspace.com
cloudfront.com
boxofficemojo.com
imdb.com
imdb.to
aboutamazon.com
cdkworkshop.com
kindle.it
primevideo.com
aboutamazon.de
ueberamazon.de
kindle.jp
kindle.fr
kindleproject.com
kindleoasisnews.com
kindle.es
kindleoasis.com
kindleoasis.info
kindleoasis.jp
kindleoasis.org
kindleoasis.us
awstrack.me
awsthinkbox.com
aiv-cdn.net
amazonprimevideos.com
amazonvideo.cc
amazonvideo.com
prime-video.com
primevideo.cc
kindle.in
primevideo.info
primevideo.org
primevideo.tv
wfm.com
wholecitiesfoundation.org
wholefoods.com
wholefoodsmarket.com
wholekidsfoundation.org
wholeplanetfoundation.org
awsstatic.com
amazontrust.com
awstrust.com
ss2.us
a2z.com
awsbraket.com
amazonaws.info
awseducate.com
amazonaws-china.com
amazonaws.biz
amzndns.org
amazonaws.com
awsedstart.com
amazonaws.net
amazonaws.org
amazonaws.tv
amazonses.com
awscommandlineinterface.com
amplifyapp.com
amplifyframework.com
aws-iot-hackathon.com
aws.com
awsautopilot.com
awsautoscaling.com
acmvalidations.com
amazonworkdocs.com
acmvalidationsaws.com
aesworkshops.com
awseducate.net
awseducate.org
awsglobalaccelerator.com
awsloft-johannesburg.com
awsloft-stockholm.com
awssecworkshops.com
amazon.com.tr
kindle.co.uk
kindle.co.jp
aboutamazon.co.uk
aboutamazon.com.au
wholefoodsmarket.co.uk
amazon.com.mx
amazon.co.uk
amazon.com.au
amazon.com.br
amazon.co.jp
amzndns.co.uk
amazonaws.co.uk
aboutamazon.cn
alexafund.cn
alexafund.com.cn
amazon.cn
amazonbusiness.cn
amazonbusiness.com.cn
amazonchoice.cn
amazonchoice.com.cn
amazonchoices.cn
amazonchoices.com.cn
amazoninspire.cn
amazoninspire.com.cn
amazonlaunchpad.cn
amazonlaunchpad.com.cn
amazonlending.com.cn
amazonnow.cn
amazonnow.com.cn
assoc-amazon.cn
primeday.cn
primeday.com.cn
yamaxun.cn
z.cn
images-cn.ssl-images-amazon.com
images-cn-8.ssl-images-amazon.com
kindle.cn
kindleoasis.cn
kindleoasis.com.cn
amazonprimevideo.cn
amazonprimevideo.com.cn
amazon-adsystem.com
serving-sys.com
a2z.org.cn
amazonaws.cn
amazonaws.com.cn
amazonwebservices.com.cn
amazonworkdocs.cn
amazonworkdocs.com.cn
asfiovnxocqpcry.com.cn
aws-border.cn
aws-icp-domain-manager.cn
awsapps.cn
awsapps.com.cn
awsstatic.cn
cloudfront-cn.net
cloudfront-test.cn
cloudfront.cn
nwcdcloud.cn
nwcdcloud.com.cn
nwcddns.cn
nwcdinfosec.cn
route53.cn
sagemaker.com.cn
amzndns-cn.biz
amzndns-cn.cn
amzndns-cn.com
amzndns-cn.net