DOMAIN-SUFFIX,.ua
DOMAIN-SUFFIX,10minutemail.com
DOMAIN-SUFFIX,1337x.to
DOMAIN-SUFFIX,24.kg
DOMAIN-SUFFIX,4freerussia.org
DOMAIN-SUFFIX,4pda.to
DOMAIN-SUFFIX,4pda.ws
DOMAIN-SUFFIX,4pna.com
DOMAIN-SUFFIX,5sim.net
DOMAIN-SUFFIX,7dniv.rv.ua
DOMAIN-SUFFIX,7tv.app
DOMAIN-SUFFIX,7tv.io
DOMAIN-SUFFIX,9tv.co.il
DOMAIN-SUFFIX,abercrombie.com
DOMAIN-SUFFIX,abook-club.ru
DOMAIN-SUFFIX,academy.terrasoft.ua
DOMAIN-SUFFIX,activatica.org
DOMAIN-SUFFIX,adguard.com
DOMAIN-SUFFIX,adidas.com
DOMAIN-SUFFIX,adminforge.de
DOMAIN-SUFFIX,adobe.com
DOMAIN-SUFFIX,ads-twitter.com
DOMAIN-SUFFIX,adultmult.tv
DOMAIN-SUFFIX,agents.media
DOMAIN-SUFFIX,ahrefs.com
DOMAIN-SUFFIX,ai-chat.bsg.brave.com
DOMAIN-SUFFIX,ai.com
DOMAIN-SUFFIX,allegro.pl
DOMAIN-SUFFIX,alphacoders.com
DOMAIN-SUFFIX,alza.hu
DOMAIN-SUFFIX,amazfitwatchfaces.com
DOMAIN-SUFFIX,amdm.ru
DOMAIN-SUFFIX,amedia.site
DOMAIN-SUFFIX,amnezia.org
DOMAIN-SUFFIX,amplitude.com
DOMAIN-SUFFIX,amx.com
DOMAIN-SUFFIX,analog.com
DOMAIN-SUFFIX,andrevi.ch
DOMAIN-SUFFIX,anidub.com
DOMAIN-SUFFIX,anilib.me
DOMAIN-SUFFIX,anilibria.org
DOMAIN-SUFFIX,anilibria.tv
DOMAIN-SUFFIX,anilibria.uno
DOMAIN-SUFFIX,anilibria.wtf
DOMAIN-SUFFIX,animaunt.org
DOMAIN-SUFFIX,anime-portal.su
DOMAIN-SUFFIX,animebest.org
DOMAIN-SUFFIX,animedia.tv
DOMAIN-SUFFIX,animego.org
DOMAIN-SUFFIX,animespirit.ru
DOMAIN-SUFFIX,anistar.org
DOMAIN-SUFFIX,anistars.ru
DOMAIN-SUFFIX,annas-archive.org
DOMAIN-SUFFIX,ansys.com
DOMAIN-SUFFIX,anthropic.com
DOMAIN-SUFFIX,aol.com
DOMAIN-SUFFIX,api.jetbrains.ai
DOMAIN-SUFFIX,api.service-kp.com
DOMAIN-SUFFIX,api.theins.info
DOMAIN-SUFFIX,api.themoviedb.org
DOMAIN-SUFFIX,apkmirror.com
DOMAIN-SUFFIX,app.zerossl.com
DOMAIN-SUFFIX,arbat.media
DOMAIN-SUFFIX,archive.ph
DOMAIN-SUFFIX,archiveofourown.org
DOMAIN-SUFFIX,as6723.net
DOMAIN-SUFFIX,assets.heroku.com
DOMAIN-SUFFIX,atn.ua
DOMAIN-SUFFIX,att.com
DOMAIN-SUFFIX,attachments.f95zone.to
DOMAIN-SUFFIX,audiobookbay.lu
DOMAIN-SUFFIX,autodesk.com
DOMAIN-SUFFIX,avira.com
DOMAIN-SUFFIX,azathabar.com
DOMAIN-SUFFIX,azattyq.org
DOMAIN-SUFFIX,babook.org
DOMAIN-SUFFIX,baginya.org
DOMAIN-SUFFIX,baikal-journal.ru
DOMAIN-SUFFIX,bato.to
DOMAIN-SUFFIX,bbc.co.uk
DOMAIN-SUFFIX,bbc.com
DOMAIN-SUFFIX,bbci.co.uk
DOMAIN-SUFFIX,bcbits.com
DOMAIN-SUFFIX,bell-sw.com
DOMAIN-SUFFIX,bellingcat.com
DOMAIN-SUFFIX,bestbuy.com
DOMAIN-SUFFIX,bestchange.ru
DOMAIN-SUFFIX,bihus.info
DOMAIN-SUFFIX,bitdefender.com
DOMAIN-SUFFIX,bitnami.com
DOMAIN-SUFFIX,blackseanews.net
DOMAIN-SUFFIX,blinkshot.io
DOMAIN-SUFFIX,bluehost.com
DOMAIN-SUFFIX,booktracker.org
DOMAIN-SUFFIX,boominfo.org
DOMAIN-SUFFIX,booth.pm
DOMAIN-SUFFIX,booth.pximg.net
DOMAIN-SUFFIX,bosch.com
DOMAIN-SUFFIX,boschaftermarket.com
DOMAIN-SUFFIX,boschautoparts.com
DOMAIN-SUFFIX,botnadzor.org
DOMAIN-SUFFIX,brawlstarsgame.com
DOMAIN-SUFFIX,broadcom.com
DOMAIN-SUFFIX,broncosportforum.com
DOMAIN-SUFFIX,bt4gprx.com
DOMAIN-SUFFIX,btdig.com
DOMAIN-SUFFIX,btod.com
DOMAIN-SUFFIX,buanzo.org
DOMAIN-SUFFIX,buf.build
DOMAIN-SUFFIX,builds.parsec.app
DOMAIN-SUFFIX,buymeacoffee.com
DOMAIN-SUFFIX,byteoversea.com
DOMAIN-SUFFIX,canva.com
DOMAIN-SUFFIX,canva.dev
DOMAIN-SUFFIX,capacitorjs.com
DOMAIN-SUFFIX,capcut.com
DOMAIN-SUFFIX,carnegieendowment.org
DOMAIN-SUFFIX,carrefouruae.com
DOMAIN-SUFFIX,cats.com
DOMAIN-SUFFIX,cbilling.eu
DOMAIN-SUFFIX,cbilling.vip
DOMAIN-SUFFIX,cdn.web-platform.io
DOMAIN-SUFFIX,cdnbunny.org
DOMAIN-SUFFIX,cdninstagram.com
DOMAIN-SUFFIX,cdromance.org
DOMAIN-SUFFIX,cdw.com
DOMAIN-SUFFIX,censortracker.org
DOMAIN-SUFFIX,chaos.com
DOMAIN-SUFFIX,chat.com
DOMAIN-SUFFIX,chat.openai.com.cdn.cloudflare.net
DOMAIN-SUFFIX,chatgpt.com
DOMAIN-SUFFIX,chaturbate.com
DOMAIN-SUFFIX,cherta.media
DOMAIN-SUFFIX,chess.com
DOMAIN-SUFFIX,cisco.com
DOMAIN-SUFFIX,cisecurity.org
DOMAIN-SUFFIX,citrix.com
DOMAIN-SUFFIX,clamav.net
DOMAIN-SUFFIX,clashofclans.com
DOMAIN-SUFFIX,clashroyaleapp.com
DOMAIN-SUFFIX,claude.ai
DOMAIN-SUFFIX,clickup.com
DOMAIN-SUFFIX,clip.opus.pro
DOMAIN-SUFFIX,cloudtorrents.com
DOMAIN-SUFFIX,cms-twdigitalassets.com
DOMAIN-SUFFIX,cnd2exp.online
DOMAIN-SUFFIX,cock.li
DOMAIN-SUFFIX,code.gist.build
DOMAIN-SUFFIX,codeium.com
DOMAIN-SUFFIX,coingate.com
DOMAIN-SUFFIX,coinpayments.net
DOMAIN-SUFFIX,coinsbee.com
DOMAIN-SUFFIX,coldfilm.xyz
DOMAIN-SUFFIX,colta.ru
DOMAIN-SUFFIX,community.sophos.com
DOMAIN-SUFFIX,contabo.com
DOMAIN-SUFFIX,coomer.su
DOMAIN-SUFFIX,copilot.microsoft.com
DOMAIN-SUFFIX,corsair.com
DOMAIN-SUFFIX,coursera.org
DOMAIN-SUFFIX,cpu-monkey.com
DOMAIN-SUFFIX,credly.com
DOMAIN-SUFFIX,crunchyroll.com
DOMAIN-SUFFIX,csskor.ill.in.ua
DOMAIN-SUFFIX,cub.red
DOMAIN-SUFFIX,currenttime.tv
DOMAIN-SUFFIX,cursorinfo.co.il
DOMAIN-SUFFIX,cvedetails.com
DOMAIN-SUFFIX,cyberghostvpn.com
DOMAIN-SUFFIX,cyxymu.info
DOMAIN-SUFFIX,daemon-tools.cc
DOMAIN-SUFFIX,danbooru.donmai.us
DOMAIN-SUFFIX,data-cdn.mbamupdates.com
DOMAIN-SUFFIX,data.cline.bot
DOMAIN-SUFFIX,decrypt.day
DOMAIN-SUFFIX,deepl.com
DOMAIN-SUFFIX,deepstatemap.live
DOMAIN-SUFFIX,deezer.com
DOMAIN-SUFFIX,delfi.lt
DOMAIN-SUFFIX,delfi.lv
DOMAIN-SUFFIX,delivery.2d.net.co
DOMAIN-SUFFIX,dell.com
DOMAIN-SUFFIX,dellcdn.com
DOMAIN-SUFFIX,depositphotos.com
DOMAIN-SUFFIX,designer.microsoft.com
DOMAIN-SUFFIX,designify.com
DOMAIN-SUFFIX,developer.nvidia.com
DOMAIN-SUFFIX,deviantart.com
DOMAIN-SUFFIX,digash.live
DOMAIN-SUFFIX,digikey.com
DOMAIN-SUFFIX,digitalcontent.sky
DOMAIN-SUFFIX,digitalocean.com
DOMAIN-SUFFIX,dis.gd
DOMAIN-SUFFIX,discord-activities.com
DOMAIN-SUFFIX,discord-attachments-uploads-prd.storage.googleapis.com
DOMAIN-SUFFIX,discord.co
DOMAIN-SUFFIX,discord.com
DOMAIN-SUFFIX,discord.design
DOMAIN-SUFFIX,discord.dev
DOMAIN-SUFFIX,discord.gg
DOMAIN-SUFFIX,discord.gift
DOMAIN-SUFFIX,discord.gifts
DOMAIN-SUFFIX,discord.media
DOMAIN-SUFFIX,discord.new
DOMAIN-SUFFIX,discord.store
DOMAIN-SUFFIX,discord.tools
DOMAIN-SUFFIX,discordactivities.com
DOMAIN-SUFFIX,discordapp.com
DOMAIN-SUFFIX,discordapp.net
DOMAIN-SUFFIX,discordmerch.com
DOMAIN-SUFFIX,discordpartygames.com
DOMAIN-SUFFIX,discordsays.com
DOMAIN-SUFFIX,discours.io
DOMAIN-SUFFIX,disctech.com
DOMAIN-SUFFIX,disneyplus.com
DOMAIN-SUFFIX,docs.liquibase.com
DOMAIN-SUFFIX,dorama.live
DOMAIN-SUFFIX,doramalive.ru
DOMAIN-SUFFIX,doramy.club
DOMAIN-SUFFIX,dovod.online
DOMAIN-SUFFIX,download3.omnissa.com
DOMAIN-SUFFIX,doxa.team
DOMAIN-SUFFIX,dpidetector.org
DOMAIN-SUFFIX,dreamhost.com
DOMAIN-SUFFIX,ducati.com
DOMAIN-SUFFIX,dw.com
DOMAIN-SUFFIX,e621.net
DOMAIN-SUFFIX,echofm.online
DOMAIN-SUFFIX,editorx.com
DOMAIN-SUFFIX,edu-cisco.org
DOMAIN-SUFFIX,ef.com
DOMAIN-SUFFIX,ef.edu
DOMAIN-SUFFIX,eggertspiele.de
DOMAIN-SUFFIX,ej.ru
DOMAIN-SUFFIX,ekhokavkaza.com
DOMAIN-SUFFIX,element14.com
DOMAIN-SUFFIX,elements.envato.com
DOMAIN-SUFFIX,elevenlabs.io
DOMAIN-SUFFIX,epidemz.net.co
DOMAIN-SUFFIX,eporner.com
DOMAIN-SUFFIX,etahub.com
DOMAIN-SUFFIX,etsy.com
DOMAIN-SUFFIX,euronews.com
DOMAIN-SUFFIX,euroradio.fm
DOMAIN-SUFFIX,eutrp.eu
DOMAIN-SUFFIX,everand.com
DOMAIN-SUFFIX,exchanger.bits.media
DOMAIN-SUFFIX,exler.ru
DOMAIN-SUFFIX,expandrive.com
DOMAIN-SUFFIX,expres.online
DOMAIN-SUFFIX,extremetech.com
DOMAIN-SUFFIX,f1.com
DOMAIN-SUFFIX,f95-zone.to
DOMAIN-SUFFIX,facebook.com
DOMAIN-SUFFIX,facebook.net
DOMAIN-SUFFIX,fansly.com
DOMAIN-SUFFIX,fast-torrent.club
DOMAIN-SUFFIX,fast.com
DOMAIN-SUFFIX,fb.com
DOMAIN-SUFFIX,fbcdn.net
DOMAIN-SUFFIX,fbsbx.com
DOMAIN-SUFFIX,ficbook.net
DOMAIN-SUFFIX,filebin.net
DOMAIN-SUFFIX,filmitorrent.net
DOMAIN-SUFFIX,filmix.ac
DOMAIN-SUFFIX,filmix.biz
DOMAIN-SUFFIX,filmix.day
DOMAIN-SUFFIX,filmix.fm
DOMAIN-SUFFIX,filmix.la
DOMAIN-SUFFIX,flibusta.is
DOMAIN-SUFFIX,flibusta.net
DOMAIN-SUFFIX,flipboard.com
DOMAIN-SUFFIX,flir.com
DOMAIN-SUFFIX,flir.eu
DOMAIN-SUFFIX,flourish.studio
DOMAIN-SUFFIX,fls.guru
DOMAIN-SUFFIX,fluke.com
DOMAIN-SUFFIX,flukenetworks.com
DOMAIN-SUFFIX,flyertalk.com
DOMAIN-SUFFIX,fn-volga.ru
DOMAIN-SUFFIX,fonge.org
DOMAIN-SUFFIX,footballapi.pulselive.com
DOMAIN-SUFFIX,force-user-content.com
DOMAIN-SUFFIX,force.com
DOMAIN-SUFFIX,forklog.com
DOMAIN-SUFFIX,formula1.com
DOMAIN-SUFFIX,fortanga.org
DOMAIN-SUFFIX,forum.netgate.com
DOMAIN-SUFFIX,forum.ru-board.com
DOMAIN-SUFFIX,foxnews.com
DOMAIN-SUFFIX,framer.com
DOMAIN-SUFFIX,freedomletters.org
DOMAIN-SUFFIX,freeimages.com
DOMAIN-SUFFIX,freemedia.io
DOMAIN-SUFFIX,fxnetworks.com
DOMAIN-SUFFIX,gagadget.com
DOMAIN-SUFFIX,gamedistribution.com
DOMAIN-SUFFIX,gamesrepack.com
DOMAIN-SUFFIX,gaming.amazon.com
DOMAIN-SUFFIX,geforcenow.com
DOMAIN-SUFFIX,gelbooru.com
DOMAIN-SUFFIX,geolocation.onetrust.com
DOMAIN-SUFFIX,germania.one
DOMAIN-SUFFIX,getoutline.com
DOMAIN-SUFFIX,getoutline.org
DOMAIN-SUFFIX,gfn.am
DOMAIN-SUFFIX,ggpht.com
DOMAIN-SUFFIX,ghostrc.game.idtech.services
DOMAIN-SUFFIX,global.fncstatic.com
DOMAIN-SUFFIX,global.platform.seconddinnertech.com
DOMAIN-SUFFIX,glpals.com
DOMAIN-SUFFIX,godaddy.com
DOMAIN-SUFFIX,gofile.io
DOMAIN-SUFFIX,gofundme.com
DOMAIN-SUFFIX,golosameriki.com
DOMAIN-SUFFIX,gonitro.com
DOMAIN-SUFFIX,goodreads.com
DOMAIN-SUFFIX,googlevideo.com
DOMAIN-SUFFIX,gpsonextra.net
DOMAIN-SUFFIX,gpu-monkey.com
DOMAIN-SUFFIX,gql.twitch.tv
DOMAIN-SUFFIX,gr-assets.com
DOMAIN-SUFFIX,grafana.com
DOMAIN-SUFFIX,grani.ru
DOMAIN-SUFFIX,graty.me
DOMAIN-SUFFIX,graylog.org
DOMAIN-SUFFIX,grizzlysms.com
DOMAIN-SUFFIX,grok.com
DOMAIN-SUFFIX,groq.com
DOMAIN-SUFFIX,groupon.com
DOMAIN-SUFFIX,guilded.gg
DOMAIN-SUFFIX,gulagu.net
DOMAIN-SUFFIX,habr.com
DOMAIN-SUFFIX,hackernoon.com
DOMAIN-SUFFIX,hackmd.io
DOMAIN-SUFFIX,halooglasi.com
DOMAIN-SUFFIX,hashicorp.com
DOMAIN-SUFFIX,haydaygame.com
DOMAIN-SUFFIX,hbomax.com
DOMAIN-SUFFIX,hc-ping.com
DOMAIN-SUFFIX,hchk.io
DOMAIN-SUFFIX,hd-rezka.tv
DOMAIN-SUFFIX,hdkinoteatr.com
DOMAIN-SUFFIX,hdrezka.ac
DOMAIN-SUFFIX,hdrezka.ag
DOMAIN-SUFFIX,hdrezka.me
DOMAIN-SUFFIX,healthline.com
DOMAIN-SUFFIX,hentai-foundry.com
DOMAIN-SUFFIX,herokucdn.com
DOMAIN-SUFFIX,hetzner.com
DOMAIN-SUFFIX,hollisterco.com
DOMAIN-SUFFIX,holod.media
DOMAIN-SUFFIX,home-connect.com
DOMAIN-SUFFIX,home.by.me
DOMAIN-SUFFIX,hostgator.com
DOMAIN-SUFFIX,hostinger.com
DOMAIN-SUFFIX,hotels.com
DOMAIN-SUFFIX,hqporner.com
DOMAIN-SUFFIX,hromadske.ua
DOMAIN-SUFFIX,hs.fi
DOMAIN-SUFFIX,htmhell.dev
DOMAIN-SUFFIX,i.sakh.com
DOMAIN-SUFFIX,ibm.com
DOMAIN-SUFFIX,ibytedtos.com
DOMAIN-SUFFIX,idelreal.org
DOMAIN-SUFFIX,iditelesombase.org
DOMAIN-SUFFIX,iedb.org
DOMAIN-SUFFIX,ig.me
DOMAIN-SUFFIX,ign.com
DOMAIN-SUFFIX,iherb.com
DOMAIN-SUFFIX,iichan.hk
DOMAIN-SUFFIX,ikea.com
DOMAIN-SUFFIX,ilook.tv
DOMAIN-SUFFIX,image.tmdb.org
DOMAIN-SUFFIX,imgur.com
DOMAIN-SUFFIX,important-stories.com
DOMAIN-SUFFIX,indiehackers.com
DOMAIN-SUFFIX,infineon.com
DOMAIN-SUFFIX,insearch.site
DOMAIN-SUFFIX,instagram.com
DOMAIN-SUFFIX,install.launcher.omniverse.nvidia.com
DOMAIN-SUFFIX,intel.com
DOMAIN-SUFFIX,intel.de
DOMAIN-SUFFIX,intel.nl
DOMAIN-SUFFIX,intelix.sophos.com
DOMAIN-SUFFIX,interactivebrokers.co.uk
DOMAIN-SUFFIX,interfax.com.ua
DOMAIN-SUFFIX,internalfb.com
DOMAIN-SUFFIX,intuit.com
DOMAIN-SUFFIX,intuitibits.com
DOMAIN-SUFFIX,ionos.com
DOMAIN-SUFFIX,iptv.online
DOMAIN-SUFFIX,is.fi
DOMAIN-SUFFIX,istories.media
DOMAIN-SUFFIX,itninja.com
DOMAIN-SUFFIX,itsmycity.ru
DOMAIN-SUFFIX,jamf.com
DOMAIN-SUFFIX,jetbrains.com
DOMAIN-SUFFIX,jetbrains.space
DOMAIN-SUFFIX,jnn-pa.googleapis.com
DOMAIN-SUFFIX,jskor.ill.in.ua
DOMAIN-SUFFIX,jut-su.net
DOMAIN-SUFFIX,jut.su
DOMAIN-SUFFIX,jw-russia.org
DOMAIN-SUFFIX,jw.org
DOMAIN-SUFFIX,kaktus.media
DOMAIN-SUFFIX,kaleido.ai
DOMAIN-SUFFIX,kamatera.com
DOMAIN-SUFFIX,kara.su
DOMAIN-SUFFIX,kasparov.ru
DOMAIN-SUFFIX,kavkaz-uzel.eu
DOMAIN-SUFFIX,kavkazr.com
DOMAIN-SUFFIX,kemono.su
DOMAIN-SUFFIX,keysight.com
DOMAIN-SUFFIX,kino.pub
DOMAIN-SUFFIX,kinogo.ec
DOMAIN-SUFFIX,kinogo.la
DOMAIN-SUFFIX,kinogo.uk
DOMAIN-SUFFIX,kinovod.net
DOMAIN-SUFFIX,kinozal.guru
DOMAIN-SUFFIX,kinozal.me
DOMAIN-SUFFIX,kinozal.tv
DOMAIN-SUFFIX,kinozaltv.life
DOMAIN-SUFFIX,kmail-lists.com
DOMAIN-SUFFIX,knews.kg
DOMAIN-SUFFIX,knowyourmeme.com
DOMAIN-SUFFIX,kolsar.org
DOMAIN-SUFFIX,kor.ill.in.ua
DOMAIN-SUFFIX,korrespondent.net
DOMAIN-SUFFIX,kovcheg.live
DOMAIN-SUFFIX,krymr.com
DOMAIN-SUFFIX,kupujemprodajem.com
DOMAIN-SUFFIX,kym-cdn.com
DOMAIN-SUFFIX,lambdalabs.com
DOMAIN-SUFFIX,lamcdn.net
DOMAIN-SUFFIX,langdock.com
DOMAIN-SUFFIX,lantern.io
DOMAIN-SUFFIX,ldoceonline.com
DOMAIN-SUFFIX,le-production.tv
DOMAIN-SUFFIX,leafletjs.com
DOMAIN-SUFFIX,lgeapi.com
DOMAIN-SUFFIX,lgthinq.com
DOMAIN-SUFFIX,libgen.li
DOMAIN-SUFFIX,licdn.com
DOMAIN-SUFFIX,lidarr.audio
DOMAIN-SUFFIX,lifehacker.com
DOMAIN-SUFFIX,lightning.ai
DOMAIN-SUFFIX,linear.app
DOMAIN-SUFFIX,linkedin.com
DOMAIN-SUFFIX,linktr.ee
DOMAIN-SUFFIX,livetv.sx
DOMAIN-SUFFIX,liveuamap.com
DOMAIN-SUFFIX,locals.md
DOMAIN-SUFFIX,lolz.guru
DOMAIN-SUFFIX,lookerstudio.google.com
DOMAIN-SUFFIX,lostfilm.download
DOMAIN-SUFFIX,lostfilm.tv
DOMAIN-SUFFIX,lostfilmtv2.site
DOMAIN-SUFFIX,lu4.org
DOMAIN-SUFFIX,lucid.app
DOMAIN-SUFFIX,mail-api.proton.me
DOMAIN-SUFFIX,mailerlite.com
DOMAIN-SUFFIX,mailfence.com
DOMAIN-SUFFIX,mailinator.com
DOMAIN-SUFFIX,mailo.com
DOMAIN-SUFFIX,make.com
DOMAIN-SUFFIX,malwarebytes.com
DOMAIN-SUFFIX,mangadex.org
DOMAIN-SUFFIX,mangahub.ru
DOMAIN-SUFFIX,mangapark.net
DOMAIN-SUFFIX,manus.im
DOMAIN-SUFFIX,manyvids.com
DOMAIN-SUFFIX,marvelsnap.com
DOMAIN-SUFFIX,mashable.com
DOMAIN-SUFFIX,mattermost.com
DOMAIN-SUFFIX,max.com
DOMAIN-SUFFIX,mbk-news.appspot.com
DOMAIN-SUFFIX,mediazona.ca
DOMAIN-SUFFIX,medicalnewstoday.com
DOMAIN-SUFFIX,medium.com
DOMAIN-SUFFIX,meduza.io
DOMAIN-SUFFIX,megapeer.ru
DOMAIN-SUFFIX,megapeer.vip
DOMAIN-SUFFIX,merezha.co
DOMAIN-SUFFIX,meta.com
DOMAIN-SUFFIX,metacritic.com
DOMAIN-SUFFIX,metal-archives.com
DOMAIN-SUFFIX,metla.press
DOMAIN-SUFFIX,metopera.org
DOMAIN-SUFFIX,middlewareinventory.com
DOMAIN-SUFFIX,mignews.com
DOMAIN-SUFFIX,miracleptr.wordpress.com
DOMAIN-SUFFIX,mixcloud.com
DOMAIN-SUFFIX,mongodb.com
DOMAIN-SUFFIX,monoprice.com
DOMAIN-SUFFIX,more.fm
DOMAIN-SUFFIX,moscowtimes.ru
DOMAIN-SUFFIX,mouser.fi
DOMAIN-SUFFIX,mssg.me
DOMAIN-SUFFIX,mullvad.net
DOMAIN-SUFFIX,multporn.net
DOMAIN-SUFFIX,muscdn.com
DOMAIN-SUFFIX,musical.ly
DOMAIN-SUFFIX,musixmatch.com
DOMAIN-SUFFIX,mw2.wiki
DOMAIN-SUFFIX,mydoramy.club
DOMAIN-SUFFIX,myheritage.com
DOMAIN-SUFFIX,myjetbrains.com
DOMAIN-SUFFIX,myparallels.com
DOMAIN-SUFFIX,myqrcode.com
DOMAIN-SUFFIX,navalny.com
DOMAIN-SUFFIX,nba.com
DOMAIN-SUFFIX,neformat.com.ua
DOMAIN-SUFFIX,neo4j.com
DOMAIN-SUFFIX,netflix.ca
DOMAIN-SUFFIX,netflix.com
DOMAIN-SUFFIX,netflix.net
DOMAIN-SUFFIX,netflixinvestor.com
DOMAIN-SUFFIX,netflixtechblog.com
DOMAIN-SUFFIX,netlify.com
DOMAIN-SUFFIX,networksolutions.com
DOMAIN-SUFFIX,newark.com
DOMAIN-SUFFIX,news.google.com
DOMAIN-SUFFIX,newsroom.porsche.com
DOMAIN-SUFFIX,newsru.co.il
DOMAIN-SUFFIX,newsru.com
DOMAIN-SUFFIX,newtimes.ru
DOMAIN-SUFFIX,nfl.com
DOMAIN-SUFFIX,nflxext.com
DOMAIN-SUFFIX,nflximg.com
DOMAIN-SUFFIX,nflximg.net
DOMAIN-SUFFIX,nflxsearch.net
DOMAIN-SUFFIX,nflxso.net
DOMAIN-SUFFIX,nflxvideo.net
DOMAIN-SUFFIX,ngrok.com
DOMAIN-SUFFIX,nhentai.com
DOMAIN-SUFFIX,nhentai.net
DOMAIN-SUFFIX,nhl.com
DOMAIN-SUFFIX,nih.gov
DOMAIN-SUFFIX,nike.com
DOMAIN-SUFFIX,nippon.com
DOMAIN-SUFFIX,nitropdf.com
DOMAIN-SUFFIX,nnmclub.to
DOMAIN-SUFFIX,nnmstatic.win
DOMAIN-SUFFIX,nordaccount.com
DOMAIN-SUFFIX,nordcdn.com
DOMAIN-SUFFIX,nordvpn.com
DOMAIN-SUFFIX,notepad-plus-plus.org
DOMAIN-SUFFIX,notion-emojis.s3-us-west-2.amazonaws.com
DOMAIN-SUFFIX,notion-static.com
DOMAIN-SUFFIX,notion.com
DOMAIN-SUFFIX,notion.new
DOMAIN-SUFFIX,notion.site
DOMAIN-SUFFIX,notion.so
DOMAIN-SUFFIX,novaline.fm
DOMAIN-SUFFIX,novaya.no
DOMAIN-SUFFIX,novayagazeta.eu
DOMAIN-SUFFIX,novayagazeta.ru
DOMAIN-SUFFIX,ntc.party
DOMAIN-SUFFIX,ntp.msn.com
DOMAIN-SUFFIX,nxp.com
DOMAIN-SUFFIX,oaistatic.com
DOMAIN-SUFFIX,oaiusercontent.com
DOMAIN-SUFFIX,ocstore.com
DOMAIN-SUFFIX,oculus.com
DOMAIN-SUFFIX,ohmyswift.ru
DOMAIN-SUFFIX,oi.legal
DOMAIN-SUFFIX,okx.com
DOMAIN-SUFFIX,olx.ua
DOMAIN-SUFFIX,omnissa.com
DOMAIN-SUFFIX,omv-extras.org
DOMAIN-SUFFIX,onfastspring.com
DOMAIN-SUFFIX,onlinesim.io
DOMAIN-SUFFIX,onshape.com
DOMAIN-SUFFIX,openai.com
DOMAIN-SUFFIX,openh264.org
DOMAIN-SUFFIX,openmedia.io
DOMAIN-SUFFIX,openrouter.ai
DOMAIN-SUFFIX,opensanctions.org
DOMAIN-SUFFIX,opensea.io
DOMAIN-SUFFIX,opposition-news.com
DOMAIN-SUFFIX,oracle.com
DOMAIN-SUFFIX,ovd.info
DOMAIN-SUFFIX,ovd.legal
DOMAIN-SUFFIX,ovd.news
DOMAIN-SUFFIX,ovdinfo.org
DOMAIN-SUFFIX,ozodi.org
DOMAIN-SUFFIX,pages.dev
DOMAIN-SUFFIX,pap.pl
DOMAIN-SUFFIX,paperpaper.io
DOMAIN-SUFFIX,paperpaper.ru
DOMAIN-SUFFIX,parallels.cn
DOMAIN-SUFFIX,parallels.com
DOMAIN-SUFFIX,parallels.net
DOMAIN-SUFFIX,parallelsaccess.com
DOMAIN-SUFFIX,patreon.com
DOMAIN-SUFFIX,patriot.dp.ua
DOMAIN-SUFFIX,pb.wtf
DOMAIN-SUFFIX,pcgamesn.com
DOMAIN-SUFFIX,pcmag.com
DOMAIN-SUFFIX,penguin.com
DOMAIN-SUFFIX,penguinrandomhouse.com
DOMAIN-SUFFIX,periscope.tv
DOMAIN-SUFFIX,pexels.com
DOMAIN-SUFFIX,phncdn.com
DOMAIN-SUFFIX,phncdn.com.sds.rncdn7.com
DOMAIN-SUFFIX,pimpletv.ru
DOMAIN-SUFFIX,pingdom.com
DOMAIN-SUFFIX,piratbit.top
DOMAIN-SUFFIX,pkgs.tailscale.com
DOMAIN-SUFFIX,platform.activestate.com
DOMAIN-SUFFIX,playboy.com
DOMAIN-SUFFIX,plugshare.com
DOMAIN-SUFFIX,polit.ru
DOMAIN-SUFFIX,politico.eu
DOMAIN-SUFFIX,politiken.dk
DOMAIN-SUFFIX,polymarket.com
DOMAIN-SUFFIX,pornhub.com
DOMAIN-SUFFIX,pornhub.org
DOMAIN-SUFFIX,pornolab.net
DOMAIN-SUFFIX,portal.lviv.ua
DOMAIN-SUFFIX,posle.media
DOMAIN-SUFFIX,postimees.ee
DOMAIN-SUFFIX,pravda.com
DOMAIN-SUFFIX,pravda.com.ua
DOMAIN-SUFFIX,premierleague.com
DOMAIN-SUFFIX,primevideo.com
DOMAIN-SUFFIX,privatekeys.pw
DOMAIN-SUFFIX,prnt.sc
DOMAIN-SUFFIX,proactivebackend-pa.googleapis.com
DOMAIN-SUFFIX,production-openaicom-storage.azureedge.net
DOMAIN-SUFFIX,proekt.media
DOMAIN-SUFFIX,prosleduetmedia.com
DOMAIN-SUFFIX,prostovpn.org
DOMAIN-SUFFIX,proton.me
DOMAIN-SUFFIX,protonvpn.com
DOMAIN-SUFFIX,provereno.media
DOMAIN-SUFFIX,prowlarr.com
DOMAIN-SUFFIX,pscp.tv
DOMAIN-SUFFIX,psiphon.ca
DOMAIN-SUFFIX,public.parsec.app
DOMAIN-SUFFIX,qt.io
DOMAIN-SUFFIX,quora.com
DOMAIN-SUFFIX,quora.com.cdn.cloudflare.net
DOMAIN-SUFFIX,r4.err.ee
DOMAIN-SUFFIX,radiosakharov.org
DOMAIN-SUFFIX,radiosvoboda.org
DOMAIN-SUFFIX,rbc.ua
DOMAIN-SUFFIX,reactflow.dev
DOMAIN-SUFFIX,realist.online
DOMAIN-SUFFIX,recraft.ai
DOMAIN-SUFFIX,reddxxx.com
DOMAIN-SUFFIX,redgifs.com
DOMAIN-SUFFIX,redis.io
DOMAIN-SUFFIX,redislabs.com
DOMAIN-SUFFIX,redshieldvpn.com
DOMAIN-SUFFIX,refactoring.guru
DOMAIN-SUFFIX,remna.st
DOMAIN-SUFFIX,remove.bg
DOMAIN-SUFFIX,render-state.to
DOMAIN-SUFFIX,rentry.co
DOMAIN-SUFFIX,rentry.org
DOMAIN-SUFFIX,republic.ru
DOMAIN-SUFFIX,research.net
DOMAIN-SUFFIX,returnyoutubedislikeapi.com
DOMAIN-SUFFIX,reve.art
DOMAIN-SUFFIX,rezka-ua.in
DOMAIN-SUFFIX,rezka.ag
DOMAIN-SUFFIX,rezka.my
DOMAIN-SUFFIX,rezkify.com
DOMAIN-SUFFIX,rezonans.media
DOMAIN-SUFFIX,rf.dobrochan.net
DOMAIN-SUFFIX,rferl.org
DOMAIN-SUFFIX,rima.media
DOMAIN-SUFFIX,riperam.org
DOMAIN-SUFFIX,riseup.net
DOMAIN-SUFFIX,roar-review.com
DOMAIN-SUFFIX,root-nation.com
DOMAIN-SUFFIX,roskomsvoboda.org
DOMAIN-SUFFIX,rublacklist.net
DOMAIN-SUFFIX,rule34.art
DOMAIN-SUFFIX,rule34.xxx
DOMAIN-SUFFIX,rus.delfi.ee
DOMAIN-SUFFIX,rus.jauns.lv
DOMAIN-SUFFIX,ruscryde.net
DOMAIN-SUFFIX,rutor.info
DOMAIN-SUFFIX,rutor.is
DOMAIN-SUFFIX,rutor.org
DOMAIN-SUFFIX,rutracker.cc
DOMAIN-SUFFIX,rutracker.net
DOMAIN-SUFFIX,rutracker.org
DOMAIN-SUFFIX,rutracker.wiki
DOMAIN-SUFFIX,sakhalin.info
DOMAIN-SUFFIX,sakharovfoundation.org
DOMAIN-SUFFIX,salesforce-experience.com
DOMAIN-SUFFIX,salesforce-hub.com
DOMAIN-SUFFIX,salesforce-scrt.com
DOMAIN-SUFFIX,salesforce-setup.com
DOMAIN-SUFFIX,salesforce-sites.com
DOMAIN-SUFFIX,salesforce.com
DOMAIN-SUFFIX,salesforceiq.com
DOMAIN-SUFFIX,salesforceliveagent.com
DOMAIN-SUFFIX,sap.com
DOMAIN-SUFFIX,saverudata.net
DOMAIN-SUFFIX,sci-hub.se
DOMAIN-SUFFIX,sci-hub.st
DOMAIN-SUFFIX,scryde.io
DOMAIN-SUFFIX,scryde.net
DOMAIN-SUFFIX,scryde.ru
DOMAIN-SUFFIX,scryde.world
DOMAIN-SUFFIX,scryde1.net
DOMAIN-SUFFIX,scryde10.net
DOMAIN-SUFFIX,scryde11.net
DOMAIN-SUFFIX,scryde12.net
DOMAIN-SUFFIX,scryde2.net
DOMAIN-SUFFIX,scryde3.net
DOMAIN-SUFFIX,scryde4.net
DOMAIN-SUFFIX,scryde5.net
DOMAIN-SUFFIX,scryde6.net
DOMAIN-SUFFIX,scryde7.net
DOMAIN-SUFFIX,scryde8.net
DOMAIN-SUFFIX,scryde9.net
DOMAIN-SUFFIX,sdxcentral.com
DOMAIN-SUFFIX,searchfloor.org
DOMAIN-SUFFIX,seasonvar.ru
DOMAIN-SUFFIX,selezen.org
DOMAIN-SUFFIX,semnasem.org
DOMAIN-SUFFIX,semrush.com
DOMAIN-SUFFIX,sentry.dev
DOMAIN-SUFFIX,sentry.io
DOMAIN-SUFFIX,sephora.com
DOMAIN-SUFFIX,servarr.com
DOMAIN-SUFFIX,severreal.org
DOMAIN-SUFFIX,sfdcopens.com
DOMAIN-SUFFIX,shikimori.me
DOMAIN-SUFFIX,shinyhardware.co.uk
DOMAIN-SUFFIX,shiza-project.com
DOMAIN-SUFFIX,shop.gameloft.com
DOMAIN-SUFFIX,showip.net
DOMAIN-SUFFIX,sibreal.org
DOMAIN-SUFFIX,signal.org
DOMAIN-SUFFIX,simplex.chat
DOMAIN-SUFFIX,simplex.im
DOMAIN-SUFFIX,simplix.info
DOMAIN-SUFFIX,singlekey-id.com
DOMAIN-SUFFIX,site.com
DOMAIN-SUFFIX,skat.media
DOMAIN-SUFFIX,sketchup.com
DOMAIN-SUFFIX,skiff.com
DOMAIN-SUFFIX,skladchik.com
DOMAIN-SUFFIX,sklatchiki.ru
DOMAIN-SUFFIX,sky.com
DOMAIN-SUFFIX,skycdp.com
DOMAIN-SUFFIX,slashlib.me
DOMAIN-SUFFIX,slavicsac.com
DOMAIN-SUFFIX,slifki.biz
DOMAIN-SUFFIX,smartbear.co
DOMAIN-SUFFIX,smartbear.com
DOMAIN-SUFFIX,smartdeploy.com
DOMAIN-SUFFIX,sms-activate.io
DOMAIN-SUFFIX,snapgene.com
DOMAIN-SUFFIX,sndcdn.com
DOMAIN-SUFFIX,snort.org
DOMAIN-SUFFIX,snyk.io
DOMAIN-SUFFIX,sobesednik.com
DOMAIN-SUFFIX,solarwinds.com
DOMAIN-SUFFIX,sora.com
DOMAIN-SUFFIX,sotaproject.com
DOMAIN-SUFFIX,soundcloud.cloud
DOMAIN-SUFFIX,soundcloud.com
DOMAIN-SUFFIX,sovetromantica.com
DOMAIN-SUFFIX,spacelift.io
DOMAIN-SUFFIX,speedtest.net
DOMAIN-SUFFIX,spektr.press
DOMAIN-SUFFIX,spiceworks.com
DOMAIN-SUFFIX,spiegel.de
DOMAIN-SUFFIX,spitfireaudio.com
DOMAIN-SUFFIX,spotify.com
DOMAIN-SUFFIX,spreadthesign.com
DOMAIN-SUFFIX,sputnikipogrom.com
DOMAIN-SUFFIX,squadbustersgame.com
DOMAIN-SUFFIX,squareup.com
DOMAIN-SUFFIX,squietpc.com
DOMAIN-SUFFIX,startpage.com
DOMAIN-SUFFIX,static.lostfilm.top
DOMAIN-SUFFIX,statology.org
DOMAIN-SUFFIX,steamstat.info
DOMAIN-SUFFIX,strana.news
DOMAIN-SUFFIX,strana.today
DOMAIN-SUFFIX,strava.com
DOMAIN-SUFFIX,suggestqueries.google.com
DOMAIN-SUFFIX,supercell.com
DOMAIN-SUFFIX,supersliv.biz
DOMAIN-SUFFIX,support.xerox.com
DOMAIN-SUFFIX,surfshark.com
DOMAIN-SUFFIX,surveymonkey.com
DOMAIN-SUFFIX,suspilne.media
DOMAIN-SUFFIX,svidomi.in.ua
DOMAIN-SUFFIX,svoboda.org
DOMAIN-SUFFIX,svoi.kr.ua
DOMAIN-SUFFIX,svtv.org
DOMAIN-SUFFIX,swagger.io
DOMAIN-SUFFIX,swissinfo.ch
DOMAIN-SUFFIX,synoforum.com
DOMAIN-SUFFIX,t-invariant.org
DOMAIN-SUFFIX,t.co
DOMAIN-SUFFIX,tableau.com
DOMAIN-SUFFIX,talosintelligence.com
DOMAIN-SUFFIX,tayga.info
DOMAIN-SUFFIX,te-st.org
DOMAIN-SUFFIX,teamviewer.com
DOMAIN-SUFFIX,techbargains.com
DOMAIN-SUFFIX,telegraf.by
DOMAIN-SUFFIX,telegraf.news
DOMAIN-SUFFIX,telegraph.co.uk
DOMAIN-SUFFIX,telemetr.io
DOMAIN-SUFFIX,tellapart.com
DOMAIN-SUFFIX,tempmail.plus
DOMAIN-SUFFIX,temu.com
DOMAIN-SUFFIX,terraform.io
DOMAIN-SUFFIX,the-village.ru
DOMAIN-SUFFIX,theaudiodb.com
DOMAIN-SUFFIX,thebarentsobserver.com
DOMAIN-SUFFIX,thebell.io
DOMAIN-SUFFIX,theins.press
DOMAIN-SUFFIX,theins.ru
DOMAIN-SUFFIX,themoviedb.org
DOMAIN-SUFFIX,thepiratebay.org
DOMAIN-SUFFIX,thetruestory.news
DOMAIN-SUFFIX,threads.net
DOMAIN-SUFFIX,threema.ch
DOMAIN-SUFFIX,ti.com
DOMAIN-SUFFIX,tidal.com
DOMAIN-SUFFIX,tik-tokapi.com
DOMAIN-SUFFIX,tiktok.com
DOMAIN-SUFFIX,tiktokcdn-eu.com
DOMAIN-SUFFIX,tiktokcdn-us.com
DOMAIN-SUFFIX,tiktokcdn.com
DOMAIN-SUFFIX,tiktokd.net
DOMAIN-SUFFIX,tiktokd.org
DOMAIN-SUFFIX,tiktokv.com
DOMAIN-SUFFIX,tiktokv.us
DOMAIN-SUFFIX,tiktokw.us
DOMAIN-SUFFIX,timberland.de
DOMAIN-SUFFIX,tiptop-vpn.com
DOMAIN-SUFFIX,tmdb-image-prod.b-cdn.net
DOMAIN-SUFFIX,tmdb.com
DOMAIN-SUFFIX,tmdb.org
DOMAIN-SUFFIX,toolbox.app
DOMAIN-SUFFIX,torproject.org
DOMAIN-SUFFIX,torrenteditor.com
DOMAIN-SUFFIX,torrentgalaxy.to
DOMAIN-SUFFIX,trae.ai
DOMAIN-SUFFIX,trailblazer.me
DOMAIN-SUFFIX,trailhead.com
DOMAIN-SUFFIX,trellix.com
DOMAIN-SUFFIX,trueblackmetalradio.com
DOMAIN-SUFFIX,truthsocial.com
DOMAIN-SUFFIX,tsmc.com
DOMAIN-SUFFIX,ttwstatic.com
DOMAIN-SUFFIX,turbobit.net
DOMAIN-SUFFIX,tuta.com
DOMAIN-SUFFIX,tuta.io
DOMAIN-SUFFIX,tutanota.com
DOMAIN-SUFFIX,tvfreedom.io
DOMAIN-SUFFIX,tvrain.ru
DOMAIN-SUFFIX,tvrain.tv
DOMAIN-SUFFIX,tweetdeck.com
DOMAIN-SUFFIX,twimg.com
DOMAIN-SUFFIX,twirpx.com
DOMAIN-SUFFIX,twitpic.com
DOMAIN-SUFFIX,twitter.biz
DOMAIN-SUFFIX,twitter.com
DOMAIN-SUFFIX,twitter.jp
DOMAIN-SUFFIX,twittercommunity.com
DOMAIN-SUFFIX,twitterflightschool.com
DOMAIN-SUFFIX,twitterinc.com
DOMAIN-SUFFIX,twitteroauth.com
DOMAIN-SUFFIX,twitterstat.us
DOMAIN-SUFFIX,twtrdns.net
DOMAIN-SUFFIX,twttr.com
DOMAIN-SUFFIX,twttr.net
DOMAIN-SUFFIX,twvid.com
DOMAIN-SUFFIX,typing.com
DOMAIN-SUFFIX,uaudio.com
DOMAIN-SUFFIX,ui.ill.in.ua
DOMAIN-SUFFIX,uizard.io
DOMAIN-SUFFIX,ukr.net
DOMAIN-SUFFIX,ukr.radio
DOMAIN-SUFFIX,ukrtelcdn.net
DOMAIN-SUFFIX,unian.ua
DOMAIN-SUFFIX,unscreen.com
DOMAIN-SUFFIX,upwork.com
DOMAIN-SUFFIX,usa.one
DOMAIN-SUFFIX,usatoday.com
DOMAIN-SUFFIX,usher.ttvnw.net
DOMAIN-SUFFIX,vagrantcloud.com
DOMAIN-SUFFIX,veeam.com
DOMAIN-SUFFIX,verstka.media
DOMAIN-SUFFIX,vesma.one
DOMAIN-SUFFIX,vesma.today
DOMAIN-SUFFIX,vesty.co.il
DOMAIN-SUFFIX,viber.com
DOMAIN-SUFFIX,vice.com
DOMAIN-SUFFIX,vine.co
DOMAIN-SUFFIX,vipergirls.to
DOMAIN-SUFFIX,visualcapitalist.com
DOMAIN-SUFFIX,vmware.com
DOMAIN-SUFFIX,vndb.org
DOMAIN-SUFFIX,voanews.com
DOMAIN-SUFFIX,voidboost.cc
DOMAIN-SUFFIX,volkswagen-classic-parts.com
DOMAIN-SUFFIX,vot-tak.tv
DOMAIN-SUFFIX,vpngate.net
DOMAIN-SUFFIX,vpngen.org
DOMAIN-SUFFIX,vpnlove.me
DOMAIN-SUFFIX,vpnpay.io
DOMAIN-SUFFIX,vyos.io
DOMAIN-SUFFIX,w.atwiki.jp
DOMAIN-SUFFIX,walmart.com
DOMAIN-SUFFIX,watchguard.com
DOMAIN-SUFFIX,watermarkremover.io
DOMAIN-SUFFIX,wbgames.com
DOMAIN-SUFFIX,weather.com
DOMAIN-SUFFIX,webnames.ca
DOMAIN-SUFFIX,webtoons.com
DOMAIN-SUFFIX,weebly.com
DOMAIN-SUFFIX,welt.de
DOMAIN-SUFFIX,wide-youtube.l.google.com
DOMAIN-SUFFIX,widgetapp.stream
DOMAIN-SUFFIX,wiki.fextralife.com
DOMAIN-SUFFIX,wikidot.com
DOMAIN-SUFFIX,wilsoncenter.org
DOMAIN-SUFFIX,windows10spotlight.com
DOMAIN-SUFFIX,windsurf.com
DOMAIN-SUFFIX,wonderzine.com
DOMAIN-SUFFIX,wpengine.com
DOMAIN-SUFFIX,wunderground.com
DOMAIN-SUFFIX,www3.corsair.com
DOMAIN-SUFFIX,x.ai
DOMAIN-SUFFIX,x.com
DOMAIN-SUFFIX,xhamster.com
DOMAIN-SUFFIX,xhamsterlive.com
DOMAIN-SUFFIX,xhcdn.com
DOMAIN-SUFFIX,xnxx-cdn.com
DOMAIN-SUFFIX,xnxx.com
DOMAIN-SUFFIX,xnxx.net
DOMAIN-SUFFIX,xnxx.tv
DOMAIN-SUFFIX,xnxx3.com
DOMAIN-SUFFIX,xsts.auth.xboxlive.com
DOMAIN-SUFFIX,xtracloud.net
DOMAIN-SUFFIX,xv-ru.com
DOMAIN-SUFFIX,xvideos-cdn.com
DOMAIN-SUFFIX,xvideos.com
DOMAIN-SUFFIX,yande.re
DOMAIN-SUFFIX,yeggi.com
DOMAIN-SUFFIX,yle.fi
DOMAIN-SUFFIX,youtrack.cloud
DOMAIN-SUFFIX,youtu.be
DOMAIN-SUFFIX,youtube-nocookie.com
DOMAIN-SUFFIX,youtube-ui.l.google.com
DOMAIN-SUFFIX,youtube.com
DOMAIN-SUFFIX,youtubeembeddedplayer.googleapis.com
DOMAIN-SUFFIX,youtubei.googleapis.com
DOMAIN-SUFFIX,youtubekids.com
DOMAIN-SUFFIX,yt-video-upload.l.google.com
DOMAIN-SUFFIX,yt3.googleusercontent.com
DOMAIN-SUFFIX,ytimg.com
DOMAIN-SUFFIX,ytimg.l.google.com
DOMAIN-SUFFIX,yting.com
DOMAIN-SUFFIX,yummyani.me
DOMAIN-SUFFIX,zahav.ru
DOMAIN-SUFFIX,zapier.com
DOMAIN-SUFFIX,zbigz.com
DOMAIN-SUFFIX,zedge.net
DOMAIN-SUFFIX,zendesk.com
DOMAIN-SUFFIX,zerkalo.io
DOMAIN-SUFFIX,zona.media
