*.ua
*10minutemail.com
*1337x.to
*24.kg
*4freerussia.org
*4pda.ru
*4pda.to
*4pna.com
*7dniv.rv.ua
*9tv.co.il
*a-msedge.net
*abercrombie.com
*abook-club.ru
*activatica.org
*adguard-dns.com
*adguard.com
*adidas.com
*adminforge.de
*adobe.com
*adobe.io
*ads-twitter.com
*agents.media
*agentura.ru
*ahrefs.com
*alberta.ca
*allegro.pl
*alphacoders.com
*amazfitwatchfaces.com
*amazonaws.com
*amd.com
*amdm.ru
*amnezia.org
*amx.com
*analog.com
*anidub.com
*anilibria.tv
*annas-archive.org
*anthropic.com
*aplawrence.com
*appspot.com
*appstorrent.ru
*aqicn.org
*arbat.media
*archiveofourown.org
*atlassian.com
*atn.ua
*att.com
*avira.com
*azathabar.com
*azattyq.org
*b-cdn.net
*babook.org
*baginya.org
*bato.to
*bbc.co.uk
*bbc.com
*bbci.co.uk
*bell-sw.com
*bellingcat.com
*bestbuy.com
*bgpmon.net
*bihus.info
*bing.com
*bitbucket.org
*bitcoin.org
*bitdefender.com
*bitru.org
*blackseanews.net
*bluehost.com
*booktracker.org
*boosteroid.com
*bosch-home.com
*bradyid.com
*brave.com
*brawlstarsgame.com
*buanzo.org
*buckaroo.nl
*buf.build
*bumble.com
*buymeacoffee.com
*byteoversea.com
*cambiumnetworks.com
*canva.com
*capcut.com
*carnegieendowment.org
*cats.com
*cdninstagram.com
*cdw.com
*censortracker.org
*certifytheweb.com
*chatgpt.com
*cherta.media
*chess.com
*cisco.com
*citrix.com
*clamav.net
*clashofclans.com
*clashroyaleapp.com
*claude.ai
*cloudex.cc
*cms-twdigitalassets.com
*cock.li
*codeium.com
*coldfilm.xyz
*colta.ru
*coursera.org
*cpu-monkey.com
*crunchyroll.com
*currenttime.tv
*cursorinfo.co.il
*cyberghostvpn.com
*cyxymu.info
*czx.to
*daemon-tools.cc
*decrypt.day
*deezer.com
*delfi.ee
*delfi.lt
*delfi.lv
*dell.com
*dellcdn.com
*depositphotos.com
*deviantart.com
*devops.com
*digikey.com
*digitalcontent.sky
*digitalocean.com
*discours.io
*disctech.com
*dobrochan.net
*donmai.us
*dorama.live
*doramalive.ru
*doramy.club
*dovod.online
*doxa.team
*doxajournal.ru
*dpidetector.org
*dreamhost.com
*dw.com
*echofm.online
*ehorussia.com
*ej.ru
*ekhokavkaza.com
*elastic.co
*element14.com
*elevenlabs.io
*err.ee
*etsy.com
*euronews.com
*euroradio.fm
*eutrp.eu
*everand.com
*exler.ru
*expres.online
*f1.com
*f95zone.to
*facebook.com
*facebook.net
*fast-torrent.club
*fast.com
*fastly.net
*fb.com
*fbcdn.net
*fbsbx.com
*fex.net
*fextralife.com
*ficbook.net
*filmitorrent.net
*filmix.ac
*filmix.biz
*filmix.fm
*flibusta.is
*flipboard.com
*flir.com
*flir.eu
*fls.guru
*fluke.com
*flukenetworks.com
*fn-volga.ru
*fonge.org
*force-user-content.com
*force.com
*fork.pet
*forklog.com
*formula1.com
*fortanga.org
*freedomletters.org
*freeimages.com
*freemedia.io
*gagadget.com
*gamesrepack.com
*geforcenow.com
*gelbooru.com
*geni.us
*genius.com
*germania.one
*getoutline.org
*gfn.am
*ggpht.com
*gitlab.com
*gitlab.io
*glpals.com
*gnome-look.org
*godaddy.com
*gofile.io
*gofundme.com
*golosameriki.com
*gonitro.com
*goodreads.com
*googleapis.com
*googletagmanager.com
*googlevideo.com
*gordonua.com
*gpsonextra.net
*gr-assets.com
*grafana.com
*grammarly.com
*grani.ru
*graty.me
*graylog.org
*grazie.ai
*groq.com
*gulagu.net
*habr.com
*hashicorp.com
*hdrezka.ac
*hdrezka.ag
*healthline.com
*hetzner.com
*hollisterco.com
*holod.media
*home-connect.com
*hostgator.com
*hotels.com
*howlongtobeat.com
*hqporner.com
*hromadske.ua
*hrw.org
*hs.fi
*huawei.com
*hyperhost.ua
*ibm.com
*ibytedtos.com
*idelreal.org
*ig.me
*ign.com
*iherb.com
*iichan.hk
*ill.in.ua
*ilook.tv
*important-stories.com
*infineon.com
*instagram.com
*intel.com
*intel.de
*intellij.net
*interactivebrokers.co.uk
*interfax.com.ua
*internalfb.com
*intuit.com
*intuitibits.com
*ionos.com
*iptv.online
*is.fi
*island-of-pleasure.site
*istories.media
*itsmycity.ru
*jabra.com
*jamf.com
*jauns.lv
*jetbrains.com
*kaktus.media
*kamatera.com
*kasparov.ru
*kavkaz-uzel.eu
*kavkazr.com
*kemono.party
*keysight.com
*kino.pub
*kinobase.org
*kinogo.la
*kinokopilka.pro
*kinovod.net
*kinozal.guru
*kinozal.me
*kinozal.tv
*knews.kg
*kolsar.org
*korrespondent.net
*kovcheg.live
*kpapp.link
*krymr.com
*kupujemprodajem.com
*lambdalabs.com
*lamcdn.net
*ldoceonline.com
*leafletjs.com
*leica-geosystems.com
*lenovo.com
*libgen.rs
*licdn.com
*lidarr.audio
*linkedin.com
*linktr.ee
*linuxiac.com
*live.net
*livetv.sx
*localbitcoins.com
*locals.md
*lolz.guru
*lostfilm.run
*lostfilm.top
*lostfilm.tv
*lostfilm.win
*lostfilmtv2.site
*lostfilmtv5.site
*m3u.in
*macpaw.com
*macvendors.com
*mailfence.com
*mailo.com
*malwarebytes.com
*mangahub.ru
*mangapark.net
*mattermost.com
*mbed.com
*mdza.io
*mediazona.ca
*mediazona.online
*medicalnewstoday.com
*medium.com
*meduza.io
*megapeer.ru
*memohrc.org
*meraki.com
*merezha.co
*metacritic.com
*metla.press
*microchip.com
*middlewareinventory.com
*mignews.com
*mongodb.com
*mongodb.org
*monoprice.com
*monster.ie
*moscowtimes.ru
*mouser.com
*mouser.fi
*mrakopedia.net
*mullvad.net
*muscdn.com
*musical.ly
*mydoramy.club
*nasvsehtoshnit.ru
*navalny.com
*nba.com
*neformat.com.ua
*netflix.com
*netlify.com
*networksolutions.com
*newark.com
*newsru.co.il
*newsru.com
*newstudio.tv
*newtimes.ru
*nflxext.com
*nflximg.net
*nflxvideo.net
*nih.gov
*nike.com
*nitropdf.com
*nnmclub.to
*nordvpn.com
*notion-static.com
*notion.com
*notion.new
*notion.site
*notion.so
*novaya.no
*novayagazeta.eu
*novayagazeta.ru
*ntc.party
*nxp.com
*nyaa.si
*oaistatic.com
*oaiusercontent.com
*oasis.app
*ocstore.com
*oculus.com
*ohmyswift.ru
*oi.legal
*okx.com
*olx.ua
*omv-extras.org
*on24.com
*onetrust.com
*onlineradiobox.com
*onlinesim.ru
*onshape.com
*openai.com
*openmedia.io
*opensea.io
*opentrackr.org
*opposition-news.com
*ovd.info
*ovd.legal
*ovd.news
*ovdinfo.org
*ozi-ru.org
*ozodi.org
*pages.dev
*pandasecurity.com
*pap.pl
*paperpaper.io
*paperpaper.ru
*paraplan.net
*paraswap.io
*parsec.app
*patreon.com
*patriot.dp.ua
*paypal.com
*pb.wtf
*pcbway.com
*pcbway.ru
*pcgamesn.com
*periscope.tv
*pexels.com
*phncdn.com
*php.su
*piccy.info
*pingdom.com
*pixiv.net
*plab.site
*playboy.com
*plugshare.com
*polit.ru
*politiken.dk
*pornhub.com
*pornolab.net
*porsche.com
*portal.lviv.ua
*posle.media
*postfix.org
*postimees.ee
*pravda.com.ua
*premierleague.com
*privatekeys.pw
*prnt.sc
*proekt.media
*prosleduetmedia.com
*prostovpn.org
*proton.me
*protonmail.ch
*protonmail.com
*provereno.media
*prowlarr.com
*pscp.tv
*psiphon.ca
*qt.io
*qualcomm.com
*quietpc.com
*quora.com
*radarr.video
*radiosakharov.org
*radiosvoboda.org
*rbc.ua
*reactflow.dev
*realist.online
*reddxxx.com
*redgifs.com
*redis.com
*redis.io
*redshieldvpn.com
*redtube.com
*refactoring.guru
*refinitiv.com
*remove.bg
*republic.ru
*resp.app
*rezka.ag
*rezka.my
*rezonans.media
*rferl.org
*riotpixels.com
*roar-review.com
*root-nation.com
*rsf.org
*ruckuswireless.com
*rus-media.org
*rus.ec
*rustorka.com
*rutor.info
*rutor.is
*rutor.org
*rutracker.cc
*rutracker.net
*rutracker.org
*rutracker.ru
*sakh.com
*sakhalin.info
*sakharovfoundation.org
*salesforce-experience.com
*salesforce-hub.com
*salesforce-scrt.com
*salesforce-setup.com
*salesforce-sites.com
*salesforce.com
*salesforceiq.com
*salesforceliveagent.com
*sap.com
*saverudata.info
*saverudata.net
*schaeffler.com
*screamingfrog.co.uk
*sdxcentral.com
*searchfloor.org
*seasonvar.ru
*sebeanus.online
*selezen.org
*semnasem.org
*sentry.io
*serpstat.com
*servarr.com
*service-kp.com
*severreal.org
*sfdcopens.com
*shikimori.me
*shinyhardware.co.uk
*showip.net
*sibreal.org
*signal.org
*simplex.chat
*simplex.im
*simplix.info
*singlekey-id.com
*site.com
*skat.media
*skiff.com
*skladchik.com
*skladchiki.pro
*skladchina.vip
*sky.com
*skycdp.com
*skyscanner.com
*slavicsac.com
*slideshare.net
*smartbear.com
*smashwords.com
*smassets.net
*snort.org
*snyk.io
*soapui.org
*sobesednik.com
*sobesednik.ru
*solarwinds.com
*soundcloud.com
*spacelift.io
*spektr.press
*spotify.com
*spreadthesign.com
*sputnikipogrom.com
*squadbustersgame.com
*stalker2.com
*strana.news
*strana.today
*strava.com
*stulchik.net
*supercell.com
*surveymonkey.com
*suspilne.media
*svidomi.in.ua
*svoboda.org
*svoi.kr.ua
*svtv.org
*swagger.io
*swissinfo.ch
*sysdig.com
*t-ru.org
*t.co
*tableau.com
*tayga.info
*te-st.org
*telegraf.by
*telegraf.news
*telemetr.io
*tellapart.com
*terraform.io
*terrasoft.ua
*the-village.ru
*theaudiodb.com
*thebarentsobserver.com
*thebell.io
*theins.info
*theins.press
*theins.ru
*themoviedb.org
*thepiratebay.org
*thetruestory.news
*threads.net
*threema.ch
*ti.com
*tidal.com
*tik-tokapi.com
*tiktok.com
*tiktokcdn-eu.com
*tiktokcdn-us.com
*tiktokcdn.com
*tiktokd.net
*tiktokd.org
*tiktokv.com
*tiktokv.us
*tiktokw.us
*timberland.com
*tjournal.ru
*tmdb.org
*torproject.org
*torrent.by
*torrentgalaxy.to
*tracker.wf
*trailblazer.me
*trailhead.com
*trellix.com
*tsmc.com
*ttwstatic.com
*tutanota.com
*tvfreedom.io
*tvrain.ru
*tvrain.tv
*tweetdeck.com
*twimg.com
*twirpx.com
*twitpic.com
*twitter.biz
*twitter.com
*twitter.jp
*twittercommunity.com
*twitterflightschool.com
*twitterinc.com
*twitteroauth.com
*twitterstat.us
*twtrdns.net
*twttr.com
*twttr.net
*twvid.com
*ubnt.com
*ufile.io
*underver.se
*unian.net
*unian.ua
*uniongang.tv
*upwork.com
*usa.one
*vagrantcloud.com
*vectorworks.net
*veeam.com
*velocidrone.com
*veritas.com
*verstka.media
*vesma.one
*vesma.today
*vesty.co.il
*vine.co
*vipdrive.net
*vndb.org
*voanews.com
*voidboost.cc
*volkswagen-classic-parts.com
*vot-tak.tv
*voynaplemyon.com
*vpngate.net
*vpngen.org
*vpnlove.me
*vpnpay.io
*vrv.co
*vyos.io
*walmart.com
*watchguard.com
*weather.com
*weblance.com.ua
*webnames.ca
*welt.de
*wetransfer.com
*wheather.com
*wikiart.org
*wikidot.com
*wilsoncenter.org
*windguru.cz
*wixmp.com
*wk.cz
*wonderzine.com
*wpengine.com
*wunderground.com
*x.com
*xbox.com
*xerox.com
*xhamster.com
*xhamsterlive.com
*xnxx.com
*xtracloud.net
*xv-ru.com
*xvideos-cdn.com
*xvideos.com
*yaoilib.me
*yle.fi
*youtu.be
*youtube.com
*youtubekids.com
*ytimg.com
*yting.com
*zahav.ru
*zannn.top
*zbigz.com
*zedge.net
*zendesk.com
*zerkalo.io
*zerossl.com
*zetalliance.org
*zetfix.online
*zetflix.online
*zf.com
*znanija.com
*zohomail.com
*zona.media
bard.google.com
copilot.microsoft.com
gemini.google.com
lookerstudio.google.com
news.google.com
play.google.com
suggestqueries.google.com
tokenized.play.google.com
wide-youtube.l.google.com
ytimg.l.google.com
