nftset=/discord-activities.com/4#inet#fw4#vpn_domains
nftset=/discord-attachments-uploads-prd.storage.googleapis.com/4#inet#fw4#vpn_domains
nftset=/discord.co/4#inet#fw4#vpn_domains
nftset=/discord.com/4#inet#fw4#vpn_domains
nftset=/discord.design/4#inet#fw4#vpn_domains
nftset=/discord.dev/4#inet#fw4#vpn_domains
nftset=/discord.gg/4#inet#fw4#vpn_domains
nftset=/discord.gift/4#inet#fw4#vpn_domains
nftset=/discord.gifts/4#inet#fw4#vpn_domains
nftset=/discord.media/4#inet#fw4#vpn_domains
nftset=/discord.new/4#inet#fw4#vpn_domains
nftset=/discord.store/4#inet#fw4#vpn_domains
nftset=/discord.tools/4#inet#fw4#vpn_domains
nftset=/discordactivities.com/4#inet#fw4#vpn_domains
nftset=/discordapp.com/4#inet#fw4#vpn_domains
nftset=/discordapp.net/4#inet#fw4#vpn_domains
nftset=/discordmerch.com/4#inet#fw4#vpn_domains
nftset=/discordpartygames.com/4#inet#fw4#vpn_domains
nftset=/discordsays.com/4#inet#fw4#vpn_domains
nftset=/4pda.to/4#inet#fw4#vpn_domains
nftset=/4pda.ws/4#inet#fw4#vpn_domains
nftset=/adguard.com/4#inet#fw4#vpn_domains
nftset=/ads-twitter.com/4#inet#fw4#vpn_domains
nftset=/twitter.biz/4#inet#fw4#vpn_domains
nftset=/twitter.com/4#inet#fw4#vpn_domains
nftset=/twitter.jp/4#inet#fw4#vpn_domains
nftset=/twittercommunity.com/4#inet#fw4#vpn_domains
nftset=/twitterflightschool.com/4#inet#fw4#vpn_domains
nftset=/twitterinc.com/4#inet#fw4#vpn_domains
nftset=/twitteroauth.com/4#inet#fw4#vpn_domains
nftset=/twitterstat.us/4#inet#fw4#vpn_domains
nftset=/anidub.com/4#inet#fw4#vpn_domains
nftset=/anilib.me/4#inet#fw4#vpn_domains
nftset=/anilibria.org/4#inet#fw4#vpn_domains
nftset=/anilibria.tv/4#inet#fw4#vpn_domains
nftset=/anilibria.uno/4#inet#fw4#vpn_domains
nftset=/anilibria.wtf/4#inet#fw4#vpn_domains
nftset=/animaunt.org/4#inet#fw4#vpn_domains
nftset=/anime-portal.su/4#inet#fw4#vpn_domains
nftset=/animebest.org/4#inet#fw4#vpn_domains
nftset=/animedia.tv/4#inet#fw4#vpn_domains
nftset=/animego.org/4#inet#fw4#vpn_domains
nftset=/animespirit.ru/4#inet#fw4#vpn_domains
nftset=/anistar.org/4#inet#fw4#vpn_domains
nftset=/anistars.ru/4#inet#fw4#vpn_domains
nftset=/chat.com/4#inet#fw4#vpn_domains
nftset=/chat.openai.com.cdn.cloudflare.net/4#inet#fw4#vpn_domains
nftset=/chatgpt.com/4#inet#fw4#vpn_domains
nftset=/facebook.com/4#inet#fw4#vpn_domains
nftset=/facebook.net/4#inet#fw4#vpn_domains
nftset=/fansly.com/4#inet#fw4#vpn_domains
nftset=/fast-torrent.club/4#inet#fw4#vpn_domains
nftset=/fast.com/4#inet#fw4#vpn_domains
nftset=/fb.com/4#inet#fw4#vpn_domains
nftset=/hashicorp.com/4#inet#fw4#vpn_domains
nftset=/medium.com/4#inet#fw4#vpn_domains
nftset=/rutor.info/4#inet#fw4#vpn_domains
nftset=/rutor.is/4#inet#fw4#vpn_domains
nftset=/rutor.org/4#inet#fw4#vpn_domains
nftset=/rutracker.cc/4#inet#fw4#vpn_domains
nftset=/rutracker.net/4#inet#fw4#vpn_domains
nftset=/rutracker.org/4#inet#fw4#vpn_domains
nftset=/rutracker.wiki/4#inet#fw4#vpn_domains
nftset=/spotify.com/4#inet#fw4#vpn_domains
nftset=/twin.me/4#inet#fw4#vpn_domains
nftset=/twinlife-systems.com/4#inet#fw4#vpn_domains
nftset=/twinme.com/4#inet#fw4#vpn_domains
nftset=/twirpx.com/4#inet#fw4#vpn_domains
nftset=/twitpic.com/4#inet#fw4#vpn_domains
nftset=/twitter.biz/4#inet#fw4#vpn_domains
nftset=/twitter.com/4#inet#fw4#vpn_domains
nftset=/twitter.jp/4#inet#fw4#vpn_domains
nftset=/twittercommunity.com/4#inet#fw4#vpn_domains
nftset=/twitterflightschool.com/4#inet#fw4#vpn_domains
nftset=/twitterinc.com/4#inet#fw4#vpn_domains
nftset=/twitteroauth.com/4#inet#fw4#vpn_domains
nftset=/twitterstat.us/4#inet#fw4#vpn_domains
nftset=/twtrdns.net/4#inet#fw4#vpn_domains
nftset=/twttr.com/4#inet#fw4#vpn_domains
nftset=/twttr.net/4#inet#fw4#vpn_domains
nftset=/twvid.com/4#inet#fw4#vpn_domains
nftset=/x.ai/4#inet#fw4#vpn_domains
nftset=/x.com/4#inet#fw4#vpn_domains
nftset=/gemini.google.com/4#inet#fw4#vpn_domains
nftset=/ai.google.dev/4#inet#fw4#vpn_domains
nftset=/gstatic.com/4#inet#fw4#vpn_domains
nftset=/googleapis.com/4#inet#fw4#vpn_domains
nftset=/googleusercontent.com/4#inet#fw4#vpn_domains
nftset=/linkedin.com/4#inet#fw4#vpn_domains
