.ua
10minutemail.com
1337x.to
24.kg
4freerussia.org
4pda.ru
7dniv.rv.ua
9tv.co.il
abook-club.ru
abs-zero.twimg.com
abs.twimg.com
academy.terrasoft.ua
account-api.protonmail.com
account.protonmail.com
accounts.spotify.com
acf.international
activatica.org
adguard.com
afcs.dellcdn.com
aftermarket.zf.com
agents.media
agentura.ru
alberta.ca
amazfitwatchfaces.com
anilibria.tv
annas-archive.org
anthropic.com
api.app.prod.grazie.aws.intellij.net
api.github.com
api.openai.com
api.protonmail.ch
api.radarr.video
api.theins.info
api.theins.ru
api.themoviedb.org
api.twitter.com
aplawrence.com
app.m3u.in
app.paraswap.io
appstorrent.ru
apt.releases.hashicorp.com
aqicn.org
arbat.media
artifacts.elastic.co
atlassian.com
atn.ua
att.com
auth.grazie.ai
auth0.openai.com
avira.com
bard.google.com
bbc.co.uk
bbc.com
bbci.co.uk
bellingcat.com
bihus.info
bitbucket.org
bitcoin.org
bitru.org
blackseanews.net
booktracker.org
boosteroid.com
bradyid.com
bt.t-ru.org
bt2.t-ru.org
bt3.t-ru.org
bt4.t-ru.org
builds.parsec.app
canva.com
carmasters.org
cdn.fbsbx.com
cdn.nba.com
cdn.oaistatic.com
cdninstagram.com
cdw.com
certifytheweb.com
chat.openai.com
chatgpt.com
checkout.buckaroo.nl
cherta.media
chess.com
cisco.com
citrix.com
clamav.net
claude.ai
cloud.lambdalabs.com
cloud.mongodb.com
cloudflare-dns.com
coldfilm.xyz
colta.ru
community.cisco.com
connect.facebook.net
crunchyroll.com
csskor.ill.in.ua
cursorinfo.co.il
czx.to
database.clamav.net
deezer.com
dell.com
deviantart.com
devops.com
discours.io
disctech.com
dist.torproject.org
dl.grafana.com
dms.licdn.com
docker.elastic.co
docs.lambdalabs.com
docs.redis.com
documentation.meraki.com
download.lenovo.com
doxa.team
doxajournal.ru
dual-a-0001.a-msedge.net
dw.com
e1v-h.phncdn.com
echofm.online
edge-mqtt.facebook.com
edge.microsoft.com
edgeservices.bing.com
ehorussia.com
ej.ru
euronews.com
euroradio.fm
eutrp.eu
event.on24.com
expres.online
facebook.com
facebook.net
fast.com
fb.com
fbcdn.net
fex.net
files.oaiusercontent.com
filmix.ac
filmix.biz
flibusta.is
fls.guru
fluke.com
fonge.org
fork.pet
forklog.com
formula1.com
fortanga.org
forum.neformat.com.ua
forum.voynaplemyon.com
freemedia.io
gagadget.com
gallery.zetalliance.org
gamesrepack.com
gateway.instagram.com
gdb.currenttime.tv
gdb.rferl.org
geni.us
germania.one
ggpht.com
gitlab.io
gllto.glpals.com
glpals.com
gnome-look.org
gofile.io
golosameriki.com
gonitro.com
googletagmanager.com
gordonua.com
gpsonextra.net
grafana.com
grammarly.com
grani.ru
graph.facebook.com
graph.instagram.com
graty.me
graylog.org
grazie.ai
gulagu.net
hashicorp.com
hd.zetfix.online
healthline.com
helm.releases.hashicorp.com
holod.global.ssl.fastly.net
holod.media
hromadske.ua
hyperhost.ua
i-fallback.instagram.com
i.instagram.com
i.sakh.com
ibm.com
ichef.bbci.co.uk
ig.me
iichan.hk
ilook.tv
image.tmdb.org
img.youtube.com
important-stories.com
infineon.com
instagram.com
instagram.fhrk1-1.fna.fbcdn.net
instagram.fkun2-1.fna.fbcdn.net
instagram.frix7-1.fna.fbcdn.net
instagram.fvno2-1.fna.fbcdn.net
intel.com
interfax.com.ua
intuit.com
iptv.online
is.fi
istories.media
itsmycity.ru
jskor.ill.in.ua
kasparov.ru
kavkaz-uzel.eu
kemono.party
kino.pub
kinobase.org
kinogo.la
kinokopilka.pro
kinovod.net
kinozal.me
kinozal.tv
knews.kg
kolsar.org
kor.ill.in.ua
korrespondent.net
kovcheg.live
krymr.com
kupujemprodajem.com
lambdalabs.com
lamcdn.net
lenovo.com
lib.rus.ec
libgen.rs
lidarr.audio
linkedin.com
linuxiac.com
livetv.sx
localbitcoins.com
locals.md
lostfilm.run
lostfilm.tv
lostfilm.win
m.strava.com
macpaw.com
macvendors.com
mail-api.proton.me
mail.protonmail.com
malwarebytes.com
marketplace.atlassian.com
master.qt.io
mattermost.com
mbk-news.appspot.com
mdza.io
media.licdn.com
mediazona.ca
mediazona.online
medicalnewstoday.com
medium.com
meduza.io
megapeer.ru
memohrc.org
merezha.co
metacritic.com
meteo.paraplan.net
metla.press
mignews.com
monoprice.com
monster.ie
mouser.com
mqtt-mini.facebook.com
mrakopedia.net
mt.lv
mullvad.net
mult.ru
my.atlassian.com
nasvsehtoshnit.ru
navalny.com
nba.com
neformat.com.ua
netflix.com
netlify.com
news.google.com
newsroom.porsche.com
newstudio.tv
newtimes.ru
nih.gov
nitropdf.com
nnmclub.to
nordvpn.com
novaya.no
novayagazeta.eu
novayagazeta.ru
nyaa.si
nyaa.tracker.wf
oaistatic.com
oaiusercontent.com
oasis.app
oi.legal
omv-extras.org
onlinesim.ru
open.selezen.org
open.spotify.com
openai.com
openmedia.io
opensea.io
opposition-news.com
os.mbed.com
ovd.legal
ovd.news
ovdinfo.org
packages.gitlab.com
pandasecurity.com
paperpaper.io
paperpaper.ru
path3.xtracloud.net
patreon.com
patriot.dp.ua
pay.buckaroo.nl
paypal.com
pb.wtf
pbs.twimg.com
php.su
piccy.info
picks.nba.com
pixiv.net
platform.linkedin.com
platform.openai.com
platform.twitter.com
play.google.com
politiken.dk
pornolab.net
portal.bgpmon.net
portal.lviv.ua
posle.media
postimees.ee
privatekeys.pw
prnt.sc
proekt.media
prosleduetmedia.com
protonmail.com
provereno.media
psiphon.ca
quietpc.com
quora.com
r4.err.ee
radarr.servarr.com
radiosakharov.org
radiosvoboda.org
raw-data.gitlab.io
reactflow.dev
realist.online
redis.com
redshieldvpn.com
refactoring.guru
refinitiv.com
registry.terraform.io
releases.hashicorp.com
repo.mongodb.org
republic.ru
resp.app
rezonans.media
rf.dobrochan.net
roar-review.com
root-nation.com
rpm.grafana.com
ru.bellingcat.com
ru.depositphotos.com
ru.iherb.com
ru.krymr.com
rus-media.org
rus.azathabar.com
rus.azattyq.org
rus.delfi.ee
rus.delfi.lt
rus.delfi.lv
rus.jauns.lv
rus.ozodi.org
rustorka.com
rutor.info
rutor.is
rutor.org
rutracker.net
rutracker.org
rutracker.ru
s3-1.amazonaws.com
sakhalin.info
sakharovfoundation.org
saverudata.info
saverudata.net
saverudata.online
scontent-ams2-1.cdninstagram.com
scontent-ams4-1.cdninstagram.com
scontent-ams4-1.xx.fbcdn.net
scontent.cdninstagram.com
scontent.xx.fbcdn.net
seasonvar.ru
sebeanus.online
secure-web.cisco.com
seedoff.zannn.top
selezen.org
semnasem.org
sentry.servarr.com
serpstat.com
shinyhardware.co.uk
showip.net
skat.media
skladchik.com
skyscanner.com
slideshare.net
smartbear.com
snort.org
soapui.org
sobesednik.com
sobesednik.ru
solarwinds.com
soundcloud.com
spacelift.io
spektr.press
spotify.com
sputnikipogrom.com
st.kinovod.net
star-mini.c10r.facebook.com
static-ss.xvideos-cdn.com
static.cdninstagram.com
static.files.bbci.co.uk
static.istories.media
static.licdn.com
strana.news
strana.today
strava.com
stulchik.net
support.cambiumnetworks.com
support.huawei.com
support.ruckuswireless.com
suspilne.media
svidomi.in.ua
svoboda.org
svoi.kr.ua
svtv.org
swagger.io
sydney.bing.com
sysdig.com
t.co
tayga.info
te-st.org
telegraf.by
telegraf.news
telemetr.io
terraform.io
thebarentsobserver.com
thebell.io
theins.press
theins.ru
themoviedb.org
thepiratebay.org
thetruestory.news
threads.net
tidal.com
timberland.com
tjournal.ru
tmdb.org
tokenized.play.google.com
tools.cisco.com
torproject.org
torrent.by
tr.anidub.com
translate.servarr.com
tsmc.com
tutanota.com
tvfreedom.io
tvrain.ru
tvrain.tv
twitter.com
ua.korrespondent.net
ufile.io
ui.ill.in.ua
underver.se
unian.net
uniongang.tv
usa.one
velocidrone.com
verstka.media
vesma.one
vesma.today
vhd.zetflix.online
video.twimg.com
vipdrive.net
vot-tak.tv
vpnlove.me
vrv.co
vyos.io
walmart.com
watch.nba.com
watchguard.com
weather.com
web.facebook.com
weblance.com.ua
welt.de
wheather.com
wide-youtube.l.google.com
windguru.cz
wixmp.com
wunderground.com
www.agents.media
www.analog.com
www.azathabar.com
www.azattyq.org
www.bbc.com
www.bestbuy.com
www.cisco.com
www.citrix.com
www.colta.ru
www.currenttime.tv
www.cyxymu.info
www.delfi.lt
www.dell.com
www.deviantart.com
www.dovod.online
www.dw.com
www.ekhokavkaza.com
www.everand.com
www.facebook.com
www.flir.com
www.flir.eu
www.grammarly.com
www.hashicorp.com
www.hrw.org
www.hs.fi
www.idelreal.org
www.instagram.com
www.intel.com
www.kasparov.ru
www.kavkaz-uzel.eu
www.kavkazr.com
www.lenovo.com
www.linkedin.com
www.lostfilm.tv
www.lostfilmtv5.site
www.metacritic.com
www.microchip.com
www.middlewareinventory.com
www.moscowtimes.ru
www.neformat.com.ua
www.newsru.co.il
www.newsru.com
www.okx.com
www.olx.ua
www.ozodi.org
www.pap.pl
www.postfix.org
www.pravda.com.ua
www.qualcomm.com
www.rbc.ua
www.severreal.org
www.sibreal.org
www.slavicsac.com
www.smashwords.com
www.stalker2.com
www.svoboda.org
www.terraform.io
www.the-village.ru
www.themoviedb.org
www.threads.net
www.ti.com
www.torproject.org
www.unian.ua
www.vesty.co.il
www.voanews.com
www.vpngate.net
www.welt.de
www.wikiart.org
www.wonderzine.com
www.wunderground.com
www.yle.fi
www.zerkalo.io
xhamster.com
xhamsterlive.com
xiaomi.eu
xnxx.com
xtracloud.net
xvideos.com
yt3.ggpht.com
ytimg.l.google.com
z-p42-chat-e2ee-ig.facebook.com
z-p42-instagram.c10r.instagram.com
zahav.ru
zetflix.online
znanija.com
zohomail.com
zona.media
