nftset=/.ua/4#inet#fw4#vpn_domains
nftset=/10minutemail.com/4#inet#fw4#vpn_domains
nftset=/1337x.to/4#inet#fw4#vpn_domains
nftset=/24.kg/4#inet#fw4#vpn_domains
nftset=/4freerussia.org/4#inet#fw4#vpn_domains
nftset=/4pda.ru/4#inet#fw4#vpn_domains
nftset=/4pda.to/4#inet#fw4#vpn_domains
nftset=/4pna.com/4#inet#fw4#vpn_domains
nftset=/7dniv.rv.ua/4#inet#fw4#vpn_domains
nftset=/9tv.co.il/4#inet#fw4#vpn_domains
nftset=/a-msedge.net/4#inet#fw4#vpn_domains
nftset=/abercrombie.com/4#inet#fw4#vpn_domains
nftset=/abook-club.ru/4#inet#fw4#vpn_domains
nftset=/activatica.org/4#inet#fw4#vpn_domains
nftset=/adguard-dns.com/4#inet#fw4#vpn_domains
nftset=/adguard.com/4#inet#fw4#vpn_domains
nftset=/adidas.com/4#inet#fw4#vpn_domains
nftset=/adminforge.de/4#inet#fw4#vpn_domains
nftset=/adobe.com/4#inet#fw4#vpn_domains
nftset=/adobe.io/4#inet#fw4#vpn_domains
nftset=/ads-twitter.com/4#inet#fw4#vpn_domains
nftset=/agents.media/4#inet#fw4#vpn_domains
nftset=/agentura.ru/4#inet#fw4#vpn_domains
nftset=/ahrefs.com/4#inet#fw4#vpn_domains
nftset=/alberta.ca/4#inet#fw4#vpn_domains
nftset=/allegro.pl/4#inet#fw4#vpn_domains
nftset=/alphacoders.com/4#inet#fw4#vpn_domains
nftset=/amazfitwatchfaces.com/4#inet#fw4#vpn_domains
nftset=/amazonaws.com/4#inet#fw4#vpn_domains
nftset=/amd.com/4#inet#fw4#vpn_domains
nftset=/amdm.ru/4#inet#fw4#vpn_domains
nftset=/amnezia.org/4#inet#fw4#vpn_domains
nftset=/amx.com/4#inet#fw4#vpn_domains
nftset=/analog.com/4#inet#fw4#vpn_domains
nftset=/anidub.com/4#inet#fw4#vpn_domains
nftset=/anilibria.tv/4#inet#fw4#vpn_domains
nftset=/annas-archive.org/4#inet#fw4#vpn_domains
nftset=/anthropic.com/4#inet#fw4#vpn_domains
nftset=/aplawrence.com/4#inet#fw4#vpn_domains
nftset=/appspot.com/4#inet#fw4#vpn_domains
nftset=/appstorrent.ru/4#inet#fw4#vpn_domains
nftset=/aqicn.org/4#inet#fw4#vpn_domains
nftset=/arbat.media/4#inet#fw4#vpn_domains
nftset=/archive.ph/4#inet#fw4#vpn_domains
nftset=/archiveofourown.org/4#inet#fw4#vpn_domains
nftset=/atlassian.com/4#inet#fw4#vpn_domains
nftset=/atn.ua/4#inet#fw4#vpn_domains
nftset=/att.com/4#inet#fw4#vpn_domains
nftset=/autodesk.com/4#inet#fw4#vpn_domains
nftset=/avira.com/4#inet#fw4#vpn_domains
nftset=/azathabar.com/4#inet#fw4#vpn_domains
nftset=/azattyq.org/4#inet#fw4#vpn_domains
nftset=/b-cdn.net/4#inet#fw4#vpn_domains
nftset=/babook.org/4#inet#fw4#vpn_domains
nftset=/baginya.org/4#inet#fw4#vpn_domains
nftset=/baikal-journal.ru/4#inet#fw4#vpn_domains
nftset=/bard.google.com/4#inet#fw4#vpn_domains
nftset=/bato.to/4#inet#fw4#vpn_domains
nftset=/bbc.co.uk/4#inet#fw4#vpn_domains
nftset=/bbc.com/4#inet#fw4#vpn_domains
nftset=/bbci.co.uk/4#inet#fw4#vpn_domains
nftset=/bell-sw.com/4#inet#fw4#vpn_domains
nftset=/bellingcat.com/4#inet#fw4#vpn_domains
nftset=/bestbuy.com/4#inet#fw4#vpn_domains
nftset=/bgpmon.net/4#inet#fw4#vpn_domains
nftset=/bihus.info/4#inet#fw4#vpn_domains
nftset=/bing.com/4#inet#fw4#vpn_domains
nftset=/bitbucket.org/4#inet#fw4#vpn_domains
nftset=/bitcoin.org/4#inet#fw4#vpn_domains
nftset=/bitdefender.com/4#inet#fw4#vpn_domains
nftset=/bitru.org/4#inet#fw4#vpn_domains
nftset=/blackseanews.net/4#inet#fw4#vpn_domains
nftset=/blinkshot.io/4#inet#fw4#vpn_domains
nftset=/bluehost.com/4#inet#fw4#vpn_domains
nftset=/booktracker.org/4#inet#fw4#vpn_domains
nftset=/boosteroid.com/4#inet#fw4#vpn_domains
nftset=/bosch-home.com/4#inet#fw4#vpn_domains
nftset=/bradyid.com/4#inet#fw4#vpn_domains
nftset=/brave.com/4#inet#fw4#vpn_domains
nftset=/brawlstarsgame.com/4#inet#fw4#vpn_domains
nftset=/btdig.com/4#inet#fw4#vpn_domains
nftset=/buanzo.org/4#inet#fw4#vpn_domains
nftset=/buckaroo.nl/4#inet#fw4#vpn_domains
nftset=/buf.build/4#inet#fw4#vpn_domains
nftset=/builds.parsec.app/4#inet#fw4#vpn_domains
nftset=/bumble.com/4#inet#fw4#vpn_domains
nftset=/buymeacoffee.com/4#inet#fw4#vpn_domains
nftset=/byteoversea.com/4#inet#fw4#vpn_domains
nftset=/cambiumnetworks.com/4#inet#fw4#vpn_domains
nftset=/canva.com/4#inet#fw4#vpn_domains
nftset=/capcut.com/4#inet#fw4#vpn_domains
nftset=/carnegieendowment.org/4#inet#fw4#vpn_domains
nftset=/cats.com/4#inet#fw4#vpn_domains
nftset=/cbilling.eu/4#inet#fw4#vpn_domains
nftset=/cbilling.vip/4#inet#fw4#vpn_domains
nftset=/cdninstagram.com/4#inet#fw4#vpn_domains
nftset=/cdw.com/4#inet#fw4#vpn_domains
nftset=/censortracker.org/4#inet#fw4#vpn_domains
nftset=/certifytheweb.com/4#inet#fw4#vpn_domains
nftset=/chatgpt.com/4#inet#fw4#vpn_domains
nftset=/cherta.media/4#inet#fw4#vpn_domains
nftset=/chess.com/4#inet#fw4#vpn_domains
nftset=/cisco.com/4#inet#fw4#vpn_domains
nftset=/citrix.com/4#inet#fw4#vpn_domains
nftset=/clamav.net/4#inet#fw4#vpn_domains
nftset=/clashofclans.com/4#inet#fw4#vpn_domains
nftset=/clashroyaleapp.com/4#inet#fw4#vpn_domains
nftset=/claude.ai/4#inet#fw4#vpn_domains
nftset=/cloudex.cc/4#inet#fw4#vpn_domains
nftset=/cms-twdigitalassets.com/4#inet#fw4#vpn_domains
nftset=/cnd2exp.online/4#inet#fw4#vpn_domains
nftset=/cock.li/4#inet#fw4#vpn_domains
nftset=/codeium.com/4#inet#fw4#vpn_domains
nftset=/coinpayments.net/4#inet#fw4#vpn_domains
nftset=/coinsbee.com/4#inet#fw4#vpn_domains
nftset=/coldfilm.xyz/4#inet#fw4#vpn_domains
nftset=/colta.ru/4#inet#fw4#vpn_domains
nftset=/copilot.microsoft.com/4#inet#fw4#vpn_domains
nftset=/coursera.org/4#inet#fw4#vpn_domains
nftset=/cpu-monkey.com/4#inet#fw4#vpn_domains
nftset=/credly.com/4#inet#fw4#vpn_domains
nftset=/crunchyroll.com/4#inet#fw4#vpn_domains
nftset=/currenttime.tv/4#inet#fw4#vpn_domains
nftset=/cursorinfo.co.il/4#inet#fw4#vpn_domains
nftset=/cyberghostvpn.com/4#inet#fw4#vpn_domains
nftset=/cyxymu.info/4#inet#fw4#vpn_domains
nftset=/czx.to/4#inet#fw4#vpn_domains
nftset=/daemon-tools.cc/4#inet#fw4#vpn_domains
nftset=/decrypt.day/4#inet#fw4#vpn_domains
nftset=/deepstatemap.live/4#inet#fw4#vpn_domains
nftset=/deezer.com/4#inet#fw4#vpn_domains
nftset=/delfi.ee/4#inet#fw4#vpn_domains
nftset=/delfi.lt/4#inet#fw4#vpn_domains
nftset=/delfi.lv/4#inet#fw4#vpn_domains
nftset=/dell.com/4#inet#fw4#vpn_domains
nftset=/dellcdn.com/4#inet#fw4#vpn_domains
nftset=/depositphotos.com/4#inet#fw4#vpn_domains
nftset=/deviantart.com/4#inet#fw4#vpn_domains
nftset=/devops.com/4#inet#fw4#vpn_domains
nftset=/digikey.com/4#inet#fw4#vpn_domains
nftset=/digitalcontent.sky/4#inet#fw4#vpn_domains
nftset=/digitalocean.com/4#inet#fw4#vpn_domains
nftset=/dis.gd/4#inet#fw4#vpn_domains
nftset=/discord-activities.com/4#inet#fw4#vpn_domains
nftset=/discord-attachments-uploads-prd.storage.googleapis.com/4#inet#fw4#vpn_domains
nftset=/discord.co/4#inet#fw4#vpn_domains
nftset=/discord.com/4#inet#fw4#vpn_domains
nftset=/discord.design/4#inet#fw4#vpn_domains
nftset=/discord.dev/4#inet#fw4#vpn_domains
nftset=/discord.gg/4#inet#fw4#vpn_domains
nftset=/discord.gift/4#inet#fw4#vpn_domains
nftset=/discord.gifts/4#inet#fw4#vpn_domains
nftset=/discord.media/4#inet#fw4#vpn_domains
nftset=/discord.new/4#inet#fw4#vpn_domains
nftset=/discord.store/4#inet#fw4#vpn_domains
nftset=/discord.tools/4#inet#fw4#vpn_domains
nftset=/discordactivities.com/4#inet#fw4#vpn_domains
nftset=/discordapp.com/4#inet#fw4#vpn_domains
nftset=/discordapp.io/4#inet#fw4#vpn_domains
nftset=/discordapp.net/4#inet#fw4#vpn_domains
nftset=/discordapp.org/4#inet#fw4#vpn_domains
nftset=/discordmerch.com/4#inet#fw4#vpn_domains
nftset=/discordpartygames.com/4#inet#fw4#vpn_domains
nftset=/discordsays.com/4#inet#fw4#vpn_domains
nftset=/discordstatus.com/4#inet#fw4#vpn_domains
nftset=/discours.io/4#inet#fw4#vpn_domains
nftset=/disctech.com/4#inet#fw4#vpn_domains
nftset=/dobrochan.net/4#inet#fw4#vpn_domains
nftset=/donmai.us/4#inet#fw4#vpn_domains
nftset=/dorama.live/4#inet#fw4#vpn_domains
nftset=/doramalive.ru/4#inet#fw4#vpn_domains
nftset=/doramy.club/4#inet#fw4#vpn_domains
nftset=/dovod.online/4#inet#fw4#vpn_domains
nftset=/doxa.team/4#inet#fw4#vpn_domains
nftset=/doxajournal.ru/4#inet#fw4#vpn_domains
nftset=/dpidetector.org/4#inet#fw4#vpn_domains
nftset=/dreamhost.com/4#inet#fw4#vpn_domains
nftset=/dw.com/4#inet#fw4#vpn_domains
nftset=/e621.net/4#inet#fw4#vpn_domains
nftset=/echofm.online/4#inet#fw4#vpn_domains
nftset=/edu-cisco.org/4#inet#fw4#vpn_domains
nftset=/eggertspiele.de/4#inet#fw4#vpn_domains
nftset=/ehorussia.com/4#inet#fw4#vpn_domains
nftset=/ej.ru/4#inet#fw4#vpn_domains
nftset=/ekhokavkaza.com/4#inet#fw4#vpn_domains
nftset=/elastic.co/4#inet#fw4#vpn_domains
nftset=/element14.com/4#inet#fw4#vpn_domains
nftset=/elevenlabs.io/4#inet#fw4#vpn_domains
nftset=/err.ee/4#inet#fw4#vpn_domains
nftset=/etsy.com/4#inet#fw4#vpn_domains
nftset=/euronews.com/4#inet#fw4#vpn_domains
nftset=/euroradio.fm/4#inet#fw4#vpn_domains
nftset=/eutrp.eu/4#inet#fw4#vpn_domains
nftset=/everand.com/4#inet#fw4#vpn_domains
nftset=/exler.ru/4#inet#fw4#vpn_domains
nftset=/expres.online/4#inet#fw4#vpn_domains
nftset=/f1.com/4#inet#fw4#vpn_domains
nftset=/f95zone.to/4#inet#fw4#vpn_domains
nftset=/facebook.com/4#inet#fw4#vpn_domains
nftset=/facebook.net/4#inet#fw4#vpn_domains
nftset=/fast-torrent.club/4#inet#fw4#vpn_domains
nftset=/fast.com/4#inet#fw4#vpn_domains
nftset=/fastly.net/4#inet#fw4#vpn_domains
nftset=/fb.com/4#inet#fw4#vpn_domains
nftset=/fbcdn.net/4#inet#fw4#vpn_domains
nftset=/fbsbx.com/4#inet#fw4#vpn_domains
nftset=/fex.net/4#inet#fw4#vpn_domains
nftset=/fextralife.com/4#inet#fw4#vpn_domains
nftset=/ficbook.net/4#inet#fw4#vpn_domains
nftset=/filmitorrent.net/4#inet#fw4#vpn_domains
nftset=/filmix.ac/4#inet#fw4#vpn_domains
nftset=/filmix.biz/4#inet#fw4#vpn_domains
nftset=/filmix.fm/4#inet#fw4#vpn_domains
nftset=/flibusta.is/4#inet#fw4#vpn_domains
nftset=/flibusta.net/4#inet#fw4#vpn_domains
nftset=/flipboard.com/4#inet#fw4#vpn_domains
nftset=/flir.com/4#inet#fw4#vpn_domains
nftset=/flir.eu/4#inet#fw4#vpn_domains
nftset=/fls.guru/4#inet#fw4#vpn_domains
nftset=/fluke.com/4#inet#fw4#vpn_domains
nftset=/flukenetworks.com/4#inet#fw4#vpn_domains
nftset=/fn-volga.ru/4#inet#fw4#vpn_domains
nftset=/fonge.org/4#inet#fw4#vpn_domains
nftset=/force-user-content.com/4#inet#fw4#vpn_domains
nftset=/force.com/4#inet#fw4#vpn_domains
nftset=/fork.pet/4#inet#fw4#vpn_domains
nftset=/forklog.com/4#inet#fw4#vpn_domains
nftset=/formula1.com/4#inet#fw4#vpn_domains
nftset=/fortanga.org/4#inet#fw4#vpn_domains
nftset=/freedomletters.org/4#inet#fw4#vpn_domains
nftset=/freeimages.com/4#inet#fw4#vpn_domains
nftset=/freemedia.io/4#inet#fw4#vpn_domains
nftset=/gagadget.com/4#inet#fw4#vpn_domains
nftset=/gamedistribution.com/4#inet#fw4#vpn_domains
nftset=/gamesrepack.com/4#inet#fw4#vpn_domains
nftset=/geforcenow.com/4#inet#fw4#vpn_domains
nftset=/gelbooru.com/4#inet#fw4#vpn_domains
nftset=/gemini.google.com/4#inet#fw4#vpn_domains
nftset=/geni.us/4#inet#fw4#vpn_domains
nftset=/genius.com/4#inet#fw4#vpn_domains
nftset=/germania.one/4#inet#fw4#vpn_domains
nftset=/getoutline.com/4#inet#fw4#vpn_domains
nftset=/getoutline.org/4#inet#fw4#vpn_domains
nftset=/gfn.am/4#inet#fw4#vpn_domains
nftset=/ggpht.com/4#inet#fw4#vpn_domains
nftset=/gitlab.com/4#inet#fw4#vpn_domains
nftset=/gitlab.io/4#inet#fw4#vpn_domains
nftset=/glpals.com/4#inet#fw4#vpn_domains
nftset=/gnome-look.org/4#inet#fw4#vpn_domains
nftset=/godaddy.com/4#inet#fw4#vpn_domains
nftset=/gofile.io/4#inet#fw4#vpn_domains
nftset=/gofundme.com/4#inet#fw4#vpn_domains
nftset=/golosameriki.com/4#inet#fw4#vpn_domains
nftset=/gonitro.com/4#inet#fw4#vpn_domains
nftset=/goodreads.com/4#inet#fw4#vpn_domains
nftset=/googletagmanager.com/4#inet#fw4#vpn_domains
nftset=/googlevideo.com/4#inet#fw4#vpn_domains
nftset=/gordonua.com/4#inet#fw4#vpn_domains
nftset=/gpsonextra.net/4#inet#fw4#vpn_domains
nftset=/gr-assets.com/4#inet#fw4#vpn_domains
nftset=/grafana.com/4#inet#fw4#vpn_domains
nftset=/grammarly.com/4#inet#fw4#vpn_domains
nftset=/grani.ru/4#inet#fw4#vpn_domains
nftset=/graty.me/4#inet#fw4#vpn_domains
nftset=/graylog.org/4#inet#fw4#vpn_domains
nftset=/grazie.ai/4#inet#fw4#vpn_domains
nftset=/groq.com/4#inet#fw4#vpn_domains
nftset=/gulagu.net/4#inet#fw4#vpn_domains
nftset=/habr.com/4#inet#fw4#vpn_domains
nftset=/hackernoon.com/4#inet#fw4#vpn_domains
nftset=/hashicorp.com/4#inet#fw4#vpn_domains
nftset=/hdrezka.ac/4#inet#fw4#vpn_domains
nftset=/hdrezka.ag/4#inet#fw4#vpn_domains
nftset=/healthline.com/4#inet#fw4#vpn_domains
nftset=/hentai-foundry.com/4#inet#fw4#vpn_domains
nftset=/hetzner.com/4#inet#fw4#vpn_domains
nftset=/hollisterco.com/4#inet#fw4#vpn_domains
nftset=/holod.media/4#inet#fw4#vpn_domains
nftset=/home-connect.com/4#inet#fw4#vpn_domains
nftset=/hostgator.com/4#inet#fw4#vpn_domains
nftset=/hostinger.com/4#inet#fw4#vpn_domains
nftset=/hotels.com/4#inet#fw4#vpn_domains
nftset=/hqporner.com/4#inet#fw4#vpn_domains
nftset=/hromadske.ua/4#inet#fw4#vpn_domains
nftset=/hrw.org/4#inet#fw4#vpn_domains
nftset=/hs.fi/4#inet#fw4#vpn_domains
nftset=/huawei.com/4#inet#fw4#vpn_domains
nftset=/hyperhost.ua/4#inet#fw4#vpn_domains
nftset=/ibm.com/4#inet#fw4#vpn_domains
nftset=/ibytedtos.com/4#inet#fw4#vpn_domains
nftset=/idelreal.org/4#inet#fw4#vpn_domains
nftset=/ig.me/4#inet#fw4#vpn_domains
nftset=/ign.com/4#inet#fw4#vpn_domains
nftset=/iherb.com/4#inet#fw4#vpn_domains
nftset=/iichan.hk/4#inet#fw4#vpn_domains
nftset=/ill.in.ua/4#inet#fw4#vpn_domains
nftset=/ilook.tv/4#inet#fw4#vpn_domains
nftset=/important-stories.com/4#inet#fw4#vpn_domains
nftset=/indiehackers.com/4#inet#fw4#vpn_domains
nftset=/infineon.com/4#inet#fw4#vpn_domains
nftset=/instagram.com/4#inet#fw4#vpn_domains
nftset=/intel.com/4#inet#fw4#vpn_domains
nftset=/intel.de/4#inet#fw4#vpn_domains
nftset=/intellij.net/4#inet#fw4#vpn_domains
nftset=/interactivebrokers.co.uk/4#inet#fw4#vpn_domains
nftset=/interfax.com.ua/4#inet#fw4#vpn_domains
nftset=/internalfb.com/4#inet#fw4#vpn_domains
nftset=/intuit.com/4#inet#fw4#vpn_domains
nftset=/intuitibits.com/4#inet#fw4#vpn_domains
nftset=/ionos.com/4#inet#fw4#vpn_domains
nftset=/iptv.online/4#inet#fw4#vpn_domains
nftset=/is.fi/4#inet#fw4#vpn_domains
nftset=/island-of-pleasure.site/4#inet#fw4#vpn_domains
nftset=/istories.media/4#inet#fw4#vpn_domains
nftset=/itninja.com/4#inet#fw4#vpn_domains
nftset=/itsmycity.ru/4#inet#fw4#vpn_domains
nftset=/jabra.com/4#inet#fw4#vpn_domains
nftset=/jamf.com/4#inet#fw4#vpn_domains
nftset=/jauns.lv/4#inet#fw4#vpn_domains
nftset=/jetbrains.com/4#inet#fw4#vpn_domains
nftset=/kaktus.media/4#inet#fw4#vpn_domains
nftset=/kamatera.com/4#inet#fw4#vpn_domains
nftset=/kasparov.ru/4#inet#fw4#vpn_domains
nftset=/kavkaz-uzel.eu/4#inet#fw4#vpn_domains
nftset=/kavkazr.com/4#inet#fw4#vpn_domains
nftset=/kemono.party/4#inet#fw4#vpn_domains
nftset=/keysight.com/4#inet#fw4#vpn_domains
nftset=/kino.pub/4#inet#fw4#vpn_domains
nftset=/kinobase.org/4#inet#fw4#vpn_domains
nftset=/kinogo.la/4#inet#fw4#vpn_domains
nftset=/kinogo.uk/4#inet#fw4#vpn_domains
nftset=/kinokopilka.pro/4#inet#fw4#vpn_domains
nftset=/kinovod.net/4#inet#fw4#vpn_domains
nftset=/kinozal.guru/4#inet#fw4#vpn_domains
nftset=/kinozal.me/4#inet#fw4#vpn_domains
nftset=/kinozal.tv/4#inet#fw4#vpn_domains
nftset=/knews.kg/4#inet#fw4#vpn_domains
nftset=/kolsar.org/4#inet#fw4#vpn_domains
nftset=/korrespondent.net/4#inet#fw4#vpn_domains
nftset=/kovcheg.live/4#inet#fw4#vpn_domains
nftset=/kpapp.link/4#inet#fw4#vpn_domains
nftset=/krymr.com/4#inet#fw4#vpn_domains
nftset=/kupujemprodajem.com/4#inet#fw4#vpn_domains
nftset=/lambdalabs.com/4#inet#fw4#vpn_domains
nftset=/lamcdn.net/4#inet#fw4#vpn_domains
nftset=/ldoceonline.com/4#inet#fw4#vpn_domains
nftset=/leafletjs.com/4#inet#fw4#vpn_domains
nftset=/leica-geosystems.com/4#inet#fw4#vpn_domains
nftset=/lenovo.com/4#inet#fw4#vpn_domains
nftset=/libgen.rs/4#inet#fw4#vpn_domains
nftset=/licdn.com/4#inet#fw4#vpn_domains
nftset=/lidarr.audio/4#inet#fw4#vpn_domains
nftset=/lifehacker.com/4#inet#fw4#vpn_domains
nftset=/linkedin.com/4#inet#fw4#vpn_domains
nftset=/linktr.ee/4#inet#fw4#vpn_domains
nftset=/linuxiac.com/4#inet#fw4#vpn_domains
nftset=/live.net/4#inet#fw4#vpn_domains
nftset=/livetv.sx/4#inet#fw4#vpn_domains
nftset=/liveuamap.com/4#inet#fw4#vpn_domains
nftset=/localbitcoins.com/4#inet#fw4#vpn_domains
nftset=/locals.md/4#inet#fw4#vpn_domains
nftset=/lolz.guru/4#inet#fw4#vpn_domains
nftset=/lookerstudio.google.com/4#inet#fw4#vpn_domains
nftset=/lostfilm.run/4#inet#fw4#vpn_domains
nftset=/lostfilm.top/4#inet#fw4#vpn_domains
nftset=/lostfilm.tv/4#inet#fw4#vpn_domains
nftset=/lostfilm.win/4#inet#fw4#vpn_domains
nftset=/lostfilmtv2.site/4#inet#fw4#vpn_domains
nftset=/lostfilmtv5.site/4#inet#fw4#vpn_domains
nftset=/m3u.in/4#inet#fw4#vpn_domains
nftset=/macpaw.com/4#inet#fw4#vpn_domains
nftset=/macvendors.com/4#inet#fw4#vpn_domains
nftset=/mailfence.com/4#inet#fw4#vpn_domains
nftset=/mailo.com/4#inet#fw4#vpn_domains
nftset=/malwarebytes.com/4#inet#fw4#vpn_domains
nftset=/mangadex.org/4#inet#fw4#vpn_domains
nftset=/mangahub.ru/4#inet#fw4#vpn_domains
nftset=/mangapark.net/4#inet#fw4#vpn_domains
nftset=/mattermost.com/4#inet#fw4#vpn_domains
nftset=/mbed.com/4#inet#fw4#vpn_domains
nftset=/mdza.io/4#inet#fw4#vpn_domains
nftset=/mediazona.ca/4#inet#fw4#vpn_domains
nftset=/mediazona.online/4#inet#fw4#vpn_domains
nftset=/medicalnewstoday.com/4#inet#fw4#vpn_domains
nftset=/medium.com/4#inet#fw4#vpn_domains
nftset=/meduza.io/4#inet#fw4#vpn_domains
nftset=/megapeer.ru/4#inet#fw4#vpn_domains
nftset=/memohrc.org/4#inet#fw4#vpn_domains
nftset=/meraki.com/4#inet#fw4#vpn_domains
nftset=/merezha.co/4#inet#fw4#vpn_domains
nftset=/metacritic.com/4#inet#fw4#vpn_domains
nftset=/metla.press/4#inet#fw4#vpn_domains
nftset=/microchip.com/4#inet#fw4#vpn_domains
nftset=/middlewareinventory.com/4#inet#fw4#vpn_domains
nftset=/mignews.com/4#inet#fw4#vpn_domains
nftset=/mongodb.com/4#inet#fw4#vpn_domains
nftset=/mongodb.org/4#inet#fw4#vpn_domains
nftset=/monoprice.com/4#inet#fw4#vpn_domains
nftset=/monster.ie/4#inet#fw4#vpn_domains
nftset=/moscowtimes.ru/4#inet#fw4#vpn_domains
nftset=/mouser.com/4#inet#fw4#vpn_domains
nftset=/mouser.fi/4#inet#fw4#vpn_domains
nftset=/mrakopedia.net/4#inet#fw4#vpn_domains
nftset=/mullvad.net/4#inet#fw4#vpn_domains
nftset=/multporn.net/4#inet#fw4#vpn_domains
nftset=/muscdn.com/4#inet#fw4#vpn_domains
nftset=/musical.ly/4#inet#fw4#vpn_domains
nftset=/mydoramy.club/4#inet#fw4#vpn_domains
nftset=/nasvsehtoshnit.ru/4#inet#fw4#vpn_domains
nftset=/navalny.com/4#inet#fw4#vpn_domains
nftset=/nba.com/4#inet#fw4#vpn_domains
nftset=/neformat.com.ua/4#inet#fw4#vpn_domains
nftset=/netflix.com/4#inet#fw4#vpn_domains
nftset=/netlify.com/4#inet#fw4#vpn_domains
nftset=/networksolutions.com/4#inet#fw4#vpn_domains
nftset=/newark.com/4#inet#fw4#vpn_domains
nftset=/news.google.com/4#inet#fw4#vpn_domains
nftset=/newsru.co.il/4#inet#fw4#vpn_domains
nftset=/newsru.com/4#inet#fw4#vpn_domains
nftset=/newstudio.tv/4#inet#fw4#vpn_domains
nftset=/newtimes.ru/4#inet#fw4#vpn_domains
nftset=/nflxext.com/4#inet#fw4#vpn_domains
nftset=/nflximg.net/4#inet#fw4#vpn_domains
nftset=/nflxvideo.net/4#inet#fw4#vpn_domains
nftset=/ngrok.com/4#inet#fw4#vpn_domains
nftset=/nih.gov/4#inet#fw4#vpn_domains
nftset=/nike.com/4#inet#fw4#vpn_domains
nftset=/nitropdf.com/4#inet#fw4#vpn_domains
nftset=/nnmclub.to/4#inet#fw4#vpn_domains
nftset=/nordvpn.com/4#inet#fw4#vpn_domains
nftset=/notion-static.com/4#inet#fw4#vpn_domains
nftset=/notion.com/4#inet#fw4#vpn_domains
nftset=/notion.new/4#inet#fw4#vpn_domains
nftset=/notion.site/4#inet#fw4#vpn_domains
nftset=/notion.so/4#inet#fw4#vpn_domains
nftset=/novaya.no/4#inet#fw4#vpn_domains
nftset=/novayagazeta.eu/4#inet#fw4#vpn_domains
nftset=/novayagazeta.ru/4#inet#fw4#vpn_domains
nftset=/ntc.party/4#inet#fw4#vpn_domains
nftset=/nxp.com/4#inet#fw4#vpn_domains
nftset=/nyaa.si/4#inet#fw4#vpn_domains
nftset=/oaistatic.com/4#inet#fw4#vpn_domains
nftset=/oaiusercontent.com/4#inet#fw4#vpn_domains
nftset=/oasis.app/4#inet#fw4#vpn_domains
nftset=/ocstore.com/4#inet#fw4#vpn_domains
nftset=/oculus.com/4#inet#fw4#vpn_domains
nftset=/ohmyswift.ru/4#inet#fw4#vpn_domains
nftset=/oi.legal/4#inet#fw4#vpn_domains
nftset=/okx.com/4#inet#fw4#vpn_domains
nftset=/olx.ua/4#inet#fw4#vpn_domains
nftset=/omv-extras.org/4#inet#fw4#vpn_domains
nftset=/on24.com/4#inet#fw4#vpn_domains
nftset=/onetrust.com/4#inet#fw4#vpn_domains
nftset=/onlineradiobox.com/4#inet#fw4#vpn_domains
nftset=/onlinesim.ru/4#inet#fw4#vpn_domains
nftset=/onshape.com/4#inet#fw4#vpn_domains
nftset=/openai.com/4#inet#fw4#vpn_domains
nftset=/openmedia.io/4#inet#fw4#vpn_domains
nftset=/opensea.io/4#inet#fw4#vpn_domains
nftset=/opentrackr.org/4#inet#fw4#vpn_domains
nftset=/opposition-news.com/4#inet#fw4#vpn_domains
nftset=/ovd.info/4#inet#fw4#vpn_domains
nftset=/ovd.legal/4#inet#fw4#vpn_domains
nftset=/ovd.news/4#inet#fw4#vpn_domains
nftset=/ovdinfo.org/4#inet#fw4#vpn_domains
nftset=/ozi-ru.org/4#inet#fw4#vpn_domains
nftset=/ozodi.org/4#inet#fw4#vpn_domains
nftset=/pages.dev/4#inet#fw4#vpn_domains
nftset=/pandasecurity.com/4#inet#fw4#vpn_domains
nftset=/pap.pl/4#inet#fw4#vpn_domains
nftset=/paperpaper.io/4#inet#fw4#vpn_domains
nftset=/paperpaper.ru/4#inet#fw4#vpn_domains
nftset=/paraplan.net/4#inet#fw4#vpn_domains
nftset=/paraswap.io/4#inet#fw4#vpn_domains
nftset=/patreon.com/4#inet#fw4#vpn_domains
nftset=/patriot.dp.ua/4#inet#fw4#vpn_domains
nftset=/paypal.com/4#inet#fw4#vpn_domains
nftset=/pb.wtf/4#inet#fw4#vpn_domains
nftset=/pcbway.com/4#inet#fw4#vpn_domains
nftset=/pcbway.ru/4#inet#fw4#vpn_domains
nftset=/pcgamesn.com/4#inet#fw4#vpn_domains
nftset=/periscope.tv/4#inet#fw4#vpn_domains
nftset=/pexels.com/4#inet#fw4#vpn_domains
nftset=/phncdn.com/4#inet#fw4#vpn_domains
nftset=/php.su/4#inet#fw4#vpn_domains
nftset=/piccy.info/4#inet#fw4#vpn_domains
nftset=/pingdom.com/4#inet#fw4#vpn_domains
nftset=/pixiv.net/4#inet#fw4#vpn_domains
nftset=/plab.site/4#inet#fw4#vpn_domains
nftset=/play.google.com/4#inet#fw4#vpn_domains
nftset=/playboy.com/4#inet#fw4#vpn_domains
nftset=/plugshare.com/4#inet#fw4#vpn_domains
nftset=/polit.ru/4#inet#fw4#vpn_domains
nftset=/politiken.dk/4#inet#fw4#vpn_domains
nftset=/pornhub.com/4#inet#fw4#vpn_domains
nftset=/pornolab.net/4#inet#fw4#vpn_domains
nftset=/porsche.com/4#inet#fw4#vpn_domains
nftset=/portal.lviv.ua/4#inet#fw4#vpn_domains
nftset=/posle.media/4#inet#fw4#vpn_domains
nftset=/postfix.org/4#inet#fw4#vpn_domains
nftset=/postimees.ee/4#inet#fw4#vpn_domains
nftset=/pravda.com.ua/4#inet#fw4#vpn_domains
nftset=/premierleague.com/4#inet#fw4#vpn_domains
nftset=/privatekeys.pw/4#inet#fw4#vpn_domains
nftset=/prnt.sc/4#inet#fw4#vpn_domains
nftset=/proekt.media/4#inet#fw4#vpn_domains
nftset=/prosleduetmedia.com/4#inet#fw4#vpn_domains
nftset=/prostovpn.org/4#inet#fw4#vpn_domains
nftset=/proton.me/4#inet#fw4#vpn_domains
nftset=/protonmail.ch/4#inet#fw4#vpn_domains
nftset=/protonmail.com/4#inet#fw4#vpn_domains
nftset=/protonvpn.com/4#inet#fw4#vpn_domains
nftset=/provereno.media/4#inet#fw4#vpn_domains
nftset=/prowlarr.com/4#inet#fw4#vpn_domains
nftset=/pscp.tv/4#inet#fw4#vpn_domains
nftset=/psiphon.ca/4#inet#fw4#vpn_domains
nftset=/public.parsec.app/4#inet#fw4#vpn_domains
nftset=/pulselive.com/4#inet#fw4#vpn_domains
nftset=/qt.io/4#inet#fw4#vpn_domains
nftset=/qualcomm.com/4#inet#fw4#vpn_domains
nftset=/quickconnect.to/4#inet#fw4#vpn_domains
nftset=/quietpc.com/4#inet#fw4#vpn_domains
nftset=/quora.com/4#inet#fw4#vpn_domains
nftset=/radarr.video/4#inet#fw4#vpn_domains
nftset=/radiosakharov.org/4#inet#fw4#vpn_domains
nftset=/radiosvoboda.org/4#inet#fw4#vpn_domains
nftset=/rbc.ua/4#inet#fw4#vpn_domains
nftset=/reactflow.dev/4#inet#fw4#vpn_domains
nftset=/realist.online/4#inet#fw4#vpn_domains
nftset=/recraft.ai/4#inet#fw4#vpn_domains
nftset=/reddxxx.com/4#inet#fw4#vpn_domains
nftset=/redgifs.com/4#inet#fw4#vpn_domains
nftset=/redis.com/4#inet#fw4#vpn_domains
nftset=/redis.io/4#inet#fw4#vpn_domains
nftset=/redshieldvpn.com/4#inet#fw4#vpn_domains
nftset=/redtube.com/4#inet#fw4#vpn_domains
nftset=/refactoring.guru/4#inet#fw4#vpn_domains
nftset=/refinitiv.com/4#inet#fw4#vpn_domains
nftset=/remove.bg/4#inet#fw4#vpn_domains
nftset=/republic.ru/4#inet#fw4#vpn_domains
nftset=/resp.app/4#inet#fw4#vpn_domains
nftset=/rezka.ag/4#inet#fw4#vpn_domains
nftset=/rezka.my/4#inet#fw4#vpn_domains
nftset=/rezkify.com/4#inet#fw4#vpn_domains
nftset=/rezonans.media/4#inet#fw4#vpn_domains
nftset=/rferl.org/4#inet#fw4#vpn_domains
nftset=/riotpixels.com/4#inet#fw4#vpn_domains
nftset=/riperam.org/4#inet#fw4#vpn_domains
nftset=/roar-review.com/4#inet#fw4#vpn_domains
nftset=/root-nation.com/4#inet#fw4#vpn_domains
nftset=/rsf.org/4#inet#fw4#vpn_domains
nftset=/ru-board.com/4#inet#fw4#vpn_domains
nftset=/ruckuswireless.com/4#inet#fw4#vpn_domains
nftset=/rule34.art/4#inet#fw4#vpn_domains
nftset=/rus-media.org/4#inet#fw4#vpn_domains
nftset=/rus.ec/4#inet#fw4#vpn_domains
nftset=/rustorka.com/4#inet#fw4#vpn_domains
nftset=/rutor.info/4#inet#fw4#vpn_domains
nftset=/rutor.is/4#inet#fw4#vpn_domains
nftset=/rutor.org/4#inet#fw4#vpn_domains
nftset=/rutracker.cc/4#inet#fw4#vpn_domains
nftset=/rutracker.net/4#inet#fw4#vpn_domains
nftset=/rutracker.org/4#inet#fw4#vpn_domains
nftset=/rutracker.ru/4#inet#fw4#vpn_domains
nftset=/sakh.com/4#inet#fw4#vpn_domains
nftset=/sakhalin.info/4#inet#fw4#vpn_domains
nftset=/sakharovfoundation.org/4#inet#fw4#vpn_domains
nftset=/salesforce-experience.com/4#inet#fw4#vpn_domains
nftset=/salesforce-hub.com/4#inet#fw4#vpn_domains
nftset=/salesforce-scrt.com/4#inet#fw4#vpn_domains
nftset=/salesforce-setup.com/4#inet#fw4#vpn_domains
nftset=/salesforce-sites.com/4#inet#fw4#vpn_domains
nftset=/salesforce.com/4#inet#fw4#vpn_domains
nftset=/salesforceiq.com/4#inet#fw4#vpn_domains
nftset=/salesforceliveagent.com/4#inet#fw4#vpn_domains
nftset=/sap.com/4#inet#fw4#vpn_domains
nftset=/saverudata.info/4#inet#fw4#vpn_domains
nftset=/saverudata.net/4#inet#fw4#vpn_domains
nftset=/schaeffler.com/4#inet#fw4#vpn_domains
nftset=/screamingfrog.co.uk/4#inet#fw4#vpn_domains
nftset=/sdxcentral.com/4#inet#fw4#vpn_domains
nftset=/searchfloor.org/4#inet#fw4#vpn_domains
nftset=/seasonvar.ru/4#inet#fw4#vpn_domains
nftset=/sebeanus.online/4#inet#fw4#vpn_domains
nftset=/selezen.org/4#inet#fw4#vpn_domains
nftset=/semnasem.org/4#inet#fw4#vpn_domains
nftset=/sentry.io/4#inet#fw4#vpn_domains
nftset=/serpstat.com/4#inet#fw4#vpn_domains
nftset=/servarr.com/4#inet#fw4#vpn_domains
nftset=/service-kp.com/4#inet#fw4#vpn_domains
nftset=/severreal.org/4#inet#fw4#vpn_domains
nftset=/sfdcopens.com/4#inet#fw4#vpn_domains
nftset=/shikimori.me/4#inet#fw4#vpn_domains
nftset=/shinyhardware.co.uk/4#inet#fw4#vpn_domains
nftset=/showip.net/4#inet#fw4#vpn_domains
nftset=/sibreal.org/4#inet#fw4#vpn_domains
nftset=/signal.org/4#inet#fw4#vpn_domains
nftset=/simplex.chat/4#inet#fw4#vpn_domains
nftset=/simplex.im/4#inet#fw4#vpn_domains
nftset=/simplix.info/4#inet#fw4#vpn_domains
nftset=/singlekey-id.com/4#inet#fw4#vpn_domains
nftset=/site.com/4#inet#fw4#vpn_domains
nftset=/skat.media/4#inet#fw4#vpn_domains
nftset=/skiff.com/4#inet#fw4#vpn_domains
nftset=/skladchik.com/4#inet#fw4#vpn_domains
nftset=/skladchiki.pro/4#inet#fw4#vpn_domains
nftset=/skladchina.vip/4#inet#fw4#vpn_domains
nftset=/sky.com/4#inet#fw4#vpn_domains
nftset=/skycdp.com/4#inet#fw4#vpn_domains
nftset=/skyscanner.com/4#inet#fw4#vpn_domains
nftset=/slavicsac.com/4#inet#fw4#vpn_domains
nftset=/slideshare.net/4#inet#fw4#vpn_domains
nftset=/smartbear.com/4#inet#fw4#vpn_domains
nftset=/smartdeploy.com/4#inet#fw4#vpn_domains
nftset=/smashwords.com/4#inet#fw4#vpn_domains
nftset=/smassets.net/4#inet#fw4#vpn_domains
nftset=/snort.org/4#inet#fw4#vpn_domains
nftset=/snyk.io/4#inet#fw4#vpn_domains
nftset=/soapui.org/4#inet#fw4#vpn_domains
nftset=/sobesednik.com/4#inet#fw4#vpn_domains
nftset=/sobesednik.ru/4#inet#fw4#vpn_domains
nftset=/solarwinds.com/4#inet#fw4#vpn_domains
nftset=/soundcloud.com/4#inet#fw4#vpn_domains
nftset=/spacelift.io/4#inet#fw4#vpn_domains
nftset=/spektr.press/4#inet#fw4#vpn_domains
nftset=/spotify.com/4#inet#fw4#vpn_domains
nftset=/spreadthesign.com/4#inet#fw4#vpn_domains
nftset=/sputnikipogrom.com/4#inet#fw4#vpn_domains
nftset=/squadbustersgame.com/4#inet#fw4#vpn_domains
nftset=/stalker2.com/4#inet#fw4#vpn_domains
nftset=/strana.news/4#inet#fw4#vpn_domains
nftset=/strana.today/4#inet#fw4#vpn_domains
nftset=/strava.com/4#inet#fw4#vpn_domains
nftset=/stulchik.net/4#inet#fw4#vpn_domains
nftset=/suggestqueries.google.com/4#inet#fw4#vpn_domains
nftset=/supercell.com/4#inet#fw4#vpn_domains
nftset=/surveymonkey.com/4#inet#fw4#vpn_domains
nftset=/suspilne.media/4#inet#fw4#vpn_domains
nftset=/svidomi.in.ua/4#inet#fw4#vpn_domains
nftset=/svoboda.org/4#inet#fw4#vpn_domains
nftset=/svoi.kr.ua/4#inet#fw4#vpn_domains
nftset=/svtv.org/4#inet#fw4#vpn_domains
nftset=/swagger.io/4#inet#fw4#vpn_domains
nftset=/swissinfo.ch/4#inet#fw4#vpn_domains
nftset=/sysdig.com/4#inet#fw4#vpn_domains
nftset=/t-ru.org/4#inet#fw4#vpn_domains
nftset=/t.co/4#inet#fw4#vpn_domains
nftset=/tableau.com/4#inet#fw4#vpn_domains
nftset=/tayga.info/4#inet#fw4#vpn_domains
nftset=/te-st.org/4#inet#fw4#vpn_domains
nftset=/telegraf.by/4#inet#fw4#vpn_domains
nftset=/telegraf.news/4#inet#fw4#vpn_domains
nftset=/telemetr.io/4#inet#fw4#vpn_domains
nftset=/tellapart.com/4#inet#fw4#vpn_domains
nftset=/terraform.io/4#inet#fw4#vpn_domains
nftset=/terrasoft.ua/4#inet#fw4#vpn_domains
nftset=/the-village.ru/4#inet#fw4#vpn_domains
nftset=/theaudiodb.com/4#inet#fw4#vpn_domains
nftset=/thebarentsobserver.com/4#inet#fw4#vpn_domains
nftset=/thebell.io/4#inet#fw4#vpn_domains
nftset=/theins.info/4#inet#fw4#vpn_domains
nftset=/theins.press/4#inet#fw4#vpn_domains
nftset=/theins.ru/4#inet#fw4#vpn_domains
nftset=/themoviedb.org/4#inet#fw4#vpn_domains
nftset=/thepiratebay.org/4#inet#fw4#vpn_domains
nftset=/thetruestory.news/4#inet#fw4#vpn_domains
nftset=/threads.net/4#inet#fw4#vpn_domains
nftset=/threema.ch/4#inet#fw4#vpn_domains
nftset=/ti.com/4#inet#fw4#vpn_domains
nftset=/tidal.com/4#inet#fw4#vpn_domains
nftset=/tik-tokapi.com/4#inet#fw4#vpn_domains
nftset=/tiktok.com/4#inet#fw4#vpn_domains
nftset=/tiktokcdn-eu.com/4#inet#fw4#vpn_domains
nftset=/tiktokcdn-us.com/4#inet#fw4#vpn_domains
nftset=/tiktokcdn.com/4#inet#fw4#vpn_domains
nftset=/tiktokd.net/4#inet#fw4#vpn_domains
nftset=/tiktokd.org/4#inet#fw4#vpn_domains
nftset=/tiktokv.com/4#inet#fw4#vpn_domains
nftset=/tiktokv.us/4#inet#fw4#vpn_domains
nftset=/tiktokw.us/4#inet#fw4#vpn_domains
nftset=/timberland.com/4#inet#fw4#vpn_domains
nftset=/tjournal.ru/4#inet#fw4#vpn_domains
nftset=/tmdb.org/4#inet#fw4#vpn_domains
nftset=/torproject.org/4#inet#fw4#vpn_domains
nftset=/torrent.by/4#inet#fw4#vpn_domains
nftset=/torrentgalaxy.to/4#inet#fw4#vpn_domains
nftset=/tracker.wf/4#inet#fw4#vpn_domains
nftset=/trailblazer.me/4#inet#fw4#vpn_domains
nftset=/trailhead.com/4#inet#fw4#vpn_domains
nftset=/trellix.com/4#inet#fw4#vpn_domains
nftset=/tsmc.com/4#inet#fw4#vpn_domains
nftset=/ttwstatic.com/4#inet#fw4#vpn_domains
nftset=/tutanota.com/4#inet#fw4#vpn_domains
nftset=/tvfreedom.io/4#inet#fw4#vpn_domains
nftset=/tvrain.ru/4#inet#fw4#vpn_domains
nftset=/tvrain.tv/4#inet#fw4#vpn_domains
nftset=/tweetdeck.com/4#inet#fw4#vpn_domains
nftset=/twimg.com/4#inet#fw4#vpn_domains
nftset=/twirpx.com/4#inet#fw4#vpn_domains
nftset=/twitpic.com/4#inet#fw4#vpn_domains
nftset=/twitter.biz/4#inet#fw4#vpn_domains
nftset=/twitter.com/4#inet#fw4#vpn_domains
nftset=/twitter.jp/4#inet#fw4#vpn_domains
nftset=/twittercommunity.com/4#inet#fw4#vpn_domains
nftset=/twitterflightschool.com/4#inet#fw4#vpn_domains
nftset=/twitterinc.com/4#inet#fw4#vpn_domains
nftset=/twitteroauth.com/4#inet#fw4#vpn_domains
nftset=/twitterstat.us/4#inet#fw4#vpn_domains
nftset=/twtrdns.net/4#inet#fw4#vpn_domains
nftset=/twttr.com/4#inet#fw4#vpn_domains
nftset=/twttr.net/4#inet#fw4#vpn_domains
nftset=/twvid.com/4#inet#fw4#vpn_domains
nftset=/ubnt.com/4#inet#fw4#vpn_domains
nftset=/ufile.io/4#inet#fw4#vpn_domains
nftset=/ukr.net/4#inet#fw4#vpn_domains
nftset=/underver.se/4#inet#fw4#vpn_domains
nftset=/unian.net/4#inet#fw4#vpn_domains
nftset=/unian.ua/4#inet#fw4#vpn_domains
nftset=/uniongang.tv/4#inet#fw4#vpn_domains
nftset=/upwork.com/4#inet#fw4#vpn_domains
nftset=/usa.one/4#inet#fw4#vpn_domains
nftset=/vagrantcloud.com/4#inet#fw4#vpn_domains
nftset=/vectorworks.net/4#inet#fw4#vpn_domains
nftset=/veeam.com/4#inet#fw4#vpn_domains
nftset=/velocidrone.com/4#inet#fw4#vpn_domains
nftset=/veritas.com/4#inet#fw4#vpn_domains
nftset=/verstka.media/4#inet#fw4#vpn_domains
nftset=/vesma.one/4#inet#fw4#vpn_domains
nftset=/vesma.today/4#inet#fw4#vpn_domains
nftset=/vesty.co.il/4#inet#fw4#vpn_domains
nftset=/vice.com/4#inet#fw4#vpn_domains
nftset=/vine.co/4#inet#fw4#vpn_domains
nftset=/vipdrive.net/4#inet#fw4#vpn_domains
nftset=/visualcapitalist.com/4#inet#fw4#vpn_domains
nftset=/vndb.org/4#inet#fw4#vpn_domains
nftset=/voanews.com/4#inet#fw4#vpn_domains
nftset=/voidboost.cc/4#inet#fw4#vpn_domains
nftset=/volkswagen-classic-parts.com/4#inet#fw4#vpn_domains
nftset=/vot-tak.tv/4#inet#fw4#vpn_domains
nftset=/voynaplemyon.com/4#inet#fw4#vpn_domains
nftset=/vpngate.net/4#inet#fw4#vpn_domains
nftset=/vpngen.org/4#inet#fw4#vpn_domains
nftset=/vpnlove.me/4#inet#fw4#vpn_domains
nftset=/vpnpay.io/4#inet#fw4#vpn_domains
nftset=/vrv.co/4#inet#fw4#vpn_domains
nftset=/vyos.io/4#inet#fw4#vpn_domains
nftset=/walmart.com/4#inet#fw4#vpn_domains
nftset=/watchguard.com/4#inet#fw4#vpn_domains
nftset=/weather.com/4#inet#fw4#vpn_domains
nftset=/web-platform.io/4#inet#fw4#vpn_domains
nftset=/weblance.com.ua/4#inet#fw4#vpn_domains
nftset=/webnames.ca/4#inet#fw4#vpn_domains
nftset=/weebly.com/4#inet#fw4#vpn_domains
nftset=/welt.de/4#inet#fw4#vpn_domains
nftset=/wetransfer.com/4#inet#fw4#vpn_domains
nftset=/wheather.com/4#inet#fw4#vpn_domains
nftset=/wide-youtube.l.google.com/4#inet#fw4#vpn_domains
nftset=/wikiart.org/4#inet#fw4#vpn_domains
nftset=/wikidot.com/4#inet#fw4#vpn_domains
nftset=/wilsoncenter.org/4#inet#fw4#vpn_domains
nftset=/windguru.cz/4#inet#fw4#vpn_domains
nftset=/wixmp.com/4#inet#fw4#vpn_domains
nftset=/wk.cz/4#inet#fw4#vpn_domains
nftset=/wonderzine.com/4#inet#fw4#vpn_domains
nftset=/wpengine.com/4#inet#fw4#vpn_domains
nftset=/wunderground.com/4#inet#fw4#vpn_domains
nftset=/x.com/4#inet#fw4#vpn_domains
nftset=/xbox.com/4#inet#fw4#vpn_domains
nftset=/xerox.com/4#inet#fw4#vpn_domains
nftset=/xhamster.com/4#inet#fw4#vpn_domains
nftset=/xhamsterlive.com/4#inet#fw4#vpn_domains
nftset=/xnxx.com/4#inet#fw4#vpn_domains
nftset=/xtracloud.net/4#inet#fw4#vpn_domains
nftset=/xv-ru.com/4#inet#fw4#vpn_domains
nftset=/xvideos-cdn.com/4#inet#fw4#vpn_domains
nftset=/xvideos.com/4#inet#fw4#vpn_domains
nftset=/yaoilib.me/4#inet#fw4#vpn_domains
nftset=/yle.fi/4#inet#fw4#vpn_domains
nftset=/youtu.be/4#inet#fw4#vpn_domains
nftset=/youtube-nocookie.com/4#inet#fw4#vpn_domains
nftset=/youtube-ui.l.google.com/4#inet#fw4#vpn_domains
nftset=/youtube.com/4#inet#fw4#vpn_domains
nftset=/youtubeembeddedplayer.googleapis.com/4#inet#fw4#vpn_domains
nftset=/youtubei.googleapis.com/4#inet#fw4#vpn_domains
nftset=/youtubekids.com/4#inet#fw4#vpn_domains
nftset=/ytimg.com/4#inet#fw4#vpn_domains
nftset=/ytimg.l.google.com/4#inet#fw4#vpn_domains
nftset=/yting.com/4#inet#fw4#vpn_domains
nftset=/zahav.ru/4#inet#fw4#vpn_domains
nftset=/zannn.top/4#inet#fw4#vpn_domains
nftset=/zbigz.com/4#inet#fw4#vpn_domains
nftset=/zedge.net/4#inet#fw4#vpn_domains
nftset=/zendesk.com/4#inet#fw4#vpn_domains
nftset=/zerkalo.io/4#inet#fw4#vpn_domains
nftset=/zerossl.com/4#inet#fw4#vpn_domains
nftset=/zetalliance.org/4#inet#fw4#vpn_domains
nftset=/zetfix.online/4#inet#fw4#vpn_domains
nftset=/zetflix.online/4#inet#fw4#vpn_domains
nftset=/zf.com/4#inet#fw4#vpn_domains
nftset=/znanija.com/4#inet#fw4#vpn_domains
nftset=/zohomail.com/4#inet#fw4#vpn_domains
nftset=/zona.media/4#inet#fw4#vpn_domains
