DOMAIN-SUFFIX,.ua
DOMAIN-SUFFIX,10minutemail.com
DOMAIN-SUFFIX,1337x.to
DOMAIN-SUFFIX,24.kg
DOMAIN-SUFFIX,4freerussia.org
DOMAIN-SUFFIX,4pda.ru
DOMAIN-SUFFIX,4pda.to
DOMAIN-SUFFIX,4pna.com
DOMAIN-SUFFIX,7dniv.rv.ua
DOMAIN-SUFFIX,9tv.co.il
DOMAIN-SUFFIX,a-msedge.net
DOMAIN-SUFFIX,abercrombie.com
DOMAIN-SUFFIX,abook-club.ru
DOMAIN-SUFFIX,activatica.org
DOMAIN-SUFFIX,adguard-dns.com
DOMAIN-SUFFIX,adguard.com
DOMAIN-SUFFIX,adidas.com
DOMAIN-SUFFIX,adminforge.de
DOMAIN-SUFFIX,adobe.com
DOMAIN-SUFFIX,adobe.io
DOMAIN-SUFFIX,ads-twitter.com
DOMAIN-SUFFIX,agents.media
DOMAIN-SUFFIX,agentura.ru
DOMAIN-SUFFIX,ahrefs.com
DOMAIN-SUFFIX,alberta.ca
DOMAIN-SUFFIX,allegro.pl
DOMAIN-SUFFIX,alphacoders.com
DOMAIN-SUFFIX,amazfitwatchfaces.com
DOMAIN-SUFFIX,amazonaws.com
DOMAIN-SUFFIX,amd.com
DOMAIN-SUFFIX,amdm.ru
DOMAIN-SUFFIX,amnezia.org
DOMAIN-SUFFIX,amx.com
DOMAIN-SUFFIX,analog.com
DOMAIN-SUFFIX,anidub.com
DOMAIN-SUFFIX,anilibria.tv
DOMAIN-SUFFIX,annas-archive.org
DOMAIN-SUFFIX,anthropic.com
DOMAIN-SUFFIX,aplawrence.com
DOMAIN-SUFFIX,appspot.com
DOMAIN-SUFFIX,appstorrent.ru
DOMAIN-SUFFIX,aqicn.org
DOMAIN-SUFFIX,arbat.media
DOMAIN-SUFFIX,archive.ph
DOMAIN-SUFFIX,archiveofourown.org
DOMAIN-SUFFIX,atlassian.com
DOMAIN-SUFFIX,atn.ua
DOMAIN-SUFFIX,att.com
DOMAIN-SUFFIX,avira.com
DOMAIN-SUFFIX,azathabar.com
DOMAIN-SUFFIX,azattyq.org
DOMAIN-SUFFIX,b-cdn.net
DOMAIN-SUFFIX,babook.org
DOMAIN-SUFFIX,baginya.org
DOMAIN-SUFFIX,bato.to
DOMAIN-SUFFIX,bbc.co.uk
DOMAIN-SUFFIX,bbc.com
DOMAIN-SUFFIX,bbci.co.uk
DOMAIN-SUFFIX,bell-sw.com
DOMAIN-SUFFIX,bellingcat.com
DOMAIN-SUFFIX,bestbuy.com
DOMAIN-SUFFIX,bgpmon.net
DOMAIN-SUFFIX,bihus.info
DOMAIN-SUFFIX,bing.com
DOMAIN-SUFFIX,bitbucket.org
DOMAIN-SUFFIX,bitcoin.org
DOMAIN-SUFFIX,bitdefender.com
DOMAIN-SUFFIX,bitru.org
DOMAIN-SUFFIX,blackseanews.net
DOMAIN-SUFFIX,blinkshot.io
DOMAIN-SUFFIX,bluehost.com
DOMAIN-SUFFIX,booktracker.org
DOMAIN-SUFFIX,boosteroid.com
DOMAIN-SUFFIX,bosch-home.com
DOMAIN-SUFFIX,bradyid.com
DOMAIN-SUFFIX,brave.com
DOMAIN-SUFFIX,brawlstarsgame.com
DOMAIN-SUFFIX,btdig.com
DOMAIN-SUFFIX,buanzo.org
DOMAIN-SUFFIX,buckaroo.nl
DOMAIN-SUFFIX,buf.build
DOMAIN-SUFFIX,bumble.com
DOMAIN-SUFFIX,buymeacoffee.com
DOMAIN-SUFFIX,byteoversea.com
DOMAIN-SUFFIX,cambiumnetworks.com
DOMAIN-SUFFIX,canva.com
DOMAIN-SUFFIX,capcut.com
DOMAIN-SUFFIX,carnegieendowment.org
DOMAIN-SUFFIX,cats.com
DOMAIN-SUFFIX,cdninstagram.com
DOMAIN-SUFFIX,cdw.com
DOMAIN-SUFFIX,censortracker.org
DOMAIN-SUFFIX,certifytheweb.com
DOMAIN-SUFFIX,chatgpt.com
DOMAIN-SUFFIX,cherta.media
DOMAIN-SUFFIX,chess.com
DOMAIN-SUFFIX,cisco.com
DOMAIN-SUFFIX,citrix.com
DOMAIN-SUFFIX,clamav.net
DOMAIN-SUFFIX,clashofclans.com
DOMAIN-SUFFIX,clashroyaleapp.com
DOMAIN-SUFFIX,claude.ai
DOMAIN-SUFFIX,cloudex.cc
DOMAIN-SUFFIX,cms-twdigitalassets.com
DOMAIN-SUFFIX,cnd2exp.online
DOMAIN-SUFFIX,cock.li
DOMAIN-SUFFIX,codeium.com
DOMAIN-SUFFIX,coinpayments.net
DOMAIN-SUFFIX,coinsbee.com
DOMAIN-SUFFIX,coldfilm.xyz
DOMAIN-SUFFIX,colta.ru
DOMAIN-SUFFIX,coursera.org
DOMAIN-SUFFIX,cpu-monkey.com
DOMAIN-SUFFIX,credly.com
DOMAIN-SUFFIX,crunchyroll.com
DOMAIN-SUFFIX,currenttime.tv
DOMAIN-SUFFIX,cursorinfo.co.il
DOMAIN-SUFFIX,cyberghostvpn.com
DOMAIN-SUFFIX,cyxymu.info
DOMAIN-SUFFIX,czx.to
DOMAIN-SUFFIX,daemon-tools.cc
DOMAIN-SUFFIX,decrypt.day
DOMAIN-SUFFIX,deepstatemap.live
DOMAIN-SUFFIX,deezer.com
DOMAIN-SUFFIX,delfi.ee
DOMAIN-SUFFIX,delfi.lt
DOMAIN-SUFFIX,delfi.lv
DOMAIN-SUFFIX,dell.com
DOMAIN-SUFFIX,dellcdn.com
DOMAIN-SUFFIX,depositphotos.com
DOMAIN-SUFFIX,deviantart.com
DOMAIN-SUFFIX,devops.com
DOMAIN-SUFFIX,digikey.com
DOMAIN-SUFFIX,digitalcontent.sky
DOMAIN-SUFFIX,digitalocean.com
DOMAIN-SUFFIX,dis.gd
DOMAIN-SUFFIX,discord-activities.com
DOMAIN-SUFFIX,discord.co
DOMAIN-SUFFIX,discord.com
DOMAIN-SUFFIX,discord.design
DOMAIN-SUFFIX,discord.dev
DOMAIN-SUFFIX,discord.gg
DOMAIN-SUFFIX,discord.gift
DOMAIN-SUFFIX,discord.gifts
DOMAIN-SUFFIX,discord.media
DOMAIN-SUFFIX,discord.new
DOMAIN-SUFFIX,discord.store
DOMAIN-SUFFIX,discord.tools
DOMAIN-SUFFIX,discordactivities.com
DOMAIN-SUFFIX,discordapp.com
DOMAIN-SUFFIX,discordapp.io
DOMAIN-SUFFIX,discordapp.net
DOMAIN-SUFFIX,discordapp.org
DOMAIN-SUFFIX,discordmerch.com
DOMAIN-SUFFIX,discordpartygames.com
DOMAIN-SUFFIX,discordsays.com
DOMAIN-SUFFIX,discordstatus.com
DOMAIN-SUFFIX,discours.io
DOMAIN-SUFFIX,disctech.com
DOMAIN-SUFFIX,dobrochan.net
DOMAIN-SUFFIX,donmai.us
DOMAIN-SUFFIX,dorama.live
DOMAIN-SUFFIX,doramalive.ru
DOMAIN-SUFFIX,doramy.club
DOMAIN-SUFFIX,dovod.online
DOMAIN-SUFFIX,doxa.team
DOMAIN-SUFFIX,doxajournal.ru
DOMAIN-SUFFIX,dpidetector.org
DOMAIN-SUFFIX,dreamhost.com
DOMAIN-SUFFIX,dw.com
DOMAIN-SUFFIX,e621.net
DOMAIN-SUFFIX,echofm.online
DOMAIN-SUFFIX,edu-cisco.org
DOMAIN-SUFFIX,eggertspiele.de
DOMAIN-SUFFIX,ehorussia.com
DOMAIN-SUFFIX,ej.ru
DOMAIN-SUFFIX,ekhokavkaza.com
DOMAIN-SUFFIX,elastic.co
DOMAIN-SUFFIX,element14.com
DOMAIN-SUFFIX,elevenlabs.io
DOMAIN-SUFFIX,err.ee
DOMAIN-SUFFIX,etsy.com
DOMAIN-SUFFIX,euronews.com
DOMAIN-SUFFIX,euroradio.fm
DOMAIN-SUFFIX,eutrp.eu
DOMAIN-SUFFIX,everand.com
DOMAIN-SUFFIX,exler.ru
DOMAIN-SUFFIX,expres.online
DOMAIN-SUFFIX,f1.com
DOMAIN-SUFFIX,f95zone.to
DOMAIN-SUFFIX,facebook.com
DOMAIN-SUFFIX,facebook.net
DOMAIN-SUFFIX,fast-torrent.club
DOMAIN-SUFFIX,fast.com
DOMAIN-SUFFIX,fastly.net
DOMAIN-SUFFIX,fb.com
DOMAIN-SUFFIX,fbcdn.net
DOMAIN-SUFFIX,fbsbx.com
DOMAIN-SUFFIX,fex.net
DOMAIN-SUFFIX,fextralife.com
DOMAIN-SUFFIX,ficbook.net
DOMAIN-SUFFIX,filmitorrent.net
DOMAIN-SUFFIX,filmix.ac
DOMAIN-SUFFIX,filmix.biz
DOMAIN-SUFFIX,filmix.fm
DOMAIN-SUFFIX,flibusta.is
DOMAIN-SUFFIX,flibusta.net
DOMAIN-SUFFIX,flipboard.com
DOMAIN-SUFFIX,flir.com
DOMAIN-SUFFIX,flir.eu
DOMAIN-SUFFIX,fls.guru
DOMAIN-SUFFIX,fluke.com
DOMAIN-SUFFIX,flukenetworks.com
DOMAIN-SUFFIX,fn-volga.ru
DOMAIN-SUFFIX,fonge.org
DOMAIN-SUFFIX,force-user-content.com
DOMAIN-SUFFIX,force.com
DOMAIN-SUFFIX,fork.pet
DOMAIN-SUFFIX,forklog.com
DOMAIN-SUFFIX,formula1.com
DOMAIN-SUFFIX,fortanga.org
DOMAIN-SUFFIX,freedomletters.org
DOMAIN-SUFFIX,freeimages.com
DOMAIN-SUFFIX,freemedia.io
DOMAIN-SUFFIX,gagadget.com
DOMAIN-SUFFIX,gamedistribution.com
DOMAIN-SUFFIX,gamesrepack.com
DOMAIN-SUFFIX,geforcenow.com
DOMAIN-SUFFIX,gelbooru.com
DOMAIN-SUFFIX,geni.us
DOMAIN-SUFFIX,genius.com
DOMAIN-SUFFIX,germania.one
DOMAIN-SUFFIX,getoutline.org
DOMAIN-SUFFIX,gfn.am
DOMAIN-SUFFIX,ggpht.com
DOMAIN-SUFFIX,gitlab.com
DOMAIN-SUFFIX,gitlab.io
DOMAIN-SUFFIX,glpals.com
DOMAIN-SUFFIX,gnome-look.org
DOMAIN-SUFFIX,godaddy.com
DOMAIN-SUFFIX,gofile.io
DOMAIN-SUFFIX,gofundme.com
DOMAIN-SUFFIX,golosameriki.com
DOMAIN-SUFFIX,gonitro.com
DOMAIN-SUFFIX,goodreads.com
DOMAIN-SUFFIX,googletagmanager.com
DOMAIN-SUFFIX,googlevideo.com
DOMAIN-SUFFIX,gordonua.com
DOMAIN-SUFFIX,gpsonextra.net
DOMAIN-SUFFIX,gr-assets.com
DOMAIN-SUFFIX,grafana.com
DOMAIN-SUFFIX,grammarly.com
DOMAIN-SUFFIX,grani.ru
DOMAIN-SUFFIX,graty.me
DOMAIN-SUFFIX,graylog.org
DOMAIN-SUFFIX,grazie.ai
DOMAIN-SUFFIX,groq.com
DOMAIN-SUFFIX,gulagu.net
DOMAIN-SUFFIX,habr.com
DOMAIN-SUFFIX,hackernoon.com
DOMAIN-SUFFIX,hashicorp.com
DOMAIN-SUFFIX,hdrezka.ac
DOMAIN-SUFFIX,hdrezka.ag
DOMAIN-SUFFIX,healthline.com
DOMAIN-SUFFIX,hentai-foundry.com
DOMAIN-SUFFIX,hetzner.com
DOMAIN-SUFFIX,hollisterco.com
DOMAIN-SUFFIX,holod.media
DOMAIN-SUFFIX,home-connect.com
DOMAIN-SUFFIX,hostgator.com
DOMAIN-SUFFIX,hostinger.com
DOMAIN-SUFFIX,hotels.com
DOMAIN-SUFFIX,hqporner.com
DOMAIN-SUFFIX,hromadske.ua
DOMAIN-SUFFIX,hrw.org
DOMAIN-SUFFIX,hs.fi
DOMAIN-SUFFIX,huawei.com
DOMAIN-SUFFIX,hyperhost.ua
DOMAIN-SUFFIX,ibm.com
DOMAIN-SUFFIX,ibytedtos.com
DOMAIN-SUFFIX,idelreal.org
DOMAIN-SUFFIX,ig.me
DOMAIN-SUFFIX,ign.com
DOMAIN-SUFFIX,iherb.com
DOMAIN-SUFFIX,iichan.hk
DOMAIN-SUFFIX,ill.in.ua
DOMAIN-SUFFIX,ilook.tv
DOMAIN-SUFFIX,important-stories.com
DOMAIN-SUFFIX,indiehackers.com
DOMAIN-SUFFIX,infineon.com
DOMAIN-SUFFIX,instagram.com
DOMAIN-SUFFIX,intel.com
DOMAIN-SUFFIX,intel.de
DOMAIN-SUFFIX,intellij.net
DOMAIN-SUFFIX,interactivebrokers.co.uk
DOMAIN-SUFFIX,interfax.com.ua
DOMAIN-SUFFIX,internalfb.com
DOMAIN-SUFFIX,intuit.com
DOMAIN-SUFFIX,intuitibits.com
DOMAIN-SUFFIX,ionos.com
DOMAIN-SUFFIX,iptv.online
DOMAIN-SUFFIX,is.fi
DOMAIN-SUFFIX,island-of-pleasure.site
DOMAIN-SUFFIX,istories.media
DOMAIN-SUFFIX,itninja.com
DOMAIN-SUFFIX,itsmycity.ru
DOMAIN-SUFFIX,jabra.com
DOMAIN-SUFFIX,jamf.com
DOMAIN-SUFFIX,jauns.lv
DOMAIN-SUFFIX,jetbrains.com
DOMAIN-SUFFIX,kaktus.media
DOMAIN-SUFFIX,kamatera.com
DOMAIN-SUFFIX,kasparov.ru
DOMAIN-SUFFIX,kavkaz-uzel.eu
DOMAIN-SUFFIX,kavkazr.com
DOMAIN-SUFFIX,kemono.party
DOMAIN-SUFFIX,keysight.com
DOMAIN-SUFFIX,kino.pub
DOMAIN-SUFFIX,kinobase.org
DOMAIN-SUFFIX,kinogo.la
DOMAIN-SUFFIX,kinogo.uk
DOMAIN-SUFFIX,kinokopilka.pro
DOMAIN-SUFFIX,kinovod.net
DOMAIN-SUFFIX,kinozal.guru
DOMAIN-SUFFIX,kinozal.me
DOMAIN-SUFFIX,kinozal.tv
DOMAIN-SUFFIX,knews.kg
DOMAIN-SUFFIX,kolsar.org
DOMAIN-SUFFIX,korrespondent.net
DOMAIN-SUFFIX,kovcheg.live
DOMAIN-SUFFIX,kpapp.link
DOMAIN-SUFFIX,krymr.com
DOMAIN-SUFFIX,kupujemprodajem.com
DOMAIN-SUFFIX,lambdalabs.com
DOMAIN-SUFFIX,lamcdn.net
DOMAIN-SUFFIX,ldoceonline.com
DOMAIN-SUFFIX,leafletjs.com
DOMAIN-SUFFIX,leica-geosystems.com
DOMAIN-SUFFIX,lenovo.com
DOMAIN-SUFFIX,libgen.rs
DOMAIN-SUFFIX,licdn.com
DOMAIN-SUFFIX,lidarr.audio
DOMAIN-SUFFIX,lifehacker.com
DOMAIN-SUFFIX,linkedin.com
DOMAIN-SUFFIX,linktr.ee
DOMAIN-SUFFIX,linuxiac.com
DOMAIN-SUFFIX,live.net
DOMAIN-SUFFIX,livetv.sx
DOMAIN-SUFFIX,liveuamap.com
DOMAIN-SUFFIX,localbitcoins.com
DOMAIN-SUFFIX,locals.md
DOMAIN-SUFFIX,lolz.guru
DOMAIN-SUFFIX,lostfilm.run
DOMAIN-SUFFIX,lostfilm.top
DOMAIN-SUFFIX,lostfilm.tv
DOMAIN-SUFFIX,lostfilm.win
DOMAIN-SUFFIX,lostfilmtv2.site
DOMAIN-SUFFIX,lostfilmtv5.site
DOMAIN-SUFFIX,m3u.in
DOMAIN-SUFFIX,macpaw.com
DOMAIN-SUFFIX,macvendors.com
DOMAIN-SUFFIX,mailfence.com
DOMAIN-SUFFIX,mailo.com
DOMAIN-SUFFIX,malwarebytes.com
DOMAIN-SUFFIX,mangadex.org
DOMAIN-SUFFIX,mangahub.ru
DOMAIN-SUFFIX,mangapark.net
DOMAIN-SUFFIX,mattermost.com
DOMAIN-SUFFIX,mbed.com
DOMAIN-SUFFIX,mdza.io
DOMAIN-SUFFIX,mediazona.ca
DOMAIN-SUFFIX,mediazona.online
DOMAIN-SUFFIX,medicalnewstoday.com
DOMAIN-SUFFIX,medium.com
DOMAIN-SUFFIX,meduza.io
DOMAIN-SUFFIX,megapeer.ru
DOMAIN-SUFFIX,memohrc.org
DOMAIN-SUFFIX,meraki.com
DOMAIN-SUFFIX,merezha.co
DOMAIN-SUFFIX,metacritic.com
DOMAIN-SUFFIX,metla.press
DOMAIN-SUFFIX,microchip.com
DOMAIN-SUFFIX,middlewareinventory.com
DOMAIN-SUFFIX,mignews.com
DOMAIN-SUFFIX,mongodb.com
DOMAIN-SUFFIX,mongodb.org
DOMAIN-SUFFIX,monoprice.com
DOMAIN-SUFFIX,monster.ie
DOMAIN-SUFFIX,moscowtimes.ru
DOMAIN-SUFFIX,mouser.com
DOMAIN-SUFFIX,mouser.fi
DOMAIN-SUFFIX,mrakopedia.net
DOMAIN-SUFFIX,mullvad.net
DOMAIN-SUFFIX,multporn.net
DOMAIN-SUFFIX,muscdn.com
DOMAIN-SUFFIX,musical.ly
DOMAIN-SUFFIX,mydoramy.club
DOMAIN-SUFFIX,nasvsehtoshnit.ru
DOMAIN-SUFFIX,navalny.com
DOMAIN-SUFFIX,nba.com
DOMAIN-SUFFIX,neformat.com.ua
DOMAIN-SUFFIX,netflix.com
DOMAIN-SUFFIX,netlify.com
DOMAIN-SUFFIX,networksolutions.com
DOMAIN-SUFFIX,newark.com
DOMAIN-SUFFIX,newsru.co.il
DOMAIN-SUFFIX,newsru.com
DOMAIN-SUFFIX,newstudio.tv
DOMAIN-SUFFIX,newtimes.ru
DOMAIN-SUFFIX,nflxext.com
DOMAIN-SUFFIX,nflximg.net
DOMAIN-SUFFIX,nflxvideo.net
DOMAIN-SUFFIX,ngrok.com
DOMAIN-SUFFIX,nih.gov
DOMAIN-SUFFIX,nike.com
DOMAIN-SUFFIX,nitropdf.com
DOMAIN-SUFFIX,nnmclub.to
DOMAIN-SUFFIX,nordvpn.com
DOMAIN-SUFFIX,notion-static.com
DOMAIN-SUFFIX,notion.com
DOMAIN-SUFFIX,notion.new
DOMAIN-SUFFIX,notion.site
DOMAIN-SUFFIX,notion.so
DOMAIN-SUFFIX,novaya.no
DOMAIN-SUFFIX,novayagazeta.eu
DOMAIN-SUFFIX,novayagazeta.ru
DOMAIN-SUFFIX,ntc.party
DOMAIN-SUFFIX,nxp.com
DOMAIN-SUFFIX,nyaa.si
DOMAIN-SUFFIX,oaistatic.com
DOMAIN-SUFFIX,oaiusercontent.com
DOMAIN-SUFFIX,oasis.app
DOMAIN-SUFFIX,ocstore.com
DOMAIN-SUFFIX,oculus.com
DOMAIN-SUFFIX,ohmyswift.ru
DOMAIN-SUFFIX,oi.legal
DOMAIN-SUFFIX,okx.com
DOMAIN-SUFFIX,olx.ua
DOMAIN-SUFFIX,omv-extras.org
DOMAIN-SUFFIX,on24.com
DOMAIN-SUFFIX,onetrust.com
DOMAIN-SUFFIX,onlineradiobox.com
DOMAIN-SUFFIX,onlinesim.ru
DOMAIN-SUFFIX,onshape.com
DOMAIN-SUFFIX,openai.com
DOMAIN-SUFFIX,openmedia.io
DOMAIN-SUFFIX,opensea.io
DOMAIN-SUFFIX,opentrackr.org
DOMAIN-SUFFIX,opposition-news.com
DOMAIN-SUFFIX,ovd.info
DOMAIN-SUFFIX,ovd.legal
DOMAIN-SUFFIX,ovd.news
DOMAIN-SUFFIX,ovdinfo.org
DOMAIN-SUFFIX,ozi-ru.org
DOMAIN-SUFFIX,ozodi.org
DOMAIN-SUFFIX,pages.dev
DOMAIN-SUFFIX,pandasecurity.com
DOMAIN-SUFFIX,pap.pl
DOMAIN-SUFFIX,paperpaper.io
DOMAIN-SUFFIX,paperpaper.ru
DOMAIN-SUFFIX,paraplan.net
DOMAIN-SUFFIX,paraswap.io
DOMAIN-SUFFIX,parsec.app
DOMAIN-SUFFIX,patreon.com
DOMAIN-SUFFIX,patriot.dp.ua
DOMAIN-SUFFIX,paypal.com
DOMAIN-SUFFIX,pb.wtf
DOMAIN-SUFFIX,pcbway.com
DOMAIN-SUFFIX,pcbway.ru
DOMAIN-SUFFIX,pcgamesn.com
DOMAIN-SUFFIX,periscope.tv
DOMAIN-SUFFIX,pexels.com
DOMAIN-SUFFIX,phncdn.com
DOMAIN-SUFFIX,php.su
DOMAIN-SUFFIX,piccy.info
DOMAIN-SUFFIX,pingdom.com
DOMAIN-SUFFIX,pixiv.net
DOMAIN-SUFFIX,plab.site
DOMAIN-SUFFIX,playboy.com
DOMAIN-SUFFIX,plugshare.com
DOMAIN-SUFFIX,polit.ru
DOMAIN-SUFFIX,politiken.dk
DOMAIN-SUFFIX,pornhub.com
DOMAIN-SUFFIX,pornolab.net
DOMAIN-SUFFIX,porsche.com
DOMAIN-SUFFIX,portal.lviv.ua
DOMAIN-SUFFIX,posle.media
DOMAIN-SUFFIX,postfix.org
DOMAIN-SUFFIX,postimees.ee
DOMAIN-SUFFIX,pravda.com.ua
DOMAIN-SUFFIX,premierleague.com
DOMAIN-SUFFIX,privatekeys.pw
DOMAIN-SUFFIX,prnt.sc
DOMAIN-SUFFIX,proekt.media
DOMAIN-SUFFIX,prosleduetmedia.com
DOMAIN-SUFFIX,prostovpn.org
DOMAIN-SUFFIX,proton.me
DOMAIN-SUFFIX,protonmail.ch
DOMAIN-SUFFIX,protonmail.com
DOMAIN-SUFFIX,protonvpn.com
DOMAIN-SUFFIX,provereno.media
DOMAIN-SUFFIX,prowlarr.com
DOMAIN-SUFFIX,pscp.tv
DOMAIN-SUFFIX,psiphon.ca
DOMAIN-SUFFIX,pulselive.com
DOMAIN-SUFFIX,qt.io
DOMAIN-SUFFIX,qualcomm.com
DOMAIN-SUFFIX,quickconnect.to
DOMAIN-SUFFIX,quietpc.com
DOMAIN-SUFFIX,quora.com
DOMAIN-SUFFIX,radarr.video
DOMAIN-SUFFIX,radiosakharov.org
DOMAIN-SUFFIX,radiosvoboda.org
DOMAIN-SUFFIX,rbc.ua
DOMAIN-SUFFIX,reactflow.dev
DOMAIN-SUFFIX,realist.online
DOMAIN-SUFFIX,recraft.ai
DOMAIN-SUFFIX,reddxxx.com
DOMAIN-SUFFIX,redgifs.com
DOMAIN-SUFFIX,redis.com
DOMAIN-SUFFIX,redis.io
DOMAIN-SUFFIX,redshieldvpn.com
DOMAIN-SUFFIX,redtube.com
DOMAIN-SUFFIX,refactoring.guru
DOMAIN-SUFFIX,refinitiv.com
DOMAIN-SUFFIX,remove.bg
DOMAIN-SUFFIX,republic.ru
DOMAIN-SUFFIX,resp.app
DOMAIN-SUFFIX,rezka.ag
DOMAIN-SUFFIX,rezka.my
DOMAIN-SUFFIX,rezkify.com
DOMAIN-SUFFIX,rezonans.media
DOMAIN-SUFFIX,rferl.org
DOMAIN-SUFFIX,riotpixels.com
DOMAIN-SUFFIX,riperam.org
DOMAIN-SUFFIX,roar-review.com
DOMAIN-SUFFIX,root-nation.com
DOMAIN-SUFFIX,rsf.org
DOMAIN-SUFFIX,ru-board.com
DOMAIN-SUFFIX,ruckuswireless.com
DOMAIN-SUFFIX,rule34.art
DOMAIN-SUFFIX,rus-media.org
DOMAIN-SUFFIX,rus.ec
DOMAIN-SUFFIX,rustorka.com
DOMAIN-SUFFIX,rutor.info
DOMAIN-SUFFIX,rutor.is
DOMAIN-SUFFIX,rutor.org
DOMAIN-SUFFIX,rutracker.cc
DOMAIN-SUFFIX,rutracker.net
DOMAIN-SUFFIX,rutracker.org
DOMAIN-SUFFIX,rutracker.ru
DOMAIN-SUFFIX,sakh.com
DOMAIN-SUFFIX,sakhalin.info
DOMAIN-SUFFIX,sakharovfoundation.org
DOMAIN-SUFFIX,salesforce-experience.com
DOMAIN-SUFFIX,salesforce-hub.com
DOMAIN-SUFFIX,salesforce-scrt.com
DOMAIN-SUFFIX,salesforce-setup.com
DOMAIN-SUFFIX,salesforce-sites.com
DOMAIN-SUFFIX,salesforce.com
DOMAIN-SUFFIX,salesforceiq.com
DOMAIN-SUFFIX,salesforceliveagent.com
DOMAIN-SUFFIX,sap.com
DOMAIN-SUFFIX,saverudata.info
DOMAIN-SUFFIX,saverudata.net
DOMAIN-SUFFIX,schaeffler.com
DOMAIN-SUFFIX,screamingfrog.co.uk
DOMAIN-SUFFIX,sdxcentral.com
DOMAIN-SUFFIX,searchfloor.org
DOMAIN-SUFFIX,seasonvar.ru
DOMAIN-SUFFIX,sebeanus.online
DOMAIN-SUFFIX,selezen.org
DOMAIN-SUFFIX,semnasem.org
DOMAIN-SUFFIX,sentry.io
DOMAIN-SUFFIX,serpstat.com
DOMAIN-SUFFIX,servarr.com
DOMAIN-SUFFIX,service-kp.com
DOMAIN-SUFFIX,severreal.org
DOMAIN-SUFFIX,sfdcopens.com
DOMAIN-SUFFIX,shikimori.me
DOMAIN-SUFFIX,shinyhardware.co.uk
DOMAIN-SUFFIX,showip.net
DOMAIN-SUFFIX,sibreal.org
DOMAIN-SUFFIX,signal.org
DOMAIN-SUFFIX,simplex.chat
DOMAIN-SUFFIX,simplex.im
DOMAIN-SUFFIX,simplix.info
DOMAIN-SUFFIX,singlekey-id.com
DOMAIN-SUFFIX,site.com
DOMAIN-SUFFIX,skat.media
DOMAIN-SUFFIX,skiff.com
DOMAIN-SUFFIX,skladchik.com
DOMAIN-SUFFIX,skladchiki.pro
DOMAIN-SUFFIX,skladchina.vip
DOMAIN-SUFFIX,sky.com
DOMAIN-SUFFIX,skycdp.com
DOMAIN-SUFFIX,skyscanner.com
DOMAIN-SUFFIX,slavicsac.com
DOMAIN-SUFFIX,slideshare.net
DOMAIN-SUFFIX,smartbear.com
DOMAIN-SUFFIX,smartdeploy.com
DOMAIN-SUFFIX,smashwords.com
DOMAIN-SUFFIX,smassets.net
DOMAIN-SUFFIX,snort.org
DOMAIN-SUFFIX,snyk.io
DOMAIN-SUFFIX,soapui.org
DOMAIN-SUFFIX,sobesednik.com
DOMAIN-SUFFIX,sobesednik.ru
DOMAIN-SUFFIX,solarwinds.com
DOMAIN-SUFFIX,soundcloud.com
DOMAIN-SUFFIX,spacelift.io
DOMAIN-SUFFIX,spektr.press
DOMAIN-SUFFIX,spotify.com
DOMAIN-SUFFIX,spreadthesign.com
DOMAIN-SUFFIX,sputnikipogrom.com
DOMAIN-SUFFIX,squadbustersgame.com
DOMAIN-SUFFIX,stalker2.com
DOMAIN-SUFFIX,strana.news
DOMAIN-SUFFIX,strana.today
DOMAIN-SUFFIX,strava.com
DOMAIN-SUFFIX,stulchik.net
DOMAIN-SUFFIX,supercell.com
DOMAIN-SUFFIX,surveymonkey.com
DOMAIN-SUFFIX,suspilne.media
DOMAIN-SUFFIX,svidomi.in.ua
DOMAIN-SUFFIX,svoboda.org
DOMAIN-SUFFIX,svoi.kr.ua
DOMAIN-SUFFIX,svtv.org
DOMAIN-SUFFIX,swagger.io
DOMAIN-SUFFIX,swissinfo.ch
DOMAIN-SUFFIX,sysdig.com
DOMAIN-SUFFIX,t-ru.org
DOMAIN-SUFFIX,t.co
DOMAIN-SUFFIX,tableau.com
DOMAIN-SUFFIX,tayga.info
DOMAIN-SUFFIX,te-st.org
DOMAIN-SUFFIX,telegraf.by
DOMAIN-SUFFIX,telegraf.news
DOMAIN-SUFFIX,telemetr.io
DOMAIN-SUFFIX,tellapart.com
DOMAIN-SUFFIX,terraform.io
DOMAIN-SUFFIX,terrasoft.ua
DOMAIN-SUFFIX,the-village.ru
DOMAIN-SUFFIX,theaudiodb.com
DOMAIN-SUFFIX,thebarentsobserver.com
DOMAIN-SUFFIX,thebell.io
DOMAIN-SUFFIX,theins.info
DOMAIN-SUFFIX,theins.press
DOMAIN-SUFFIX,theins.ru
DOMAIN-SUFFIX,themoviedb.org
DOMAIN-SUFFIX,thepiratebay.org
DOMAIN-SUFFIX,thetruestory.news
DOMAIN-SUFFIX,threads.net
DOMAIN-SUFFIX,threema.ch
DOMAIN-SUFFIX,ti.com
DOMAIN-SUFFIX,tidal.com
DOMAIN-SUFFIX,tik-tokapi.com
DOMAIN-SUFFIX,tiktok.com
DOMAIN-SUFFIX,tiktokcdn-eu.com
DOMAIN-SUFFIX,tiktokcdn-us.com
DOMAIN-SUFFIX,tiktokcdn.com
DOMAIN-SUFFIX,tiktokd.net
DOMAIN-SUFFIX,tiktokd.org
DOMAIN-SUFFIX,tiktokv.com
DOMAIN-SUFFIX,tiktokv.us
DOMAIN-SUFFIX,tiktokw.us
DOMAIN-SUFFIX,timberland.com
DOMAIN-SUFFIX,tjournal.ru
DOMAIN-SUFFIX,tmdb.org
DOMAIN-SUFFIX,torproject.org
DOMAIN-SUFFIX,torrent.by
DOMAIN-SUFFIX,torrentgalaxy.to
DOMAIN-SUFFIX,tracker.wf
DOMAIN-SUFFIX,trailblazer.me
DOMAIN-SUFFIX,trailhead.com
DOMAIN-SUFFIX,trellix.com
DOMAIN-SUFFIX,tsmc.com
DOMAIN-SUFFIX,ttwstatic.com
DOMAIN-SUFFIX,tutanota.com
DOMAIN-SUFFIX,tvfreedom.io
DOMAIN-SUFFIX,tvrain.ru
DOMAIN-SUFFIX,tvrain.tv
DOMAIN-SUFFIX,tweetdeck.com
DOMAIN-SUFFIX,twimg.com
DOMAIN-SUFFIX,twirpx.com
DOMAIN-SUFFIX,twitpic.com
DOMAIN-SUFFIX,twitter.biz
DOMAIN-SUFFIX,twitter.com
DOMAIN-SUFFIX,twitter.jp
DOMAIN-SUFFIX,twittercommunity.com
DOMAIN-SUFFIX,twitterflightschool.com
DOMAIN-SUFFIX,twitterinc.com
DOMAIN-SUFFIX,twitteroauth.com
DOMAIN-SUFFIX,twitterstat.us
DOMAIN-SUFFIX,twtrdns.net
DOMAIN-SUFFIX,twttr.com
DOMAIN-SUFFIX,twttr.net
DOMAIN-SUFFIX,twvid.com
DOMAIN-SUFFIX,ubnt.com
DOMAIN-SUFFIX,ufile.io
DOMAIN-SUFFIX,ukr.net
DOMAIN-SUFFIX,underver.se
DOMAIN-SUFFIX,unian.net
DOMAIN-SUFFIX,unian.ua
DOMAIN-SUFFIX,uniongang.tv
DOMAIN-SUFFIX,upwork.com
DOMAIN-SUFFIX,usa.one
DOMAIN-SUFFIX,vagrantcloud.com
DOMAIN-SUFFIX,vectorworks.net
DOMAIN-SUFFIX,veeam.com
DOMAIN-SUFFIX,velocidrone.com
DOMAIN-SUFFIX,veritas.com
DOMAIN-SUFFIX,verstka.media
DOMAIN-SUFFIX,vesma.one
DOMAIN-SUFFIX,vesma.today
DOMAIN-SUFFIX,vesty.co.il
DOMAIN-SUFFIX,vice.com
DOMAIN-SUFFIX,vine.co
DOMAIN-SUFFIX,vipdrive.net
DOMAIN-SUFFIX,visualcapitalist.com
DOMAIN-SUFFIX,vndb.org
DOMAIN-SUFFIX,voanews.com
DOMAIN-SUFFIX,voidboost.cc
DOMAIN-SUFFIX,volkswagen-classic-parts.com
DOMAIN-SUFFIX,vot-tak.tv
DOMAIN-SUFFIX,voynaplemyon.com
DOMAIN-SUFFIX,vpngate.net
DOMAIN-SUFFIX,vpngen.org
DOMAIN-SUFFIX,vpnlove.me
DOMAIN-SUFFIX,vpnpay.io
DOMAIN-SUFFIX,vrv.co
DOMAIN-SUFFIX,vyos.io
DOMAIN-SUFFIX,walmart.com
DOMAIN-SUFFIX,watchguard.com
DOMAIN-SUFFIX,weather.com
DOMAIN-SUFFIX,weblance.com.ua
DOMAIN-SUFFIX,webnames.ca
DOMAIN-SUFFIX,weebly.com
DOMAIN-SUFFIX,welt.de
DOMAIN-SUFFIX,wetransfer.com
DOMAIN-SUFFIX,wheather.com
DOMAIN-SUFFIX,wikiart.org
DOMAIN-SUFFIX,wikidot.com
DOMAIN-SUFFIX,wilsoncenter.org
DOMAIN-SUFFIX,windguru.cz
DOMAIN-SUFFIX,wixmp.com
DOMAIN-SUFFIX,wk.cz
DOMAIN-SUFFIX,wonderzine.com
DOMAIN-SUFFIX,wpengine.com
DOMAIN-SUFFIX,wunderground.com
DOMAIN-SUFFIX,x.com
DOMAIN-SUFFIX,xbox.com
DOMAIN-SUFFIX,xerox.com
DOMAIN-SUFFIX,xhamster.com
DOMAIN-SUFFIX,xhamsterlive.com
DOMAIN-SUFFIX,xnxx.com
DOMAIN-SUFFIX,xtracloud.net
DOMAIN-SUFFIX,xv-ru.com
DOMAIN-SUFFIX,xvideos-cdn.com
DOMAIN-SUFFIX,xvideos.com
DOMAIN-SUFFIX,yaoilib.me
DOMAIN-SUFFIX,yle.fi
DOMAIN-SUFFIX,youtu.be
DOMAIN-SUFFIX,youtube-nocookie.com
DOMAIN-SUFFIX,youtube.com
DOMAIN-SUFFIX,youtubekids.com
DOMAIN-SUFFIX,ytimg.com
DOMAIN-SUFFIX,yting.com
DOMAIN-SUFFIX,zahav.ru
DOMAIN-SUFFIX,zannn.top
DOMAIN-SUFFIX,zbigz.com
DOMAIN-SUFFIX,zedge.net
DOMAIN-SUFFIX,zendesk.com
DOMAIN-SUFFIX,zerkalo.io
DOMAIN-SUFFIX,zerossl.com
DOMAIN-SUFFIX,zetalliance.org
DOMAIN-SUFFIX,zetfix.online
DOMAIN-SUFFIX,zetflix.online
DOMAIN-SUFFIX,zf.com
DOMAIN-SUFFIX,znanija.com
DOMAIN-SUFFIX,zohomail.com
DOMAIN-SUFFIX,zona.media
