nftset=/.ua/4#inet#fw4#vpn_domains
nftset=/10minutemail.com/4#inet#fw4#vpn_domains
nftset=/1337x.to/4#inet#fw4#vpn_domains
nftset=/24.kg/4#inet#fw4#vpn_domains
nftset=/4freerussia.org/4#inet#fw4#vpn_domains
nftset=/4pda.to/4#inet#fw4#vpn_domains
nftset=/4pda.ws/4#inet#fw4#vpn_domains
nftset=/4pna.com/4#inet#fw4#vpn_domains
nftset=/5sim.net/4#inet#fw4#vpn_domains
nftset=/7dniv.rv.ua/4#inet#fw4#vpn_domains
nftset=/7tv.app/4#inet#fw4#vpn_domains
nftset=/7tv.io/4#inet#fw4#vpn_domains
nftset=/9tv.co.il/4#inet#fw4#vpn_domains
nftset=/a-vrv.akamaized.net/4#inet#fw4#vpn_domains
nftset=/abercrombie.com/4#inet#fw4#vpn_domains
nftset=/abook-club.ru/4#inet#fw4#vpn_domains
nftset=/academy.terrasoft.ua/4#inet#fw4#vpn_domains
nftset=/activatica.org/4#inet#fw4#vpn_domains
nftset=/adguard.com/4#inet#fw4#vpn_domains
nftset=/adidas.com/4#inet#fw4#vpn_domains
nftset=/adminforge.de/4#inet#fw4#vpn_domains
nftset=/adobe.com/4#inet#fw4#vpn_domains
nftset=/ads-twitter.com/4#inet#fw4#vpn_domains
nftset=/adultmult.tv/4#inet#fw4#vpn_domains
nftset=/affinity.studio/4#inet#fw4#vpn_domains
nftset=/agents.media/4#inet#fw4#vpn_domains
nftset=/ahrefs.com/4#inet#fw4#vpn_domains
nftset=/ai-chat.bsg.brave.com/4#inet#fw4#vpn_domains
nftset=/ai.com/4#inet#fw4#vpn_domains
nftset=/aircanada.com/4#inet#fw4#vpn_domains
nftset=/akc.org/4#inet#fw4#vpn_domains
nftset=/all3dp.com/4#inet#fw4#vpn_domains
nftset=/allegro.pl/4#inet#fw4#vpn_domains
nftset=/alphacoders.com/4#inet#fw4#vpn_domains
nftset=/alza.hu/4#inet#fw4#vpn_domains
nftset=/amazfitwatchfaces.com/4#inet#fw4#vpn_domains
nftset=/amdm.ru/4#inet#fw4#vpn_domains
nftset=/amedia.site/4#inet#fw4#vpn_domains
nftset=/amnezia.org/4#inet#fw4#vpn_domains
nftset=/amplitude.com/4#inet#fw4#vpn_domains
nftset=/amx.com/4#inet#fw4#vpn_domains
nftset=/analog.com/4#inet#fw4#vpn_domains
nftset=/andrevi.ch/4#inet#fw4#vpn_domains
nftset=/anidub.com/4#inet#fw4#vpn_domains
nftset=/anilib.me/4#inet#fw4#vpn_domains
nftset=/anilibria.org/4#inet#fw4#vpn_domains
nftset=/anilibria.tv/4#inet#fw4#vpn_domains
nftset=/anilibria.uno/4#inet#fw4#vpn_domains
nftset=/anilibria.wtf/4#inet#fw4#vpn_domains
nftset=/animaunt.org/4#inet#fw4#vpn_domains
nftset=/anime-portal.su/4#inet#fw4#vpn_domains
nftset=/animebest.org/4#inet#fw4#vpn_domains
nftset=/animedia.tv/4#inet#fw4#vpn_domains
nftset=/animego.org/4#inet#fw4#vpn_domains
nftset=/animespirit.ru/4#inet#fw4#vpn_domains
nftset=/anistar.org/4#inet#fw4#vpn_domains
nftset=/anistars.ru/4#inet#fw4#vpn_domains
nftset=/annas-archive.org/4#inet#fw4#vpn_domains
nftset=/ansys.com/4#inet#fw4#vpn_domains
nftset=/anthropic.com/4#inet#fw4#vpn_domains
nftset=/any.do/4#inet#fw4#vpn_domains
nftset=/aol.com/4#inet#fw4#vpn_domains
nftset=/api.jetbrains.ai/4#inet#fw4#vpn_domains
nftset=/api.service-kp.com/4#inet#fw4#vpn_domains
nftset=/api.theins.info/4#inet#fw4#vpn_domains
nftset=/api.themoviedb.org/4#inet#fw4#vpn_domains
nftset=/apkmirror.com/4#inet#fw4#vpn_domains
nftset=/app.zerossl.com/4#inet#fw4#vpn_domains
nftset=/arbat.media/4#inet#fw4#vpn_domains
nftset=/arc.net/4#inet#fw4#vpn_domains
nftset=/archive.ph/4#inet#fw4#vpn_domains
nftset=/archiveofourown.org/4#inet#fw4#vpn_domains
nftset=/arduino.cc/4#inet#fw4#vpn_domains
nftset=/as6723.net/4#inet#fw4#vpn_domains
nftset=/assets.heroku.com/4#inet#fw4#vpn_domains
nftset=/atlassian.com/4#inet#fw4#vpn_domains
nftset=/atn.ua/4#inet#fw4#vpn_domains
nftset=/att.com/4#inet#fw4#vpn_domains
nftset=/attachments.f95zone.to/4#inet#fw4#vpn_domains
nftset=/atv4.dnskp.cc/4#inet#fw4#vpn_domains
nftset=/audiobookbay.lu/4#inet#fw4#vpn_domains
nftset=/augmentcode.com/4#inet#fw4#vpn_domains
nftset=/autodesk.com/4#inet#fw4#vpn_domains
nftset=/avira.com/4#inet#fw4#vpn_domains
nftset=/azathabar.com/4#inet#fw4#vpn_domains
nftset=/azattyq.org/4#inet#fw4#vpn_domains
nftset=/babook.org/4#inet#fw4#vpn_domains
nftset=/baginya.org/4#inet#fw4#vpn_domains
nftset=/baikal-journal.ru/4#inet#fw4#vpn_domains
nftset=/bato.to/4#inet#fw4#vpn_domains
nftset=/bbc.co.uk/4#inet#fw4#vpn_domains
nftset=/bbc.com/4#inet#fw4#vpn_domains
nftset=/bbci.co.uk/4#inet#fw4#vpn_domains
nftset=/bcbits.com/4#inet#fw4#vpn_domains
nftset=/bell-sw.com/4#inet#fw4#vpn_domains
nftset=/bellingcat.com/4#inet#fw4#vpn_domains
nftset=/bestbuy.com/4#inet#fw4#vpn_domains
nftset=/bestchange.ru/4#inet#fw4#vpn_domains
nftset=/bihus.info/4#inet#fw4#vpn_domains
nftset=/bitdefender.com/4#inet#fw4#vpn_domains
nftset=/bitnami.com/4#inet#fw4#vpn_domains
nftset=/blackseanews.net/4#inet#fw4#vpn_domains
nftset=/blinkshot.io/4#inet#fw4#vpn_domains
nftset=/bluehost.com/4#inet#fw4#vpn_domains
nftset=/booktracker.org/4#inet#fw4#vpn_domains
nftset=/boominfo.org/4#inet#fw4#vpn_domains
nftset=/booth.pm/4#inet#fw4#vpn_domains
nftset=/booth.pximg.net/4#inet#fw4#vpn_domains
nftset=/bosch.com/4#inet#fw4#vpn_domains
nftset=/boschaftermarket.com/4#inet#fw4#vpn_domains
nftset=/boschautoparts.com/4#inet#fw4#vpn_domains
nftset=/botnadzor.org/4#inet#fw4#vpn_domains
nftset=/brawlstarsgame.com/4#inet#fw4#vpn_domains
nftset=/broadcom.com/4#inet#fw4#vpn_domains
nftset=/broncosportforum.com/4#inet#fw4#vpn_domains
nftset=/bt4gprx.com/4#inet#fw4#vpn_domains
nftset=/btdig.com/4#inet#fw4#vpn_domains
nftset=/btod.com/4#inet#fw4#vpn_domains
nftset=/buanzo.org/4#inet#fw4#vpn_domains
nftset=/buf.build/4#inet#fw4#vpn_domains
nftset=/bufferbloat.net/4#inet#fw4#vpn_domains
nftset=/builds.parsec.app/4#inet#fw4#vpn_domains
nftset=/buymeacoffee.com/4#inet#fw4#vpn_domains
nftset=/byteoversea.com/4#inet#fw4#vpn_domains
nftset=/canva.com/4#inet#fw4#vpn_domains
nftset=/canva.dev/4#inet#fw4#vpn_domains
nftset=/capacitorjs.com/4#inet#fw4#vpn_domains
nftset=/capcut.com/4#inet#fw4#vpn_domains
nftset=/carnegieendowment.org/4#inet#fw4#vpn_domains
nftset=/carrefouruae.com/4#inet#fw4#vpn_domains
nftset=/cats.com/4#inet#fw4#vpn_domains
nftset=/cbilling.eu/4#inet#fw4#vpn_domains
nftset=/cbilling.vip/4#inet#fw4#vpn_domains
nftset=/cdn.web-platform.io/4#inet#fw4#vpn_domains
nftset=/cdnbunny.org/4#inet#fw4#vpn_domains
nftset=/cdninstagram.com/4#inet#fw4#vpn_domains
nftset=/cdromance.org/4#inet#fw4#vpn_domains
nftset=/cdw.com/4#inet#fw4#vpn_domains
nftset=/censor.net/4#inet#fw4#vpn_domains
nftset=/censortracker.org/4#inet#fw4#vpn_domains
nftset=/chaos.com/4#inet#fw4#vpn_domains
nftset=/chat.com/4#inet#fw4#vpn_domains
nftset=/chat.openai.com.cdn.cloudflare.net/4#inet#fw4#vpn_domains
nftset=/chatgpt.com/4#inet#fw4#vpn_domains
nftset=/chaturbate.com/4#inet#fw4#vpn_domains
nftset=/cherta.media/4#inet#fw4#vpn_domains
nftset=/chess.com/4#inet#fw4#vpn_domains
nftset=/chesscomfiles.com/4#inet#fw4#vpn_domains
nftset=/chub.ai/4#inet#fw4#vpn_domains
nftset=/circlecrewpinkcrowd.com/4#inet#fw4#vpn_domains
nftset=/cisco.com/4#inet#fw4#vpn_domains
nftset=/cisecurity.org/4#inet#fw4#vpn_domains
nftset=/citrix.com/4#inet#fw4#vpn_domains
nftset=/clamav.net/4#inet#fw4#vpn_domains
nftset=/clashofclans.com/4#inet#fw4#vpn_domains
nftset=/clashroyaleapp.com/4#inet#fw4#vpn_domains
nftset=/claude.ai/4#inet#fw4#vpn_domains
nftset=/clevelandclinic.org/4#inet#fw4#vpn_domains
nftset=/clickup.com/4#inet#fw4#vpn_domains
nftset=/clip.opus.pro/4#inet#fw4#vpn_domains
nftset=/cloudtorrents.com/4#inet#fw4#vpn_domains
nftset=/cms-twdigitalassets.com/4#inet#fw4#vpn_domains
nftset=/cnd2exp.online/4#inet#fw4#vpn_domains
nftset=/cock.li/4#inet#fw4#vpn_domains
nftset=/code.gist.build/4#inet#fw4#vpn_domains
nftset=/codeium.com/4#inet#fw4#vpn_domains
nftset=/codelinaro.org/4#inet#fw4#vpn_domains
nftset=/coingate.com/4#inet#fw4#vpn_domains
nftset=/coinpayments.net/4#inet#fw4#vpn_domains
nftset=/coinsbee.com/4#inet#fw4#vpn_domains
nftset=/coldfilm.city/4#inet#fw4#vpn_domains
nftset=/coldfilm.ink/4#inet#fw4#vpn_domains
nftset=/coldfilm.xyz/4#inet#fw4#vpn_domains
nftset=/colta.ru/4#inet#fw4#vpn_domains
nftset=/community.sophos.com/4#inet#fw4#vpn_domains
nftset=/connect.ngrok-agent.com/4#inet#fw4#vpn_domains
nftset=/contabo.com/4#inet#fw4#vpn_domains
nftset=/coomer.su/4#inet#fw4#vpn_domains
nftset=/copilot.microsoft.com/4#inet#fw4#vpn_domains
nftset=/corsair.com/4#inet#fw4#vpn_domains
nftset=/coursera.org/4#inet#fw4#vpn_domains
nftset=/cpu-monkey.com/4#inet#fw4#vpn_domains
nftset=/credly.com/4#inet#fw4#vpn_domains
nftset=/croxyproxy.com/4#inet#fw4#vpn_domains
nftset=/crunchyroll.com/4#inet#fw4#vpn_domains
nftset=/csskor.ill.in.ua/4#inet#fw4#vpn_domains
nftset=/cub.red/4#inet#fw4#vpn_domains
nftset=/currenttime.tv/4#inet#fw4#vpn_domains
nftset=/cursorinfo.co.il/4#inet#fw4#vpn_domains
nftset=/cvedetails.com/4#inet#fw4#vpn_domains
nftset=/cyberghostvpn.com/4#inet#fw4#vpn_domains
nftset=/cyxymu.info/4#inet#fw4#vpn_domains
nftset=/daemon-tools.cc/4#inet#fw4#vpn_domains
nftset=/dailylviv.com/4#inet#fw4#vpn_domains
nftset=/danbooru.donmai.us/4#inet#fw4#vpn_domains
nftset=/data-cdn.mbamupdates.com/4#inet#fw4#vpn_domains
nftset=/data.cline.bot/4#inet#fw4#vpn_domains
nftset=/deckbrew.xyz/4#inet#fw4#vpn_domains
nftset=/decrypt.day/4#inet#fw4#vpn_domains
nftset=/deepl.com/4#inet#fw4#vpn_domains
nftset=/deepstatemap.live/4#inet#fw4#vpn_domains
nftset=/deezer.com/4#inet#fw4#vpn_domains
nftset=/delfi.lt/4#inet#fw4#vpn_domains
nftset=/delfi.lv/4#inet#fw4#vpn_domains
nftset=/delivery.2d.net.co/4#inet#fw4#vpn_domains
nftset=/dell.com/4#inet#fw4#vpn_domains
nftset=/dellcdn.com/4#inet#fw4#vpn_domains
nftset=/depositphotos.com/4#inet#fw4#vpn_domains
nftset=/designer.microsoft.com/4#inet#fw4#vpn_domains
nftset=/designify.com/4#inet#fw4#vpn_domains
nftset=/developer.nvidia.com/4#inet#fw4#vpn_domains
nftset=/devexpress.com/4#inet#fw4#vpn_domains
nftset=/deviantart.com/4#inet#fw4#vpn_domains
nftset=/diabrowser.com/4#inet#fw4#vpn_domains
nftset=/digash.live/4#inet#fw4#vpn_domains
nftset=/digikey.com/4#inet#fw4#vpn_domains
nftset=/digitalcontent.sky/4#inet#fw4#vpn_domains
nftset=/digitalocean.com/4#inet#fw4#vpn_domains
nftset=/dis.gd/4#inet#fw4#vpn_domains
nftset=/discord-activities.com/4#inet#fw4#vpn_domains
nftset=/discord-attachments-uploads-prd.storage.googleapis.com/4#inet#fw4#vpn_domains
nftset=/discord.co/4#inet#fw4#vpn_domains
nftset=/discord.com/4#inet#fw4#vpn_domains
nftset=/discord.design/4#inet#fw4#vpn_domains
nftset=/discord.dev/4#inet#fw4#vpn_domains
nftset=/discord.gg/4#inet#fw4#vpn_domains
nftset=/discord.gift/4#inet#fw4#vpn_domains
nftset=/discord.gifts/4#inet#fw4#vpn_domains
nftset=/discord.media/4#inet#fw4#vpn_domains
nftset=/discord.new/4#inet#fw4#vpn_domains
nftset=/discord.store/4#inet#fw4#vpn_domains
nftset=/discord.tools/4#inet#fw4#vpn_domains
nftset=/discordactivities.com/4#inet#fw4#vpn_domains
nftset=/discordapp.com/4#inet#fw4#vpn_domains
nftset=/discordapp.net/4#inet#fw4#vpn_domains
nftset=/discordmerch.com/4#inet#fw4#vpn_domains
nftset=/discordpartygames.com/4#inet#fw4#vpn_domains
nftset=/discordsays.com/4#inet#fw4#vpn_domains
nftset=/discours.io/4#inet#fw4#vpn_domains
nftset=/disctech.com/4#inet#fw4#vpn_domains
nftset=/disneyplus.com/4#inet#fw4#vpn_domains
nftset=/docs.liquibase.com/4#inet#fw4#vpn_domains
nftset=/document360.com/4#inet#fw4#vpn_domains
nftset=/document360.io/4#inet#fw4#vpn_domains
nftset=/dorama.live/4#inet#fw4#vpn_domains
nftset=/doramalive.ru/4#inet#fw4#vpn_domains
nftset=/doramy.club/4#inet#fw4#vpn_domains
nftset=/dovod.online/4#inet#fw4#vpn_domains
nftset=/download3.omnissa.com/4#inet#fw4#vpn_domains
nftset=/doxa.team/4#inet#fw4#vpn_domains
nftset=/dpidetector.org/4#inet#fw4#vpn_domains
nftset=/dreamhost.com/4#inet#fw4#vpn_domains
nftset=/dreamina.capcut.com/4#inet#fw4#vpn_domains
nftset=/dub.sh/4#inet#fw4#vpn_domains
nftset=/ducati.com/4#inet#fw4#vpn_domains
nftset=/dumka.media/4#inet#fw4#vpn_domains
nftset=/dw.com/4#inet#fw4#vpn_domains
nftset=/dyson.com/4#inet#fw4#vpn_domains
nftset=/e-hentai.org/4#inet#fw4#vpn_domains
nftset=/e621.net/4#inet#fw4#vpn_domains
nftset=/easydmarc.com/4#inet#fw4#vpn_domains
nftset=/echofm.online/4#inet#fw4#vpn_domains
nftset=/editorx.com/4#inet#fw4#vpn_domains
nftset=/edu-cisco.org/4#inet#fw4#vpn_domains
nftset=/ef.com/4#inet#fw4#vpn_domains
nftset=/ef.edu/4#inet#fw4#vpn_domains
nftset=/eggertspiele.de/4#inet#fw4#vpn_domains
nftset=/ej.ru/4#inet#fw4#vpn_domains
nftset=/ekhokavkaza.com/4#inet#fw4#vpn_domains
nftset=/element14.com/4#inet#fw4#vpn_domains
nftset=/elements.envato.com/4#inet#fw4#vpn_domains
nftset=/elevenlabs.io/4#inet#fw4#vpn_domains
nftset=/eneba.com/4#inet#fw4#vpn_domains
nftset=/epidemz.net.co/4#inet#fw4#vpn_domains
nftset=/eporner.com/4#inet#fw4#vpn_domains
nftset=/espreso.tv/4#inet#fw4#vpn_domains
nftset=/etahub.com/4#inet#fw4#vpn_domains
nftset=/etsy.com/4#inet#fw4#vpn_domains
nftset=/euronews.com/4#inet#fw4#vpn_domains
nftset=/euroradio.fm/4#inet#fw4#vpn_domains
nftset=/eutrp.eu/4#inet#fw4#vpn_domains
nftset=/everand.com/4#inet#fw4#vpn_domains
nftset=/exchanger.bits.media/4#inet#fw4#vpn_domains
nftset=/exler.es/4#inet#fw4#vpn_domains
nftset=/expandrive.com/4#inet#fw4#vpn_domains
nftset=/expres.online/4#inet#fw4#vpn_domains
nftset=/extremetech.com/4#inet#fw4#vpn_domains
nftset=/f1.com/4#inet#fw4#vpn_domains
nftset=/f95-zone.to/4#inet#fw4#vpn_domains
nftset=/facebook.com/4#inet#fw4#vpn_domains
nftset=/facebook.net/4#inet#fw4#vpn_domains
nftset=/fansly.com/4#inet#fw4#vpn_domains
nftset=/fast-torrent.club/4#inet#fw4#vpn_domains
nftset=/fast.com/4#inet#fw4#vpn_domains
nftset=/fastpic.org/4#inet#fw4#vpn_domains
nftset=/fb.com/4#inet#fw4#vpn_domains
nftset=/fbcdn.net/4#inet#fw4#vpn_domains
nftset=/fbsbx.com/4#inet#fw4#vpn_domains
nftset=/ficbook.net/4#inet#fw4#vpn_domains
nftset=/filebin.net/4#inet#fw4#vpn_domains
nftset=/filmitorrent.net/4#inet#fw4#vpn_domains
nftset=/filmix.ac/4#inet#fw4#vpn_domains
nftset=/filmix.biz/4#inet#fw4#vpn_domains
nftset=/filmix.day/4#inet#fw4#vpn_domains
nftset=/filmix.fan/4#inet#fw4#vpn_domains
nftset=/filmix.fm/4#inet#fw4#vpn_domains
nftset=/filmix.la/4#inet#fw4#vpn_domains
nftset=/flibusta.is/4#inet#fw4#vpn_domains
nftset=/flibusta.net/4#inet#fw4#vpn_domains
nftset=/flipboard.com/4#inet#fw4#vpn_domains
nftset=/flir.com/4#inet#fw4#vpn_domains
nftset=/flir.eu/4#inet#fw4#vpn_domains
nftset=/flisland.net/4#inet#fw4#vpn_domains
nftset=/flourish.studio/4#inet#fw4#vpn_domains
nftset=/fls.guru/4#inet#fw4#vpn_domains
nftset=/fluke.com/4#inet#fw4#vpn_domains
nftset=/flukenetworks.com/4#inet#fw4#vpn_domains
nftset=/flyertalk.com/4#inet#fw4#vpn_domains
nftset=/fn-volga.ru/4#inet#fw4#vpn_domains
nftset=/fonge.org/4#inet#fw4#vpn_domains
nftset=/footballapi.pulselive.com/4#inet#fw4#vpn_domains
nftset=/force-user-content.com/4#inet#fw4#vpn_domains
nftset=/force.com/4#inet#fw4#vpn_domains
nftset=/forklog.com/4#inet#fw4#vpn_domains
nftset=/formula1.com/4#inet#fw4#vpn_domains
nftset=/fortanga.org/4#inet#fw4#vpn_domains
nftset=/forum.netgate.com/4#inet#fw4#vpn_domains
nftset=/forum.ru-board.com/4#inet#fw4#vpn_domains
nftset=/foxnews.com/4#inet#fw4#vpn_domains
nftset=/framer.com/4#inet#fw4#vpn_domains
nftset=/freedomletters.org/4#inet#fw4#vpn_domains
nftset=/freeimages.com/4#inet#fw4#vpn_domains
nftset=/freemedia.io/4#inet#fw4#vpn_domains
nftset=/freeones.com/4#inet#fw4#vpn_domains
nftset=/fxnetworks.com/4#inet#fw4#vpn_domains
nftset=/g2a.com/4#inet#fw4#vpn_domains
nftset=/gagadget.com/4#inet#fw4#vpn_domains
nftset=/gamedistribution.com/4#inet#fw4#vpn_domains
nftset=/gamesrepack.com/4#inet#fw4#vpn_domains
nftset=/gamestop.com/4#inet#fw4#vpn_domains
nftset=/gaming.amazon.com/4#inet#fw4#vpn_domains
nftset=/geforcenow.com/4#inet#fw4#vpn_domains
nftset=/gelbooru.com/4#inet#fw4#vpn_domains
nftset=/genspark.ai/4#inet#fw4#vpn_domains
nftset=/geolocation.onetrust.com/4#inet#fw4#vpn_domains
nftset=/germania.one/4#inet#fw4#vpn_domains
nftset=/getoutline.com/4#inet#fw4#vpn_domains
nftset=/getoutline.org/4#inet#fw4#vpn_domains
nftset=/gfn.am/4#inet#fw4#vpn_domains
nftset=/ggpht.com/4#inet#fw4#vpn_domains
nftset=/ghostrc.game.idtech.services/4#inet#fw4#vpn_domains
nftset=/gifyu.com/4#inet#fw4#vpn_domains
nftset=/git.new/4#inet#fw4#vpn_domains
nftset=/glavred.info/4#inet#fw4#vpn_domains
nftset=/glavred.net/4#inet#fw4#vpn_domains
nftset=/global.fncstatic.com/4#inet#fw4#vpn_domains
nftset=/glpals.com/4#inet#fw4#vpn_domains
nftset=/godaddy.com/4#inet#fw4#vpn_domains
nftset=/gofile.io/4#inet#fw4#vpn_domains
nftset=/gofundme.com/4#inet#fw4#vpn_domains
nftset=/golosameriki.com/4#inet#fw4#vpn_domains
nftset=/gonitro.com/4#inet#fw4#vpn_domains
nftset=/goodreads.com/4#inet#fw4#vpn_domains
nftset=/googlevideo.com/4#inet#fw4#vpn_domains
nftset=/gpsonextra.net/4#inet#fw4#vpn_domains
nftset=/gpu-monkey.com/4#inet#fw4#vpn_domains
nftset=/gql.twitch.tv/4#inet#fw4#vpn_domains
nftset=/gr-assets.com/4#inet#fw4#vpn_domains
nftset=/grafana.com/4#inet#fw4#vpn_domains
nftset=/grani.ru/4#inet#fw4#vpn_domains
nftset=/graty.me/4#inet#fw4#vpn_domains
nftset=/graylog.org/4#inet#fw4#vpn_domains
nftset=/grizzlysms.com/4#inet#fw4#vpn_domains
nftset=/grok.com/4#inet#fw4#vpn_domains
nftset=/groq.com/4#inet#fw4#vpn_domains
nftset=/groupon.com/4#inet#fw4#vpn_domains
nftset=/guilded.gg/4#inet#fw4#vpn_domains
nftset=/gulagu.net/4#inet#fw4#vpn_domains
nftset=/habr.com/4#inet#fw4#vpn_domains
nftset=/hackernoon.com/4#inet#fw4#vpn_domains
nftset=/hackmd.io/4#inet#fw4#vpn_domains
nftset=/halooglasi.com/4#inet#fw4#vpn_domains
nftset=/hashicorp.com/4#inet#fw4#vpn_domains
nftset=/haydaygame.com/4#inet#fw4#vpn_domains
nftset=/hbomax.com/4#inet#fw4#vpn_domains
nftset=/hc-ping.com/4#inet#fw4#vpn_domains
nftset=/hchk.io/4#inet#fw4#vpn_domains
nftset=/hd-rezka.tv/4#inet#fw4#vpn_domains
nftset=/hdkinoteatr.com/4#inet#fw4#vpn_domains
nftset=/hdrezka.ac/4#inet#fw4#vpn_domains
nftset=/hdrezka.ag/4#inet#fw4#vpn_domains
nftset=/hdrezka.app/4#inet#fw4#vpn_domains
nftset=/hdrezka.me/4#inet#fw4#vpn_domains
nftset=/hdrezka.tech/4#inet#fw4#vpn_domains
nftset=/hdrezka.tv/4#inet#fw4#vpn_domains
nftset=/hdrzk.org/4#inet#fw4#vpn_domains
nftset=/hdstudio.org/4#inet#fw4#vpn_domains
nftset=/healthline.com/4#inet#fw4#vpn_domains
nftset=/hentai-foundry.com/4#inet#fw4#vpn_domains
nftset=/herokucdn.com/4#inet#fw4#vpn_domains
nftset=/hetzner.com/4#inet#fw4#vpn_domains
nftset=/hitomi.la/4#inet#fw4#vpn_domains
nftset=/hollisterco.com/4#inet#fw4#vpn_domains
nftset=/holod.media/4#inet#fw4#vpn_domains
nftset=/home-connect.com/4#inet#fw4#vpn_domains
nftset=/home.by.me/4#inet#fw4#vpn_domains
nftset=/hostgator.com/4#inet#fw4#vpn_domains
nftset=/hostinger.com/4#inet#fw4#vpn_domains
nftset=/hotels.com/4#inet#fw4#vpn_domains
nftset=/housebrand.com/4#inet#fw4#vpn_domains
nftset=/hqporner.com/4#inet#fw4#vpn_domains
nftset=/hromadske.ua/4#inet#fw4#vpn_domains
nftset=/hs.fi/4#inet#fw4#vpn_domains
nftset=/htmhell.dev/4#inet#fw4#vpn_domains
nftset=/hume.ai/4#inet#fw4#vpn_domains
nftset=/hybrid-analysis.com/4#inet#fw4#vpn_domains
nftset=/i.sakh.com/4#inet#fw4#vpn_domains
nftset=/ibm.com/4#inet#fw4#vpn_domains
nftset=/ibytedtos.com/4#inet#fw4#vpn_domains
nftset=/idelreal.org/4#inet#fw4#vpn_domains
nftset=/iditelesombase.org/4#inet#fw4#vpn_domains
nftset=/iedb.org/4#inet#fw4#vpn_domains
nftset=/ig.me/4#inet#fw4#vpn_domains
nftset=/ign.com/4#inet#fw4#vpn_domains
nftset=/iherb.com/4#inet#fw4#vpn_domains
nftset=/iichan.hk/4#inet#fw4#vpn_domains
nftset=/ikea.com/4#inet#fw4#vpn_domains
nftset=/ilook.tv/4#inet#fw4#vpn_domains
nftset=/image.tmdb.org/4#inet#fw4#vpn_domains
nftset=/imgur.com/4#inet#fw4#vpn_domains
nftset=/important-stories.com/4#inet#fw4#vpn_domains
nftset=/indeed.com/4#inet#fw4#vpn_domains
nftset=/indiehackers.com/4#inet#fw4#vpn_domains
nftset=/infineon.com/4#inet#fw4#vpn_domains
nftset=/insearch.site/4#inet#fw4#vpn_domains
nftset=/instagram.com/4#inet#fw4#vpn_domains
nftset=/install.launcher.omniverse.nvidia.com/4#inet#fw4#vpn_domains
nftset=/intel.com/4#inet#fw4#vpn_domains
nftset=/intel.de/4#inet#fw4#vpn_domains
nftset=/intel.nl/4#inet#fw4#vpn_domains
nftset=/intelix.sophos.com/4#inet#fw4#vpn_domains
nftset=/interactivebrokers.co.uk/4#inet#fw4#vpn_domains
nftset=/interfax.com.ua/4#inet#fw4#vpn_domains
nftset=/internalfb.com/4#inet#fw4#vpn_domains
nftset=/intuit.com/4#inet#fw4#vpn_domains
nftset=/intuitibits.com/4#inet#fw4#vpn_domains
nftset=/ionos.com/4#inet#fw4#vpn_domains
nftset=/iptv.online/4#inet#fw4#vpn_domains
nftset=/is.fi/4#inet#fw4#vpn_domains
nftset=/istories.media/4#inet#fw4#vpn_domains
nftset=/itch.io/4#inet#fw4#vpn_domains
nftset=/itninja.com/4#inet#fw4#vpn_domains
nftset=/itsmycity.ru/4#inet#fw4#vpn_domains
nftset=/jamf.com/4#inet#fw4#vpn_domains
nftset=/jetbrains.com/4#inet#fw4#vpn_domains
nftset=/jetbrains.space/4#inet#fw4#vpn_domains
nftset=/jnn-pa.googleapis.com/4#inet#fw4#vpn_domains
nftset=/jskor.ill.in.ua/4#inet#fw4#vpn_domains
nftset=/jut-su.net/4#inet#fw4#vpn_domains
nftset=/jut.su/4#inet#fw4#vpn_domains
nftset=/jw-russia.org/4#inet#fw4#vpn_domains
nftset=/jw.org/4#inet#fw4#vpn_domains
nftset=/kaktus.media/4#inet#fw4#vpn_domains
nftset=/kaleido.ai/4#inet#fw4#vpn_domains
nftset=/kamatera.com/4#inet#fw4#vpn_domains
nftset=/kara.su/4#inet#fw4#vpn_domains
nftset=/kasparov.ru/4#inet#fw4#vpn_domains
nftset=/kavkaz-uzel.eu/4#inet#fw4#vpn_domains
nftset=/kavkazr.com/4#inet#fw4#vpn_domains
nftset=/kemono.su/4#inet#fw4#vpn_domains
nftset=/keysight.com/4#inet#fw4#vpn_domains
nftset=/kilo.ai/4#inet#fw4#vpn_domains
nftset=/kilocode.ai/4#inet#fw4#vpn_domains
nftset=/kino.pub/4#inet#fw4#vpn_domains
nftset=/kinogo.ec/4#inet#fw4#vpn_domains
nftset=/kinogo.la/4#inet#fw4#vpn_domains
nftset=/kinogo.uk/4#inet#fw4#vpn_domains
nftset=/kinopub.me/4#inet#fw4#vpn_domains
nftset=/kinovod.net/4#inet#fw4#vpn_domains
nftset=/kinozal.guru/4#inet#fw4#vpn_domains
nftset=/kinozal.me/4#inet#fw4#vpn_domains
nftset=/kinozal.tv/4#inet#fw4#vpn_domains
nftset=/kinozaltv.life/4#inet#fw4#vpn_domains
nftset=/klarna.com/4#inet#fw4#vpn_domains
nftset=/kmail-lists.com/4#inet#fw4#vpn_domains
nftset=/knews.kg/4#inet#fw4#vpn_domains
nftset=/knowyourmeme.com/4#inet#fw4#vpn_domains
nftset=/kolsar.org/4#inet#fw4#vpn_domains
nftset=/kor.ill.in.ua/4#inet#fw4#vpn_domains
nftset=/korrespondent.net/4#inet#fw4#vpn_domains
nftset=/kovcheg.live/4#inet#fw4#vpn_domains
nftset=/krymr.com/4#inet#fw4#vpn_domains
nftset=/kupujemprodajem.com/4#inet#fw4#vpn_domains
nftset=/kym-cdn.com/4#inet#fw4#vpn_domains
nftset=/lambdalabs.com/4#inet#fw4#vpn_domains
nftset=/lamcdn.net/4#inet#fw4#vpn_domains
nftset=/langdock.com/4#inet#fw4#vpn_domains
nftset=/lantern.io/4#inet#fw4#vpn_domains
nftset=/ldoceonline.com/4#inet#fw4#vpn_domains
nftset=/le-production.tv/4#inet#fw4#vpn_domains
nftset=/leafletjs.com/4#inet#fw4#vpn_domains
nftset=/legalshield.com/4#inet#fw4#vpn_domains
nftset=/lgeapi.com/4#inet#fw4#vpn_domains
nftset=/lgthinq.com/4#inet#fw4#vpn_domains
nftset=/lib.rus.ec/4#inet#fw4#vpn_domains
nftset=/libgen.li/4#inet#fw4#vpn_domains
nftset=/licdn.com/4#inet#fw4#vpn_domains
nftset=/lidarr.audio/4#inet#fw4#vpn_domains
nftset=/lifehacker.com/4#inet#fw4#vpn_domains
nftset=/liga.net/4#inet#fw4#vpn_domains
nftset=/lightning.ai/4#inet#fw4#vpn_domains
nftset=/linear.app/4#inet#fw4#vpn_domains
nftset=/lingq.com/4#inet#fw4#vpn_domains
nftset=/linkedin.com/4#inet#fw4#vpn_domains
nftset=/linktr.ee/4#inet#fw4#vpn_domains
nftset=/livetv.sx/4#inet#fw4#vpn_domains
nftset=/liveuamap.com/4#inet#fw4#vpn_domains
nftset=/locals.md/4#inet#fw4#vpn_domains
nftset=/lolz.guru/4#inet#fw4#vpn_domains
nftset=/lookerstudio.google.com/4#inet#fw4#vpn_domains
nftset=/lostfilm.download/4#inet#fw4#vpn_domains
nftset=/lostfilm.tv/4#inet#fw4#vpn_domains
nftset=/lostfilm.tw/4#inet#fw4#vpn_domains
nftset=/lostfilm.uno/4#inet#fw4#vpn_domains
nftset=/lostfilmtv2.site/4#inet#fw4#vpn_domains
nftset=/lu4.org/4#inet#fw4#vpn_domains
nftset=/lucid.app/4#inet#fw4#vpn_domains
nftset=/lyst.com/4#inet#fw4#vpn_domains
nftset=/magaz.global/4#inet#fw4#vpn_domains
nftset=/mail-api.proton.me/4#inet#fw4#vpn_domains
nftset=/mailerlite.com/4#inet#fw4#vpn_domains
nftset=/mailfence.com/4#inet#fw4#vpn_domains
nftset=/mailinator.com/4#inet#fw4#vpn_domains
nftset=/mailo.com/4#inet#fw4#vpn_domains
nftset=/make.com/4#inet#fw4#vpn_domains
nftset=/malwarebytes.com/4#inet#fw4#vpn_domains
nftset=/mangadex.org/4#inet#fw4#vpn_domains
nftset=/mangahub.ru/4#inet#fw4#vpn_domains
nftset=/mangapark.net/4#inet#fw4#vpn_domains
nftset=/manus.im/4#inet#fw4#vpn_domains
nftset=/manybooks.net/4#inet#fw4#vpn_domains
nftset=/manyvids.com/4#inet#fw4#vpn_domains
nftset=/marvelsnap.com/4#inet#fw4#vpn_domains
nftset=/mashable.com/4#inet#fw4#vpn_domains
nftset=/mattermost.com/4#inet#fw4#vpn_domains
nftset=/max.com/4#inet#fw4#vpn_domains
nftset=/mbk-news.appspot.com/4#inet#fw4#vpn_domains
nftset=/mediazona.ca/4#inet#fw4#vpn_domains
nftset=/medicalnewstoday.com/4#inet#fw4#vpn_domains
nftset=/medium.com/4#inet#fw4#vpn_domains
nftset=/meduza.io/4#inet#fw4#vpn_domains
nftset=/mega.nz/4#inet#fw4#vpn_domains
nftset=/megapeer.ru/4#inet#fw4#vpn_domains
nftset=/megapeer.vip/4#inet#fw4#vpn_domains
nftset=/merezha.co/4#inet#fw4#vpn_domains
nftset=/meta.com/4#inet#fw4#vpn_domains
nftset=/metacritic.com/4#inet#fw4#vpn_domains
nftset=/metal-archives.com/4#inet#fw4#vpn_domains
nftset=/metla.press/4#inet#fw4#vpn_domains
nftset=/metopera.org/4#inet#fw4#vpn_domains
nftset=/mezha.net/4#inet#fw4#vpn_domains
nftset=/middlewareinventory.com/4#inet#fw4#vpn_domains
nftset=/mignews.com/4#inet#fw4#vpn_domains
nftset=/mintmobile.com/4#inet#fw4#vpn_domains
nftset=/miracleptr.wordpress.com/4#inet#fw4#vpn_domains
nftset=/mixcloud.com/4#inet#fw4#vpn_domains
nftset=/modrinth.com/4#inet#fw4#vpn_domains
nftset=/mongodb.com/4#inet#fw4#vpn_domains
nftset=/monolisa.dev/4#inet#fw4#vpn_domains
nftset=/monoprice.com/4#inet#fw4#vpn_domains
nftset=/more.fm/4#inet#fw4#vpn_domains
nftset=/moscowtimes.ru/4#inet#fw4#vpn_domains
nftset=/mouser.com/4#inet#fw4#vpn_domains
nftset=/mouser.fi/4#inet#fw4#vpn_domains
nftset=/mssg.me/4#inet#fw4#vpn_domains
nftset=/mullvad.net/4#inet#fw4#vpn_domains
nftset=/multporn.net/4#inet#fw4#vpn_domains
nftset=/muscdn.com/4#inet#fw4#vpn_domains
nftset=/musical.ly/4#inet#fw4#vpn_domains
nftset=/musicbrainz.org/4#inet#fw4#vpn_domains
nftset=/musixmatch.com/4#inet#fw4#vpn_domains
nftset=/mw2.wiki/4#inet#fw4#vpn_domains
nftset=/myanimelist.net/4#inet#fw4#vpn_domains
nftset=/mydoramy.club/4#inet#fw4#vpn_domains
nftset=/myheritage.com/4#inet#fw4#vpn_domains
nftset=/myjetbrains.com/4#inet#fw4#vpn_domains
nftset=/myparallels.com/4#inet#fw4#vpn_domains
nftset=/myqrcode.com/4#inet#fw4#vpn_domains
nftset=/navalny.com/4#inet#fw4#vpn_domains
nftset=/nba.com/4#inet#fw4#vpn_domains
nftset=/neformat.com.ua/4#inet#fw4#vpn_domains
nftset=/neo4j.com/4#inet#fw4#vpn_domains
nftset=/netacad.com/4#inet#fw4#vpn_domains
nftset=/netapp.com/4#inet#fw4#vpn_domains
nftset=/netflix.ca/4#inet#fw4#vpn_domains
nftset=/netflix.com/4#inet#fw4#vpn_domains
nftset=/netflix.net/4#inet#fw4#vpn_domains
nftset=/netflixinvestor.com/4#inet#fw4#vpn_domains
nftset=/netflixtechblog.com/4#inet#fw4#vpn_domains
nftset=/netlify.com/4#inet#fw4#vpn_domains
nftset=/networksolutions.com/4#inet#fw4#vpn_domains
nftset=/new.abb.com/4#inet#fw4#vpn_domains
nftset=/newark.com/4#inet#fw4#vpn_domains
nftset=/news.google.com/4#inet#fw4#vpn_domains
nftset=/newsroom.porsche.com/4#inet#fw4#vpn_domains
nftset=/newsru.co.il/4#inet#fw4#vpn_domains
nftset=/newsru.com/4#inet#fw4#vpn_domains
nftset=/newtimes.ru/4#inet#fw4#vpn_domains
nftset=/nfl.com/4#inet#fw4#vpn_domains
nftset=/nflxext.com/4#inet#fw4#vpn_domains
nftset=/nflximg.com/4#inet#fw4#vpn_domains
nftset=/nflximg.net/4#inet#fw4#vpn_domains
nftset=/nflxsearch.net/4#inet#fw4#vpn_domains
nftset=/nflxso.net/4#inet#fw4#vpn_domains
nftset=/nflxvideo.net/4#inet#fw4#vpn_domains
nftset=/ngrok.com/4#inet#fw4#vpn_domains
nftset=/nhentai.com/4#inet#fw4#vpn_domains
nftset=/nhentai.net/4#inet#fw4#vpn_domains
nftset=/nhl.com/4#inet#fw4#vpn_domains
nftset=/nih.gov/4#inet#fw4#vpn_domains
nftset=/nike.com/4#inet#fw4#vpn_domains
nftset=/nippon.com/4#inet#fw4#vpn_domains
nftset=/nitropdf.com/4#inet#fw4#vpn_domains
nftset=/nnmclub.to/4#inet#fw4#vpn_domains
nftset=/nnmstatic.win/4#inet#fw4#vpn_domains
nftset=/nordaccount.com/4#inet#fw4#vpn_domains
nftset=/nordcdn.com/4#inet#fw4#vpn_domains
nftset=/nordvpn.com/4#inet#fw4#vpn_domains
nftset=/notepad-plus-plus.org/4#inet#fw4#vpn_domains
nftset=/notion-emojis.s3-us-west-2.amazonaws.com/4#inet#fw4#vpn_domains
nftset=/notion-static.com/4#inet#fw4#vpn_domains
nftset=/notion.com/4#inet#fw4#vpn_domains
nftset=/notion.new/4#inet#fw4#vpn_domains
nftset=/notion.site/4#inet#fw4#vpn_domains
nftset=/notion.so/4#inet#fw4#vpn_domains
nftset=/novaline.fm/4#inet#fw4#vpn_domains
nftset=/novaya.no/4#inet#fw4#vpn_domains
nftset=/novayagazeta.eu/4#inet#fw4#vpn_domains
nftset=/novayagazeta.ru/4#inet#fw4#vpn_domains
nftset=/novyny.live/4#inet#fw4#vpn_domains
nftset=/ntc.party/4#inet#fw4#vpn_domains
nftset=/ntp.msn.com/4#inet#fw4#vpn_domains
nftset=/nude-moon.org/4#inet#fw4#vpn_domains
nftset=/nxp.com/4#inet#fw4#vpn_domains
nftset=/oaistatic.com/4#inet#fw4#vpn_domains
nftset=/oaiusercontent.com/4#inet#fw4#vpn_domains
nftset=/obozrevatel.com/4#inet#fw4#vpn_domains
nftset=/ocstore.com/4#inet#fw4#vpn_domains
nftset=/octopus.do/4#inet#fw4#vpn_domains
nftset=/oculus.com/4#inet#fw4#vpn_domains
nftset=/ohmyswift.ru/4#inet#fw4#vpn_domains
nftset=/oi.legal/4#inet#fw4#vpn_domains
nftset=/okx.com/4#inet#fw4#vpn_domains
nftset=/olx.ua/4#inet#fw4#vpn_domains
nftset=/omnissa.com/4#inet#fw4#vpn_domains
nftset=/omv-extras.org/4#inet#fw4#vpn_domains
nftset=/onfastspring.com/4#inet#fw4#vpn_domains
nftset=/onlinesim.io/4#inet#fw4#vpn_domains
nftset=/onshape.com/4#inet#fw4#vpn_domains
nftset=/openai.com/4#inet#fw4#vpn_domains
nftset=/openh264.org/4#inet#fw4#vpn_domains
nftset=/openmedia.io/4#inet#fw4#vpn_domains
nftset=/openrouter.ai/4#inet#fw4#vpn_domains
nftset=/opensanctions.org/4#inet#fw4#vpn_domains
nftset=/opensea.io/4#inet#fw4#vpn_domains
nftset=/opentrackr.org/4#inet#fw4#vpn_domains
nftset=/opposition-news.com/4#inet#fw4#vpn_domains
nftset=/oracle.com/4#inet#fw4#vpn_domains
nftset=/ovd.info/4#inet#fw4#vpn_domains
nftset=/ovd.legal/4#inet#fw4#vpn_domains
nftset=/ovd.news/4#inet#fw4#vpn_domains
nftset=/ovdinfo.org/4#inet#fw4#vpn_domains
nftset=/ozodi.org/4#inet#fw4#vpn_domains
nftset=/paddle.com/4#inet#fw4#vpn_domains
nftset=/paddlestatus.com/4#inet#fw4#vpn_domains
nftset=/pages.dev/4#inet#fw4#vpn_domains
nftset=/pandasecurity.com/4#inet#fw4#vpn_domains
nftset=/pap.pl/4#inet#fw4#vpn_domains
nftset=/paperpaper.io/4#inet#fw4#vpn_domains
nftset=/paperpaper.ru/4#inet#fw4#vpn_domains
nftset=/parallels.cn/4#inet#fw4#vpn_domains
nftset=/parallels.com/4#inet#fw4#vpn_domains
nftset=/parallels.net/4#inet#fw4#vpn_domains
nftset=/parallelsaccess.com/4#inet#fw4#vpn_domains
nftset=/paritydeals.com/4#inet#fw4#vpn_domains
nftset=/patreon.com/4#inet#fw4#vpn_domains
nftset=/patreonusercontent.com/4#inet#fw4#vpn_domains
nftset=/patriot.dp.ua/4#inet#fw4#vpn_domains
nftset=/pb.wtf/4#inet#fw4#vpn_domains
nftset=/pcgamesn.com/4#inet#fw4#vpn_domains
nftset=/pcmag.com/4#inet#fw4#vpn_domains
nftset=/penguin.com/4#inet#fw4#vpn_domains
nftset=/penguinrandomhouse.com/4#inet#fw4#vpn_domains
nftset=/periscope.tv/4#inet#fw4#vpn_domains
nftset=/pexels.com/4#inet#fw4#vpn_domains
nftset=/phncdn.com/4#inet#fw4#vpn_domains
nftset=/phncdn.com.sds.rncdn7.com/4#inet#fw4#vpn_domains
nftset=/pimpletv.ru/4#inet#fw4#vpn_domains
nftset=/pingdom.com/4#inet#fw4#vpn_domains
nftset=/piratbit.top/4#inet#fw4#vpn_domains
nftset=/pixabay.com/4#inet#fw4#vpn_domains
nftset=/pkgs.tailscale.com/4#inet#fw4#vpn_domains
nftset=/platform.activestate.com/4#inet#fw4#vpn_domains
nftset=/playboy.com/4#inet#fw4#vpn_domains
nftset=/plugshare.com/4#inet#fw4#vpn_domains
nftset=/polit.ru/4#inet#fw4#vpn_domains
nftset=/politico.eu/4#inet#fw4#vpn_domains
nftset=/politiken.dk/4#inet#fw4#vpn_domains
nftset=/polymarket.com/4#inet#fw4#vpn_domains
nftset=/pornhub.com/4#inet#fw4#vpn_domains
nftset=/pornhub.org/4#inet#fw4#vpn_domains
nftset=/pornolab.net/4#inet#fw4#vpn_domains
nftset=/portal.lviv.ua/4#inet#fw4#vpn_domains
nftset=/posle.media/4#inet#fw4#vpn_domains
nftset=/posthog.com/4#inet#fw4#vpn_domains
nftset=/postimees.ee/4#inet#fw4#vpn_domains
nftset=/pravda.com/4#inet#fw4#vpn_domains
nftset=/pravda.com.ua/4#inet#fw4#vpn_domains
nftset=/premierleague.com/4#inet#fw4#vpn_domains
nftset=/primark.com/4#inet#fw4#vpn_domains
nftset=/primevideo.com/4#inet#fw4#vpn_domains
nftset=/primevue.org/4#inet#fw4#vpn_domains
nftset=/privatekeys.pw/4#inet#fw4#vpn_domains
nftset=/prnt.sc/4#inet#fw4#vpn_domains
nftset=/proactivebackend-pa.googleapis.com/4#inet#fw4#vpn_domains
nftset=/production-openaicom-storage.azureedge.net/4#inet#fw4#vpn_domains
nftset=/proekt.media/4#inet#fw4#vpn_domains
nftset=/profitwell.com/4#inet#fw4#vpn_domains
nftset=/pronouns.page/4#inet#fw4#vpn_domains
nftset=/prosleduetmedia.com/4#inet#fw4#vpn_domains
nftset=/prostovpn.org/4#inet#fw4#vpn_domains
nftset=/proton.me/4#inet#fw4#vpn_domains
nftset=/protonvpn.com/4#inet#fw4#vpn_domains
nftset=/provereno.media/4#inet#fw4#vpn_domains
nftset=/prowlarr.com/4#inet#fw4#vpn_domains
nftset=/pscp.tv/4#inet#fw4#vpn_domains
nftset=/psiphon.ca/4#inet#fw4#vpn_domains
nftset=/public.parsec.app/4#inet#fw4#vpn_domains
nftset=/pvpessence.com/4#inet#fw4#vpn_domains
nftset=/qt.io/4#inet#fw4#vpn_domains
nftset=/qualcomm.com/4#inet#fw4#vpn_domains
nftset=/quicknode.com/4#inet#fw4#vpn_domains
nftset=/quora.com/4#inet#fw4#vpn_domains
nftset=/quora.com.cdn.cloudflare.net/4#inet#fw4#vpn_domains
nftset=/qwant.com/4#inet#fw4#vpn_domains
nftset=/r4.err.ee/4#inet#fw4#vpn_domains
nftset=/radiojar.com/4#inet#fw4#vpn_domains
nftset=/radiosakharov.org/4#inet#fw4#vpn_domains
nftset=/radiosvoboda.org/4#inet#fw4#vpn_domains
nftset=/rbc.ua/4#inet#fw4#vpn_domains
nftset=/reactflow.dev/4#inet#fw4#vpn_domains
nftset=/realbooru.com/4#inet#fw4#vpn_domains
nftset=/realist.online/4#inet#fw4#vpn_domains
nftset=/recraft.ai/4#inet#fw4#vpn_domains
nftset=/reddxxx.com/4#inet#fw4#vpn_domains
nftset=/redgifs.com/4#inet#fw4#vpn_domains
nftset=/redis.io/4#inet#fw4#vpn_domains
nftset=/redislabs.com/4#inet#fw4#vpn_domains
nftset=/redshieldvpn.com/4#inet#fw4#vpn_domains
nftset=/refactoring.guru/4#inet#fw4#vpn_domains
nftset=/remna.st/4#inet#fw4#vpn_domains
nftset=/remove.bg/4#inet#fw4#vpn_domains
nftset=/render-state.to/4#inet#fw4#vpn_domains
nftset=/rentry.co/4#inet#fw4#vpn_domains
nftset=/rentry.org/4#inet#fw4#vpn_domains
nftset=/republic.ru/4#inet#fw4#vpn_domains
nftset=/research.net/4#inet#fw4#vpn_domains
nftset=/restream.io/4#inet#fw4#vpn_domains
nftset=/returnyoutubedislikeapi.com/4#inet#fw4#vpn_domains
nftset=/reve.art/4#inet#fw4#vpn_domains
nftset=/rezka-ua.in/4#inet#fw4#vpn_domains
nftset=/rezka.ag/4#inet#fw4#vpn_domains
nftset=/rezka.cc/4#inet#fw4#vpn_domains
nftset=/rezka.fi/4#inet#fw4#vpn_domains
nftset=/rezka.land/4#inet#fw4#vpn_domains
nftset=/rezka.my/4#inet#fw4#vpn_domains
nftset=/rezka.tv/4#inet#fw4#vpn_domains
nftset=/rezkify.com/4#inet#fw4#vpn_domains
nftset=/rezonans.media/4#inet#fw4#vpn_domains
nftset=/rf.dobrochan.net/4#inet#fw4#vpn_domains
nftset=/rferl.org/4#inet#fw4#vpn_domains
nftset=/rima.media/4#inet#fw4#vpn_domains
nftset=/riperam.org/4#inet#fw4#vpn_domains
nftset=/riseup.net/4#inet#fw4#vpn_domains
nftset=/roar-review.com/4#inet#fw4#vpn_domains
nftset=/root-nation.com/4#inet#fw4#vpn_domains
nftset=/roskomsvoboda.org/4#inet#fw4#vpn_domains
nftset=/rublacklist.net/4#inet#fw4#vpn_domains
nftset=/rule34.art/4#inet#fw4#vpn_domains
nftset=/rule34.us/4#inet#fw4#vpn_domains
nftset=/rule34.xxx/4#inet#fw4#vpn_domains
nftset=/rus.delfi.ee/4#inet#fw4#vpn_domains
nftset=/rus.jauns.lv/4#inet#fw4#vpn_domains
nftset=/ruscryde.net/4#inet#fw4#vpn_domains
nftset=/rustorka.com/4#inet#fw4#vpn_domains
nftset=/rutor.info/4#inet#fw4#vpn_domains
nftset=/rutor.is/4#inet#fw4#vpn_domains
nftset=/rutor.org/4#inet#fw4#vpn_domains
nftset=/rutracker.cc/4#inet#fw4#vpn_domains
nftset=/rutracker.net/4#inet#fw4#vpn_domains
nftset=/rutracker.org/4#inet#fw4#vpn_domains
nftset=/rutracker.wiki/4#inet#fw4#vpn_domains
nftset=/sakhalin.info/4#inet#fw4#vpn_domains
nftset=/sakharovfoundation.org/4#inet#fw4#vpn_domains
nftset=/salesforce-experience.com/4#inet#fw4#vpn_domains
nftset=/salesforce-hub.com/4#inet#fw4#vpn_domains
nftset=/salesforce-scrt.com/4#inet#fw4#vpn_domains
nftset=/salesforce-setup.com/4#inet#fw4#vpn_domains
nftset=/salesforce-sites.com/4#inet#fw4#vpn_domains
nftset=/salesforce.com/4#inet#fw4#vpn_domains
nftset=/salesforceiq.com/4#inet#fw4#vpn_domains
nftset=/salesforceliveagent.com/4#inet#fw4#vpn_domains
nftset=/sap.com/4#inet#fw4#vpn_domains
nftset=/saverudata.net/4#inet#fw4#vpn_domains
nftset=/sci-hub.se/4#inet#fw4#vpn_domains
nftset=/sci-hub.st/4#inet#fw4#vpn_domains
nftset=/scrollrevealjs.org/4#inet#fw4#vpn_domains
nftset=/scryde.io/4#inet#fw4#vpn_domains
nftset=/scryde.net/4#inet#fw4#vpn_domains
nftset=/scryde.ru/4#inet#fw4#vpn_domains
nftset=/scryde.world/4#inet#fw4#vpn_domains
nftset=/scryde1.net/4#inet#fw4#vpn_domains
nftset=/scryde10.net/4#inet#fw4#vpn_domains
nftset=/scryde11.net/4#inet#fw4#vpn_domains
nftset=/scryde12.net/4#inet#fw4#vpn_domains
nftset=/scryde2.net/4#inet#fw4#vpn_domains
nftset=/scryde3.net/4#inet#fw4#vpn_domains
nftset=/scryde4.net/4#inet#fw4#vpn_domains
nftset=/scryde5.net/4#inet#fw4#vpn_domains
nftset=/scryde6.net/4#inet#fw4#vpn_domains
nftset=/scryde7.net/4#inet#fw4#vpn_domains
nftset=/scryde8.net/4#inet#fw4#vpn_domains
nftset=/scryde9.net/4#inet#fw4#vpn_domains
nftset=/sdxcentral.com/4#inet#fw4#vpn_domains
nftset=/searchfloor.org/4#inet#fw4#vpn_domains
nftset=/seasonvar.ru/4#inet#fw4#vpn_domains
nftset=/seconddinnertech.com/4#inet#fw4#vpn_domains
nftset=/selezen.org/4#inet#fw4#vpn_domains
nftset=/semnasem.org/4#inet#fw4#vpn_domains
nftset=/semrush.com/4#inet#fw4#vpn_domains
nftset=/sentry.dev/4#inet#fw4#vpn_domains
nftset=/sentry.io/4#inet#fw4#vpn_domains
nftset=/sephora.com/4#inet#fw4#vpn_domains
nftset=/servarr.com/4#inet#fw4#vpn_domains
nftset=/severreal.org/4#inet#fw4#vpn_domains
nftset=/sfdcopens.com/4#inet#fw4#vpn_domains
nftset=/shikimori.me/4#inet#fw4#vpn_domains
nftset=/shinyhardware.co.uk/4#inet#fw4#vpn_domains
nftset=/shiza-project.com/4#inet#fw4#vpn_domains
nftset=/shop.gameloft.com/4#inet#fw4#vpn_domains
nftset=/showip.net/4#inet#fw4#vpn_domains
nftset=/sibreal.org/4#inet#fw4#vpn_domains
nftset=/signal.org/4#inet#fw4#vpn_domains
nftset=/simplex.chat/4#inet#fw4#vpn_domains
nftset=/simplex.im/4#inet#fw4#vpn_domains
nftset=/simplix.info/4#inet#fw4#vpn_domains
nftset=/singlekey-id.com/4#inet#fw4#vpn_domains
nftset=/site.com/4#inet#fw4#vpn_domains
nftset=/siteground.com/4#inet#fw4#vpn_domains
nftset=/skat.media/4#inet#fw4#vpn_domains
nftset=/sketchup.com/4#inet#fw4#vpn_domains
nftset=/skiff.com/4#inet#fw4#vpn_domains
nftset=/skladchik.com/4#inet#fw4#vpn_domains
nftset=/sklatchiki.ru/4#inet#fw4#vpn_domains
nftset=/sky.com/4#inet#fw4#vpn_domains
nftset=/skycdp.com/4#inet#fw4#vpn_domains
nftset=/slashlib.me/4#inet#fw4#vpn_domains
nftset=/slavicsac.com/4#inet#fw4#vpn_domains
nftset=/slifki.biz/4#inet#fw4#vpn_domains
nftset=/smartbear.co/4#inet#fw4#vpn_domains
nftset=/smartbear.com/4#inet#fw4#vpn_domains
nftset=/smartdeploy.com/4#inet#fw4#vpn_domains
nftset=/sms-activate.io/4#inet#fw4#vpn_domains
nftset=/snapgametech.com/4#inet#fw4#vpn_domains
nftset=/snapgene.com/4#inet#fw4#vpn_domains
nftset=/sndcdn.com/4#inet#fw4#vpn_domains
nftset=/snort.org/4#inet#fw4#vpn_domains
nftset=/snyk.io/4#inet#fw4#vpn_domains
nftset=/sobesednik.com/4#inet#fw4#vpn_domains
nftset=/solarwinds.com/4#inet#fw4#vpn_domains
nftset=/sonara.ai/4#inet#fw4#vpn_domains
nftset=/sophos.com/4#inet#fw4#vpn_domains
nftset=/sora.com/4#inet#fw4#vpn_domains
nftset=/sotaproject.com/4#inet#fw4#vpn_domains
nftset=/soundcloud.cloud/4#inet#fw4#vpn_domains
nftset=/soundcloud.com/4#inet#fw4#vpn_domains
nftset=/sovetromantica.com/4#inet#fw4#vpn_domains
nftset=/spacelift.io/4#inet#fw4#vpn_domains
nftset=/speedtest.net/4#inet#fw4#vpn_domains
nftset=/spektr.press/4#inet#fw4#vpn_domains
nftset=/spiceworks.com/4#inet#fw4#vpn_domains
nftset=/spiegel.de/4#inet#fw4#vpn_domains
nftset=/spitfireaudio.com/4#inet#fw4#vpn_domains
nftset=/spotify.com/4#inet#fw4#vpn_domains
nftset=/spreadthesign.com/4#inet#fw4#vpn_domains
nftset=/sputnikipogrom.com/4#inet#fw4#vpn_domains
nftset=/squadbustersgame.com/4#inet#fw4#vpn_domains
nftset=/squareup.com/4#inet#fw4#vpn_domains
nftset=/squietpc.com/4#inet#fw4#vpn_domains
nftset=/startmail.com/4#inet#fw4#vpn_domains
nftset=/startpage.com/4#inet#fw4#vpn_domains
nftset=/static.lostfilm.top/4#inet#fw4#vpn_domains
nftset=/statology.org/4#inet#fw4#vpn_domains
nftset=/steamstat.info/4#inet#fw4#vpn_domains
nftset=/strana.news/4#inet#fw4#vpn_domains
nftset=/strana.today/4#inet#fw4#vpn_domains
nftset=/strava.com/4#inet#fw4#vpn_domains
nftset=/suggestqueries.google.com/4#inet#fw4#vpn_domains
nftset=/supercell.com/4#inet#fw4#vpn_domains
nftset=/supersliv.biz/4#inet#fw4#vpn_domains
nftset=/support.anydesk.com/4#inet#fw4#vpn_domains
nftset=/support.xerox.com/4#inet#fw4#vpn_domains
nftset=/surfshark.com/4#inet#fw4#vpn_domains
nftset=/surveymonkey.com/4#inet#fw4#vpn_domains
nftset=/suspilne.media/4#inet#fw4#vpn_domains
nftset=/svidomi.in.ua/4#inet#fw4#vpn_domains
nftset=/svoboda.org/4#inet#fw4#vpn_domains
nftset=/svoi.kr.ua/4#inet#fw4#vpn_domains
nftset=/svtv.org/4#inet#fw4#vpn_domains
nftset=/swagger.io/4#inet#fw4#vpn_domains
nftset=/swapd.co/4#inet#fw4#vpn_domains
nftset=/swissinfo.ch/4#inet#fw4#vpn_domains
nftset=/synoforum.com/4#inet#fw4#vpn_domains
nftset=/t-invariant.org/4#inet#fw4#vpn_domains
nftset=/t.co/4#inet#fw4#vpn_domains
nftset=/tableau.com/4#inet#fw4#vpn_domains
nftset=/talosintelligence.com/4#inet#fw4#vpn_domains
nftset=/tayga.info/4#inet#fw4#vpn_domains
nftset=/te-st.org/4#inet#fw4#vpn_domains
nftset=/teamviewer.com/4#inet#fw4#vpn_domains
nftset=/techbargains.com/4#inet#fw4#vpn_domains
nftset=/telegraf.by/4#inet#fw4#vpn_domains
nftset=/telegraf.news/4#inet#fw4#vpn_domains
nftset=/telegraph.co.uk/4#inet#fw4#vpn_domains
nftset=/telemetr.io/4#inet#fw4#vpn_domains
nftset=/tellapart.com/4#inet#fw4#vpn_domains
nftset=/tempmail.plus/4#inet#fw4#vpn_domains
nftset=/temu.com/4#inet#fw4#vpn_domains
nftset=/terraform.io/4#inet#fw4#vpn_domains
nftset=/the-village.ru/4#inet#fw4#vpn_domains
nftset=/theaudiodb.com/4#inet#fw4#vpn_domains
nftset=/thebarentsobserver.com/4#inet#fw4#vpn_domains
nftset=/thebell.io/4#inet#fw4#vpn_domains
nftset=/theins.press/4#inet#fw4#vpn_domains
nftset=/theins.ru/4#inet#fw4#vpn_domains
nftset=/themoscowtimes.com/4#inet#fw4#vpn_domains
nftset=/themoviedb.org/4#inet#fw4#vpn_domains
nftset=/thepiratebay.org/4#inet#fw4#vpn_domains
nftset=/theporndude.com/4#inet#fw4#vpn_domains
nftset=/thetruestory.news/4#inet#fw4#vpn_domains
nftset=/thetvdb.com/4#inet#fw4#vpn_domains
nftset=/threads.net/4#inet#fw4#vpn_domains
nftset=/threema.ch/4#inet#fw4#vpn_domains
nftset=/ti.com/4#inet#fw4#vpn_domains
nftset=/tidal.com/4#inet#fw4#vpn_domains
nftset=/tik-tokapi.com/4#inet#fw4#vpn_domains
nftset=/tiktok.com/4#inet#fw4#vpn_domains
nftset=/tiktokcdn-eu.com/4#inet#fw4#vpn_domains
nftset=/tiktokcdn-us.com/4#inet#fw4#vpn_domains
nftset=/tiktokcdn.com/4#inet#fw4#vpn_domains
nftset=/tiktokd.net/4#inet#fw4#vpn_domains
nftset=/tiktokd.org/4#inet#fw4#vpn_domains
nftset=/tiktokv.com/4#inet#fw4#vpn_domains
nftset=/tiktokv.eu/4#inet#fw4#vpn_domains
nftset=/tiktokv.us/4#inet#fw4#vpn_domains
nftset=/tiktokw.us/4#inet#fw4#vpn_domains
nftset=/timberland.de/4#inet#fw4#vpn_domains
nftset=/tiptop-vpn.com/4#inet#fw4#vpn_domains
nftset=/tmdb-image-prod.b-cdn.net/4#inet#fw4#vpn_domains
nftset=/tmdb.com/4#inet#fw4#vpn_domains
nftset=/tmdb.org/4#inet#fw4#vpn_domains
nftset=/toolbox.app/4#inet#fw4#vpn_domains
nftset=/torproject.org/4#inet#fw4#vpn_domains
nftset=/torrenteditor.com/4#inet#fw4#vpn_domains
nftset=/torrentgalaxy.to/4#inet#fw4#vpn_domains
nftset=/trae.ai/4#inet#fw4#vpn_domains
nftset=/trailblazer.me/4#inet#fw4#vpn_domains
nftset=/trailhead.com/4#inet#fw4#vpn_domains
nftset=/transferwise.com/4#inet#fw4#vpn_domains
nftset=/trellix.com/4#inet#fw4#vpn_domains
nftset=/tria.ge/4#inet#fw4#vpn_domains
nftset=/trueblackmetalradio.com/4#inet#fw4#vpn_domains
nftset=/truthsocial.com/4#inet#fw4#vpn_domains
nftset=/tsmc.com/4#inet#fw4#vpn_domains
nftset=/ttwstatic.com/4#inet#fw4#vpn_domains
nftset=/turbobit.net/4#inet#fw4#vpn_domains
nftset=/tuta.com/4#inet#fw4#vpn_domains
nftset=/tuta.io/4#inet#fw4#vpn_domains
nftset=/tutanota.com/4#inet#fw4#vpn_domains
nftset=/tvdevinfo.com/4#inet#fw4#vpn_domains
nftset=/tvfreedom.io/4#inet#fw4#vpn_domains
nftset=/tvrain.ru/4#inet#fw4#vpn_domains
nftset=/tvrain.tv/4#inet#fw4#vpn_domains
nftset=/tweetdeck.com/4#inet#fw4#vpn_domains
nftset=/twimg.com/4#inet#fw4#vpn_domains
nftset=/twin.me/4#inet#fw4#vpn_domains
nftset=/twinlife-systems.com/4#inet#fw4#vpn_domains
nftset=/twinme.com/4#inet#fw4#vpn_domains
nftset=/twirpx.com/4#inet#fw4#vpn_domains
nftset=/twitpic.com/4#inet#fw4#vpn_domains
nftset=/twitter.biz/4#inet#fw4#vpn_domains
nftset=/twitter.com/4#inet#fw4#vpn_domains
nftset=/twitter.jp/4#inet#fw4#vpn_domains
nftset=/twittercommunity.com/4#inet#fw4#vpn_domains
nftset=/twitterflightschool.com/4#inet#fw4#vpn_domains
nftset=/twitterinc.com/4#inet#fw4#vpn_domains
nftset=/twitteroauth.com/4#inet#fw4#vpn_domains
nftset=/twitterstat.us/4#inet#fw4#vpn_domains
nftset=/twtrdns.net/4#inet#fw4#vpn_domains
nftset=/twttr.com/4#inet#fw4#vpn_domains
nftset=/twttr.net/4#inet#fw4#vpn_domains
nftset=/twvid.com/4#inet#fw4#vpn_domains
nftset=/typing.com/4#inet#fw4#vpn_domains
nftset=/uaudio.com/4#inet#fw4#vpn_domains
nftset=/ui.ill.in.ua/4#inet#fw4#vpn_domains
nftset=/uizard.io/4#inet#fw4#vpn_domains
nftset=/ukdevilz.com/4#inet#fw4#vpn_domains
nftset=/ukr.net/4#inet#fw4#vpn_domains
nftset=/ukr.radio/4#inet#fw4#vpn_domains
nftset=/ukrainer.net/4#inet#fw4#vpn_domains
nftset=/ukrinform.net/4#inet#fw4#vpn_domains
nftset=/ukrtelcdn.net/4#inet#fw4#vpn_domains
nftset=/unian.ua/4#inet#fw4#vpn_domains
nftset=/unscreen.com/4#inet#fw4#vpn_domains
nftset=/unsplash.com/4#inet#fw4#vpn_domains
nftset=/upwork.com/4#inet#fw4#vpn_domains
nftset=/urlr.me/4#inet#fw4#vpn_domains
nftset=/usa.one/4#inet#fw4#vpn_domains
nftset=/usatoday.com/4#inet#fw4#vpn_domains
nftset=/usher.ttvnw.net/4#inet#fw4#vpn_domains
nftset=/v.vrv.co/4#inet#fw4#vpn_domains
nftset=/vagrantcloud.com/4#inet#fw4#vpn_domains
nftset=/veeam.com/4#inet#fw4#vpn_domains
nftset=/verstka.media/4#inet#fw4#vpn_domains
nftset=/vesma.one/4#inet#fw4#vpn_domains
nftset=/vesma.today/4#inet#fw4#vpn_domains
nftset=/vesty.co.il/4#inet#fw4#vpn_domains
nftset=/viber.com/4#inet#fw4#vpn_domains
nftset=/vice.com/4#inet#fw4#vpn_domains
nftset=/vine.co/4#inet#fw4#vpn_domains
nftset=/vipergirls.to/4#inet#fw4#vpn_domains
nftset=/visualcapitalist.com/4#inet#fw4#vpn_domains
nftset=/vmware.com/4#inet#fw4#vpn_domains
nftset=/vndb.org/4#inet#fw4#vpn_domains
nftset=/voanews.com/4#inet#fw4#vpn_domains
nftset=/vod-fy.crunchyrollcdn.com/4#inet#fw4#vpn_domains
nftset=/voidboost.cc/4#inet#fw4#vpn_domains
nftset=/volkswagen-classic-parts.com/4#inet#fw4#vpn_domains
nftset=/vot-tak.tv/4#inet#fw4#vpn_domains
nftset=/vpngate.net/4#inet#fw4#vpn_domains
nftset=/vpngen.org/4#inet#fw4#vpn_domains
nftset=/vpnlove.me/4#inet#fw4#vpn_domains
nftset=/vpnpay.io/4#inet#fw4#vpn_domains
nftset=/vyos.io/4#inet#fw4#vpn_domains
nftset=/w.atwiki.jp/4#inet#fw4#vpn_domains
nftset=/wa.me/4#inet#fw4#vpn_domains
nftset=/walmart.com/4#inet#fw4#vpn_domains
nftset=/watchguard.com/4#inet#fw4#vpn_domains
nftset=/watermarkremover.io/4#inet#fw4#vpn_domains
nftset=/wbgames.com/4#inet#fw4#vpn_domains
nftset=/weather.com/4#inet#fw4#vpn_domains
nftset=/webmd.com/4#inet#fw4#vpn_domains
nftset=/webnames.ca/4#inet#fw4#vpn_domains
nftset=/webtoons.com/4#inet#fw4#vpn_domains
nftset=/weebly.com/4#inet#fw4#vpn_domains
nftset=/welt.de/4#inet#fw4#vpn_domains
nftset=/whatsapp.biz/4#inet#fw4#vpn_domains
nftset=/whatsapp.com/4#inet#fw4#vpn_domains
nftset=/whatsapp.net/4#inet#fw4#vpn_domains
nftset=/wide-youtube.l.google.com/4#inet#fw4#vpn_domains
nftset=/widgetapp.stream/4#inet#fw4#vpn_domains
nftset=/wiki.fextralife.com/4#inet#fw4#vpn_domains
nftset=/wikidot.com/4#inet#fw4#vpn_domains
nftset=/wilsoncenter.org/4#inet#fw4#vpn_domains
nftset=/windows10spotlight.com/4#inet#fw4#vpn_domains
nftset=/windsurf.com/4#inet#fw4#vpn_domains
nftset=/wise.com/4#inet#fw4#vpn_domains
nftset=/wonderzine.com/4#inet#fw4#vpn_domains
nftset=/wpengine.com/4#inet#fw4#vpn_domains
nftset=/wunderground.com/4#inet#fw4#vpn_domains
nftset=/www3.corsair.com/4#inet#fw4#vpn_domains
nftset=/x-minus.pro/4#inet#fw4#vpn_domains
nftset=/x.ai/4#inet#fw4#vpn_domains
nftset=/x.com/4#inet#fw4#vpn_domains
nftset=/xhamster.com/4#inet#fw4#vpn_domains
nftset=/xhamsterlive.com/4#inet#fw4#vpn_domains
nftset=/xhcdn.com/4#inet#fw4#vpn_domains
nftset=/xiaomi.eu/4#inet#fw4#vpn_domains
nftset=/xnxx-cdn.com/4#inet#fw4#vpn_domains
nftset=/xnxx-ru.com/4#inet#fw4#vpn_domains
nftset=/xnxx.com/4#inet#fw4#vpn_domains
nftset=/xnxx.net/4#inet#fw4#vpn_domains
nftset=/xnxx.tv/4#inet#fw4#vpn_domains
nftset=/xnxx3.com/4#inet#fw4#vpn_domains
nftset=/xsts.auth.xboxlive.com/4#inet#fw4#vpn_domains
nftset=/xtracloud.net/4#inet#fw4#vpn_domains
nftset=/xv-ru.com/4#inet#fw4#vpn_domains
nftset=/xvideos-cdn.com/4#inet#fw4#vpn_domains
nftset=/xvideos.com/4#inet#fw4#vpn_domains
nftset=/yande.re/4#inet#fw4#vpn_domains
nftset=/yeggi.com/4#inet#fw4#vpn_domains
nftset=/yle.fi/4#inet#fw4#vpn_domains
nftset=/youtrack.cloud/4#inet#fw4#vpn_domains
nftset=/youtu.be/4#inet#fw4#vpn_domains
nftset=/youtube-nocookie.com/4#inet#fw4#vpn_domains
nftset=/youtube-ui.l.google.com/4#inet#fw4#vpn_domains
nftset=/youtube.com/4#inet#fw4#vpn_domains
nftset=/youtubeembeddedplayer.googleapis.com/4#inet#fw4#vpn_domains
nftset=/youtubei.googleapis.com/4#inet#fw4#vpn_domains
nftset=/youtubekids.com/4#inet#fw4#vpn_domains
nftset=/yt-video-upload.l.google.com/4#inet#fw4#vpn_domains
nftset=/yt.be/4#inet#fw4#vpn_domains
nftset=/yt3.googleusercontent.com/4#inet#fw4#vpn_domains
nftset=/ytimg.com/4#inet#fw4#vpn_domains
nftset=/ytimg.l.google.com/4#inet#fw4#vpn_domains
nftset=/yting.com/4#inet#fw4#vpn_domains
nftset=/yummyani.me/4#inet#fw4#vpn_domains
nftset=/zahav.ru/4#inet#fw4#vpn_domains
nftset=/zapier.com/4#inet#fw4#vpn_domains
nftset=/zaxid.net/4#inet#fw4#vpn_domains
nftset=/zbigz.com/4#inet#fw4#vpn_domains
nftset=/zedge.net/4#inet#fw4#vpn_domains
nftset=/zendesk.com/4#inet#fw4#vpn_domains
nftset=/zerkalo.io/4#inet#fw4#vpn_domains
nftset=/zona.media/4#inet#fw4#vpn_domains
