10minutemail.com
4pda.ru
7dniv.rv.ua
9tv.co.il
abook-club.ru
abs-zero.twimg.com
abs.twimg.com
academy.terrasoft.ua
account-api.protonmail.com
account.protonmail.com
acf.international
activatica.org
adguard.com
afcs.dellcdn.com
aftermarket.zf.com
agents.media
agentura.ru
alberta.ca
anilibria.tv
api.openai.com
api.protonmail.ch
api.radarr.video
api.theins.info
api.theins.ru
api.themoviedb.org
api.twitter.com
aplawrence.com
app.m3u.in
app.paraswap.io
appstorrent.ru
apt.releases.hashicorp.com
aqicn.org
arbat.media
artifacts.elastic.co
atlassian.com
atn.ua
auth.grazie.ai
auth0.openai.com
bbc.com
bellingcat.com
bihus.info
bitbucket.org
bitcoin.org
bitru.org
blackseanews.net
boosteroid.com
bt.t-ru.org
bt2.t-ru.org
bt3.t-ru.org
bt4.t-ru.org
canva.com
carmasters.org
cdn.fbsbx.com
cdn.nba.com
cdninstagram.com
certifytheweb.com
chat.openai.com
checkout.buckaroo.nl
cherta.media
chess.com
cisco.com
citrix.com
clamav.net
cloud.lambdalabs.com
cloud.mongodb.com
cloudflare-dns.com
colta.ru
community.cisco.com
connect.facebook.net
crunchyroll.com
csskor.ill.in.ua
cursorinfo.co.il
database.clamav.net
deezer.com
dell.com
deviantart.com
devops.com
discours.io
dist.torproject.org
dl.grafana.com
dlcdnets.asus.com
docker.elastic.co
docs.lambdalabs.com
docs.redis.com
download.lenovo.com
doxa.team
doxajournal.ru
dw.com
e1v-h.phncdn.com
echofm.online
edge-mqtt.facebook.com
ehorussia.com
ej.ru
euronews.com
euroradio.fm
event.on24.com
expres.online
facebook.com
facebook.net
fbcdn.net
flibusta.is
fluke.com
fork.pet
forklog.com
formula1.com
fortanga.org
forum.neformat.com.ua
forum.voynaplemyon.com
freemedia.io
gagadget.com
gallery.zetalliance.org
gamesrepack.com
gateway.instagram.com
gdb.currenttime.tv
gdb.rferl.org
geni.us
germania.one
ggpht.com
gitlab.io
gllto.glpals.com
gnome-look.org
golosameriki.com
googletagmanager.com
gordonua.com
grafana.com
grammarly.com
grani.ru
graph.facebook.com
graph.instagram.com
graty.me
graylog.org
grazie.ai
gulagu.net
hashicorp.com
hd.zetfix.online
helm.releases.hashicorp.com
holod.global.ssl.fastly.net
holod.media
hromadske.ua
hyperhost.ua
i-fallback.instagram.com
i.instagram.com
i.sakh.com
ichef.bbci.co.uk
ilook.tv
image.tmdb.org
img.youtube.com
important-stories.com
instagram.com
instagram.fhrk1-1.fna.fbcdn.net
instagram.fkun2-1.fna.fbcdn.net
instagram.frix7-1.fna.fbcdn.net
instagram.fvno2-1.fna.fbcdn.net
intel.com
interfax.com.ua
iptv.online
is.fi
istories.media
itsmycity.ru
jskor.ill.in.ua
kasparov.ru
kavkaz-uzel.eu
kino.pub
kinobase.org
kinogo.la
kinokopilka.pro
kinovod.net
kinozal.me
kinozal.tv
knews.kg
kor.ill.in.ua
korrespondent.net
krymr.com
kupujemprodajem.com
lambdalabs.com
lamcdn.net
lenovo.com
lib.rus.ec
linkedin.com
linuxiac.com
localbitcoins.com
locals.md
lostfilm.run
lostfilm.tv
lostfilm.win
m.strava.com
macpaw.com
macvendors.com
mail-api.proton.me
mail.protonmail.com
marketplace.atlassian.com
master.qt.io
mattermost.com
mbk-news.appspot.com
mdza.io
mediazona.ca
mediazona.online
medium.com
meduza.io
megapeer.ru
memohrc.org
merezha.co
metacritic.com
meteo.paraplan.net
metla.press
mignews.com
monster.ie
mouser.com
mqtt-mini.facebook.com
mrakopedia.net
mt.lv
mult.ru
my.atlassian.com
nasvsehtoshnit.ru
navalny.com
nba.com
neformat.com.ua
netflix.com
news.google.com
newtimes.ru
nnmclub.to
nordvpn.com
novaya.no
novayagazeta.eu
novayagazeta.ru
nyaa.si
nyaa.tracker.wf
oasis.app
oi.legal
omv-extras.org
onlinesim.ru
openai.com
openmedia.io
opensea.io
opposition-news.com
os.mbed.com
ovd.legal
ovd.news
ovdinfo.org
packages.gitlab.com
paperpaper.io
paperpaper.ru
path3.xtracloud.net
patriot.dp.ua
pay.buckaroo.nl
paypal.com
pb.wtf
pbs.twimg.com
php.su
piccy.info
picks.nba.com
platform.twitter.com
play.google.com
politiken.dk
pornolab.net
portal.bgpmon.net
portal.lviv.ua
posle.media
postimees.ee
prnt.sc
proekt.media
protonmail.com
provereno.media
psiphon.ca
quora.com
radarr.servarr.com
radiosvoboda.org
raw-data.gitlab.io
realist.online
redis.com
redshieldvpn.com
refinitiv.com
registry.terraform.io
releases.hashicorp.com
repo.mongodb.org
republic.ru
resp.app
rezonans.media
roar-review.com
root-nation.com
rpm.grafana.com
ru.bellingcat.com
ru.depositphotos.com
ru.iherb.com
ru.krymr.com
rus-media.org
rus.azathabar.com
rus.azattyq.org
rus.delfi.ee
rus.delfi.lt
rus.delfi.lv
rus.jauns.lv
rus.ozodi.org
rutor.info
rutor.is
rutor.org
rutracker.net
rutracker.org
rutracker.ru
s3-1.amazonaws.com
sakhalin.info
saverudata.info
saverudata.net
saverudata.online
scontent-ams2-1.cdninstagram.com
scontent-ams4-1.cdninstagram.com
scontent-ams4-1.xx.fbcdn.net
scontent.cdninstagram.com
scontent.xx.fbcdn.net
sebeanus.online
secure-web.cisco.com
seedoff.zannn.top
semnasem.org
sentry.servarr.com
serpstat.com
skat.media
skladchik.com
skyscanner.com
slideshare.net
soapui.org
sobesednik.com
sobesednik.ru
soundcloud.com
spektr.press
spotify.com
sputnikipogrom.com
st.kinovod.net
star-mini.c10r.facebook.com
static-ss.xvideos-cdn.com
static.cdninstagram.com
static.files.bbci.co.uk
static.istories.media
strana.news
strana.today
strava.com
stulchik.net
support.cambiumnetworks.com
support.huawei.com
support.ruckuswireless.com
suspilne.media
svidomi.in.ua
svoboda.org
svoi.kr.ua
svtv.org
sysdig.com
t.co
tayga.info
te-st.org
telegraf.by
telegraf.news
terraform.io
thebarentsobserver.com
thebell.io
theins.press
theins.ru
themoviedb.org
thetruestory.news
threads.net
tidal.com
timberland.com
tjournal.ru
tmdb.org
tools.cisco.com
torproject.org
torrent.by
tr.anidub.com
translate.servarr.com
tutanota.com
tvfreedom.io
tvrain.ru
tvrain.tv
twitter.com
ua.korrespondent.net
ui.ill.in.ua
underver.se
unian.net
uniongang.tv
usa.one
velocidrone.com
verstka.media
vesma.one
vesma.today
vhd.zetflix.online
video.twimg.com
vot-tak.tv
vpnlove.me
vrv.co
vyos.io
watch.nba.com
watchguard.com
weather.com
web.facebook.com
weblance.com.ua
welt.de
wheather.com
wide-youtube.l.google.com
windguru.cz
wunderground.com
www.agents.media
www.asus.com
www.azathabar.com
www.azattyq.org
www.bbc.com
www.bestbuy.com
www.bradyid.com
www.canva.com
www.cisco.com
www.colta.ru
www.currenttime.tv
www.cyxymu.info
www.delfi.lt
www.dell.com
www.deviantart.com
www.dovod.online
www.dw.com
www.ekhokavkaza.com
www.facebook.com
www.grammarly.com
www.hashicorp.com
www.hrw.org
www.hs.fi
www.idelreal.org
www.instagram.com
www.intel.com
www.kasparov.ru
www.kavkaz-uzel.eu
www.kavkazr.com
www.lenovo.com
www.lostfilmtv5.site
www.metacritic.com
www.moscowtimes.ru
www.neformat.com.ua
www.newsru.co.il
www.newsru.com
www.okx.com
www.olx.ua
www.ozodi.org
www.pap.pl
www.patreon.com
www.postfix.org
www.pravda.com.ua
www.qualcomm.com
www.rbc.ua
www.severreal.org
www.sibreal.org
www.slavicsac.com
www.smashwords.com
www.stalker2.com
www.svoboda.org
www.terraform.io
www.the-village.ru
www.themoviedb.org
www.threads.net
www.ti.com
www.torproject.org
www.unian.ua
www.vesty.co.il
www.voanews.com
www.welt.de
www.wikiart.org
www.wonderzine.com
www.wunderground.com
www.yle.fi
www.zerkalo.io
xhamster.com
xhamsterlive.com
xiaomi.eu
xnxx.com
xvideos.com
yt3.ggpht.com
ytimg.l.google.com
z-p42-chat-e2ee-ig.facebook.com
z-p42-instagram.c10r.instagram.com
zahav.ru
zetflix.online
znanija.com
zohomail.com
zona.media
