ipset=/.ua/vpn_domains
ipset=/10minutemail.com/vpn_domains
ipset=/1337x.to/vpn_domains
ipset=/24.kg/vpn_domains
ipset=/4freerussia.org/vpn_domains
ipset=/4pda.to/vpn_domains
ipset=/4pda.ws/vpn_domains
ipset=/4pna.com/vpn_domains
ipset=/5sim.net/vpn_domains
ipset=/7dniv.rv.ua/vpn_domains
ipset=/7tv.app/vpn_domains
ipset=/7tv.io/vpn_domains
ipset=/9tv.co.il/vpn_domains
ipset=/abercrombie.com/vpn_domains
ipset=/abook-club.ru/vpn_domains
ipset=/academy.terrasoft.ua/vpn_domains
ipset=/activatica.org/vpn_domains
ipset=/adguard.com/vpn_domains
ipset=/adidas.com/vpn_domains
ipset=/adminforge.de/vpn_domains
ipset=/adobe.com/vpn_domains
ipset=/ads-twitter.com/vpn_domains
ipset=/adultmult.tv/vpn_domains
ipset=/agents.media/vpn_domains
ipset=/ahrefs.com/vpn_domains
ipset=/ai-chat.bsg.brave.com/vpn_domains
ipset=/ai.com/vpn_domains
ipset=/allegro.pl/vpn_domains
ipset=/alphacoders.com/vpn_domains
ipset=/alza.hu/vpn_domains
ipset=/amazfitwatchfaces.com/vpn_domains
ipset=/amdm.ru/vpn_domains
ipset=/amedia.site/vpn_domains
ipset=/amnezia.org/vpn_domains
ipset=/amplitude.com/vpn_domains
ipset=/amx.com/vpn_domains
ipset=/analog.com/vpn_domains
ipset=/andrevi.ch/vpn_domains
ipset=/anidub.com/vpn_domains
ipset=/anilib.me/vpn_domains
ipset=/anilibria.org/vpn_domains
ipset=/anilibria.tv/vpn_domains
ipset=/anilibria.uno/vpn_domains
ipset=/anilibria.wtf/vpn_domains
ipset=/animaunt.org/vpn_domains
ipset=/anime-portal.su/vpn_domains
ipset=/animebest.org/vpn_domains
ipset=/animedia.tv/vpn_domains
ipset=/animego.org/vpn_domains
ipset=/animespirit.ru/vpn_domains
ipset=/anistar.org/vpn_domains
ipset=/anistars.ru/vpn_domains
ipset=/annas-archive.org/vpn_domains
ipset=/ansys.com/vpn_domains
ipset=/anthropic.com/vpn_domains
ipset=/aol.com/vpn_domains
ipset=/api.jetbrains.ai/vpn_domains
ipset=/api.service-kp.com/vpn_domains
ipset=/api.theins.info/vpn_domains
ipset=/api.themoviedb.org/vpn_domains
ipset=/apkmirror.com/vpn_domains
ipset=/app.zerossl.com/vpn_domains
ipset=/arbat.media/vpn_domains
ipset=/archive.ph/vpn_domains
ipset=/archiveofourown.org/vpn_domains
ipset=/as6723.net/vpn_domains
ipset=/assets.heroku.com/vpn_domains
ipset=/atn.ua/vpn_domains
ipset=/att.com/vpn_domains
ipset=/attachments.f95zone.to/vpn_domains
ipset=/audiobookbay.lu/vpn_domains
ipset=/autodesk.com/vpn_domains
ipset=/avira.com/vpn_domains
ipset=/azathabar.com/vpn_domains
ipset=/azattyq.org/vpn_domains
ipset=/babook.org/vpn_domains
ipset=/baginya.org/vpn_domains
ipset=/baikal-journal.ru/vpn_domains
ipset=/bato.to/vpn_domains
ipset=/bbc.co.uk/vpn_domains
ipset=/bbc.com/vpn_domains
ipset=/bbci.co.uk/vpn_domains
ipset=/bcbits.com/vpn_domains
ipset=/bell-sw.com/vpn_domains
ipset=/bellingcat.com/vpn_domains
ipset=/bestbuy.com/vpn_domains
ipset=/bestchange.ru/vpn_domains
ipset=/bihus.info/vpn_domains
ipset=/bitdefender.com/vpn_domains
ipset=/bitnami.com/vpn_domains
ipset=/blackseanews.net/vpn_domains
ipset=/blinkshot.io/vpn_domains
ipset=/bluehost.com/vpn_domains
ipset=/booktracker.org/vpn_domains
ipset=/boominfo.org/vpn_domains
ipset=/booth.pm/vpn_domains
ipset=/booth.pximg.net/vpn_domains
ipset=/bosch.com/vpn_domains
ipset=/boschaftermarket.com/vpn_domains
ipset=/boschautoparts.com/vpn_domains
ipset=/botnadzor.org/vpn_domains
ipset=/brawlstarsgame.com/vpn_domains
ipset=/broadcom.com/vpn_domains
ipset=/broncosportforum.com/vpn_domains
ipset=/bt4gprx.com/vpn_domains
ipset=/btdig.com/vpn_domains
ipset=/btod.com/vpn_domains
ipset=/buanzo.org/vpn_domains
ipset=/buf.build/vpn_domains
ipset=/builds.parsec.app/vpn_domains
ipset=/buymeacoffee.com/vpn_domains
ipset=/byteoversea.com/vpn_domains
ipset=/canva.com/vpn_domains
ipset=/canva.dev/vpn_domains
ipset=/capacitorjs.com/vpn_domains
ipset=/capcut.com/vpn_domains
ipset=/carnegieendowment.org/vpn_domains
ipset=/carrefouruae.com/vpn_domains
ipset=/cats.com/vpn_domains
ipset=/cbilling.eu/vpn_domains
ipset=/cbilling.vip/vpn_domains
ipset=/cdn.web-platform.io/vpn_domains
ipset=/cdnbunny.org/vpn_domains
ipset=/cdninstagram.com/vpn_domains
ipset=/cdromance.org/vpn_domains
ipset=/cdw.com/vpn_domains
ipset=/censortracker.org/vpn_domains
ipset=/chaos.com/vpn_domains
ipset=/chat.com/vpn_domains
ipset=/chat.openai.com.cdn.cloudflare.net/vpn_domains
ipset=/chatgpt.com/vpn_domains
ipset=/chaturbate.com/vpn_domains
ipset=/cherta.media/vpn_domains
ipset=/chess.com/vpn_domains
ipset=/cisco.com/vpn_domains
ipset=/cisecurity.org/vpn_domains
ipset=/citrix.com/vpn_domains
ipset=/clamav.net/vpn_domains
ipset=/clashofclans.com/vpn_domains
ipset=/clashroyaleapp.com/vpn_domains
ipset=/claude.ai/vpn_domains
ipset=/clickup.com/vpn_domains
ipset=/clip.opus.pro/vpn_domains
ipset=/cloudtorrents.com/vpn_domains
ipset=/cms-twdigitalassets.com/vpn_domains
ipset=/cnd2exp.online/vpn_domains
ipset=/cock.li/vpn_domains
ipset=/code.gist.build/vpn_domains
ipset=/codeium.com/vpn_domains
ipset=/coingate.com/vpn_domains
ipset=/coinpayments.net/vpn_domains
ipset=/coinsbee.com/vpn_domains
ipset=/coldfilm.xyz/vpn_domains
ipset=/colta.ru/vpn_domains
ipset=/community.sophos.com/vpn_domains
ipset=/contabo.com/vpn_domains
ipset=/coomer.su/vpn_domains
ipset=/copilot.microsoft.com/vpn_domains
ipset=/corsair.com/vpn_domains
ipset=/coursera.org/vpn_domains
ipset=/cpu-monkey.com/vpn_domains
ipset=/credly.com/vpn_domains
ipset=/crunchyroll.com/vpn_domains
ipset=/csskor.ill.in.ua/vpn_domains
ipset=/cub.red/vpn_domains
ipset=/currenttime.tv/vpn_domains
ipset=/cursorinfo.co.il/vpn_domains
ipset=/cvedetails.com/vpn_domains
ipset=/cyberghostvpn.com/vpn_domains
ipset=/cyxymu.info/vpn_domains
ipset=/daemon-tools.cc/vpn_domains
ipset=/danbooru.donmai.us/vpn_domains
ipset=/data-cdn.mbamupdates.com/vpn_domains
ipset=/data.cline.bot/vpn_domains
ipset=/decrypt.day/vpn_domains
ipset=/deepl.com/vpn_domains
ipset=/deepstatemap.live/vpn_domains
ipset=/deezer.com/vpn_domains
ipset=/delfi.lt/vpn_domains
ipset=/delfi.lv/vpn_domains
ipset=/delivery.2d.net.co/vpn_domains
ipset=/dell.com/vpn_domains
ipset=/dellcdn.com/vpn_domains
ipset=/depositphotos.com/vpn_domains
ipset=/designer.microsoft.com/vpn_domains
ipset=/designify.com/vpn_domains
ipset=/developer.nvidia.com/vpn_domains
ipset=/deviantart.com/vpn_domains
ipset=/digash.live/vpn_domains
ipset=/digikey.com/vpn_domains
ipset=/digitalcontent.sky/vpn_domains
ipset=/digitalocean.com/vpn_domains
ipset=/dis.gd/vpn_domains
ipset=/discord-activities.com/vpn_domains
ipset=/discord-attachments-uploads-prd.storage.googleapis.com/vpn_domains
ipset=/discord.co/vpn_domains
ipset=/discord.com/vpn_domains
ipset=/discord.design/vpn_domains
ipset=/discord.dev/vpn_domains
ipset=/discord.gg/vpn_domains
ipset=/discord.gift/vpn_domains
ipset=/discord.gifts/vpn_domains
ipset=/discord.media/vpn_domains
ipset=/discord.new/vpn_domains
ipset=/discord.store/vpn_domains
ipset=/discord.tools/vpn_domains
ipset=/discordactivities.com/vpn_domains
ipset=/discordapp.com/vpn_domains
ipset=/discordapp.net/vpn_domains
ipset=/discordmerch.com/vpn_domains
ipset=/discordpartygames.com/vpn_domains
ipset=/discordsays.com/vpn_domains
ipset=/discours.io/vpn_domains
ipset=/disctech.com/vpn_domains
ipset=/disneyplus.com/vpn_domains
ipset=/docs.liquibase.com/vpn_domains
ipset=/dorama.live/vpn_domains
ipset=/doramalive.ru/vpn_domains
ipset=/doramy.club/vpn_domains
ipset=/dovod.online/vpn_domains
ipset=/download3.omnissa.com/vpn_domains
ipset=/doxa.team/vpn_domains
ipset=/dpidetector.org/vpn_domains
ipset=/dreamhost.com/vpn_domains
ipset=/ducati.com/vpn_domains
ipset=/dw.com/vpn_domains
ipset=/e621.net/vpn_domains
ipset=/echofm.online/vpn_domains
ipset=/editorx.com/vpn_domains
ipset=/edu-cisco.org/vpn_domains
ipset=/ef.com/vpn_domains
ipset=/ef.edu/vpn_domains
ipset=/eggertspiele.de/vpn_domains
ipset=/ej.ru/vpn_domains
ipset=/ekhokavkaza.com/vpn_domains
ipset=/element14.com/vpn_domains
ipset=/elements.envato.com/vpn_domains
ipset=/elevenlabs.io/vpn_domains
ipset=/epidemz.net.co/vpn_domains
ipset=/eporner.com/vpn_domains
ipset=/etahub.com/vpn_domains
ipset=/etsy.com/vpn_domains
ipset=/euronews.com/vpn_domains
ipset=/euroradio.fm/vpn_domains
ipset=/eutrp.eu/vpn_domains
ipset=/everand.com/vpn_domains
ipset=/exchanger.bits.media/vpn_domains
ipset=/exler.ru/vpn_domains
ipset=/expandrive.com/vpn_domains
ipset=/expres.online/vpn_domains
ipset=/extremetech.com/vpn_domains
ipset=/f1.com/vpn_domains
ipset=/f95-zone.to/vpn_domains
ipset=/facebook.com/vpn_domains
ipset=/facebook.net/vpn_domains
ipset=/fansly.com/vpn_domains
ipset=/fast-torrent.club/vpn_domains
ipset=/fast.com/vpn_domains
ipset=/fb.com/vpn_domains
ipset=/fbcdn.net/vpn_domains
ipset=/fbsbx.com/vpn_domains
ipset=/ficbook.net/vpn_domains
ipset=/filebin.net/vpn_domains
ipset=/filmitorrent.net/vpn_domains
ipset=/filmix.ac/vpn_domains
ipset=/filmix.biz/vpn_domains
ipset=/filmix.day/vpn_domains
ipset=/filmix.fm/vpn_domains
ipset=/filmix.la/vpn_domains
ipset=/flibusta.is/vpn_domains
ipset=/flibusta.net/vpn_domains
ipset=/flipboard.com/vpn_domains
ipset=/flir.com/vpn_domains
ipset=/flir.eu/vpn_domains
ipset=/flourish.studio/vpn_domains
ipset=/fls.guru/vpn_domains
ipset=/fluke.com/vpn_domains
ipset=/flukenetworks.com/vpn_domains
ipset=/flyertalk.com/vpn_domains
ipset=/fn-volga.ru/vpn_domains
ipset=/fonge.org/vpn_domains
ipset=/footballapi.pulselive.com/vpn_domains
ipset=/force-user-content.com/vpn_domains
ipset=/force.com/vpn_domains
ipset=/forklog.com/vpn_domains
ipset=/formula1.com/vpn_domains
ipset=/fortanga.org/vpn_domains
ipset=/forum.netgate.com/vpn_domains
ipset=/forum.ru-board.com/vpn_domains
ipset=/foxnews.com/vpn_domains
ipset=/framer.com/vpn_domains
ipset=/freedomletters.org/vpn_domains
ipset=/freeimages.com/vpn_domains
ipset=/freemedia.io/vpn_domains
ipset=/fxnetworks.com/vpn_domains
ipset=/gagadget.com/vpn_domains
ipset=/gamedistribution.com/vpn_domains
ipset=/gamesrepack.com/vpn_domains
ipset=/gaming.amazon.com/vpn_domains
ipset=/geforcenow.com/vpn_domains
ipset=/gelbooru.com/vpn_domains
ipset=/geolocation.onetrust.com/vpn_domains
ipset=/germania.one/vpn_domains
ipset=/getoutline.com/vpn_domains
ipset=/getoutline.org/vpn_domains
ipset=/gfn.am/vpn_domains
ipset=/ggpht.com/vpn_domains
ipset=/ghostrc.game.idtech.services/vpn_domains
ipset=/global.fncstatic.com/vpn_domains
ipset=/global.platform.seconddinnertech.com/vpn_domains
ipset=/glpals.com/vpn_domains
ipset=/godaddy.com/vpn_domains
ipset=/gofile.io/vpn_domains
ipset=/gofundme.com/vpn_domains
ipset=/golosameriki.com/vpn_domains
ipset=/gonitro.com/vpn_domains
ipset=/goodreads.com/vpn_domains
ipset=/googlevideo.com/vpn_domains
ipset=/gpsonextra.net/vpn_domains
ipset=/gpu-monkey.com/vpn_domains
ipset=/gql.twitch.tv/vpn_domains
ipset=/gr-assets.com/vpn_domains
ipset=/grafana.com/vpn_domains
ipset=/grani.ru/vpn_domains
ipset=/graty.me/vpn_domains
ipset=/graylog.org/vpn_domains
ipset=/grizzlysms.com/vpn_domains
ipset=/grok.com/vpn_domains
ipset=/groq.com/vpn_domains
ipset=/groupon.com/vpn_domains
ipset=/guilded.gg/vpn_domains
ipset=/gulagu.net/vpn_domains
ipset=/habr.com/vpn_domains
ipset=/hackernoon.com/vpn_domains
ipset=/hackmd.io/vpn_domains
ipset=/halooglasi.com/vpn_domains
ipset=/hashicorp.com/vpn_domains
ipset=/haydaygame.com/vpn_domains
ipset=/hbomax.com/vpn_domains
ipset=/hc-ping.com/vpn_domains
ipset=/hchk.io/vpn_domains
ipset=/hd-rezka.tv/vpn_domains
ipset=/hdkinoteatr.com/vpn_domains
ipset=/hdrezka.ac/vpn_domains
ipset=/hdrezka.ag/vpn_domains
ipset=/hdrezka.me/vpn_domains
ipset=/healthline.com/vpn_domains
ipset=/hentai-foundry.com/vpn_domains
ipset=/herokucdn.com/vpn_domains
ipset=/hetzner.com/vpn_domains
ipset=/hollisterco.com/vpn_domains
ipset=/holod.media/vpn_domains
ipset=/home-connect.com/vpn_domains
ipset=/home.by.me/vpn_domains
ipset=/hostgator.com/vpn_domains
ipset=/hostinger.com/vpn_domains
ipset=/hotels.com/vpn_domains
ipset=/hqporner.com/vpn_domains
ipset=/hromadske.ua/vpn_domains
ipset=/hs.fi/vpn_domains
ipset=/htmhell.dev/vpn_domains
ipset=/i.sakh.com/vpn_domains
ipset=/ibm.com/vpn_domains
ipset=/ibytedtos.com/vpn_domains
ipset=/idelreal.org/vpn_domains
ipset=/iditelesombase.org/vpn_domains
ipset=/iedb.org/vpn_domains
ipset=/ig.me/vpn_domains
ipset=/ign.com/vpn_domains
ipset=/iherb.com/vpn_domains
ipset=/iichan.hk/vpn_domains
ipset=/ikea.com/vpn_domains
ipset=/ilook.tv/vpn_domains
ipset=/image.tmdb.org/vpn_domains
ipset=/imgur.com/vpn_domains
ipset=/important-stories.com/vpn_domains
ipset=/indiehackers.com/vpn_domains
ipset=/infineon.com/vpn_domains
ipset=/insearch.site/vpn_domains
ipset=/instagram.com/vpn_domains
ipset=/install.launcher.omniverse.nvidia.com/vpn_domains
ipset=/intel.com/vpn_domains
ipset=/intel.de/vpn_domains
ipset=/intel.nl/vpn_domains
ipset=/intelix.sophos.com/vpn_domains
ipset=/interactivebrokers.co.uk/vpn_domains
ipset=/interfax.com.ua/vpn_domains
ipset=/internalfb.com/vpn_domains
ipset=/intuit.com/vpn_domains
ipset=/intuitibits.com/vpn_domains
ipset=/ionos.com/vpn_domains
ipset=/iptv.online/vpn_domains
ipset=/is.fi/vpn_domains
ipset=/istories.media/vpn_domains
ipset=/itninja.com/vpn_domains
ipset=/itsmycity.ru/vpn_domains
ipset=/jamf.com/vpn_domains
ipset=/jetbrains.com/vpn_domains
ipset=/jetbrains.space/vpn_domains
ipset=/jnn-pa.googleapis.com/vpn_domains
ipset=/jskor.ill.in.ua/vpn_domains
ipset=/jut-su.net/vpn_domains
ipset=/jut.su/vpn_domains
ipset=/jw-russia.org/vpn_domains
ipset=/jw.org/vpn_domains
ipset=/kaktus.media/vpn_domains
ipset=/kaleido.ai/vpn_domains
ipset=/kamatera.com/vpn_domains
ipset=/kara.su/vpn_domains
ipset=/kasparov.ru/vpn_domains
ipset=/kavkaz-uzel.eu/vpn_domains
ipset=/kavkazr.com/vpn_domains
ipset=/kemono.su/vpn_domains
ipset=/keysight.com/vpn_domains
ipset=/kino.pub/vpn_domains
ipset=/kinogo.ec/vpn_domains
ipset=/kinogo.la/vpn_domains
ipset=/kinogo.uk/vpn_domains
ipset=/kinovod.net/vpn_domains
ipset=/kinozal.guru/vpn_domains
ipset=/kinozal.me/vpn_domains
ipset=/kinozal.tv/vpn_domains
ipset=/kinozaltv.life/vpn_domains
ipset=/kmail-lists.com/vpn_domains
ipset=/knews.kg/vpn_domains
ipset=/knowyourmeme.com/vpn_domains
ipset=/kolsar.org/vpn_domains
ipset=/kor.ill.in.ua/vpn_domains
ipset=/korrespondent.net/vpn_domains
ipset=/kovcheg.live/vpn_domains
ipset=/krymr.com/vpn_domains
ipset=/kupujemprodajem.com/vpn_domains
ipset=/kym-cdn.com/vpn_domains
ipset=/lambdalabs.com/vpn_domains
ipset=/lamcdn.net/vpn_domains
ipset=/langdock.com/vpn_domains
ipset=/lantern.io/vpn_domains
ipset=/ldoceonline.com/vpn_domains
ipset=/le-production.tv/vpn_domains
ipset=/leafletjs.com/vpn_domains
ipset=/lgeapi.com/vpn_domains
ipset=/lgthinq.com/vpn_domains
ipset=/libgen.li/vpn_domains
ipset=/licdn.com/vpn_domains
ipset=/lidarr.audio/vpn_domains
ipset=/lifehacker.com/vpn_domains
ipset=/lightning.ai/vpn_domains
ipset=/linear.app/vpn_domains
ipset=/linkedin.com/vpn_domains
ipset=/linktr.ee/vpn_domains
ipset=/livetv.sx/vpn_domains
ipset=/liveuamap.com/vpn_domains
ipset=/locals.md/vpn_domains
ipset=/lolz.guru/vpn_domains
ipset=/lookerstudio.google.com/vpn_domains
ipset=/lostfilm.download/vpn_domains
ipset=/lostfilm.tv/vpn_domains
ipset=/lostfilmtv2.site/vpn_domains
ipset=/lu4.org/vpn_domains
ipset=/lucid.app/vpn_domains
ipset=/mail-api.proton.me/vpn_domains
ipset=/mailerlite.com/vpn_domains
ipset=/mailfence.com/vpn_domains
ipset=/mailinator.com/vpn_domains
ipset=/mailo.com/vpn_domains
ipset=/make.com/vpn_domains
ipset=/malwarebytes.com/vpn_domains
ipset=/mangadex.org/vpn_domains
ipset=/mangahub.ru/vpn_domains
ipset=/mangapark.net/vpn_domains
ipset=/manus.im/vpn_domains
ipset=/manyvids.com/vpn_domains
ipset=/marvelsnap.com/vpn_domains
ipset=/mashable.com/vpn_domains
ipset=/mattermost.com/vpn_domains
ipset=/max.com/vpn_domains
ipset=/mbk-news.appspot.com/vpn_domains
ipset=/mediazona.ca/vpn_domains
ipset=/medicalnewstoday.com/vpn_domains
ipset=/medium.com/vpn_domains
ipset=/meduza.io/vpn_domains
ipset=/megapeer.ru/vpn_domains
ipset=/megapeer.vip/vpn_domains
ipset=/merezha.co/vpn_domains
ipset=/meta.com/vpn_domains
ipset=/metacritic.com/vpn_domains
ipset=/metal-archives.com/vpn_domains
ipset=/metla.press/vpn_domains
ipset=/metopera.org/vpn_domains
ipset=/middlewareinventory.com/vpn_domains
ipset=/mignews.com/vpn_domains
ipset=/miracleptr.wordpress.com/vpn_domains
ipset=/mixcloud.com/vpn_domains
ipset=/mongodb.com/vpn_domains
ipset=/monoprice.com/vpn_domains
ipset=/more.fm/vpn_domains
ipset=/moscowtimes.ru/vpn_domains
ipset=/mouser.fi/vpn_domains
ipset=/mssg.me/vpn_domains
ipset=/mullvad.net/vpn_domains
ipset=/multporn.net/vpn_domains
ipset=/muscdn.com/vpn_domains
ipset=/musical.ly/vpn_domains
ipset=/musixmatch.com/vpn_domains
ipset=/mw2.wiki/vpn_domains
ipset=/mydoramy.club/vpn_domains
ipset=/myheritage.com/vpn_domains
ipset=/myjetbrains.com/vpn_domains
ipset=/myparallels.com/vpn_domains
ipset=/myqrcode.com/vpn_domains
ipset=/navalny.com/vpn_domains
ipset=/nba.com/vpn_domains
ipset=/neformat.com.ua/vpn_domains
ipset=/neo4j.com/vpn_domains
ipset=/netflix.ca/vpn_domains
ipset=/netflix.com/vpn_domains
ipset=/netflix.net/vpn_domains
ipset=/netflixinvestor.com/vpn_domains
ipset=/netflixtechblog.com/vpn_domains
ipset=/netlify.com/vpn_domains
ipset=/networksolutions.com/vpn_domains
ipset=/newark.com/vpn_domains
ipset=/news.google.com/vpn_domains
ipset=/newsroom.porsche.com/vpn_domains
ipset=/newsru.co.il/vpn_domains
ipset=/newsru.com/vpn_domains
ipset=/newtimes.ru/vpn_domains
ipset=/nfl.com/vpn_domains
ipset=/nflxext.com/vpn_domains
ipset=/nflximg.com/vpn_domains
ipset=/nflximg.net/vpn_domains
ipset=/nflxsearch.net/vpn_domains
ipset=/nflxso.net/vpn_domains
ipset=/nflxvideo.net/vpn_domains
ipset=/ngrok.com/vpn_domains
ipset=/nhentai.com/vpn_domains
ipset=/nhentai.net/vpn_domains
ipset=/nhl.com/vpn_domains
ipset=/nih.gov/vpn_domains
ipset=/nike.com/vpn_domains
ipset=/nippon.com/vpn_domains
ipset=/nitropdf.com/vpn_domains
ipset=/nnmclub.to/vpn_domains
ipset=/nnmstatic.win/vpn_domains
ipset=/nordaccount.com/vpn_domains
ipset=/nordcdn.com/vpn_domains
ipset=/nordvpn.com/vpn_domains
ipset=/notepad-plus-plus.org/vpn_domains
ipset=/notion-emojis.s3-us-west-2.amazonaws.com/vpn_domains
ipset=/notion-static.com/vpn_domains
ipset=/notion.com/vpn_domains
ipset=/notion.new/vpn_domains
ipset=/notion.site/vpn_domains
ipset=/notion.so/vpn_domains
ipset=/novaline.fm/vpn_domains
ipset=/novaya.no/vpn_domains
ipset=/novayagazeta.eu/vpn_domains
ipset=/novayagazeta.ru/vpn_domains
ipset=/ntc.party/vpn_domains
ipset=/ntp.msn.com/vpn_domains
ipset=/nxp.com/vpn_domains
ipset=/oaistatic.com/vpn_domains
ipset=/oaiusercontent.com/vpn_domains
ipset=/ocstore.com/vpn_domains
ipset=/oculus.com/vpn_domains
ipset=/ohmyswift.ru/vpn_domains
ipset=/oi.legal/vpn_domains
ipset=/okx.com/vpn_domains
ipset=/olx.ua/vpn_domains
ipset=/omnissa.com/vpn_domains
ipset=/omv-extras.org/vpn_domains
ipset=/onfastspring.com/vpn_domains
ipset=/onlinesim.io/vpn_domains
ipset=/onshape.com/vpn_domains
ipset=/openai.com/vpn_domains
ipset=/openh264.org/vpn_domains
ipset=/openmedia.io/vpn_domains
ipset=/openrouter.ai/vpn_domains
ipset=/opensanctions.org/vpn_domains
ipset=/opensea.io/vpn_domains
ipset=/opposition-news.com/vpn_domains
ipset=/oracle.com/vpn_domains
ipset=/ovd.info/vpn_domains
ipset=/ovd.legal/vpn_domains
ipset=/ovd.news/vpn_domains
ipset=/ovdinfo.org/vpn_domains
ipset=/ozodi.org/vpn_domains
ipset=/pages.dev/vpn_domains
ipset=/pap.pl/vpn_domains
ipset=/paperpaper.io/vpn_domains
ipset=/paperpaper.ru/vpn_domains
ipset=/parallels.cn/vpn_domains
ipset=/parallels.com/vpn_domains
ipset=/parallels.net/vpn_domains
ipset=/parallelsaccess.com/vpn_domains
ipset=/patreon.com/vpn_domains
ipset=/patriot.dp.ua/vpn_domains
ipset=/pb.wtf/vpn_domains
ipset=/pcgamesn.com/vpn_domains
ipset=/pcmag.com/vpn_domains
ipset=/penguin.com/vpn_domains
ipset=/penguinrandomhouse.com/vpn_domains
ipset=/periscope.tv/vpn_domains
ipset=/pexels.com/vpn_domains
ipset=/phncdn.com/vpn_domains
ipset=/phncdn.com.sds.rncdn7.com/vpn_domains
ipset=/pimpletv.ru/vpn_domains
ipset=/pingdom.com/vpn_domains
ipset=/piratbit.top/vpn_domains
ipset=/pkgs.tailscale.com/vpn_domains
ipset=/platform.activestate.com/vpn_domains
ipset=/playboy.com/vpn_domains
ipset=/plugshare.com/vpn_domains
ipset=/polit.ru/vpn_domains
ipset=/politico.eu/vpn_domains
ipset=/politiken.dk/vpn_domains
ipset=/polymarket.com/vpn_domains
ipset=/pornhub.com/vpn_domains
ipset=/pornhub.org/vpn_domains
ipset=/pornolab.net/vpn_domains
ipset=/portal.lviv.ua/vpn_domains
ipset=/posle.media/vpn_domains
ipset=/postimees.ee/vpn_domains
ipset=/pravda.com/vpn_domains
ipset=/pravda.com.ua/vpn_domains
ipset=/premierleague.com/vpn_domains
ipset=/primevideo.com/vpn_domains
ipset=/privatekeys.pw/vpn_domains
ipset=/prnt.sc/vpn_domains
ipset=/proactivebackend-pa.googleapis.com/vpn_domains
ipset=/production-openaicom-storage.azureedge.net/vpn_domains
ipset=/proekt.media/vpn_domains
ipset=/prosleduetmedia.com/vpn_domains
ipset=/prostovpn.org/vpn_domains
ipset=/proton.me/vpn_domains
ipset=/protonvpn.com/vpn_domains
ipset=/provereno.media/vpn_domains
ipset=/prowlarr.com/vpn_domains
ipset=/pscp.tv/vpn_domains
ipset=/psiphon.ca/vpn_domains
ipset=/public.parsec.app/vpn_domains
ipset=/qt.io/vpn_domains
ipset=/quora.com/vpn_domains
ipset=/quora.com.cdn.cloudflare.net/vpn_domains
ipset=/r4.err.ee/vpn_domains
ipset=/radiosakharov.org/vpn_domains
ipset=/radiosvoboda.org/vpn_domains
ipset=/rbc.ua/vpn_domains
ipset=/reactflow.dev/vpn_domains
ipset=/realist.online/vpn_domains
ipset=/recraft.ai/vpn_domains
ipset=/reddxxx.com/vpn_domains
ipset=/redgifs.com/vpn_domains
ipset=/redis.io/vpn_domains
ipset=/redislabs.com/vpn_domains
ipset=/redshieldvpn.com/vpn_domains
ipset=/refactoring.guru/vpn_domains
ipset=/remna.st/vpn_domains
ipset=/remove.bg/vpn_domains
ipset=/render-state.to/vpn_domains
ipset=/rentry.co/vpn_domains
ipset=/rentry.org/vpn_domains
ipset=/republic.ru/vpn_domains
ipset=/research.net/vpn_domains
ipset=/returnyoutubedislikeapi.com/vpn_domains
ipset=/reve.art/vpn_domains
ipset=/rezka-ua.in/vpn_domains
ipset=/rezka.ag/vpn_domains
ipset=/rezka.my/vpn_domains
ipset=/rezkify.com/vpn_domains
ipset=/rezonans.media/vpn_domains
ipset=/rf.dobrochan.net/vpn_domains
ipset=/rferl.org/vpn_domains
ipset=/rima.media/vpn_domains
ipset=/riperam.org/vpn_domains
ipset=/riseup.net/vpn_domains
ipset=/roar-review.com/vpn_domains
ipset=/root-nation.com/vpn_domains
ipset=/roskomsvoboda.org/vpn_domains
ipset=/rublacklist.net/vpn_domains
ipset=/rule34.art/vpn_domains
ipset=/rule34.xxx/vpn_domains
ipset=/rus.delfi.ee/vpn_domains
ipset=/rus.jauns.lv/vpn_domains
ipset=/ruscryde.net/vpn_domains
ipset=/rutor.info/vpn_domains
ipset=/rutor.is/vpn_domains
ipset=/rutor.org/vpn_domains
ipset=/rutracker.cc/vpn_domains
ipset=/rutracker.net/vpn_domains
ipset=/rutracker.org/vpn_domains
ipset=/rutracker.wiki/vpn_domains
ipset=/sakhalin.info/vpn_domains
ipset=/sakharovfoundation.org/vpn_domains
ipset=/salesforce-experience.com/vpn_domains
ipset=/salesforce-hub.com/vpn_domains
ipset=/salesforce-scrt.com/vpn_domains
ipset=/salesforce-setup.com/vpn_domains
ipset=/salesforce-sites.com/vpn_domains
ipset=/salesforce.com/vpn_domains
ipset=/salesforceiq.com/vpn_domains
ipset=/salesforceliveagent.com/vpn_domains
ipset=/sap.com/vpn_domains
ipset=/saverudata.net/vpn_domains
ipset=/sci-hub.se/vpn_domains
ipset=/sci-hub.st/vpn_domains
ipset=/scryde.io/vpn_domains
ipset=/scryde.net/vpn_domains
ipset=/scryde.ru/vpn_domains
ipset=/scryde.world/vpn_domains
ipset=/scryde1.net/vpn_domains
ipset=/scryde10.net/vpn_domains
ipset=/scryde11.net/vpn_domains
ipset=/scryde12.net/vpn_domains
ipset=/scryde2.net/vpn_domains
ipset=/scryde3.net/vpn_domains
ipset=/scryde4.net/vpn_domains
ipset=/scryde5.net/vpn_domains
ipset=/scryde6.net/vpn_domains
ipset=/scryde7.net/vpn_domains
ipset=/scryde8.net/vpn_domains
ipset=/scryde9.net/vpn_domains
ipset=/sdxcentral.com/vpn_domains
ipset=/searchfloor.org/vpn_domains
ipset=/seasonvar.ru/vpn_domains
ipset=/selezen.org/vpn_domains
ipset=/semnasem.org/vpn_domains
ipset=/semrush.com/vpn_domains
ipset=/sentry.dev/vpn_domains
ipset=/sentry.io/vpn_domains
ipset=/sephora.com/vpn_domains
ipset=/servarr.com/vpn_domains
ipset=/severreal.org/vpn_domains
ipset=/sfdcopens.com/vpn_domains
ipset=/shikimori.me/vpn_domains
ipset=/shinyhardware.co.uk/vpn_domains
ipset=/shiza-project.com/vpn_domains
ipset=/shop.gameloft.com/vpn_domains
ipset=/showip.net/vpn_domains
ipset=/sibreal.org/vpn_domains
ipset=/signal.org/vpn_domains
ipset=/simplex.chat/vpn_domains
ipset=/simplex.im/vpn_domains
ipset=/simplix.info/vpn_domains
ipset=/singlekey-id.com/vpn_domains
ipset=/site.com/vpn_domains
ipset=/skat.media/vpn_domains
ipset=/sketchup.com/vpn_domains
ipset=/skiff.com/vpn_domains
ipset=/skladchik.com/vpn_domains
ipset=/sklatchiki.ru/vpn_domains
ipset=/sky.com/vpn_domains
ipset=/skycdp.com/vpn_domains
ipset=/slashlib.me/vpn_domains
ipset=/slavicsac.com/vpn_domains
ipset=/slifki.biz/vpn_domains
ipset=/smartbear.co/vpn_domains
ipset=/smartbear.com/vpn_domains
ipset=/smartdeploy.com/vpn_domains
ipset=/sms-activate.io/vpn_domains
ipset=/snapgene.com/vpn_domains
ipset=/sndcdn.com/vpn_domains
ipset=/snort.org/vpn_domains
ipset=/snyk.io/vpn_domains
ipset=/sobesednik.com/vpn_domains
ipset=/solarwinds.com/vpn_domains
ipset=/sora.com/vpn_domains
ipset=/sotaproject.com/vpn_domains
ipset=/soundcloud.cloud/vpn_domains
ipset=/soundcloud.com/vpn_domains
ipset=/sovetromantica.com/vpn_domains
ipset=/spacelift.io/vpn_domains
ipset=/speedtest.net/vpn_domains
ipset=/spektr.press/vpn_domains
ipset=/spiceworks.com/vpn_domains
ipset=/spiegel.de/vpn_domains
ipset=/spitfireaudio.com/vpn_domains
ipset=/spotify.com/vpn_domains
ipset=/spreadthesign.com/vpn_domains
ipset=/sputnikipogrom.com/vpn_domains
ipset=/squadbustersgame.com/vpn_domains
ipset=/squareup.com/vpn_domains
ipset=/squietpc.com/vpn_domains
ipset=/startpage.com/vpn_domains
ipset=/static.lostfilm.top/vpn_domains
ipset=/statology.org/vpn_domains
ipset=/steamstat.info/vpn_domains
ipset=/strana.news/vpn_domains
ipset=/strana.today/vpn_domains
ipset=/strava.com/vpn_domains
ipset=/suggestqueries.google.com/vpn_domains
ipset=/supercell.com/vpn_domains
ipset=/supersliv.biz/vpn_domains
ipset=/support.xerox.com/vpn_domains
ipset=/surfshark.com/vpn_domains
ipset=/surveymonkey.com/vpn_domains
ipset=/suspilne.media/vpn_domains
ipset=/svidomi.in.ua/vpn_domains
ipset=/svoboda.org/vpn_domains
ipset=/svoi.kr.ua/vpn_domains
ipset=/svtv.org/vpn_domains
ipset=/swagger.io/vpn_domains
ipset=/swissinfo.ch/vpn_domains
ipset=/synoforum.com/vpn_domains
ipset=/t-invariant.org/vpn_domains
ipset=/t.co/vpn_domains
ipset=/tableau.com/vpn_domains
ipset=/talosintelligence.com/vpn_domains
ipset=/tayga.info/vpn_domains
ipset=/te-st.org/vpn_domains
ipset=/teamviewer.com/vpn_domains
ipset=/techbargains.com/vpn_domains
ipset=/telegraf.by/vpn_domains
ipset=/telegraf.news/vpn_domains
ipset=/telegraph.co.uk/vpn_domains
ipset=/telemetr.io/vpn_domains
ipset=/tellapart.com/vpn_domains
ipset=/tempmail.plus/vpn_domains
ipset=/temu.com/vpn_domains
ipset=/terraform.io/vpn_domains
ipset=/the-village.ru/vpn_domains
ipset=/theaudiodb.com/vpn_domains
ipset=/thebarentsobserver.com/vpn_domains
ipset=/thebell.io/vpn_domains
ipset=/theins.press/vpn_domains
ipset=/theins.ru/vpn_domains
ipset=/themoviedb.org/vpn_domains
ipset=/thepiratebay.org/vpn_domains
ipset=/thetruestory.news/vpn_domains
ipset=/threads.net/vpn_domains
ipset=/threema.ch/vpn_domains
ipset=/ti.com/vpn_domains
ipset=/tidal.com/vpn_domains
ipset=/tik-tokapi.com/vpn_domains
ipset=/tiktok.com/vpn_domains
ipset=/tiktokcdn-eu.com/vpn_domains
ipset=/tiktokcdn-us.com/vpn_domains
ipset=/tiktokcdn.com/vpn_domains
ipset=/tiktokd.net/vpn_domains
ipset=/tiktokd.org/vpn_domains
ipset=/tiktokv.com/vpn_domains
ipset=/tiktokv.us/vpn_domains
ipset=/tiktokw.us/vpn_domains
ipset=/timberland.de/vpn_domains
ipset=/tiptop-vpn.com/vpn_domains
ipset=/tmdb-image-prod.b-cdn.net/vpn_domains
ipset=/tmdb.com/vpn_domains
ipset=/tmdb.org/vpn_domains
ipset=/toolbox.app/vpn_domains
ipset=/torproject.org/vpn_domains
ipset=/torrenteditor.com/vpn_domains
ipset=/torrentgalaxy.to/vpn_domains
ipset=/trae.ai/vpn_domains
ipset=/trailblazer.me/vpn_domains
ipset=/trailhead.com/vpn_domains
ipset=/trellix.com/vpn_domains
ipset=/trueblackmetalradio.com/vpn_domains
ipset=/truthsocial.com/vpn_domains
ipset=/tsmc.com/vpn_domains
ipset=/ttwstatic.com/vpn_domains
ipset=/turbobit.net/vpn_domains
ipset=/tuta.com/vpn_domains
ipset=/tuta.io/vpn_domains
ipset=/tutanota.com/vpn_domains
ipset=/tvfreedom.io/vpn_domains
ipset=/tvrain.ru/vpn_domains
ipset=/tvrain.tv/vpn_domains
ipset=/tweetdeck.com/vpn_domains
ipset=/twimg.com/vpn_domains
ipset=/twirpx.com/vpn_domains
ipset=/twitpic.com/vpn_domains
ipset=/twitter.biz/vpn_domains
ipset=/twitter.com/vpn_domains
ipset=/twitter.jp/vpn_domains
ipset=/twittercommunity.com/vpn_domains
ipset=/twitterflightschool.com/vpn_domains
ipset=/twitterinc.com/vpn_domains
ipset=/twitteroauth.com/vpn_domains
ipset=/twitterstat.us/vpn_domains
ipset=/twtrdns.net/vpn_domains
ipset=/twttr.com/vpn_domains
ipset=/twttr.net/vpn_domains
ipset=/twvid.com/vpn_domains
ipset=/typing.com/vpn_domains
ipset=/uaudio.com/vpn_domains
ipset=/ui.ill.in.ua/vpn_domains
ipset=/uizard.io/vpn_domains
ipset=/ukr.net/vpn_domains
ipset=/ukr.radio/vpn_domains
ipset=/ukrtelcdn.net/vpn_domains
ipset=/unian.ua/vpn_domains
ipset=/unscreen.com/vpn_domains
ipset=/upwork.com/vpn_domains
ipset=/usa.one/vpn_domains
ipset=/usatoday.com/vpn_domains
ipset=/usher.ttvnw.net/vpn_domains
ipset=/vagrantcloud.com/vpn_domains
ipset=/veeam.com/vpn_domains
ipset=/verstka.media/vpn_domains
ipset=/vesma.one/vpn_domains
ipset=/vesma.today/vpn_domains
ipset=/vesty.co.il/vpn_domains
ipset=/viber.com/vpn_domains
ipset=/vice.com/vpn_domains
ipset=/vine.co/vpn_domains
ipset=/vipergirls.to/vpn_domains
ipset=/visualcapitalist.com/vpn_domains
ipset=/vmware.com/vpn_domains
ipset=/vndb.org/vpn_domains
ipset=/voanews.com/vpn_domains
ipset=/voidboost.cc/vpn_domains
ipset=/volkswagen-classic-parts.com/vpn_domains
ipset=/vot-tak.tv/vpn_domains
ipset=/vpngate.net/vpn_domains
ipset=/vpngen.org/vpn_domains
ipset=/vpnlove.me/vpn_domains
ipset=/vpnpay.io/vpn_domains
ipset=/vyos.io/vpn_domains
ipset=/w.atwiki.jp/vpn_domains
ipset=/walmart.com/vpn_domains
ipset=/watchguard.com/vpn_domains
ipset=/watermarkremover.io/vpn_domains
ipset=/wbgames.com/vpn_domains
ipset=/weather.com/vpn_domains
ipset=/webnames.ca/vpn_domains
ipset=/webtoons.com/vpn_domains
ipset=/weebly.com/vpn_domains
ipset=/welt.de/vpn_domains
ipset=/wide-youtube.l.google.com/vpn_domains
ipset=/widgetapp.stream/vpn_domains
ipset=/wiki.fextralife.com/vpn_domains
ipset=/wikidot.com/vpn_domains
ipset=/wilsoncenter.org/vpn_domains
ipset=/windows10spotlight.com/vpn_domains
ipset=/windsurf.com/vpn_domains
ipset=/wonderzine.com/vpn_domains
ipset=/wpengine.com/vpn_domains
ipset=/wunderground.com/vpn_domains
ipset=/www3.corsair.com/vpn_domains
ipset=/x.ai/vpn_domains
ipset=/x.com/vpn_domains
ipset=/xhamster.com/vpn_domains
ipset=/xhamsterlive.com/vpn_domains
ipset=/xhcdn.com/vpn_domains
ipset=/xnxx-cdn.com/vpn_domains
ipset=/xnxx.com/vpn_domains
ipset=/xnxx.net/vpn_domains
ipset=/xnxx.tv/vpn_domains
ipset=/xnxx3.com/vpn_domains
ipset=/xsts.auth.xboxlive.com/vpn_domains
ipset=/xtracloud.net/vpn_domains
ipset=/xv-ru.com/vpn_domains
ipset=/xvideos-cdn.com/vpn_domains
ipset=/xvideos.com/vpn_domains
ipset=/yande.re/vpn_domains
ipset=/yeggi.com/vpn_domains
ipset=/yle.fi/vpn_domains
ipset=/youtrack.cloud/vpn_domains
ipset=/youtu.be/vpn_domains
ipset=/youtube-nocookie.com/vpn_domains
ipset=/youtube-ui.l.google.com/vpn_domains
ipset=/youtube.com/vpn_domains
ipset=/youtubeembeddedplayer.googleapis.com/vpn_domains
ipset=/youtubei.googleapis.com/vpn_domains
ipset=/youtubekids.com/vpn_domains
ipset=/yt-video-upload.l.google.com/vpn_domains
ipset=/yt3.googleusercontent.com/vpn_domains
ipset=/ytimg.com/vpn_domains
ipset=/ytimg.l.google.com/vpn_domains
ipset=/yting.com/vpn_domains
ipset=/yummyani.me/vpn_domains
ipset=/zahav.ru/vpn_domains
ipset=/zapier.com/vpn_domains
ipset=/zbigz.com/vpn_domains
ipset=/zedge.net/vpn_domains
ipset=/zendesk.com/vpn_domains
ipset=/zerkalo.io/vpn_domains
ipset=/zona.media/vpn_domains
