/ip dns static add name=1018213540.rsc.cdn77.org type=FWD address-list=allow-domains match-subdomain=yes forward-to=localhost
/ip dns static add name=avtodor-tr.ru type=FWD address-list=allow-domains match-subdomain=yes forward-to=localhost
/ip dns static add name=b2c-ticket-sentry.onelya.ru type=FWD address-list=allow-domains match-subdomain=yes forward-to=localhost
/ip dns static add name=bitrix.info type=FWD address-list=allow-domains match-subdomain=yes forward-to=localhost
/ip dns static add name=bkvet.ru type=FWD address-list=allow-domains match-subdomain=yes forward-to=localhost
/ip dns static add name=cdn1.ozonusercontent.com type=FWD address-list=allow-domains match-subdomain=yes forward-to=localhost
/ip dns static add name=cms1.dzvr.ru type=FWD address-list=allow-domains match-subdomain=yes forward-to=localhost
/ip dns static add name=counter.yadro.ru type=FWD address-list=allow-domains match-subdomain=yes forward-to=localhost
/ip dns static add name=dzvr.ru type=FWD address-list=allow-domains match-subdomain=yes forward-to=localhost
/ip dns static add name=fairplay-proxy.ott.yandex.ru type=FWD address-list=allow-domains match-subdomain=yes forward-to=localhost
/ip dns static add name=fssp.gov.ru type=FWD address-list=allow-domains match-subdomain=yes forward-to=localhost
/ip dns static add name=gosuslugi.ru type=FWD address-list=allow-domains match-subdomain=yes forward-to=localhost
/ip dns static add name=gov.ru type=FWD address-list=allow-domains match-subdomain=yes forward-to=localhost
/ip dns static add name=graphql.kinopoisk.ru type=FWD address-list=allow-domains match-subdomain=yes forward-to=localhost
/ip dns static add name=lemanapro.ru type=FWD address-list=allow-domains match-subdomain=yes forward-to=localhost
/ip dns static add name=leroymerlin.ru type=FWD address-list=allow-domains match-subdomain=yes forward-to=localhost
/ip dns static add name=mobileapp.russianpost.ru type=FWD address-list=allow-domains match-subdomain=yes forward-to=localhost
/ip dns static add name=mos.ru type=FWD address-list=allow-domains match-subdomain=yes forward-to=localhost
/ip dns static add name=mosenergosbyt.ru type=FWD address-list=allow-domains match-subdomain=yes forward-to=localhost
/ip dns static add name=mosreg.ru type=FWD address-list=allow-domains match-subdomain=yes forward-to=localhost
/ip dns static add name=nalog.ru type=FWD address-list=allow-domains match-subdomain=yes forward-to=localhost
/ip dns static add name=ozon.ru type=FWD address-list=allow-domains match-subdomain=yes forward-to=localhost
/ip dns static add name=pesc.ru type=FWD address-list=allow-domains match-subdomain=yes forward-to=localhost
/ip dns static add name=pochta.ru type=FWD address-list=allow-domains match-subdomain=yes forward-to=localhost
/ip dns static add name=reso.ru type=FWD address-list=allow-domains match-subdomain=yes forward-to=localhost
/ip dns static add name=rosreestr.gov.ru type=FWD address-list=allow-domains match-subdomain=yes forward-to=localhost
/ip dns static add name=rzd-bonus.ru type=FWD address-list=allow-domains match-subdomain=yes forward-to=localhost
/ip dns static add name=rzd.ru type=FWD address-list=allow-domains match-subdomain=yes forward-to=localhost
/ip dns static add name=showip.net type=FWD address-list=allow-domains match-subdomain=yes forward-to=localhost
/ip dns static add name=sys.refocus.ru type=FWD address-list=allow-domains match-subdomain=yes forward-to=localhost
/ip dns static add name=vshark.ttk.ru type=FWD address-list=allow-domains match-subdomain=yes forward-to=localhost
/ip dns static add name=widevine-proxy.ott.yandex.ru type=FWD address-list=allow-domains match-subdomain=yes forward-to=localhost
/ip dns static add name=xn--90aijkdmaud0d.xn--p1ai type=FWD address-list=allow-domains match-subdomain=yes forward-to=localhost
/ip dns static add name=yandex.net type=FWD address-list=allow-domains match-subdomain=yes forward-to=localhost
