nftset=/avtodor-tr.ru/4#inet#fw4#vpn_domains
nftset=/bitrix.info/4#inet#fw4#vpn_domains
nftset=/bkvet.ru/4#inet#fw4#vpn_domains
nftset=/cdn77.org/4#inet#fw4#vpn_domains
nftset=/dzvr.ru/4#inet#fw4#vpn_domains
nftset=/kinopoisk.ru/4#inet#fw4#vpn_domains
nftset=/lemanapro.ru/4#inet#fw4#vpn_domains
nftset=/leroymerlin.ru/4#inet#fw4#vpn_domains
nftset=/mos.ru/4#inet#fw4#vpn_domains
nftset=/mosenergosbyt.ru/4#inet#fw4#vpn_domains
nftset=/onelya.ru/4#inet#fw4#vpn_domains
nftset=/ozon.ru/4#inet#fw4#vpn_domains
nftset=/ozone.ru/4#inet#fw4#vpn_domains
nftset=/ozonusercontent.com/4#inet#fw4#vpn_domains
nftset=/pochta.ru/4#inet#fw4#vpn_domains
nftset=/refocus.ru/4#inet#fw4#vpn_domains
nftset=/russianpost.ru/4#inet#fw4#vpn_domains
nftset=/rzd-bonus.ru/4#inet#fw4#vpn_domains
nftset=/rzd.ru/4#inet#fw4#vpn_domains
nftset=/showip.net/4#inet#fw4#vpn_domains
nftset=/ttk.ru/4#inet#fw4#vpn_domains
nftset=/yadro.ru/4#inet#fw4#vpn_domains
nftset=/yandex.net/4#inet#fw4#vpn_domains
nftset=/yandex.ru/4#inet#fw4#vpn_domains
