nftset=/1018213540.rsc.cdn77.org/4#inet#fw4#vpn_domains
nftset=/avtodor-tr.ru/4#inet#fw4#vpn_domains
nftset=/b2c-ticket-sentry.onelya.ru/4#inet#fw4#vpn_domains
nftset=/bitrix.info/4#inet#fw4#vpn_domains
nftset=/bkvet.ru/4#inet#fw4#vpn_domains
nftset=/cdn1.ozonusercontent.com/4#inet#fw4#vpn_domains
nftset=/cms1.dzvr.ru/4#inet#fw4#vpn_domains
nftset=/counter.yadro.ru/4#inet#fw4#vpn_domains
nftset=/dzvr.ru/4#inet#fw4#vpn_domains
nftset=/fairplay-proxy.ott.yandex.ru/4#inet#fw4#vpn_domains
nftset=/fssp.gov.ru/4#inet#fw4#vpn_domains
nftset=/gosuslugi.ru/4#inet#fw4#vpn_domains
nftset=/gov.ru/4#inet#fw4#vpn_domains
nftset=/graphql.kinopoisk.ru/4#inet#fw4#vpn_domains
nftset=/lemanapro.ru/4#inet#fw4#vpn_domains
nftset=/leroymerlin.ru/4#inet#fw4#vpn_domains
nftset=/mobileapp.russianpost.ru/4#inet#fw4#vpn_domains
nftset=/mos.ru/4#inet#fw4#vpn_domains
nftset=/mosenergosbyt.ru/4#inet#fw4#vpn_domains
nftset=/mosreg.ru/4#inet#fw4#vpn_domains
nftset=/nalog.ru/4#inet#fw4#vpn_domains
nftset=/ozon.ru/4#inet#fw4#vpn_domains
nftset=/pesc.ru/4#inet#fw4#vpn_domains
nftset=/pochta.ru/4#inet#fw4#vpn_domains
nftset=/reso.ru/4#inet#fw4#vpn_domains
nftset=/rosreestr.gov.ru/4#inet#fw4#vpn_domains
nftset=/rzd-bonus.ru/4#inet#fw4#vpn_domains
nftset=/rzd.ru/4#inet#fw4#vpn_domains
nftset=/showip.net/4#inet#fw4#vpn_domains
nftset=/sys.refocus.ru/4#inet#fw4#vpn_domains
nftset=/vshark.ttk.ru/4#inet#fw4#vpn_domains
nftset=/widevine-proxy.ott.yandex.ru/4#inet#fw4#vpn_domains
nftset=/xn--90aijkdmaud0d.xn--p1ai/4#inet#fw4#vpn_domains
nftset=/yandex.net/4#inet#fw4#vpn_domains
