nftset=/101.ru/4#inet#fw4#vpn_domains
nftset=/16-bits.ru/4#inet#fw4#vpn_domains
nftset=/1c-umi.ru/4#inet#fw4#vpn_domains
nftset=/1cent.in/4#inet#fw4#vpn_domains
nftset=/1cent.tv/4#inet#fw4#vpn_domains
nftset=/1cupis.ru/4#inet#fw4#vpn_domains
nftset=/1internet.tv/4#inet#fw4#vpn_domains
nftset=/1prime.ru/4#inet#fw4#vpn_domains
nftset=/1rsload.ru/4#inet#fw4#vpn_domains
nftset=/1tv.com/4#inet#fw4#vpn_domains
nftset=/1tv.ru/4#inet#fw4#vpn_domains
nftset=/1tvcrimea.ru/4#inet#fw4#vpn_domains
nftset=/1x-bet.com/4#inet#fw4#vpn_domains
nftset=/1xbet.com/4#inet#fw4#vpn_domains
nftset=/1xslots-online.com/4#inet#fw4#vpn_domains
nftset=/1xstavka.ru/4#inet#fw4#vpn_domains
nftset=/21casino.com/4#inet#fw4#vpn_domains
nftset=/22bet.com/4#inet#fw4#vpn_domains
nftset=/24kcasino.com/4#inet#fw4#vpn_domains
nftset=/288sb.com/4#inet#fw4#vpn_domains
nftset=/2gis.ru/4#inet#fw4#vpn_domains
nftset=/2gis.ua/4#inet#fw4#vpn_domains
nftset=/2kita.com/4#inet#fw4#vpn_domains
nftset=/2whois.ru/4#inet#fw4#vpn_domains
nftset=/3dn.ru/4#inet#fw4#vpn_domains
nftset=/3dnews.ru/4#inet#fw4#vpn_domains
nftset=/3dtoday.ru/4#inet#fw4#vpn_domains
nftset=/4brain.ru/4#inet#fw4#vpn_domains
nftset=/5-tv.ru/4#inet#fw4#vpn_domains
nftset=/777.com/4#inet#fw4#vpn_domains
nftset=/7themes.su/4#inet#fw4#vpn_domains
nftset=/888.ru/4#inet#fw4#vpn_domains
nftset=/9111s.ru/4#inet#fw4#vpn_domains
nftset=/9649.ru/4#inet#fw4#vpn_domains
nftset=/abet.ru/4#inet#fw4#vpn_domains
nftset=/academyit.ru/4#inet#fw4#vpn_domains
nftset=/achtungpartisanen.ru/4#inet#fw4#vpn_domains
nftset=/adacoins.ru/4#inet#fw4#vpn_domains
nftset=/admin-gorlovka.ru/4#inet#fw4#vpn_domains
nftset=/ag.ru/4#inet#fw4#vpn_domains
nftset=/agklnr.su/4#inet#fw4#vpn_domains
nftset=/agoravox.tv/4#inet#fw4#vpn_domains
nftset=/aif.ru/4#inet#fw4#vpn_domains
nftset=/aladdin-rd.ru/4#inet#fw4#vpn_domains
nftset=/alchevsk.su/4#inet#fw4#vpn_domains
nftset=/alfabank.ru/4#inet#fw4#vpn_domains
nftset=/algoritmika.org/4#inet#fw4#vpn_domains
nftset=/aliexpress.ru/4#inet#fw4#vpn_domains
nftset=/allcrimea.net/4#inet#fw4#vpn_domains
nftset=/altaipalace.net/4#inet#fw4#vpn_domains
nftset=/amalgama-lab.com/4#inet#fw4#vpn_domains
nftset=/amediateka.ru/4#inet#fw4#vpn_domains
nftset=/amlgames.com/4#inet#fw4#vpn_domains
nftset=/amocrm.ru/4#inet#fw4#vpn_domains
nftset=/aniqit.com/4#inet#fw4#vpn_domains
nftset=/anna-news.info/4#inet#fw4#vpn_domains
nftset=/anomaly-zone.net/4#inet#fw4#vpn_domains
nftset=/anomaly-zone.ru/4#inet#fw4#vpn_domains
nftset=/antifashist.com/4#inet#fw4#vpn_domains
nftset=/antifriz.tv/4#inet#fw4#vpn_domains
nftset=/antimaydan.info/4#inet#fw4#vpn_domains
nftset=/antispamsniper.com/4#inet#fw4#vpn_domains
nftset=/antistarforce.com/4#inet#fw4#vpn_domains
nftset=/antr-adm.ru/4#inet#fw4#vpn_domains
nftset=/antratsit.su/4#inet#fw4#vpn_domains
nftset=/apptractor.ru/4#inet#fw4#vpn_domains
nftset=/aprlnr.su/4#inet#fw4#vpn_domains
nftset=/arbitr.ru/4#inet#fw4#vpn_domains
nftset=/argocasino50.com/4#inet#fw4#vpn_domains
nftset=/armgov.ru/4#inet#fw4#vpn_domains
nftset=/artmoney.ru/4#inet#fw4#vpn_domains
nftset=/artpeople.ru/4#inet#fw4#vpn_domains
nftset=/artv-news.ru/4#inet#fw4#vpn_domains
nftset=/ascnb1.ru/4#inet#fw4#vpn_domains
nftset=/asd.news/4#inet#fw4#vpn_domains
nftset=/asketlnr.su/4#inet#fw4#vpn_domains
nftset=/asp24.ru/4#inet#fw4#vpn_domains
nftset=/asssr.info/4#inet#fw4#vpn_domains
nftset=/astrabet.ru/4#inet#fw4#vpn_domains
nftset=/atraining.ru/4#inet#fw4#vpn_domains
nftset=/au-donetsk.ru/4#inet#fw4#vpn_domains
nftset=/auto.ru/4#inet#fw4#vpn_domains
nftset=/autobook.one/4#inet#fw4#vpn_domains
nftset=/avtopribor.ru/4#inet#fw4#vpn_domains
nftset=/bafista.ru/4#inet#fw4#vpn_domains
nftset=/baltbet.ru/4#inet#fw4#vpn_domains
nftset=/bdocodex.com/4#inet#fw4#vpn_domains
nftset=/beeline.ru/4#inet#fw4#vpn_domains
nftset=/begemot.media/4#inet#fw4#vpn_domains
nftset=/beget.com/4#inet#fw4#vpn_domains
nftset=/bet365.com/4#inet#fw4#vpn_domains
nftset=/bet365.ru/4#inet#fw4#vpn_domains
nftset=/betboom.ru/4#inet#fw4#vpn_domains
nftset=/betchain.com/4#inet#fw4#vpn_domains
nftset=/betchplp.xyz/4#inet#fw4#vpn_domains
nftset=/betcity.ru/4#inet#fw4#vpn_domains
nftset=/bethesda.net/4#inet#fw4#vpn_domains
nftset=/betring.org/4#inet#fw4#vpn_domains
nftset=/bettery.ru/4#inet#fw4#vpn_domains
nftset=/betwinner.com/4#inet#fw4#vpn_domains
nftset=/bg14.org/4#inet#fw4#vpn_domains
nftset=/bigsv.ru/4#inet#fw4#vpn_domains
nftset=/billingtv.net/4#inet#fw4#vpn_domains
nftset=/bitasproductions.ru/4#inet#fw4#vpn_domains
nftset=/bitcoincasino.us/4#inet#fw4#vpn_domains
nftset=/bitrix24.site/4#inet#fw4#vpn_domains
nftset=/biz.ua/4#inet#fw4#vpn_domains
nftset=/bizdnr.ru/4#inet#fw4#vpn_domains
nftset=/bizon365.ru/4#inet#fw4#vpn_domains
nftset=/blast.hk/4#inet#fw4#vpn_domains
nftset=/blogspot.com/4#inet#fw4#vpn_domains
nftset=/bloknot.ru/4#inet#fw4#vpn_domains
nftset=/blynk.tk/4#inet#fw4#vpn_domains
nftset=/bmpvsu.ru/4#inet#fw4#vpn_domains
nftset=/bober-tv.ru/4#inet#fw4#vpn_domains
nftset=/bober.ru/4#inet#fw4#vpn_domains
nftset=/bookmate.com/4#inet#fw4#vpn_domains
nftset=/boosty.to/4#inet#fw4#vpn_domains
nftset=/britannia-kaliningrad.ru/4#inet#fw4#vpn_domains
nftset=/brunoyam.com/4#inet#fw4#vpn_domains
nftset=/bryanka.su/4#inet#fw4#vpn_domains
nftset=/burda.ru/4#inet#fw4#vpn_domains
nftset=/bwin.ru/4#inet#fw4#vpn_domains
nftset=/c-eho.info/4#inet#fw4#vpn_domains
nftset=/c-inform.info/4#inet#fw4#vpn_domains
nftset=/c-pravda.ru/4#inet#fw4#vpn_domains
nftset=/cackle.me/4#inet#fw4#vpn_domains
nftset=/calend.ru/4#inet#fw4#vpn_domains
nftset=/cambridgecentre.ru/4#inet#fw4#vpn_domains
nftset=/capitalfm.moscow/4#inet#fw4#vpn_domains
nftset=/capitaller.ru/4#inet#fw4#vpn_domains
nftset=/cardsharingserver.tv/4#inet#fw4#vpn_domains
nftset=/casinotoken.com/4#inet#fw4#vpn_domains
nftset=/cbilling.biz/4#inet#fw4#vpn_domains
nftset=/cbilling.in/4#inet#fw4#vpn_domains
nftset=/cbilling.pw/4#inet#fw4#vpn_domains
nftset=/cbillingtv.net/4#inet#fw4#vpn_domains
nftset=/cdn.tf/4#inet#fw4#vpn_domains
nftset=/cdnbunny.org/4#inet#fw4#vpn_domains
nftset=/cdnland.in/4#inet#fw4#vpn_domains
nftset=/cdnvideo.ru/4#inet#fw4#vpn_domains
nftset=/changamireltd.com/4#inet#fw4#vpn_domains
nftset=/chat.ru/4#inet#fw4#vpn_domains
nftset=/chipmaker.ru/4#inet#fw4#vpn_domains
nftset=/chto-eto-takoe.ru/4#inet#fw4#vpn_domains
nftset=/cikdnr.su/4#inet#fw4#vpn_domains
nftset=/click.ru/4#inet#fw4#vpn_domains
nftset=/cloudbet.com/4#inet#fw4#vpn_domains
nftset=/club443.ru/4#inet#fw4#vpn_domains
nftset=/clubpixel.ru/4#inet#fw4#vpn_domains
nftset=/cmh.ru/4#inet#fw4#vpn_domains
nftset=/cnews.ru/4#inet#fw4#vpn_domains
nftset=/coddyschool.com/4#inet#fw4#vpn_domains
nftset=/codenet.ru/4#inet#fw4#vpn_domains
nftset=/college.ru/4#inet#fw4#vpn_domains
nftset=/com.ru/4#inet#fw4#vpn_domains
nftset=/combot.org/4#inet#fw4#vpn_domains
nftset=/comitet.su/4#inet#fw4#vpn_domains
nftset=/consoleclub.fun/4#inet#fw4#vpn_domains
nftset=/cont.ws/4#inet#fw4#vpn_domains
nftset=/contactpay.com/4#inet#fw4#vpn_domains
nftset=/conversmod.ru/4#inet#fw4#vpn_domains
nftset=/core.tf/4#inet#fw4#vpn_domains
nftset=/coub.com/4#inet#fw4#vpn_domains
nftset=/cqham.ru/4#inet#fw4#vpn_domains
nftset=/crb-dnr.ru/4#inet#fw4#vpn_domains
nftset=/crimea-news.com/4#inet#fw4#vpn_domains
nftset=/crimea-radio.ru/4#inet#fw4#vpn_domains
nftset=/crimea.com/4#inet#fw4#vpn_domains
nftset=/crimea24.tv/4#inet#fw4#vpn_domains
nftset=/crimea24tv.ru/4#inet#fw4#vpn_domains
nftset=/crimeapress.info/4#inet#fw4#vpn_domains
nftset=/css-ms.ru/4#inet#fw4#vpn_domains
nftset=/ctrana.news/4#inet#fw4#vpn_domains
nftset=/cwer.ru/4#inet#fw4#vpn_domains
nftset=/cwer.su/4#inet#fw4#vpn_domains
nftset=/cwer.ws/4#inet#fw4#vpn_domains
nftset=/cyberforum.ru/4#inet#fw4#vpn_domains
nftset=/d3-28.ru/4#inet#fw4#vpn_domains
nftset=/d4reflection.org/4#inet#fw4#vpn_domains
nftset=/dan-news.info/4#inet#fw4#vpn_domains
nftset=/darkside.ru/4#inet#fw4#vpn_domains
nftset=/datadome.co/4#inet#fw4#vpn_domains
nftset=/datalock.ru/4#inet#fw4#vpn_domains
nftset=/debalcevo-dnr.ru/4#inet#fw4#vpn_domains
nftset=/denis-pushilin.info/4#inet#fw4#vpn_domains
nftset=/denis-pushilin.ru/4#inet#fw4#vpn_domains
nftset=/depirf.ru/4#inet#fw4#vpn_domains
nftset=/des-life.ru/4#inet#fw4#vpn_domains
nftset=/deviantart.net/4#inet#fw4#vpn_domains
nftset=/digitalrussia.tv/4#inet#fw4#vpn_domains
nftset=/dimonvideo.ru/4#inet#fw4#vpn_domains
nftset=/djankoiadm.ru/4#inet#fw4#vpn_domains
nftset=/dlink.ru/4#inet#fw4#vpn_domains
nftset=/dmde.ru/4#inet#fw4#vpn_domains
nftset=/dmkos.ru/4#inet#fw4#vpn_domains
nftset=/dnd.su/4#inet#fw4#vpn_domains
nftset=/dnipress.com/4#inet#fw4#vpn_domains
nftset=/dnmchs.ru/4#inet#fw4#vpn_domains
nftset=/dnr-hotline.ru/4#inet#fw4#vpn_domains
nftset=/dnr-life.ru/4#inet#fw4#vpn_domains
nftset=/dnr-live.ru/4#inet#fw4#vpn_domains
nftset=/dnr-news.com/4#inet#fw4#vpn_domains
nftset=/dnr-online.ru/4#inet#fw4#vpn_domains
nftset=/dnr-pravda.ru/4#inet#fw4#vpn_domains
nftset=/dnr24.com/4#inet#fw4#vpn_domains
nftset=/dnr24.su/4#inet#fw4#vpn_domains
nftset=/dnrailway.ru/4#inet#fw4#vpn_domains
nftset=/dnronlane.su/4#inet#fw4#vpn_domains
nftset=/dnrsovet.su/4#inet#fw4#vpn_domains
nftset=/dns-shop.ru/4#inet#fw4#vpn_domains
nftset=/do-mein.ru/4#inet#fw4#vpn_domains
nftset=/domkino-premium.tv/4#inet#fw4#vpn_domains
nftset=/domkino.tv/4#inet#fw4#vpn_domains
nftset=/domkinopremium.tv/4#inet#fw4#vpn_domains
nftset=/dommintrans.ru/4#inet#fw4#vpn_domains
nftset=/donationalerts.com/4#inet#fw4#vpn_domains
nftset=/donbass-insider.com/4#inet#fw4#vpn_domains
nftset=/donbass.media/4#inet#fw4#vpn_domains
nftset=/donbasstoday.ru/4#inet#fw4#vpn_domains
nftset=/doncsm.ru/4#inet#fw4#vpn_domains
nftset=/doneast.su/4#inet#fw4#vpn_domains
nftset=/donetsk-france.org/4#inet#fw4#vpn_domains
nftset=/donmarkets.ru/4#inet#fw4#vpn_domains
nftset=/donmintrans.ru/4#inet#fw4#vpn_domains
nftset=/donnu.ru/4#inet#fw4#vpn_domains
nftset=/dontimes.ru/4#inet#fw4#vpn_domains
nftset=/doverie-tv.ru/4#inet#fw4#vpn_domains
nftset=/drive2.ru/4#inet#fw4#vpn_domains
nftset=/driver.ru/4#inet#fw4#vpn_domains
nftset=/droider.ru/4#inet#fw4#vpn_domains
nftset=/dropmefiles.com/4#inet#fw4#vpn_domains
nftset=/drweb.com/4#inet#fw4#vpn_domains
nftset=/drweb.ru/4#inet#fw4#vpn_domains
nftset=/dtf.ru/4#inet#fw4#vpn_domains
nftset=/dvhab.ru/4#inet#fw4#vpn_domains
nftset=/dzen.ru/4#inet#fw4#vpn_domains
nftset=/e-hentai.org/4#inet#fw4#vpn_domains
nftset=/e-news.su/4#inet#fw4#vpn_domains
nftset=/e1.ru/4#inet#fw4#vpn_domains
nftset=/easynod.ru/4#inet#fw4#vpn_domains
nftset=/econri.org/4#inet#fw4#vpn_domains
nftset=/edem.tv/4#inet#fw4#vpn_domains
nftset=/edemtv.me/4#inet#fw4#vpn_domains
nftset=/eduson.academy/4#inet#fw4#vpn_domains
nftset=/elcats.ru/4#inet#fw4#vpn_domains
nftset=/electrotransport.ru/4#inet#fw4#vpn_domains
nftset=/elementy.ru/4#inet#fw4#vpn_domains
nftset=/elibrary.ru/4#inet#fw4#vpn_domains
nftset=/eljur.ru/4#inet#fw4#vpn_domains
nftset=/elmi.ua/4#inet#fw4#vpn_domains
nftset=/enakievo.org/4#inet#fw4#vpn_domains
nftset=/enigma.ua/4#inet#fw4#vpn_domains
nftset=/entware.net/4#inet#fw4#vpn_domains
nftset=/eramedia.com.ua/4#inet#fw4#vpn_domains
nftset=/esp8266.ru/4#inet#fw4#vpn_domains
nftset=/esputnik.com/4#inet#fw4#vpn_domains
nftset=/etu.ru/4#inet#fw4#vpn_domains
nftset=/europaplus.ru/4#inet#fw4#vpn_domains
nftset=/euslot.com/4#inet#fw4#vpn_domains
nftset=/excelworld.ru/4#inet#fw4#vpn_domains
nftset=/exchanger.money/4#inet#fw4#vpn_domains
nftset=/exchanger.ru/4#inet#fw4#vpn_domains
nftset=/exesniper.com/4#inet#fw4#vpn_domains
nftset=/exist.parts/4#inet#fw4#vpn_domains
nftset=/f1news.ru/4#inet#fw4#vpn_domains
nftset=/fanfics.me/4#inet#fw4#vpn_domains
nftset=/fansubs.ru/4#inet#fw4#vpn_domains
nftset=/farmanager.com/4#inet#fw4#vpn_domains
nftset=/fastpay-casino.com/4#inet#fw4#vpn_domains
nftset=/fastpic.org/4#inet#fw4#vpn_domains
nftset=/feedsmart.ru/4#inet#fw4#vpn_domains
nftset=/fgi-lnr.su/4#inet#fw4#vpn_domains
nftset=/ficbook.net/4#inet#fw4#vpn_domains
nftset=/finbet.bet/4#inet#fw4#vpn_domains
nftset=/findexiq.com/4#inet#fw4#vpn_domains
nftset=/fixmypc.ru/4#inet#fw4#vpn_domains
nftset=/flashboot.ru/4#inet#fw4#vpn_domains
nftset=/flipperzero.one/4#inet#fw4#vpn_domains
nftset=/fon.bet/4#inet#fw4#vpn_domains
nftset=/fonbet.ru/4#inet#fw4#vpn_domains
nftset=/forma-box.ru/4#inet#fw4#vpn_domains
nftset=/fornote.net/4#inet#fw4#vpn_domains
nftset=/forscan.org/4#inet#fw4#vpn_domains
nftset=/forummikrotik.ru/4#inet#fw4#vpn_domains
nftset=/forumupload.ru/4#inet#fw4#vpn_domains
nftset=/fotopik.net/4#inet#fw4#vpn_domains
nftset=/fotostrana.ru/4#inet#fw4#vpn_domains
nftset=/fox-tv.fun/4#inet#fw4#vpn_domains
nftset=/fpdnr.ru/4#inet#fw4#vpn_domains
nftset=/fplnr.org/4#inet#fw4#vpn_domains
nftset=/freedom.kiev.ua/4#inet#fw4#vpn_domains
nftset=/freelance.ru/4#inet#fw4#vpn_domains
nftset=/freeman42.ru/4#inet#fw4#vpn_domains
nftset=/freize.net/4#inet#fw4#vpn_domains
nftset=/frenglish.ru/4#inet#fw4#vpn_domains
nftset=/freshchat.com/4#inet#fw4#vpn_domains
nftset=/fsnslnr.su/4#inet#fw4#vpn_domains
nftset=/fss.ru/4#inet#fw4#vpn_domains
nftset=/fssprus.ru/4#inet#fw4#vpn_domains
nftset=/game-debate.com/4#inet#fw4#vpn_domains
nftset=/gamearmy.ru/4#inet#fw4#vpn_domains
nftset=/gameassists.co.uk/4#inet#fw4#vpn_domains
nftset=/gameawards.ru/4#inet#fw4#vpn_domains
nftset=/gamekot.top/4#inet#fw4#vpn_domains
nftset=/gatoga.ru/4#inet#fw4#vpn_domains
nftset=/gazeta-dnr.ru/4#inet#fw4#vpn_domains
nftset=/gazeta.ru/4#inet#fw4#vpn_domains
nftset=/gazetacrimea.ru/4#inet#fw4#vpn_domains
nftset=/gb-dnr.com/4#inet#fw4#vpn_domains
nftset=/gb.ru/4#inet#fw4#vpn_domains
nftset=/gcdn.co/4#inet#fw4#vpn_domains
nftset=/gcs-web.com/4#inet#fw4#vpn_domains
nftset=/gdcert.com/4#inet#fw4#vpn_domains
nftset=/geopolitika.ru/4#inet#fw4#vpn_domains
nftset=/getcourse.ru/4#inet#fw4#vpn_domains
nftset=/ggbet.ru/4#inet#fw4#vpn_domains
nftset=/gisclub.tv/4#inet#fw4#vpn_domains
nftset=/gismeteo.ru/4#inet#fw4#vpn_domains
nftset=/gisnpa-dnr.ru/4#inet#fw4#vpn_domains
nftset=/gitflic.ru/4#inet#fw4#vpn_domains
nftset=/gkecopoldnr.ru/4#inet#fw4#vpn_domains
nftset=/gkgtn.ru/4#inet#fw4#vpn_domains
nftset=/gknslnr.su/4#inet#fw4#vpn_domains
nftset=/gkslnr.su/4#inet#fw4#vpn_domains
nftset=/gktrlnr.su/4#inet#fw4#vpn_domains
nftset=/glava-lnr.info/4#inet#fw4#vpn_domains
nftset=/glava-lnr.su/4#inet#fw4#vpn_domains
nftset=/gle.ru/4#inet#fw4#vpn_domains
nftset=/godville.net/4#inet#fw4#vpn_domains
nftset=/goldfishka68.com/4#inet#fw4#vpn_domains
nftset=/golospravdy.com/4#inet#fw4#vpn_domains
nftset=/gomel-sat.bz/4#inet#fw4#vpn_domains
nftset=/goodgame.ru/4#inet#fw4#vpn_domains
nftset=/gorlovka-news.su/4#inet#fw4#vpn_domains
nftset=/gorlovka-tv.ru/4#inet#fw4#vpn_domains
nftset=/gorlovka.today/4#inet#fw4#vpn_domains
nftset=/gorod-donetsk.com/4#inet#fw4#vpn_domains
nftset=/gorod-lugansk.com/4#inet#fw4#vpn_domains
nftset=/goskomzemdnr.ru/4#inet#fw4#vpn_domains
nftset=/goskomzemlnr.su/4#inet#fw4#vpn_domains
nftset=/gosnadzorlnr.ru/4#inet#fw4#vpn_domains
nftset=/gosrezervlnr.su/4#inet#fw4#vpn_domains
nftset=/gosstat-dnr.ru/4#inet#fw4#vpn_domains
nftset=/gostrud-dnr.ru/4#inet#fw4#vpn_domains
nftset=/gosuslugi.ru/4#inet#fw4#vpn_domains
nftset=/gov-dpr.ru/4#inet#fw4#vpn_domains
nftset=/gov.ru/4#inet#fw4#vpn_domains
nftset=/govdnr.ru/4#inet#fw4#vpn_domains
nftset=/government.ru/4#inet#fw4#vpn_domains
nftset=/gpdnr.su/4#inet#fw4#vpn_domains
nftset=/gplnr.su/4#inet#fw4#vpn_domains
nftset=/grandx.com/4#inet#fw4#vpn_domains
nftset=/group-ib.ru/4#inet#fw4#vpn_domains
nftset=/gs-corp.ru/4#inet#fw4#vpn_domains
nftset=/gsdsd-dnr.ru/4#inet#fw4#vpn_domains
nftset=/gt-news.info/4#inet#fw4#vpn_domains
nftset=/gta.ru/4#inet#fw4#vpn_domains
nftset=/gtklnr.su/4#inet#fw4#vpn_domains
nftset=/gtrklnr.su/4#inet#fw4#vpn_domains
nftset=/gtrlnr.com/4#inet#fw4#vpn_domains
nftset=/guarantee.ru/4#inet#fw4#vpn_domains
nftset=/gubkin.ru/4#inet#fw4#vpn_domains
nftset=/gum-centr.su/4#inet#fw4#vpn_domains
nftset=/guprec.ru/4#inet#fw4#vpn_domains
nftset=/gvol.ru/4#inet#fw4#vpn_domains
nftset=/h-helpers.ru/4#inet#fw4#vpn_domains
nftset=/habr.com/4#inet#fw4#vpn_domains
nftset=/habr.ru/4#inet#fw4#vpn_domains
nftset=/hamsdr.ru/4#inet#fw4#vpn_domains
nftset=/health-diet.ru/4#inet#fw4#vpn_domains
nftset=/hexlet.io/4#inet#fw4#vpn_domains
nftset=/hi-fi-forum.net/4#inet#fw4#vpn_domains
nftset=/hi-fidelity-forum.com/4#inet#fw4#vpn_domains
nftset=/highspeednetwork.ru/4#inet#fw4#vpn_domains
nftset=/hightech.plus/4#inet#fw4#vpn_domains
nftset=/hlboost.ru/4#inet#fw4#vpn_domains
nftset=/horrorzone.ru/4#inet#fw4#vpn_domains
nftset=/hostingradio.ru/4#inet#fw4#vpn_domains
nftset=/howto-news.info/4#inet#fw4#vpn_domains
nftset=/howtonews.info/4#inet#fw4#vpn_domains
nftset=/htmlacademy.ru/4#inet#fw4#vpn_domains
nftset=/i-don.ru/4#inet#fw4#vpn_domains
nftset=/i-edem.tv/4#inet#fw4#vpn_domains
nftset=/iddqd.ru/4#inet#fw4#vpn_domains
nftset=/ideafix.name/4#inet#fw4#vpn_domains
nftset=/iedem.tv/4#inet#fw4#vpn_domains
nftset=/igromania.ru/4#inet#fw4#vpn_domains
nftset=/iguides.ru/4#inet#fw4#vpn_domains
nftset=/ihc.ru/4#inet#fw4#vpn_domains
nftset=/ihor-hosting.ru/4#inet#fw4#vpn_domains
nftset=/ikrim.net/4#inet#fw4#vpn_domains
nftset=/ikstv.ru/4#inet#fw4#vpn_domains
nftset=/ilook.tv/4#inet#fw4#vpn_domains
nftset=/ilucki.com/4#inet#fw4#vpn_domains
nftset=/ilyabirman.ru/4#inet#fw4#vpn_domains
nftset=/imageban.ru/4#inet#fw4#vpn_domains
nftset=/imgzona.video/4#inet#fw4#vpn_domains
nftset=/infergames.com/4#inet#fw4#vpn_domains
nftset=/inforeactor.ru/4#inet#fw4#vpn_domains
nftset=/informing.ru/4#inet#fw4#vpn_domains
nftset=/infostart.ru/4#inet#fw4#vpn_domains
nftset=/inlinegroup-c.ru/4#inet#fw4#vpn_domains
nftset=/inlinegroup.ru/4#inet#fw4#vpn_domains
nftset=/inlinegroup.ua/4#inet#fw4#vpn_domains
nftset=/inlnk.ru/4#inet#fw4#vpn_domains
nftset=/inosmi.ru/4#inet#fw4#vpn_domains
nftset=/insearch.site/4#inet#fw4#vpn_domains
nftset=/inst.net/4#inet#fw4#vpn_domains
nftset=/interfax.ru/4#inet#fw4#vpn_domains
nftset=/interra.bz/4#inet#fw4#vpn_domains
nftset=/ints.net/4#inet#fw4#vpn_domains
nftset=/involta.ru/4#inet#fw4#vpn_domains
nftset=/ip-tv.club/4#inet#fw4#vpn_domains
nftset=/iptv-ru.com/4#inet#fw4#vpn_domains
nftset=/iptvin.ru/4#inet#fw4#vpn_domains
nftset=/iseetv.net/4#inet#fw4#vpn_domains
nftset=/iskra-dnr.ru/4#inet#fw4#vpn_domains
nftset=/ispsystem.ru/4#inet#fw4#vpn_domains
nftset=/it999.ru/4#inet#fw4#vpn_domains
nftset=/itc-life.ru/4#inet#fw4#vpn_domains
nftset=/ithelp21.ru/4#inet#fw4#vpn_domains
nftset=/ixbt.com/4#inet#fw4#vpn_domains
nftset=/iz.ru/4#inet#fw4#vpn_domains
nftset=/izbirkom.ru/4#inet#fw4#vpn_domains
nftset=/jaomix.ru/4#inet#fw4#vpn_domains
nftset=/japancats.ru/4#inet#fw4#vpn_domains
nftset=/jiht.ru/4#inet#fw4#vpn_domains
nftset=/jino.ru/4#inet#fw4#vpn_domains
nftset=/jinopro.net/4#inet#fw4#vpn_domains
nftset=/jira.ru/4#inet#fw4#vpn_domains
nftset=/joocasino.com/4#inet#fw4#vpn_domains
nftset=/journalcrimea.ru/4#inet#fw4#vpn_domains
nftset=/joyreactor.cc/4#inet#fw4#vpn_domains
nftset=/jpgazeta.ru/4#inet#fw4#vpn_domains
nftset=/k3d.tech/4#inet#fw4#vpn_domains
nftset=/kanal-o.ru/4#inet#fw4#vpn_domains
nftset=/karpov.courses/4#inet#fw4#vpn_domains
nftset=/karusel-tv.ru/4#inet#fw4#vpn_domains
nftset=/kaspersky.com/4#inet#fw4#vpn_domains
nftset=/kaspersky.ru/4#inet#fw4#vpn_domains
nftset=/katyusha.tv/4#inet#fw4#vpn_domains
nftset=/kaznalnr.ru/4#inet#fw4#vpn_domains
nftset=/kcpn.info/4#inet#fw4#vpn_domains
nftset=/kg-portal.ru/4#inet#fw4#vpn_domains
nftset=/kga.su/4#inet#fw4#vpn_domains
nftset=/khogov.ru/4#inet#fw4#vpn_domains
nftset=/kianews24.ru/4#inet#fw4#vpn_domains
nftset=/kini24.ru/4#inet#fw4#vpn_domains
nftset=/kino-teatr.ru/4#inet#fw4#vpn_domains
nftset=/kinopoisk.ru/4#inet#fw4#vpn_domains
nftset=/kinzhal.media/4#inet#fw4#vpn_domains
nftset=/kiozk.ru/4#inet#fw4#vpn_domains
nftset=/kodik.biz/4#inet#fw4#vpn_domains
nftset=/konungcasino.com/4#inet#fw4#vpn_domains
nftset=/korabli.su/4#inet#fw4#vpn_domains
nftset=/koroleffsov.ru/4#inet#fw4#vpn_domains
nftset=/koronapay.com/4#inet#fw4#vpn_domains
nftset=/koshara.co/4#inet#fw4#vpn_domains
nftset=/kp.ru/4#inet#fw4#vpn_domains
nftset=/kpfu.ru/4#inet#fw4#vpn_domains
nftset=/krasnodon.su/4#inet#fw4#vpn_domains
nftset=/krasnyluch.su/4#inet#fw4#vpn_domains
nftset=/krt-club.ru/4#inet#fw4#vpn_domains
nftset=/krtech.ru/4#inet#fw4#vpn_domains
nftset=/labirint.ru/4#inet#fw4#vpn_domains
nftset=/laitis.ru/4#inet#fw4#vpn_domains
nftset=/lambda13.online/4#inet#fw4#vpn_domains
nftset=/lampa32.ru/4#inet#fw4#vpn_domains
nftset=/lapki.live/4#inet#fw4#vpn_domains
nftset=/lenovo-forums.ru/4#inet#fw4#vpn_domains
nftset=/lenta.ru/4#inet#fw4#vpn_domains
nftset=/leon.ru/4#inet#fw4#vpn_domains
nftset=/leonid-pasechnik.info/4#inet#fw4#vpn_domains
nftset=/lesta.ru/4#inet#fw4#vpn_domains
nftset=/lgt.su/4#inet#fw4#vpn_domains
nftset=/lib.ru/4#inet#fw4#vpn_domains
nftset=/lifelink.ru/4#inet#fw4#vpn_domains
nftset=/lifelug.su/4#inet#fw4#vpn_domains
nftset=/ligastavok.ru/4#inet#fw4#vpn_domains
nftset=/lightiptv.me/4#inet#fw4#vpn_domains
nftset=/linebet.com/4#inet#fw4#vpn_domains
nftset=/linkmeup.ru/4#inet#fw4#vpn_domains
nftset=/linuxrussia.com/4#inet#fw4#vpn_domains
nftset=/litres.ru/4#inet#fw4#vpn_domains
nftset=/livejournal.com/4#inet#fw4#vpn_domains
nftset=/lnr.media/4#inet#fw4#vpn_domains
nftset=/lnr.today/4#inet#fw4#vpn_domains
nftset=/loftschool.com/4#inet#fw4#vpn_domains
nftset=/lolz.guru/4#inet#fw4#vpn_domains
nftset=/losst.ru/4#inet#fw4#vpn_domains
nftset=/lostarmour.info/4#inet#fw4#vpn_domains
nftset=/lostarmour.ru/4#inet#fw4#vpn_domains
nftset=/lostfilm.info/4#inet#fw4#vpn_domains
nftset=/lostmagic.ru/4#inet#fw4#vpn_domains
nftset=/loyalcasino.com/4#inet#fw4#vpn_domains
nftset=/lpr-reg.ru/4#inet#fw4#vpn_domains
nftset=/lprreg.ru/4#inet#fw4#vpn_domains
nftset=/lug-info.com/4#inet#fw4#vpn_domains
nftset=/luga1news.ru/4#inet#fw4#vpn_domains
nftset=/lugansk-online.su/4#inet#fw4#vpn_domains
nftset=/lugansk.online/4#inet#fw4#vpn_domains
nftset=/lugansk.site/4#inet#fw4#vpn_domains
nftset=/lugansk1.info/4#inet#fw4#vpn_domains
nftset=/lutik.tv/4#inet#fw4#vpn_domains
nftset=/lutugino.su/4#inet#fw4#vpn_domains
nftset=/m24.ru/4#inet#fw4#vpn_domains
nftset=/magonet.ru/4#inet#fw4#vpn_domains
nftset=/magzdb.org/4#inet#fw4#vpn_domains
nftset=/mail.ru/4#inet#fw4#vpn_domains
nftset=/makeyevka.ru/4#inet#fw4#vpn_domains
nftset=/mamba.ru/4#inet#fw4#vpn_domains
nftset=/manaeff.ru/4#inet#fw4#vpn_domains
nftset=/mangadex.org/4#inet#fw4#vpn_domains
nftset=/manjaro.ru/4#inet#fw4#vpn_domains
nftset=/marathonbet.ru/4#inet#fw4#vpn_domains
nftset=/markupeasy.ru/4#inet#fw4#vpn_domains
nftset=/marshruty.ru/4#inet#fw4#vpn_domains
nftset=/mastergrad.com/4#inet#fw4#vpn_domains
nftset=/mchost.ru/4#inet#fw4#vpn_domains
nftset=/mchs-lnr.su/4#inet#fw4#vpn_domains
nftset=/mcxdnr.ru/4#inet#fw4#vpn_domains
nftset=/mdsdnr.ru/4#inet#fw4#vpn_domains
nftset=/media-xyz.com/4#inet#fw4#vpn_domains
nftset=/megafon.ru/4#inet#fw4#vpn_domains
nftset=/megasoft-ltd.ru/4#inet#fw4#vpn_domains
nftset=/megatimer.ru/4#inet#fw4#vpn_domains
nftset=/megatransov.net/4#inet#fw4#vpn_domains
nftset=/melbet.com/4#inet#fw4#vpn_domains
nftset=/melbet.ru/4#inet#fw4#vpn_domains
nftset=/melord.net/4#inet#fw4#vpn_domains
nftset=/memealerts.com/4#inet#fw4#vpn_domains
nftset=/mephi.ru/4#inet#fw4#vpn_domains
nftset=/merionet.ru/4#inet#fw4#vpn_domains
nftset=/merlnr.su/4#inet#fw4#vpn_domains
nftset=/metanit.com/4#inet#fw4#vpn_domains
nftset=/meteotrend.com/4#inet#fw4#vpn_domains
nftset=/mgb-dnr.ru/4#inet#fw4#vpn_domains
nftset=/mgbdnr.ru/4#inet#fw4#vpn_domains
nftset=/mgblnr.org/4#inet#fw4#vpn_domains
nftset=/mhdd.ru/4#inet#fw4#vpn_domains
nftset=/miaistok.su/4#inet#fw4#vpn_domains
nftset=/micro-solution.ru/4#inet#fw4#vpn_domains
nftset=/micrus.ru/4#inet#fw4#vpn_domains
nftset=/mid-dnr.su/4#inet#fw4#vpn_domains
nftset=/mil-lnr.info/4#inet#fw4#vpn_domains
nftset=/mil.ru/4#inet#fw4#vpn_domains
nftset=/minfindnr.ru/4#inet#fw4#vpn_domains
nftset=/minfinlnr.su/4#inet#fw4#vpn_domains
nftset=/mininfodnr.ru/4#inet#fw4#vpn_domains
nftset=/minjust-dnr.ru/4#inet#fw4#vpn_domains
nftset=/minobr.su/4#inet#fw4#vpn_domains
nftset=/minpromlnr.su/4#inet#fw4#vpn_domains
nftset=/minstroy-dnr.ru/4#inet#fw4#vpn_domains
nftset=/minstroylnr.su/4#inet#fw4#vpn_domains
nftset=/mintek-dnr.ru/4#inet#fw4#vpn_domains
nftset=/mintop.su/4#inet#fw4#vpn_domains
nftset=/mintranslnr.su/4#inet#fw4#vpn_domains
nftset=/mintrudlnr.su/4#inet#fw4#vpn_domains
nftset=/mipt.ru/4#inet#fw4#vpn_domains
nftset=/mir24.tv/4#inet#fw4#vpn_domains
nftset=/miralinks.ru/4#inet#fw4#vpn_domains
nftset=/miranda-ng.org/4#inet#fw4#vpn_domains
nftset=/mirkosmosa.ru/4#inet#fw4#vpn_domains
nftset=/mirplus.info/4#inet#fw4#vpn_domains
nftset=/mirtesen.ru/4#inet#fw4#vpn_domains
nftset=/mk-donbass.ru/4#inet#fw4#vpn_domains
nftset=/mk-herson.ru/4#inet#fw4#vpn_domains
nftset=/mk-zap.ru/4#inet#fw4#vpn_domains
nftset=/mk.ru/4#inet#fw4#vpn_domains
nftset=/mklnr.su/4#inet#fw4#vpn_domains
nftset=/mmnt.ru/4#inet#fw4#vpn_domains
nftset=/mobstudio.ru/4#inet#fw4#vpn_domains
nftset=/mondnr.ru/4#inet#fw4#vpn_domains
nftset=/money.ru/4#inet#fw4#vpn_domains
nftset=/monitorlab.ru/4#inet#fw4#vpn_domains
nftset=/monteon.ru/4#inet#fw4#vpn_domains
nftset=/moonback.ru/4#inet#fw4#vpn_domains
nftset=/moscowmedia.net/4#inet#fw4#vpn_domains
nftset=/mosfm.com/4#inet#fw4#vpn_domains
nftset=/mostbet.ru/4#inet#fw4#vpn_domains
nftset=/moyaposylka.ru/4#inet#fw4#vpn_domains
nftset=/mozaika.dn.ua/4#inet#fw4#vpn_domains
nftset=/mprlnr.su/4#inet#fw4#vpn_domains
nftset=/mpt-dnr.ru/4#inet#fw4#vpn_domains
nftset=/mptdnr.ru/4#inet#fw4#vpn_domains
nftset=/mrespublika.ru/4#inet#fw4#vpn_domains
nftset=/msdnr.ru/4#inet#fw4#vpn_domains
nftset=/mshiplnr.su/4#inet#fw4#vpn_domains
nftset=/mskagency.ru/4#inet#fw4#vpn_domains
nftset=/mslnr.su/4#inet#fw4#vpn_domains
nftset=/msreview.net/4#inet#fw4#vpn_domains
nftset=/mstcvfvcvb.com/4#inet#fw4#vpn_domains
nftset=/mts.ru/4#inet#fw4#vpn_domains
nftset=/mtspdnr.ru/4#inet#fw4#vpn_domains
nftset=/mu-lnr.su/4#inet#fw4#vpn_domains
nftset=/mulnr.su/4#inet#fw4#vpn_domains
nftset=/mupo.ru/4#inet#fw4#vpn_domains
nftset=/musicwars.ru/4#inet#fw4#vpn_domains
nftset=/muz1.tv/4#inet#fw4#vpn_domains
nftset=/mvd.ru/4#inet#fw4#vpn_domains
nftset=/mvddnr.ru/4#inet#fw4#vpn_domains
nftset=/mvdlnr.ru/4#inet#fw4#vpn_domains
nftset=/my.games/4#inet#fw4#vpn_domains
nftset=/myarena.ru/4#inet#fw4#vpn_domains
nftset=/myarena.site/4#inet#fw4#vpn_domains
nftset=/mybook.ru/4#inet#fw4#vpn_domains
nftset=/myshows.me/4#inet#fw4#vpn_domains
nftset=/myvi.tv/4#inet#fw4#vpn_domains
nftset=/mzdnr.ru/4#inet#fw4#vpn_domains
nftset=/mzlnr.su/4#inet#fw4#vpn_domains
nftset=/n1casino.com/4#inet#fw4#vpn_domains
nftset=/nabu-leaks.com/4#inet#fw4#vpn_domains
nftset=/nabu-leaks.info/4#inet#fw4#vpn_domains
nftset=/nabu-leaks.net/4#inet#fw4#vpn_domains
nftset=/nabu-leaks.org/4#inet#fw4#vpn_domains
nftset=/nag.ru/4#inet#fw4#vpn_domains
nftset=/nag.wiki/4#inet#fw4#vpn_domains
nftset=/nahnews.org/4#inet#fw4#vpn_domains
nftset=/narfu.ru/4#inet#fw4#vpn_domains
nftset=/narod.ru/4#inet#fw4#vpn_domains
nftset=/narodmon.ru/4#inet#fw4#vpn_domains
nftset=/narodnoeopolchenie.ru/4#inet#fw4#vpn_domains
nftset=/nashagazeta.net/4#inet#fw4#vpn_domains
nftset=/nashe.ru/4#inet#fw4#vpn_domains
nftset=/nateks-don.ru/4#inet#fw4#vpn_domains
nftset=/nateks-dv.ru/4#inet#fw4#vpn_domains
nftset=/nateks-ural.ru/4#inet#fw4#vpn_domains
nftset=/nateks-volga.ru/4#inet#fw4#vpn_domains
nftset=/nateks.by/4#inet#fw4#vpn_domains
nftset=/nateks.ru/4#inet#fw4#vpn_domains
nftset=/nation-news.ru/4#inet#fw4#vpn_domains
nftset=/navitel.ru/4#inet#fw4#vpn_domains
nftset=/navitel.ua/4#inet#fw4#vpn_domains
nftset=/neosvc.ru/4#inet#fw4#vpn_domains
nftset=/net.ru/4#inet#fw4#vpn_domains
nftset=/netology.ru/4#inet#fw4#vpn_domains
nftset=/network-xyz.com/4#inet#fw4#vpn_domains
nftset=/nevelend.ru/4#inet#fw4#vpn_domains
nftset=/new-team.org/4#inet#fw4#vpn_domains
nftset=/newinform.com/4#inet#fw4#vpn_domains
nftset=/news-front.info/4#inet#fw4#vpn_domains
nftset=/newsdnr.ru/4#inet#fw4#vpn_domains
nftset=/newsua.ru/4#inet#fw4#vpn_domains
nftset=/newxboxone.ru/4#inet#fw4#vpn_domains
nftset=/ngs.ru/4#inet#fw4#vpn_domains
nftset=/nihon-go.ru/4#inet#fw4#vpn_domains
nftset=/nix.ru/4#inet#fw4#vpn_domains
nftset=/nm-g.ru/4#inet#fw4#vpn_domains
nftset=/nomadcasino.com/4#inet#fw4#vpn_domains
nftset=/novopressa.ru/4#inet#fw4#vpn_domains
nftset=/novorosinform.org/4#inet#fw4#vpn_domains
nftset=/novoross.info/4#inet#fw4#vpn_domains
nftset=/novorossia-tv.ru/4#inet#fw4#vpn_domains
nftset=/novorossia.su/4#inet#fw4#vpn_domains
nftset=/novorossia.today/4#inet#fw4#vpn_domains
nftset=/novorossia.vision/4#inet#fw4#vpn_domains
nftset=/novorossiatv.com/4#inet#fw4#vpn_domains
nftset=/novosti.icu/4#inet#fw4#vpn_domains
nftset=/npoiskra.ru/4#inet#fw4#vpn_domains
nftset=/nsc.ru/4#inet#fw4#vpn_domains
nftset=/nslnr.su/4#inet#fw4#vpn_domains
nftset=/nt1941.su/4#inet#fw4#vpn_domains
nftset=/nts-tv.com/4#inet#fw4#vpn_domains
nftset=/ntv.ru/4#inet#fw4#vpn_domains
nftset=/ntvplus.ru/4#inet#fw4#vpn_domains
nftset=/ntvplus.tv/4#inet#fw4#vpn_domains
nftset=/nuipogoda.ru/4#inet#fw4#vpn_domains
nftset=/obu4alka.ru/4#inet#fw4#vpn_domains
nftset=/oddr.info/4#inet#fw4#vpn_domains
nftset=/odnarodyna.org/4#inet#fw4#vpn_domains
nftset=/odsd.ru/4#inet#fw4#vpn_domains
nftset=/og-ti.ru/4#inet#fw4#vpn_domains
nftset=/ok-crimea.ru/4#inet#fw4#vpn_domains
nftset=/ok.ru/4#inet#fw4#vpn_domains
nftset=/okdk.ru/4#inet#fw4#vpn_domains
nftset=/okkupatsiya.net/4#inet#fw4#vpn_domains
nftset=/old-combats.com/4#inet#fw4#vpn_domains
nftset=/old-games.ru/4#inet#fw4#vpn_domains
nftset=/oldbk2.com/4#inet#fw4#vpn_domains
nftset=/olimp.bet/4#inet#fw4#vpn_domains
nftset=/ombudsmandnr.ru/4#inet#fw4#vpn_domains
nftset=/onetrust.com/4#inet#fw4#vpn_domains
nftset=/online-cloud.moscow/4#inet#fw4#vpn_domains
nftset=/onlinezakladki.ru/4#inet#fw4#vpn_domains
nftset=/onmedia.io/4#inet#fw4#vpn_domains
nftset=/ontvtime.ru/4#inet#fw4#vpn_domains
nftset=/opcrimea.ru/4#inet#fw4#vpn_domains
nftset=/opennet.ru/4#inet#fw4#vpn_domains
nftset=/oplot.tv/4#inet#fw4#vpn_domains
nftset=/orderingmemory.com/4#inet#fw4#vpn_domains
nftset=/osnova.io/4#inet#fw4#vpn_domains
nftset=/osu.ru/4#inet#fw4#vpn_domains
nftset=/otchet-online.ru/4#inet#fw4#vpn_domains
nftset=/otr-online.ru/4#inet#fw4#vpn_domains
nftset=/ott-play.com/4#inet#fw4#vpn_domains
nftset=/ottg.tv/4#inet#fw4#vpn_domains
nftset=/ottglanz.tv/4#inet#fw4#vpn_domains
nftset=/ottplay.com/4#inet#fw4#vpn_domains
nftset=/otus.ru/4#inet#fw4#vpn_domains
nftset=/outsidethebox.ms/4#inet#fw4#vpn_domains
nftset=/overclockers.ru/4#inet#fw4#vpn_domains
nftset=/owebmoney.ru/4#inet#fw4#vpn_domains
nftset=/oxy.cloud/4#inet#fw4#vpn_domains
nftset=/oxy.st/4#inet#fw4#vpn_domains
nftset=/ozon.ru/4#inet#fw4#vpn_domains
nftset=/p-on.ru/4#inet#fw4#vpn_domains
nftset=/paradisecasino.com/4#inet#fw4#vpn_domains
nftset=/paribet.ru/4#inet#fw4#vpn_domains
nftset=/parimatch.com/4#inet#fw4#vpn_domains
nftset=/parimatch.foundation/4#inet#fw4#vpn_domains
nftset=/parimatch.net/4#inet#fw4#vpn_domains
nftset=/parimatch.ua/4#inet#fw4#vpn_domains
nftset=/partycasino.com/4#inet#fw4#vpn_domains
nftset=/partypoker.com/4#inet#fw4#vpn_domains
nftset=/pascalabc.net/4#inet#fw4#vpn_domains
nftset=/pathofexile.com/4#inet#fw4#vpn_domains
nftset=/patreon.com/4#inet#fw4#vpn_domains
nftset=/patriarchia.ru/4#inet#fw4#vpn_domains
nftset=/paymaster.ru/4#inet#fw4#vpn_domains
nftset=/paymaster.ua/4#inet#fw4#vpn_domains
nftset=/paystree.com/4#inet#fw4#vpn_domains
nftset=/peertube.su/4#inet#fw4#vpn_domains
nftset=/perviynomer.ru/4#inet#fw4#vpn_domains
nftset=/pervomaysklnr.su/4#inet#fw4#vpn_domains
nftset=/pflnr.su/4#inet#fw4#vpn_domains
nftset=/phoenix-dnr.ru/4#inet#fw4#vpn_domains
nftset=/php.ru/4#inet#fw4#vpn_domains
nftset=/pikabu.ru/4#inet#fw4#vpn_domains
nftset=/pikinform.ru/4#inet#fw4#vpn_domains
nftset=/pikuco.ru/4#inet#fw4#vpn_domains
nftset=/pingvinus.ru/4#inet#fw4#vpn_domains
nftset=/pinnacle.com/4#inet#fw4#vpn_domains
nftset=/pksspb.ru/4#inet#fw4#vpn_domains
nftset=/pl.com.ua/4#inet#fw4#vpn_domains
nftset=/planetaexcel.ru/4#inet#fw4#vpn_domains
nftset=/playground.ru/4#inet#fw4#vpn_domains
nftset=/pluggedin.ru/4#inet#fw4#vpn_domains
nftset=/pm.ua/4#inet#fw4#vpn_domains
nftset=/pobeda.tv/4#inet#fw4#vpn_domains
nftset=/pocketbook.digital/4#inet#fw4#vpn_domains
nftset=/poehali.tv/4#inet#fw4#vpn_domains
nftset=/poig.ru/4#inet#fw4#vpn_domains
nftset=/pokermatch.com/4#inet#fw4#vpn_domains
nftset=/pokermatch.ua/4#inet#fw4#vpn_domains
nftset=/politexpert.net/4#inet#fw4#vpn_domains
nftset=/politnavigator.net/4#inet#fw4#vpn_domains
nftset=/politros.com/4#inet#fw4#vpn_domains
nftset=/poolbet.ru/4#inet#fw4#vpn_domains
nftset=/pooshock.ru/4#inet#fw4#vpn_domains
nftset=/pornreactor.cc/4#inet#fw4#vpn_domains
nftset=/postdonbass.com/4#inet#fw4#vpn_domains
nftset=/poweruser.guru/4#inet#fw4#vpn_domains
nftset=/pozdravik.ru/4#inet#fw4#vpn_domains
nftset=/poznet.ru/4#inet#fw4#vpn_domains
nftset=/ppcrimea.ru/4#inet#fw4#vpn_domains
nftset=/pravdabeslana.ru/4#inet#fw4#vpn_domains
nftset=/pravdnr.ru/4#inet#fw4#vpn_domains
nftset=/premier.one/4#inet#fw4#vpn_domains
nftset=/premium.tv/4#inet#fw4#vpn_domains
nftset=/pressa.ru/4#inet#fw4#vpn_domains
nftset=/prikolnik.com/4#inet#fw4#vpn_domains
nftset=/primedice.com/4#inet#fw4#vpn_domains
nftset=/probki.net/4#inet#fw4#vpn_domains
nftset=/prodonbass.ru/4#inet#fw4#vpn_domains
nftset=/productstar.ru/4#inet#fw4#vpn_domains
nftset=/proglib.io/4#inet#fw4#vpn_domains
nftset=/prolaz.su/4#inet#fw4#vpn_domains
nftset=/promedia.ru/4#inet#fw4#vpn_domains
nftset=/promodj.com/4#inet#fw4#vpn_domains
nftset=/psxplanet.ru/4#inet#fw4#vpn_domains
nftset=/ptspb.ru/4#inet#fw4#vpn_domains
nftset=/pyatilistnik.org/4#inet#fw4#vpn_domains
nftset=/qiwi.com/4#inet#fw4#vpn_domains
nftset=/qiwi.kz/4#inet#fw4#vpn_domains
nftset=/qiwi.me/4#inet#fw4#vpn_domains
nftset=/qiwi.ua/4#inet#fw4#vpn_domains
nftset=/qiwiguide.ru/4#inet#fw4#vpn_domains
nftset=/qiwitrue.dev/4#inet#fw4#vpn_domains
nftset=/qrz.ru/4#inet#fw4#vpn_domains
nftset=/rabotavtaxi.pro/4#inet#fw4#vpn_domains
nftset=/radcap.ru/4#inet#fw4#vpn_domains
nftset=/radio.ru/4#inet#fw4#vpn_domains
nftset=/radiokot.ru/4#inet#fw4#vpn_domains
nftset=/radiomoskvy.ru/4#inet#fw4#vpn_domains
nftset=/radiopotok.ru/4#inet#fw4#vpn_domains
nftset=/radiorecord.ru/4#inet#fw4#vpn_domains
nftset=/radioscanner.net/4#inet#fw4#vpn_domains
nftset=/radioscanner.ru/4#inet#fw4#vpn_domains
nftset=/radiovera.ru/4#inet#fw4#vpn_domains
nftset=/radiozvezda.ru/4#inet#fw4#vpn_domains
nftset=/rambler.ru/4#inet#fw4#vpn_domains
nftset=/rbc.ru/4#inet#fw4#vpn_domains
nftset=/rcz-dnr.ru/4#inet#fw4#vpn_domains
nftset=/redkings.com/4#inet#fw4#vpn_domains
nftset=/redray-lnr-news.su/4#inet#fw4#vpn_domains
nftset=/redstarcasino20.eu/4#inet#fw4#vpn_domains
nftset=/reg.ru/4#inet#fw4#vpn_domains
nftset=/remont-aud.net/4#inet#fw4#vpn_domains
nftset=/remontcompa.ru/4#inet#fw4#vpn_domains
nftset=/remontka.pro/4#inet#fw4#vpn_domains
nftset=/remplanner.ru/4#inet#fw4#vpn_domains
nftset=/ren.tv/4#inet#fw4#vpn_domains
nftset=/reporter-crimea.ru/4#inet#fw4#vpn_domains
nftset=/republic-tv.ru/4#inet#fw4#vpn_domains
nftset=/rezka.ag/4#inet#fw4#vpn_domains
nftset=/rf-cheats.ru/4#inet#fw4#vpn_domains
nftset=/rfn.ru/4#inet#fw4#vpn_domains
nftset=/ria.ru/4#inet#fw4#vpn_domains
nftset=/riafan.ru/4#inet#fw4#vpn_domains
nftset=/rian.com.ua/4#inet#fw4#vpn_domains
nftset=/rian.ru/4#inet#fw4#vpn_domains
nftset=/rinoptica.ru/4#inet#fw4#vpn_domains
nftset=/riperam.org/4#inet#fw4#vpn_domains
nftset=/ritualdnr.ru/4#inet#fw4#vpn_domains
nftset=/rknpa.ru/4#inet#fw4#vpn_domains
nftset=/rkproc.ru/4#inet#fw4#vpn_domains
nftset=/rmnews.ru/4#inet#fw4#vpn_domains
nftset=/rncb.ru/4#inet#fw4#vpn_domains
nftset=/rock-n-roll.ru/4#inet#fw4#vpn_domains
nftset=/rolz.org/4#inet#fw4#vpn_domains
nftset=/rospotrebnadzor.ru/4#inet#fw4#vpn_domains
nftset=/roszdravnadzor.ru/4#inet#fw4#vpn_domains
nftset=/rov-adm.su/4#inet#fw4#vpn_domains
nftset=/rp-universe.ru/4#inet#fw4#vpn_domains
nftset=/rp24.info/4#inet#fw4#vpn_domains
nftset=/rp5.ru/4#inet#fw4#vpn_domains
nftset=/rsload.net/4#inet#fw4#vpn_domains
nftset=/rsload.ru/4#inet#fw4#vpn_domains
nftset=/rst-dnr.ru/4#inet#fw4#vpn_domains
nftset=/rt.com/4#inet#fw4#vpn_domains
nftset=/rt.ru/4#inet#fw4#vpn_domains
nftset=/rtcomm.ru/4#inet#fw4#vpn_domains
nftset=/rtfm.wiki/4#inet#fw4#vpn_domains
nftset=/rtr-planeta.com/4#inet#fw4#vpn_domains
nftset=/ru.com/4#inet#fw4#vpn_domains
nftset=/rucomics.info/4#inet#fw4#vpn_domains
nftset=/rumedia24.com/4#inet#fw4#vpn_domains
nftset=/rus-linux.net/4#inet#fw4#vpn_domains
nftset=/ruscrimea.ru/4#inet#fw4#vpn_domains
nftset=/rusdialog.ru/4#inet#fw4#vpn_domains
nftset=/rusf.ru/4#inet#fw4#vpn_domains
nftset=/rusmatica.org/4#inet#fw4#vpn_domains
nftset=/rusnext.ru/4#inet#fw4#vpn_domains
nftset=/russia.tv/4#inet#fw4#vpn_domains
nftset=/russian-center.ru/4#inet#fw4#vpn_domains
nftset=/rusvesna.su/4#inet#fw4#vpn_domains
nftset=/rutab.net/4#inet#fw4#vpn_domains
nftset=/rutor.info/4#inet#fw4#vpn_domains
nftset=/rutrk.org/4#inet#fw4#vpn_domains
nftset=/rutube.ru/4#inet#fw4#vpn_domains
nftset=/rutubelist.ru/4#inet#fw4#vpn_domains
nftset=/ruvoip.net/4#inet#fw4#vpn_domains
nftset=/ruweb.net/4#inet#fw4#vpn_domains
nftset=/ruxpert.ru/4#inet#fw4#vpn_domains
nftset=/rv77.pw/4#inet#fw4#vpn_domains
nftset=/rzd.ru/4#inet#fw4#vpn_domains
nftset=/s8.capital/4#inet#fw4#vpn_domains
nftset=/sadmin.io/4#inet#fw4#vpn_domains
nftset=/sampo.ru/4#inet#fw4#vpn_domains
nftset=/sape.ru/4#inet#fw4#vpn_domains
nftset=/sberbank.ru/4#inet#fw4#vpn_domains
nftset=/sc2tv.ru/4#inet#fw4#vpn_domains
nftset=/scanmatik.ru/4#inet#fw4#vpn_domains
nftset=/sceptic.online/4#inet#fw4#vpn_domains
nftset=/school-xyz.com/4#inet#fw4#vpn_domains
nftset=/seasonvar.ru/4#inet#fw4#vpn_domains
nftset=/secretra.com/4#inet#fw4#vpn_domains
nftset=/segodnya.tv/4#inet#fw4#vpn_domains
nftset=/selectel.org/4#inet#fw4#vpn_domains
nftset=/sendfile.su/4#inet#fw4#vpn_domains
nftset=/sendsay.ru/4#inet#fw4#vpn_domains
nftset=/sergeistrelec.ru/4#inet#fw4#vpn_domains
nftset=/servebeer.com/4#inet#fw4#vpn_domains
nftset=/serveradmin.ru/4#inet#fw4#vpn_domains
nftset=/sev.tv/4#inet#fw4#vpn_domains
nftset=/sevastopol.press/4#inet#fw4#vpn_domains
nftset=/sf.education/4#inet#fw4#vpn_domains
nftset=/shahtersk.org/4#inet#fw4#vpn_domains
nftset=/shareman.tv/4#inet#fw4#vpn_domains
nftset=/sharij.com.ua/4#inet#fw4#vpn_domains
nftset=/sharij.net/4#inet#fw4#vpn_domains
nftset=/sharij.online/4#inet#fw4#vpn_domains
nftset=/showgogo.ru/4#inet#fw4#vpn_domains
nftset=/showip.net/4#inet#fw4#vpn_domains
nftset=/sibnet.ru/4#inet#fw4#vpn_domains
nftset=/simadm.ru/4#inet#fw4#vpn_domains
nftset=/simsync.io/4#inet#fw4#vpn_domains
nftset=/sipnet.ru/4#inet#fw4#vpn_domains
nftset=/skgazeta.su/4#inet#fw4#vpn_domains
nftset=/skillbox.ru/4#inet#fw4#vpn_domains
nftset=/skillfactory.ru/4#inet#fw4#vpn_domains
nftset=/skladchik.com/4#inet#fw4#vpn_domains
nftset=/skladchik.org/4#inet#fw4#vpn_domains
nftset=/sky.pro/4#inet#fw4#vpn_domains
nftset=/skyeng.com.ua/4#inet#fw4#vpn_domains
nftset=/skyeng.in.ua/4#inet#fw4#vpn_domains
nftset=/skyeng.ru/4#inet#fw4#vpn_domains
nftset=/skysmart.ru/4#inet#fw4#vpn_domains
nftset=/slavasev.ru/4#inet#fw4#vpn_domains
nftset=/slavlnr.su/4#inet#fw4#vpn_domains
nftset=/slavvesti.su/4#inet#fw4#vpn_domains
nftset=/sledcom.ru/4#inet#fw4#vpn_domains
nftset=/slimboxtv.ru/4#inet#fw4#vpn_domains
nftset=/slo.ru/4#inet#fw4#vpn_domains
nftset=/slovodel.com/4#inet#fw4#vpn_domains
nftset=/slurm.io/4#inet#fw4#vpn_domains
nftset=/smartwm.ru/4#inet#fw4#vpn_domains
nftset=/smdnr.ru/4#inet#fw4#vpn_domains
nftset=/smi2.ru/4#inet#fw4#vpn_domains
nftset=/smotrim.ru/4#inet#fw4#vpn_domains
nftset=/smtu.ru/4#inet#fw4#vpn_domains
nftset=/soap4youand.me/4#inet#fw4#vpn_domains
nftset=/sobranie-casino.com/4#inet#fw4#vpn_domains
nftset=/soft-navigator.ru/4#inet#fw4#vpn_domains
nftset=/sources.ru/4#inet#fw4#vpn_domains
nftset=/sovminlnr.ru/4#inet#fw4#vpn_domains
nftset=/sovminlnr.su/4#inet#fw4#vpn_domains
nftset=/sp-rc.ru/4#inet#fw4#vpn_domains
nftset=/spb.ru/4#inet#fw4#vpn_domains
nftset=/spbstu.ru/4#inet#fw4#vpn_domains
nftset=/speedfans.ru/4#inet#fw4#vpn_domains
nftset=/spletnik.ru/4#inet#fw4#vpn_domains
nftset=/sportloto.ru/4#inet#fw4#vpn_domains
nftset=/sputnikimages.com/4#inet#fw4#vpn_domains
nftset=/sputniknews.com/4#inet#fw4#vpn_domains
nftset=/stakhanov.su/4#inet#fw4#vpn_domains
nftset=/star-bet.ru/4#inet#fw4#vpn_domains
nftset=/starkgames.app/4#inet#fw4#vpn_domains
nftset=/starline-online.ru/4#inet#fw4#vpn_domains
nftset=/starline.ru/4#inet#fw4#vpn_domains
nftset=/starobeshevo.ru/4#inet#fw4#vpn_domains
nftset=/start.ru/4#inet#fw4#vpn_domains
nftset=/startallback.com/4#inet#fw4#vpn_domains
nftset=/stepik.org/4#inet#fw4#vpn_domains
nftset=/stitch.su/4#inet#fw4#vpn_domains
nftset=/stnmoscow.ru/4#inet#fw4#vpn_domains
nftset=/stoletie.ru/4#inet#fw4#vpn_domains
nftset=/strana.digital/4#inet#fw4#vpn_domains
nftset=/strana.news/4#inet#fw4#vpn_domains
nftset=/strana.one/4#inet#fw4#vpn_domains
nftset=/strana.today/4#inet#fw4#vpn_domains
nftset=/strana.ua/4#inet#fw4#vpn_domains
nftset=/strava.com/4#inet#fw4#vpn_domains
nftset=/stv92.ru/4#inet#fw4#vpn_domains
nftset=/sudrf.ru/4#inet#fw4#vpn_domains
nftset=/supcourt-dpr.su/4#inet#fw4#vpn_domains
nftset=/svetovik.info/4#inet#fw4#vpn_domains
nftset=/svk-portal.su/4#inet#fw4#vpn_domains
nftset=/svpressa.ru/4#inet#fw4#vpn_domains
nftset=/swiftbook.ru/4#inet#fw4#vpn_domains
nftset=/synapse-pe.ru/4#inet#fw4#vpn_domains
nftset=/synthema.ru/4#inet#fw4#vpn_domains
nftset=/sysadmins.ru/4#inet#fw4#vpn_domains
nftset=/szstakhanov.su/4#inet#fw4#vpn_domains
nftset=/tabor.ru/4#inet#fw4#vpn_domains
nftset=/tadiphone.dev/4#inet#fw4#vpn_domains
nftset=/tanki.su/4#inet#fw4#vpn_domains
nftset=/tanksblitz.ru/4#inet#fw4#vpn_domains
nftset=/tarakanov.net/4#inet#fw4#vpn_domains
nftset=/tass.ru/4#inet#fw4#vpn_domains
nftset=/taxi-yandex.com.ua/4#inet#fw4#vpn_domains
nftset=/taxi-yandex.kiev.ua/4#inet#fw4#vpn_domains
nftset=/tcpu.ru/4#inet#fw4#vpn_domains
nftset=/team-host.ru/4#inet#fw4#vpn_domains
nftset=/techberg.ru/4#inet#fw4#vpn_domains
nftset=/tehnichka.pro/4#inet#fw4#vpn_domains
nftset=/telecafe.ru/4#inet#fw4#vpn_domains
nftset=/telecomsite.ru/4#inet#fw4#vpn_domains
nftset=/telekanal-oplot.tv/4#inet#fw4#vpn_domains
nftset=/telesputnik.ru/4#inet#fw4#vpn_domains
nftset=/teletarget.ru/4#inet#fw4#vpn_domains
nftset=/televid-sib.ru/4#inet#fw4#vpn_domains
nftset=/telmanovo-dnr.ru/4#inet#fw4#vpn_domains
nftset=/tennisi.bet/4#inet#fw4#vpn_domains
nftset=/textologia.ru/4#inet#fw4#vpn_domains
nftset=/teyes.cn/4#inet#fw4#vpn_domains
nftset=/teyes.ru/4#inet#fw4#vpn_domains
nftset=/tfomsrk.ru/4#inet#fw4#vpn_domains
nftset=/thg.ru/4#inet#fw4#vpn_domains
nftset=/tidal.com/4#inet#fw4#vpn_domains
nftset=/tiflo.info/4#inet#fw4#vpn_domains
nftset=/tinkoff.ru/4#inet#fw4#vpn_domains
nftset=/tjournal.ru/4#inet#fw4#vpn_domains
nftset=/tk-union.tv/4#inet#fw4#vpn_domains
nftset=/tnt-online.ru/4#inet#fw4#vpn_domains
nftset=/tochka.com/4#inet#fw4#vpn_domains
nftset=/top-academy.ru/4#inet#fw4#vpn_domains
nftset=/topface.com/4#inet#fw4#vpn_domains
nftset=/topiptv.info/4#inet#fw4#vpn_domains
nftset=/topvisor.com/4#inet#fw4#vpn_domains
nftset=/torez24.ru/4#inet#fw4#vpn_domains
nftset=/tortuga.club/4#inet#fw4#vpn_domains
nftset=/tppdnr.ru/4#inet#fw4#vpn_domains
nftset=/tpu.ru/4#inet#fw4#vpn_domains
nftset=/trakrd.ru/4#inet#fw4#vpn_domains
nftset=/trashbox.ru/4#inet#fw4#vpn_domains
nftset=/treeone.ru/4#inet#fw4#vpn_domains
nftset=/tribuna.com/4#inet#fw4#vpn_domains
nftset=/trkmillet.ru/4#inet#fw4#vpn_domains
nftset=/trudgor.su/4#inet#fw4#vpn_domains
nftset=/trudslava.su/4#inet#fw4#vpn_domains
nftset=/tsiklnr.su/4#inet#fw4#vpn_domains
nftset=/tunecom.ru/4#inet#fw4#vpn_domains
nftset=/tuyahome.online/4#inet#fw4#vpn_domains
nftset=/tvc.ru/4#inet#fw4#vpn_domains
nftset=/tvkultura.ru/4#inet#fw4#vpn_domains
nftset=/tvlider.net/4#inet#fw4#vpn_domains
nftset=/tvoetv.in.ua/4#inet#fw4#vpn_domains
nftset=/tvzvezda.ru/4#inet#fw4#vpn_domains
nftset=/twicker.ru/4#inet#fw4#vpn_domains
nftset=/tyuiu.ru/4#inet#fw4#vpn_domains
nftset=/ucoz.org/4#inet#fw4#vpn_domains
nftset=/ucoz.ru/4#inet#fw4#vpn_domains
nftset=/ugletele.com/4#inet#fw4#vpn_domains
nftset=/ukraina.ru/4#inet#fw4#vpn_domains
nftset=/ukraine.ru/4#inet#fw4#vpn_domains
nftset=/ukrgarant.com/4#inet#fw4#vpn_domains
nftset=/ulstu.ru/4#inet#fw4#vpn_domains
nftset=/umi.ru/4#inet#fw4#vpn_domains
nftset=/ural.ru/4#inet#fw4#vpn_domains
nftset=/uraltm08.ru/4#inet#fw4#vpn_domains
nftset=/urtaev.com/4#inet#fw4#vpn_domains
nftset=/usbdev.ru/4#inet#fw4#vpn_domains
nftset=/usbtor.ru/4#inet#fw4#vpn_domains
nftset=/uscrimea.ru/4#inet#fw4#vpn_domains
nftset=/userapi.com/4#inet#fw4#vpn_domains
nftset=/utmn.ru/4#inet#fw4#vpn_domains
nftset=/utro.ru/4#inet#fw4#vpn_domains
nftset=/uzhhorod.today/4#inet#fw4#vpn_domains
nftset=/vc.ru/4#inet#fw4#vpn_domains
nftset=/vedomosti.ru/4#inet#fw4#vpn_domains
nftset=/veesp.com/4#inet#fw4#vpn_domains
nftset=/vegalab.ru/4#inet#fw4#vpn_domains
nftset=/veraifoma.ru/4#inet#fw4#vpn_domains
nftset=/versia.ru/4#inet#fw4#vpn_domains
nftset=/veseloeradio.ru/4#inet#fw4#vpn_domains
nftset=/vesti-k.ru/4#inet#fw4#vpn_domains
nftset=/vesti.ru/4#inet#fw4#vpn_domains
nftset=/vesti92.ru/4#inet#fw4#vpn_domains
nftset=/vgl-sport.ru/4#inet#fw4#vpn_domains
nftset=/vgtrk.com/4#inet#fw4#vpn_domains
nftset=/vipdrive.net/4#inet#fw4#vpn_domains
nftset=/viqeo.tv/4#inet#fw4#vpn_domains
nftset=/virtustec.ru/4#inet#fw4#vpn_domains
nftset=/visionbot.ru/4#inet#fw4#vpn_domains
nftset=/visions.ru/4#inet#fw4#vpn_domains
nftset=/vitrina.tv/4#inet#fw4#vpn_domains
nftset=/vk-apps.com/4#inet#fw4#vpn_domains
nftset=/vk.com/4#inet#fw4#vpn_domains
nftset=/vkforms.ru/4#inet#fw4#vpn_domains
nftset=/vkopt.net/4#inet#fw4#vpn_domains
nftset=/vkplay.live/4#inet#fw4#vpn_domains
nftset=/vladimirmalikov.com/4#inet#fw4#vpn_domains
nftset=/vmakeevke.com/4#inet#fw4#vpn_domains
nftset=/vniioeng.ru/4#inet#fw4#vpn_domains
nftset=/vodadonbassa.ru/4#inet#fw4#vpn_domains
nftset=/voenmeh.ru/4#inet#fw4#vpn_domains
nftset=/voice-server.ru/4#inet#fw4#vpn_domains
nftset=/voicesevas.ru/4#inet#fw4#vpn_domains
nftset=/voidboost.cc/4#inet#fw4#vpn_domains
nftset=/voidboost.in/4#inet#fw4#vpn_domains
nftset=/voloshyna.org.ua/4#inet#fw4#vpn_domains
nftset=/voltbet.ru/4#inet#fw4#vpn_domains
nftset=/voskhodinfo.su/4#inet#fw4#vpn_domains
nftset=/vperedlnr.su/4#inet#fw4#vpn_domains
nftset=/vremya.tv/4#inet#fw4#vpn_domains
nftset=/vsednr.ru/4#inet#fw4#vpn_domains
nftset=/vz.ru/4#inet#fw4#vpn_domains
nftset=/walletone.com/4#inet#fw4#vpn_domains
nftset=/wasd.tv/4#inet#fw4#vpn_domains
nftset=/web-moneta.com/4#inet#fw4#vpn_domains
nftset=/web-money.ru/4#inet#fw4#vpn_domains
nftset=/webhamster.ru/4#inet#fw4#vpn_domains
nftset=/webmoney-keeper.ru/4#inet#fw4#vpn_domains
nftset=/webmoney.by/4#inet#fw4#vpn_domains
nftset=/webmoney.com/4#inet#fw4#vpn_domains
nftset=/webmoney.com.ua/4#inet#fw4#vpn_domains
nftset=/webmoney.ru/4#inet#fw4#vpn_domains
nftset=/webmoney.ua/4#inet#fw4#vpn_domains
nftset=/webos-forums.ru/4#inet#fw4#vpn_domains
nftset=/whitesaas.com/4#inet#fw4#vpn_domains
nftset=/wiki93.ru/4#inet#fw4#vpn_domains
nftset=/wikimapia.org/4#inet#fw4#vpn_domains
nftset=/wildberries.am/4#inet#fw4#vpn_domains
nftset=/wildberries.by/4#inet#fw4#vpn_domains
nftset=/wildberries.eu/4#inet#fw4#vpn_domains
nftset=/wildberries.kg/4#inet#fw4#vpn_domains
nftset=/wildberries.kz/4#inet#fw4#vpn_domains
nftset=/wildberries.ru/4#inet#fw4#vpn_domains
nftset=/wildberries.ua/4#inet#fw4#vpn_domains
nftset=/win-torrent.net/4#inet#fw4#vpn_domains
nftset=/win10tweaker.ru/4#inet#fw4#vpn_domains
nftset=/winitpro.ru/4#inet#fw4#vpn_domains
nftset=/winline.ru/4#inet#fw4#vpn_domains
nftset=/wm-factor.com.ua/4#inet#fw4#vpn_domains
nftset=/wmchanger.com/4#inet#fw4#vpn_domains
nftset=/wmeuro.eu/4#inet#fw4#vpn_domains
nftset=/wmid.com/4#inet#fw4#vpn_domains
nftset=/wmsite.ru/4#inet#fw4#vpn_domains
nftset=/wmtransfer.com/4#inet#fw4#vpn_domains
nftset=/wmx.ru/4#inet#fw4#vpn_domains
nftset=/wod.su/4#inet#fw4#vpn_domains
nftset=/wooordhunt.ru/4#inet#fw4#vpn_domains
nftset=/world-evolved.ru/4#inet#fw4#vpn_domains
nftset=/worldcrisis.ru/4#inet#fw4#vpn_domains
nftset=/worldoftanks.net/4#inet#fw4#vpn_domains
nftset=/worldpress.com/4#inet#fw4#vpn_domains
nftset=/wotspeak.ru/4#inet#fw4#vpn_domains
nftset=/wtftime.ru/4#inet#fw4#vpn_domains
nftset=/x-bet.co/4#inet#fw4#vpn_domains
nftset=/xchess.ru/4#inet#fw4#vpn_domains
nftset=/xn--80ahqgjaddr.xn--p1ai/4#inet#fw4#vpn_domains
nftset=/xn--c1acbl2abdlkab1og.xn--p1ai/4#inet#fw4#vpn_domains
nftset=/xn--h1aheeehel.xn--p1acf/4#inet#fw4#vpn_domains
nftset=/xxiveklnr.su/4#inet#fw4#vpn_domains
nftset=/ya.com/4#inet#fw4#vpn_domains
nftset=/ya.ru/4#inet#fw4#vpn_domains
nftset=/yadro.ru/4#inet#fw4#vpn_domains
nftset=/yalta-tv.ru/4#inet#fw4#vpn_domains
nftset=/yaltatv.ru/4#inet#fw4#vpn_domains
nftset=/yandex-taxi.com.ua/4#inet#fw4#vpn_domains
nftset=/yandex.com/4#inet#fw4#vpn_domains
nftset=/yandex.net/4#inet#fw4#vpn_domains
nftset=/yandex.ru/4#inet#fw4#vpn_domains
nftset=/yandex.ua/4#inet#fw4#vpn_domains
nftset=/yandexcloud.net/4#inet#fw4#vpn_domains
nftset=/yandexdatafactory.com/4#inet#fw4#vpn_domains
nftset=/yandextaksiua.com.ua/4#inet#fw4#vpn_domains
nftset=/yandextaxi.com.ua/4#inet#fw4#vpn_domains
nftset=/yandextaxi.kiev.ua/4#inet#fw4#vpn_domains
nftset=/yasispolkom.ru/4#inet#fw4#vpn_domains
nftset=/yataxi.com.ua/4#inet#fw4#vpn_domains
nftset=/yataxi.net/4#inet#fw4#vpn_domains
nftset=/yoobusiness.ru/4#inet#fw4#vpn_domains
nftset=/yookassa.ru/4#inet#fw4#vpn_domains
nftset=/yoomoney.ru/4#inet#fw4#vpn_domains
nftset=/yoomoney.uk/4#inet#fw4#vpn_domains
nftset=/yoomoney.website/4#inet#fw4#vpn_domains
nftset=/youmoney.ru/4#inet#fw4#vpn_domains
nftset=/yourok.ru/4#inet#fw4#vpn_domains
nftset=/ytro.news/4#inet#fw4#vpn_domains
nftset=/yumoney.ru/4#inet#fw4#vpn_domains
nftset=/z-oleg.com/4#inet#fw4#vpn_domains
nftset=/zaborona.help/4#inet#fw4#vpn_domains
nftset=/zavtra.ru/4#inet#fw4#vpn_domains
nftset=/zaycev.net/4#inet#fw4#vpn_domains
nftset=/zedom.net/4#inet#fw4#vpn_domains
nftset=/zenit.win/4#inet#fw4#vpn_domains
nftset=/zenmoney.ru/4#inet#fw4#vpn_domains
nftset=/zenon.net/4#inet#fw4#vpn_domains
nftset=/zerocoder.ru/4#inet#fw4#vpn_domains
nftset=/zhdanovka.com/4#inet#fw4#vpn_domains
nftset=/zilore.com/4#inet#fw4#vpn_domains
nftset=/zoneofgames.ru/4#inet#fw4#vpn_domains
