DOMAIN-SUFFIX,101.ru
DOMAIN-SUFFIX,16-bits.ru
DOMAIN-SUFFIX,1c-umi.ru
DOMAIN-SUFFIX,1cent.in
DOMAIN-SUFFIX,1cent.tv
DOMAIN-SUFFIX,1cupis.ru
DOMAIN-SUFFIX,1internet.tv
DOMAIN-SUFFIX,1prime.ru
DOMAIN-SUFFIX,1rsload.ru
DOMAIN-SUFFIX,1tv.com
DOMAIN-SUFFIX,1tv.ru
DOMAIN-SUFFIX,1tvcrimea.ru
DOMAIN-SUFFIX,1x-bet.com
DOMAIN-SUFFIX,1xbet.com
DOMAIN-SUFFIX,1xslots-online.com
DOMAIN-SUFFIX,1xstavka.ru
DOMAIN-SUFFIX,21casino.com
DOMAIN-SUFFIX,22bet.com
DOMAIN-SUFFIX,24kcasino.com
DOMAIN-SUFFIX,288sb.com
DOMAIN-SUFFIX,2gis.ru
DOMAIN-SUFFIX,2gis.ua
DOMAIN-SUFFIX,2kita.com
DOMAIN-SUFFIX,2whois.ru
DOMAIN-SUFFIX,3dn.ru
DOMAIN-SUFFIX,3dnews.ru
DOMAIN-SUFFIX,3dtoday.ru
DOMAIN-SUFFIX,4brain.ru
DOMAIN-SUFFIX,5-tv.ru
DOMAIN-SUFFIX,777.com
DOMAIN-SUFFIX,7themes.su
DOMAIN-SUFFIX,888.ru
DOMAIN-SUFFIX,9111s.ru
DOMAIN-SUFFIX,9649.ru
DOMAIN-SUFFIX,abet.ru
DOMAIN-SUFFIX,academyit.ru
DOMAIN-SUFFIX,achtungpartisanen.ru
DOMAIN-SUFFIX,adacoins.ru
DOMAIN-SUFFIX,admin-gorlovka.ru
DOMAIN-SUFFIX,ag.ru
DOMAIN-SUFFIX,agklnr.su
DOMAIN-SUFFIX,agoravox.tv
DOMAIN-SUFFIX,aif.ru
DOMAIN-SUFFIX,aladdin-rd.ru
DOMAIN-SUFFIX,alchevsk.su
DOMAIN-SUFFIX,alfabank.ru
DOMAIN-SUFFIX,algoritmika.org
DOMAIN-SUFFIX,aliexpress.ru
DOMAIN-SUFFIX,allcrimea.net
DOMAIN-SUFFIX,altaipalace.net
DOMAIN-SUFFIX,amalgama-lab.com
DOMAIN-SUFFIX,amediateka.ru
DOMAIN-SUFFIX,amlgames.com
DOMAIN-SUFFIX,amocrm.ru
DOMAIN-SUFFIX,aniqit.com
DOMAIN-SUFFIX,anna-news.info
DOMAIN-SUFFIX,anomaly-zone.net
DOMAIN-SUFFIX,anomaly-zone.ru
DOMAIN-SUFFIX,antifashist.com
DOMAIN-SUFFIX,antifriz.tv
DOMAIN-SUFFIX,antimaydan.info
DOMAIN-SUFFIX,antispamsniper.com
DOMAIN-SUFFIX,antistarforce.com
DOMAIN-SUFFIX,antr-adm.ru
DOMAIN-SUFFIX,antratsit.su
DOMAIN-SUFFIX,apptractor.ru
DOMAIN-SUFFIX,aprlnr.su
DOMAIN-SUFFIX,arbitr.ru
DOMAIN-SUFFIX,argocasino50.com
DOMAIN-SUFFIX,armgov.ru
DOMAIN-SUFFIX,artmoney.ru
DOMAIN-SUFFIX,artpeople.ru
DOMAIN-SUFFIX,artv-news.ru
DOMAIN-SUFFIX,ascnb1.ru
DOMAIN-SUFFIX,asd.news
DOMAIN-SUFFIX,asketlnr.su
DOMAIN-SUFFIX,asp24.ru
DOMAIN-SUFFIX,asssr.info
DOMAIN-SUFFIX,astrabet.ru
DOMAIN-SUFFIX,atraining.ru
DOMAIN-SUFFIX,au-donetsk.ru
DOMAIN-SUFFIX,auto.ru
DOMAIN-SUFFIX,autobook.one
DOMAIN-SUFFIX,avtopribor.ru
DOMAIN-SUFFIX,bafista.ru
DOMAIN-SUFFIX,baltbet.ru
DOMAIN-SUFFIX,bdocodex.com
DOMAIN-SUFFIX,beeline.ru
DOMAIN-SUFFIX,begemot.media
DOMAIN-SUFFIX,beget.com
DOMAIN-SUFFIX,bet365.com
DOMAIN-SUFFIX,bet365.ru
DOMAIN-SUFFIX,betboom.ru
DOMAIN-SUFFIX,betchain.com
DOMAIN-SUFFIX,betchplp.xyz
DOMAIN-SUFFIX,betcity.ru
DOMAIN-SUFFIX,bethesda.net
DOMAIN-SUFFIX,betring.org
DOMAIN-SUFFIX,bettery.ru
DOMAIN-SUFFIX,betwinner.com
DOMAIN-SUFFIX,bg14.org
DOMAIN-SUFFIX,bigsv.ru
DOMAIN-SUFFIX,billingtv.net
DOMAIN-SUFFIX,bitasproductions.ru
DOMAIN-SUFFIX,bitcoincasino.us
DOMAIN-SUFFIX,bitrix24.site
DOMAIN-SUFFIX,biz.ua
DOMAIN-SUFFIX,bizdnr.ru
DOMAIN-SUFFIX,bizon365.ru
DOMAIN-SUFFIX,blast.hk
DOMAIN-SUFFIX,blogspot.com
DOMAIN-SUFFIX,bloknot.ru
DOMAIN-SUFFIX,blynk.tk
DOMAIN-SUFFIX,bmpvsu.ru
DOMAIN-SUFFIX,bober-tv.ru
DOMAIN-SUFFIX,bober.ru
DOMAIN-SUFFIX,bookmate.com
DOMAIN-SUFFIX,boosty.to
DOMAIN-SUFFIX,britannia-kaliningrad.ru
DOMAIN-SUFFIX,brunoyam.com
DOMAIN-SUFFIX,bryanka.su
DOMAIN-SUFFIX,burda.ru
DOMAIN-SUFFIX,bwin.ru
DOMAIN-SUFFIX,c-eho.info
DOMAIN-SUFFIX,c-inform.info
DOMAIN-SUFFIX,c-pravda.ru
DOMAIN-SUFFIX,cackle.me
DOMAIN-SUFFIX,calend.ru
DOMAIN-SUFFIX,cambridgecentre.ru
DOMAIN-SUFFIX,capitalfm.moscow
DOMAIN-SUFFIX,capitaller.ru
DOMAIN-SUFFIX,cardsharingserver.tv
DOMAIN-SUFFIX,casinotoken.com
DOMAIN-SUFFIX,cbilling.biz
DOMAIN-SUFFIX,cbilling.in
DOMAIN-SUFFIX,cbilling.pw
DOMAIN-SUFFIX,cbillingtv.net
DOMAIN-SUFFIX,cdn.tf
DOMAIN-SUFFIX,cdnbunny.org
DOMAIN-SUFFIX,cdnland.in
DOMAIN-SUFFIX,cdnvideo.ru
DOMAIN-SUFFIX,changamireltd.com
DOMAIN-SUFFIX,chat.ru
DOMAIN-SUFFIX,chipmaker.ru
DOMAIN-SUFFIX,chto-eto-takoe.ru
DOMAIN-SUFFIX,cikdnr.su
DOMAIN-SUFFIX,click.ru
DOMAIN-SUFFIX,cloudbet.com
DOMAIN-SUFFIX,club443.ru
DOMAIN-SUFFIX,clubpixel.ru
DOMAIN-SUFFIX,cmh.ru
DOMAIN-SUFFIX,cnews.ru
DOMAIN-SUFFIX,coddyschool.com
DOMAIN-SUFFIX,codenet.ru
DOMAIN-SUFFIX,college.ru
DOMAIN-SUFFIX,com.ru
DOMAIN-SUFFIX,combot.org
DOMAIN-SUFFIX,comitet.su
DOMAIN-SUFFIX,consoleclub.fun
DOMAIN-SUFFIX,cont.ws
DOMAIN-SUFFIX,contactpay.com
DOMAIN-SUFFIX,conversmod.ru
DOMAIN-SUFFIX,core.tf
DOMAIN-SUFFIX,coub.com
DOMAIN-SUFFIX,cqham.ru
DOMAIN-SUFFIX,crb-dnr.ru
DOMAIN-SUFFIX,crimea-news.com
DOMAIN-SUFFIX,crimea-radio.ru
DOMAIN-SUFFIX,crimea.com
DOMAIN-SUFFIX,crimea24.tv
DOMAIN-SUFFIX,crimea24tv.ru
DOMAIN-SUFFIX,crimeapress.info
DOMAIN-SUFFIX,css-ms.ru
DOMAIN-SUFFIX,ctrana.news
DOMAIN-SUFFIX,cwer.ru
DOMAIN-SUFFIX,cwer.su
DOMAIN-SUFFIX,cwer.ws
DOMAIN-SUFFIX,cyberforum.ru
DOMAIN-SUFFIX,d3-28.ru
DOMAIN-SUFFIX,d4reflection.org
DOMAIN-SUFFIX,dan-news.info
DOMAIN-SUFFIX,darkside.ru
DOMAIN-SUFFIX,datadome.co
DOMAIN-SUFFIX,datalock.ru
DOMAIN-SUFFIX,debalcevo-dnr.ru
DOMAIN-SUFFIX,denis-pushilin.info
DOMAIN-SUFFIX,denis-pushilin.ru
DOMAIN-SUFFIX,depirf.ru
DOMAIN-SUFFIX,des-life.ru
DOMAIN-SUFFIX,deviantart.net
DOMAIN-SUFFIX,digitalrussia.tv
DOMAIN-SUFFIX,dimonvideo.ru
DOMAIN-SUFFIX,djankoiadm.ru
DOMAIN-SUFFIX,dlink.ru
DOMAIN-SUFFIX,dmde.ru
DOMAIN-SUFFIX,dmkos.ru
DOMAIN-SUFFIX,dnd.su
DOMAIN-SUFFIX,dnipress.com
DOMAIN-SUFFIX,dnmchs.ru
DOMAIN-SUFFIX,dnr-hotline.ru
DOMAIN-SUFFIX,dnr-life.ru
DOMAIN-SUFFIX,dnr-live.ru
DOMAIN-SUFFIX,dnr-news.com
DOMAIN-SUFFIX,dnr-online.ru
DOMAIN-SUFFIX,dnr-pravda.ru
DOMAIN-SUFFIX,dnr24.com
DOMAIN-SUFFIX,dnr24.su
DOMAIN-SUFFIX,dnrailway.ru
DOMAIN-SUFFIX,dnronlane.su
DOMAIN-SUFFIX,dnrsovet.su
DOMAIN-SUFFIX,dns-shop.ru
DOMAIN-SUFFIX,do-mein.ru
DOMAIN-SUFFIX,domkino-premium.tv
DOMAIN-SUFFIX,domkino.tv
DOMAIN-SUFFIX,domkinopremium.tv
DOMAIN-SUFFIX,dommintrans.ru
DOMAIN-SUFFIX,donationalerts.com
DOMAIN-SUFFIX,donbass-insider.com
DOMAIN-SUFFIX,donbass.media
DOMAIN-SUFFIX,donbasstoday.ru
DOMAIN-SUFFIX,doncsm.ru
DOMAIN-SUFFIX,doneast.su
DOMAIN-SUFFIX,donetsk-france.org
DOMAIN-SUFFIX,donmarkets.ru
DOMAIN-SUFFIX,donmintrans.ru
DOMAIN-SUFFIX,donnu.ru
DOMAIN-SUFFIX,dontimes.ru
DOMAIN-SUFFIX,doverie-tv.ru
DOMAIN-SUFFIX,drive2.ru
DOMAIN-SUFFIX,driver.ru
DOMAIN-SUFFIX,droider.ru
DOMAIN-SUFFIX,dropmefiles.com
DOMAIN-SUFFIX,drweb.com
DOMAIN-SUFFIX,drweb.ru
DOMAIN-SUFFIX,dtf.ru
DOMAIN-SUFFIX,dvhab.ru
DOMAIN-SUFFIX,dzen.ru
DOMAIN-SUFFIX,e-hentai.org
DOMAIN-SUFFIX,e-news.su
DOMAIN-SUFFIX,e1.ru
DOMAIN-SUFFIX,easynod.ru
DOMAIN-SUFFIX,econri.org
DOMAIN-SUFFIX,edem.tv
DOMAIN-SUFFIX,edemtv.me
DOMAIN-SUFFIX,eduson.academy
DOMAIN-SUFFIX,elcats.ru
DOMAIN-SUFFIX,electrotransport.ru
DOMAIN-SUFFIX,elementy.ru
DOMAIN-SUFFIX,elibrary.ru
DOMAIN-SUFFIX,eljur.ru
DOMAIN-SUFFIX,elmi.ua
DOMAIN-SUFFIX,enakievo.org
DOMAIN-SUFFIX,enigma.ua
DOMAIN-SUFFIX,entware.net
DOMAIN-SUFFIX,eramedia.com.ua
DOMAIN-SUFFIX,esp8266.ru
DOMAIN-SUFFIX,esputnik.com
DOMAIN-SUFFIX,etu.ru
DOMAIN-SUFFIX,europaplus.ru
DOMAIN-SUFFIX,euslot.com
DOMAIN-SUFFIX,excelworld.ru
DOMAIN-SUFFIX,exchanger.money
DOMAIN-SUFFIX,exchanger.ru
DOMAIN-SUFFIX,exesniper.com
DOMAIN-SUFFIX,exist.parts
DOMAIN-SUFFIX,f1news.ru
DOMAIN-SUFFIX,fanfics.me
DOMAIN-SUFFIX,fansubs.ru
DOMAIN-SUFFIX,farmanager.com
DOMAIN-SUFFIX,fastpay-casino.com
DOMAIN-SUFFIX,fastpic.org
DOMAIN-SUFFIX,feedsmart.ru
DOMAIN-SUFFIX,fgi-lnr.su
DOMAIN-SUFFIX,ficbook.net
DOMAIN-SUFFIX,finbet.bet
DOMAIN-SUFFIX,findexiq.com
DOMAIN-SUFFIX,fixmypc.ru
DOMAIN-SUFFIX,flashboot.ru
DOMAIN-SUFFIX,flipperzero.one
DOMAIN-SUFFIX,fon.bet
DOMAIN-SUFFIX,fonbet.ru
DOMAIN-SUFFIX,forma-box.ru
DOMAIN-SUFFIX,fornote.net
DOMAIN-SUFFIX,forscan.org
DOMAIN-SUFFIX,forummikrotik.ru
DOMAIN-SUFFIX,forumupload.ru
DOMAIN-SUFFIX,fotopik.net
DOMAIN-SUFFIX,fotostrana.ru
DOMAIN-SUFFIX,fox-tv.fun
DOMAIN-SUFFIX,fpdnr.ru
DOMAIN-SUFFIX,fplnr.org
DOMAIN-SUFFIX,freedom.kiev.ua
DOMAIN-SUFFIX,freelance.ru
DOMAIN-SUFFIX,freeman42.ru
DOMAIN-SUFFIX,freize.net
DOMAIN-SUFFIX,frenglish.ru
DOMAIN-SUFFIX,freshchat.com
DOMAIN-SUFFIX,fsnslnr.su
DOMAIN-SUFFIX,fss.ru
DOMAIN-SUFFIX,fssprus.ru
DOMAIN-SUFFIX,game-debate.com
DOMAIN-SUFFIX,gamearmy.ru
DOMAIN-SUFFIX,gameassists.co.uk
DOMAIN-SUFFIX,gameawards.ru
DOMAIN-SUFFIX,gamekot.top
DOMAIN-SUFFIX,gatoga.ru
DOMAIN-SUFFIX,gazeta-dnr.ru
DOMAIN-SUFFIX,gazeta.ru
DOMAIN-SUFFIX,gazetacrimea.ru
DOMAIN-SUFFIX,gb-dnr.com
DOMAIN-SUFFIX,gb.ru
DOMAIN-SUFFIX,gcdn.co
DOMAIN-SUFFIX,gcs-web.com
DOMAIN-SUFFIX,gdcert.com
DOMAIN-SUFFIX,geopolitika.ru
DOMAIN-SUFFIX,getcourse.ru
DOMAIN-SUFFIX,ggbet.ru
DOMAIN-SUFFIX,gisclub.tv
DOMAIN-SUFFIX,gismeteo.ru
DOMAIN-SUFFIX,gisnpa-dnr.ru
DOMAIN-SUFFIX,gitflic.ru
DOMAIN-SUFFIX,gkecopoldnr.ru
DOMAIN-SUFFIX,gkgtn.ru
DOMAIN-SUFFIX,gknslnr.su
DOMAIN-SUFFIX,gkslnr.su
DOMAIN-SUFFIX,gktrlnr.su
DOMAIN-SUFFIX,glava-lnr.info
DOMAIN-SUFFIX,glava-lnr.su
DOMAIN-SUFFIX,gle.ru
DOMAIN-SUFFIX,godville.net
DOMAIN-SUFFIX,goldfishka68.com
DOMAIN-SUFFIX,golospravdy.com
DOMAIN-SUFFIX,gomel-sat.bz
DOMAIN-SUFFIX,goodgame.ru
DOMAIN-SUFFIX,gorlovka-news.su
DOMAIN-SUFFIX,gorlovka-tv.ru
DOMAIN-SUFFIX,gorlovka.today
DOMAIN-SUFFIX,gorod-donetsk.com
DOMAIN-SUFFIX,gorod-lugansk.com
DOMAIN-SUFFIX,goskomzemdnr.ru
DOMAIN-SUFFIX,goskomzemlnr.su
DOMAIN-SUFFIX,gosnadzorlnr.ru
DOMAIN-SUFFIX,gosrezervlnr.su
DOMAIN-SUFFIX,gosstat-dnr.ru
DOMAIN-SUFFIX,gostrud-dnr.ru
DOMAIN-SUFFIX,gosuslugi.ru
DOMAIN-SUFFIX,gov-dpr.ru
DOMAIN-SUFFIX,gov.ru
DOMAIN-SUFFIX,govdnr.ru
DOMAIN-SUFFIX,government.ru
DOMAIN-SUFFIX,gpdnr.su
DOMAIN-SUFFIX,gplnr.su
DOMAIN-SUFFIX,grandx.com
DOMAIN-SUFFIX,group-ib.ru
DOMAIN-SUFFIX,gs-corp.ru
DOMAIN-SUFFIX,gsdsd-dnr.ru
DOMAIN-SUFFIX,gt-news.info
DOMAIN-SUFFIX,gta.ru
DOMAIN-SUFFIX,gtklnr.su
DOMAIN-SUFFIX,gtrklnr.su
DOMAIN-SUFFIX,gtrlnr.com
DOMAIN-SUFFIX,guarantee.ru
DOMAIN-SUFFIX,gubkin.ru
DOMAIN-SUFFIX,gum-centr.su
DOMAIN-SUFFIX,guprec.ru
DOMAIN-SUFFIX,gvol.ru
DOMAIN-SUFFIX,h-helpers.ru
DOMAIN-SUFFIX,habr.com
DOMAIN-SUFFIX,habr.ru
DOMAIN-SUFFIX,hamsdr.ru
DOMAIN-SUFFIX,health-diet.ru
DOMAIN-SUFFIX,hexlet.io
DOMAIN-SUFFIX,hi-fi-forum.net
DOMAIN-SUFFIX,hi-fidelity-forum.com
DOMAIN-SUFFIX,highspeednetwork.ru
DOMAIN-SUFFIX,hightech.plus
DOMAIN-SUFFIX,hlboost.ru
DOMAIN-SUFFIX,horrorzone.ru
DOMAIN-SUFFIX,hostingradio.ru
DOMAIN-SUFFIX,howto-news.info
DOMAIN-SUFFIX,howtonews.info
DOMAIN-SUFFIX,htmlacademy.ru
DOMAIN-SUFFIX,i-don.ru
DOMAIN-SUFFIX,i-edem.tv
DOMAIN-SUFFIX,iddqd.ru
DOMAIN-SUFFIX,ideafix.name
DOMAIN-SUFFIX,iedem.tv
DOMAIN-SUFFIX,igromania.ru
DOMAIN-SUFFIX,iguides.ru
DOMAIN-SUFFIX,ihc.ru
DOMAIN-SUFFIX,ihor-hosting.ru
DOMAIN-SUFFIX,ikrim.net
DOMAIN-SUFFIX,ikstv.ru
DOMAIN-SUFFIX,ilook.tv
DOMAIN-SUFFIX,ilucki.com
DOMAIN-SUFFIX,ilyabirman.ru
DOMAIN-SUFFIX,imageban.ru
DOMAIN-SUFFIX,imgzona.video
DOMAIN-SUFFIX,infergames.com
DOMAIN-SUFFIX,inforeactor.ru
DOMAIN-SUFFIX,informing.ru
DOMAIN-SUFFIX,infostart.ru
DOMAIN-SUFFIX,inlinegroup-c.ru
DOMAIN-SUFFIX,inlinegroup.ru
DOMAIN-SUFFIX,inlinegroup.ua
DOMAIN-SUFFIX,inlnk.ru
DOMAIN-SUFFIX,inosmi.ru
DOMAIN-SUFFIX,insearch.site
DOMAIN-SUFFIX,inst.net
DOMAIN-SUFFIX,interfax.ru
DOMAIN-SUFFIX,interra.bz
DOMAIN-SUFFIX,ints.net
DOMAIN-SUFFIX,involta.ru
DOMAIN-SUFFIX,ip-tv.club
DOMAIN-SUFFIX,iptv-ru.com
DOMAIN-SUFFIX,iptvin.ru
DOMAIN-SUFFIX,iseetv.net
DOMAIN-SUFFIX,iskra-dnr.ru
DOMAIN-SUFFIX,ispsystem.ru
DOMAIN-SUFFIX,it999.ru
DOMAIN-SUFFIX,itc-life.ru
DOMAIN-SUFFIX,ithelp21.ru
DOMAIN-SUFFIX,ixbt.com
DOMAIN-SUFFIX,iz.ru
DOMAIN-SUFFIX,izbirkom.ru
DOMAIN-SUFFIX,jaomix.ru
DOMAIN-SUFFIX,japancats.ru
DOMAIN-SUFFIX,jiht.ru
DOMAIN-SUFFIX,jino.ru
DOMAIN-SUFFIX,jinopro.net
DOMAIN-SUFFIX,jira.ru
DOMAIN-SUFFIX,joocasino.com
DOMAIN-SUFFIX,journalcrimea.ru
DOMAIN-SUFFIX,joyreactor.cc
DOMAIN-SUFFIX,jpgazeta.ru
DOMAIN-SUFFIX,k3d.tech
DOMAIN-SUFFIX,kanal-o.ru
DOMAIN-SUFFIX,karpov.courses
DOMAIN-SUFFIX,karusel-tv.ru
DOMAIN-SUFFIX,kaspersky.com
DOMAIN-SUFFIX,kaspersky.ru
DOMAIN-SUFFIX,katyusha.tv
DOMAIN-SUFFIX,kaznalnr.ru
DOMAIN-SUFFIX,kcpn.info
DOMAIN-SUFFIX,kg-portal.ru
DOMAIN-SUFFIX,kga.su
DOMAIN-SUFFIX,khogov.ru
DOMAIN-SUFFIX,kianews24.ru
DOMAIN-SUFFIX,kini24.ru
DOMAIN-SUFFIX,kino-teatr.ru
DOMAIN-SUFFIX,kinopoisk.ru
DOMAIN-SUFFIX,kinzhal.media
DOMAIN-SUFFIX,kiozk.ru
DOMAIN-SUFFIX,kodik.biz
DOMAIN-SUFFIX,konungcasino.com
DOMAIN-SUFFIX,korabli.su
DOMAIN-SUFFIX,koroleffsov.ru
DOMAIN-SUFFIX,koronapay.com
DOMAIN-SUFFIX,koshara.co
DOMAIN-SUFFIX,kp.ru
DOMAIN-SUFFIX,kpfu.ru
DOMAIN-SUFFIX,krasnodon.su
DOMAIN-SUFFIX,krasnyluch.su
DOMAIN-SUFFIX,krt-club.ru
DOMAIN-SUFFIX,krtech.ru
DOMAIN-SUFFIX,labirint.ru
DOMAIN-SUFFIX,laitis.ru
DOMAIN-SUFFIX,lambda13.online
DOMAIN-SUFFIX,lampa32.ru
DOMAIN-SUFFIX,lapki.live
DOMAIN-SUFFIX,lenovo-forums.ru
DOMAIN-SUFFIX,lenta.ru
DOMAIN-SUFFIX,leon.ru
DOMAIN-SUFFIX,leonid-pasechnik.info
DOMAIN-SUFFIX,lesta.ru
DOMAIN-SUFFIX,lgt.su
DOMAIN-SUFFIX,lib.ru
DOMAIN-SUFFIX,lifelink.ru
DOMAIN-SUFFIX,lifelug.su
DOMAIN-SUFFIX,ligastavok.ru
DOMAIN-SUFFIX,lightiptv.me
DOMAIN-SUFFIX,linebet.com
DOMAIN-SUFFIX,linkmeup.ru
DOMAIN-SUFFIX,linuxrussia.com
DOMAIN-SUFFIX,litres.ru
DOMAIN-SUFFIX,livejournal.com
DOMAIN-SUFFIX,lnr.media
DOMAIN-SUFFIX,lnr.today
DOMAIN-SUFFIX,loftschool.com
DOMAIN-SUFFIX,lolz.guru
DOMAIN-SUFFIX,losst.ru
DOMAIN-SUFFIX,lostarmour.info
DOMAIN-SUFFIX,lostarmour.ru
DOMAIN-SUFFIX,lostfilm.info
DOMAIN-SUFFIX,lostmagic.ru
DOMAIN-SUFFIX,loyalcasino.com
DOMAIN-SUFFIX,lpr-reg.ru
DOMAIN-SUFFIX,lprreg.ru
DOMAIN-SUFFIX,lug-info.com
DOMAIN-SUFFIX,luga1news.ru
DOMAIN-SUFFIX,lugansk-online.su
DOMAIN-SUFFIX,lugansk.online
DOMAIN-SUFFIX,lugansk.site
DOMAIN-SUFFIX,lugansk1.info
DOMAIN-SUFFIX,lutik.tv
DOMAIN-SUFFIX,lutugino.su
DOMAIN-SUFFIX,m24.ru
DOMAIN-SUFFIX,magonet.ru
DOMAIN-SUFFIX,magzdb.org
DOMAIN-SUFFIX,mail.ru
DOMAIN-SUFFIX,makeyevka.ru
DOMAIN-SUFFIX,mamba.ru
DOMAIN-SUFFIX,manaeff.ru
DOMAIN-SUFFIX,mangadex.org
DOMAIN-SUFFIX,manjaro.ru
DOMAIN-SUFFIX,marathonbet.ru
DOMAIN-SUFFIX,markupeasy.ru
DOMAIN-SUFFIX,marshruty.ru
DOMAIN-SUFFIX,mastergrad.com
DOMAIN-SUFFIX,mchost.ru
DOMAIN-SUFFIX,mchs-lnr.su
DOMAIN-SUFFIX,mcxdnr.ru
DOMAIN-SUFFIX,mdsdnr.ru
DOMAIN-SUFFIX,media-xyz.com
DOMAIN-SUFFIX,megafon.ru
DOMAIN-SUFFIX,megasoft-ltd.ru
DOMAIN-SUFFIX,megatimer.ru
DOMAIN-SUFFIX,megatransov.net
DOMAIN-SUFFIX,melbet.com
DOMAIN-SUFFIX,melbet.ru
DOMAIN-SUFFIX,melord.net
DOMAIN-SUFFIX,memealerts.com
DOMAIN-SUFFIX,mephi.ru
DOMAIN-SUFFIX,merionet.ru
DOMAIN-SUFFIX,merlnr.su
DOMAIN-SUFFIX,metanit.com
DOMAIN-SUFFIX,meteotrend.com
DOMAIN-SUFFIX,mgb-dnr.ru
DOMAIN-SUFFIX,mgbdnr.ru
DOMAIN-SUFFIX,mgblnr.org
DOMAIN-SUFFIX,mhdd.ru
DOMAIN-SUFFIX,miaistok.su
DOMAIN-SUFFIX,micro-solution.ru
DOMAIN-SUFFIX,micrus.ru
DOMAIN-SUFFIX,mid-dnr.su
DOMAIN-SUFFIX,mil-lnr.info
DOMAIN-SUFFIX,mil.ru
DOMAIN-SUFFIX,minfindnr.ru
DOMAIN-SUFFIX,minfinlnr.su
DOMAIN-SUFFIX,mininfodnr.ru
DOMAIN-SUFFIX,minjust-dnr.ru
DOMAIN-SUFFIX,minobr.su
DOMAIN-SUFFIX,minpromlnr.su
DOMAIN-SUFFIX,minstroy-dnr.ru
DOMAIN-SUFFIX,minstroylnr.su
DOMAIN-SUFFIX,mintek-dnr.ru
DOMAIN-SUFFIX,mintop.su
DOMAIN-SUFFIX,mintranslnr.su
DOMAIN-SUFFIX,mintrudlnr.su
DOMAIN-SUFFIX,mipt.ru
DOMAIN-SUFFIX,mir24.tv
DOMAIN-SUFFIX,miralinks.ru
DOMAIN-SUFFIX,miranda-ng.org
DOMAIN-SUFFIX,mirkosmosa.ru
DOMAIN-SUFFIX,mirplus.info
DOMAIN-SUFFIX,mirtesen.ru
DOMAIN-SUFFIX,mk-donbass.ru
DOMAIN-SUFFIX,mk-herson.ru
DOMAIN-SUFFIX,mk-zap.ru
DOMAIN-SUFFIX,mk.ru
DOMAIN-SUFFIX,mklnr.su
DOMAIN-SUFFIX,mmnt.ru
DOMAIN-SUFFIX,mobstudio.ru
DOMAIN-SUFFIX,mondnr.ru
DOMAIN-SUFFIX,money.ru
DOMAIN-SUFFIX,monitorlab.ru
DOMAIN-SUFFIX,monteon.ru
DOMAIN-SUFFIX,moonback.ru
DOMAIN-SUFFIX,moscowmedia.net
DOMAIN-SUFFIX,mosfm.com
DOMAIN-SUFFIX,mostbet.ru
DOMAIN-SUFFIX,moyaposylka.ru
DOMAIN-SUFFIX,mozaika.dn.ua
DOMAIN-SUFFIX,mprlnr.su
DOMAIN-SUFFIX,mpt-dnr.ru
DOMAIN-SUFFIX,mptdnr.ru
DOMAIN-SUFFIX,mrespublika.ru
DOMAIN-SUFFIX,msdnr.ru
DOMAIN-SUFFIX,mshiplnr.su
DOMAIN-SUFFIX,mskagency.ru
DOMAIN-SUFFIX,mslnr.su
DOMAIN-SUFFIX,msreview.net
DOMAIN-SUFFIX,mstcvfvcvb.com
DOMAIN-SUFFIX,mts.ru
DOMAIN-SUFFIX,mtspdnr.ru
DOMAIN-SUFFIX,mu-lnr.su
DOMAIN-SUFFIX,mulnr.su
DOMAIN-SUFFIX,mupo.ru
DOMAIN-SUFFIX,musicwars.ru
DOMAIN-SUFFIX,muz1.tv
DOMAIN-SUFFIX,mvd.ru
DOMAIN-SUFFIX,mvddnr.ru
DOMAIN-SUFFIX,mvdlnr.ru
DOMAIN-SUFFIX,my.games
DOMAIN-SUFFIX,myarena.ru
DOMAIN-SUFFIX,myarena.site
DOMAIN-SUFFIX,mybook.ru
DOMAIN-SUFFIX,myshows.me
DOMAIN-SUFFIX,myvi.tv
DOMAIN-SUFFIX,mzdnr.ru
DOMAIN-SUFFIX,mzlnr.su
DOMAIN-SUFFIX,n1casino.com
DOMAIN-SUFFIX,nabu-leaks.com
DOMAIN-SUFFIX,nabu-leaks.info
DOMAIN-SUFFIX,nabu-leaks.net
DOMAIN-SUFFIX,nabu-leaks.org
DOMAIN-SUFFIX,nag.ru
DOMAIN-SUFFIX,nag.wiki
DOMAIN-SUFFIX,nahnews.org
DOMAIN-SUFFIX,narfu.ru
DOMAIN-SUFFIX,narod.ru
DOMAIN-SUFFIX,narodmon.ru
DOMAIN-SUFFIX,narodnoeopolchenie.ru
DOMAIN-SUFFIX,nashagazeta.net
DOMAIN-SUFFIX,nashe.ru
DOMAIN-SUFFIX,nateks-don.ru
DOMAIN-SUFFIX,nateks-dv.ru
DOMAIN-SUFFIX,nateks-ural.ru
DOMAIN-SUFFIX,nateks-volga.ru
DOMAIN-SUFFIX,nateks.by
DOMAIN-SUFFIX,nateks.ru
DOMAIN-SUFFIX,nation-news.ru
DOMAIN-SUFFIX,navitel.ru
DOMAIN-SUFFIX,navitel.ua
DOMAIN-SUFFIX,neosvc.ru
DOMAIN-SUFFIX,net.ru
DOMAIN-SUFFIX,netology.ru
DOMAIN-SUFFIX,network-xyz.com
DOMAIN-SUFFIX,nevelend.ru
DOMAIN-SUFFIX,new-team.org
DOMAIN-SUFFIX,newinform.com
DOMAIN-SUFFIX,news-front.info
DOMAIN-SUFFIX,newsdnr.ru
DOMAIN-SUFFIX,newsua.ru
DOMAIN-SUFFIX,newxboxone.ru
DOMAIN-SUFFIX,ngs.ru
DOMAIN-SUFFIX,nihon-go.ru
DOMAIN-SUFFIX,nix.ru
DOMAIN-SUFFIX,nm-g.ru
DOMAIN-SUFFIX,nomadcasino.com
DOMAIN-SUFFIX,novopressa.ru
DOMAIN-SUFFIX,novorosinform.org
DOMAIN-SUFFIX,novoross.info
DOMAIN-SUFFIX,novorossia-tv.ru
DOMAIN-SUFFIX,novorossia.su
DOMAIN-SUFFIX,novorossia.today
DOMAIN-SUFFIX,novorossia.vision
DOMAIN-SUFFIX,novorossiatv.com
DOMAIN-SUFFIX,novosti.icu
DOMAIN-SUFFIX,npoiskra.ru
DOMAIN-SUFFIX,nsc.ru
DOMAIN-SUFFIX,nslnr.su
DOMAIN-SUFFIX,nt1941.su
DOMAIN-SUFFIX,nts-tv.com
DOMAIN-SUFFIX,ntv.ru
DOMAIN-SUFFIX,ntvplus.ru
DOMAIN-SUFFIX,ntvplus.tv
DOMAIN-SUFFIX,nuipogoda.ru
DOMAIN-SUFFIX,obu4alka.ru
DOMAIN-SUFFIX,oddr.info
DOMAIN-SUFFIX,odnarodyna.org
DOMAIN-SUFFIX,odsd.ru
DOMAIN-SUFFIX,og-ti.ru
DOMAIN-SUFFIX,ok-crimea.ru
DOMAIN-SUFFIX,ok.ru
DOMAIN-SUFFIX,okdk.ru
DOMAIN-SUFFIX,okkupatsiya.net
DOMAIN-SUFFIX,old-combats.com
DOMAIN-SUFFIX,old-games.ru
DOMAIN-SUFFIX,oldbk2.com
DOMAIN-SUFFIX,olimp.bet
DOMAIN-SUFFIX,ombudsmandnr.ru
DOMAIN-SUFFIX,onetrust.com
DOMAIN-SUFFIX,online-cloud.moscow
DOMAIN-SUFFIX,onlinezakladki.ru
DOMAIN-SUFFIX,onmedia.io
DOMAIN-SUFFIX,ontvtime.ru
DOMAIN-SUFFIX,opcrimea.ru
DOMAIN-SUFFIX,opennet.ru
DOMAIN-SUFFIX,oplot.tv
DOMAIN-SUFFIX,orderingmemory.com
DOMAIN-SUFFIX,osnova.io
DOMAIN-SUFFIX,osu.ru
DOMAIN-SUFFIX,otchet-online.ru
DOMAIN-SUFFIX,otr-online.ru
DOMAIN-SUFFIX,ott-play.com
DOMAIN-SUFFIX,ottg.tv
DOMAIN-SUFFIX,ottglanz.tv
DOMAIN-SUFFIX,ottplay.com
DOMAIN-SUFFIX,otus.ru
DOMAIN-SUFFIX,outsidethebox.ms
DOMAIN-SUFFIX,overclockers.ru
DOMAIN-SUFFIX,owebmoney.ru
DOMAIN-SUFFIX,oxy.cloud
DOMAIN-SUFFIX,oxy.st
DOMAIN-SUFFIX,ozon.ru
DOMAIN-SUFFIX,p-on.ru
DOMAIN-SUFFIX,paradisecasino.com
DOMAIN-SUFFIX,paribet.ru
DOMAIN-SUFFIX,parimatch.com
DOMAIN-SUFFIX,parimatch.foundation
DOMAIN-SUFFIX,parimatch.net
DOMAIN-SUFFIX,parimatch.ua
DOMAIN-SUFFIX,partycasino.com
DOMAIN-SUFFIX,partypoker.com
DOMAIN-SUFFIX,pascalabc.net
DOMAIN-SUFFIX,pathofexile.com
DOMAIN-SUFFIX,patreon.com
DOMAIN-SUFFIX,patriarchia.ru
DOMAIN-SUFFIX,paymaster.ru
DOMAIN-SUFFIX,paymaster.ua
DOMAIN-SUFFIX,paystree.com
DOMAIN-SUFFIX,peertube.su
DOMAIN-SUFFIX,perviynomer.ru
DOMAIN-SUFFIX,pervomaysklnr.su
DOMAIN-SUFFIX,pflnr.su
DOMAIN-SUFFIX,phoenix-dnr.ru
DOMAIN-SUFFIX,php.ru
DOMAIN-SUFFIX,pikabu.ru
DOMAIN-SUFFIX,pikinform.ru
DOMAIN-SUFFIX,pikuco.ru
DOMAIN-SUFFIX,pingvinus.ru
DOMAIN-SUFFIX,pinnacle.com
DOMAIN-SUFFIX,pksspb.ru
DOMAIN-SUFFIX,pl.com.ua
DOMAIN-SUFFIX,planetaexcel.ru
DOMAIN-SUFFIX,playground.ru
DOMAIN-SUFFIX,pluggedin.ru
DOMAIN-SUFFIX,pm.ua
DOMAIN-SUFFIX,pobeda.tv
DOMAIN-SUFFIX,pocketbook.digital
DOMAIN-SUFFIX,poehali.tv
DOMAIN-SUFFIX,poig.ru
DOMAIN-SUFFIX,pokermatch.com
DOMAIN-SUFFIX,pokermatch.ua
DOMAIN-SUFFIX,politexpert.net
DOMAIN-SUFFIX,politnavigator.net
DOMAIN-SUFFIX,politros.com
DOMAIN-SUFFIX,poolbet.ru
DOMAIN-SUFFIX,pooshock.ru
DOMAIN-SUFFIX,pornreactor.cc
DOMAIN-SUFFIX,postdonbass.com
DOMAIN-SUFFIX,poweruser.guru
DOMAIN-SUFFIX,pozdravik.ru
DOMAIN-SUFFIX,poznet.ru
DOMAIN-SUFFIX,ppcrimea.ru
DOMAIN-SUFFIX,pravdabeslana.ru
DOMAIN-SUFFIX,pravdnr.ru
DOMAIN-SUFFIX,premier.one
DOMAIN-SUFFIX,premium.tv
DOMAIN-SUFFIX,pressa.ru
DOMAIN-SUFFIX,prikolnik.com
DOMAIN-SUFFIX,primedice.com
DOMAIN-SUFFIX,probki.net
DOMAIN-SUFFIX,prodonbass.ru
DOMAIN-SUFFIX,productstar.ru
DOMAIN-SUFFIX,proglib.io
DOMAIN-SUFFIX,prolaz.su
DOMAIN-SUFFIX,promedia.ru
DOMAIN-SUFFIX,promodj.com
DOMAIN-SUFFIX,psxplanet.ru
DOMAIN-SUFFIX,ptspb.ru
DOMAIN-SUFFIX,pyatilistnik.org
DOMAIN-SUFFIX,qiwi.com
DOMAIN-SUFFIX,qiwi.kz
DOMAIN-SUFFIX,qiwi.me
DOMAIN-SUFFIX,qiwi.ua
DOMAIN-SUFFIX,qiwiguide.ru
DOMAIN-SUFFIX,qiwitrue.dev
DOMAIN-SUFFIX,qrz.ru
DOMAIN-SUFFIX,rabotavtaxi.pro
DOMAIN-SUFFIX,radcap.ru
DOMAIN-SUFFIX,radio.ru
DOMAIN-SUFFIX,radiokot.ru
DOMAIN-SUFFIX,radiomoskvy.ru
DOMAIN-SUFFIX,radiopotok.ru
DOMAIN-SUFFIX,radiorecord.ru
DOMAIN-SUFFIX,radioscanner.net
DOMAIN-SUFFIX,radioscanner.ru
DOMAIN-SUFFIX,radiovera.ru
DOMAIN-SUFFIX,radiozvezda.ru
DOMAIN-SUFFIX,rambler.ru
DOMAIN-SUFFIX,rbc.ru
DOMAIN-SUFFIX,rcz-dnr.ru
DOMAIN-SUFFIX,redkings.com
DOMAIN-SUFFIX,redray-lnr-news.su
DOMAIN-SUFFIX,redstarcasino20.eu
DOMAIN-SUFFIX,reg.ru
DOMAIN-SUFFIX,remont-aud.net
DOMAIN-SUFFIX,remontcompa.ru
DOMAIN-SUFFIX,remontka.pro
DOMAIN-SUFFIX,remplanner.ru
DOMAIN-SUFFIX,ren.tv
DOMAIN-SUFFIX,reporter-crimea.ru
DOMAIN-SUFFIX,republic-tv.ru
DOMAIN-SUFFIX,rezka.ag
DOMAIN-SUFFIX,rf-cheats.ru
DOMAIN-SUFFIX,rfn.ru
DOMAIN-SUFFIX,ria.ru
DOMAIN-SUFFIX,riafan.ru
DOMAIN-SUFFIX,rian.com.ua
DOMAIN-SUFFIX,rian.ru
DOMAIN-SUFFIX,rinoptica.ru
DOMAIN-SUFFIX,riperam.org
DOMAIN-SUFFIX,ritualdnr.ru
DOMAIN-SUFFIX,rknpa.ru
DOMAIN-SUFFIX,rkproc.ru
DOMAIN-SUFFIX,rmnews.ru
DOMAIN-SUFFIX,rncb.ru
DOMAIN-SUFFIX,rock-n-roll.ru
DOMAIN-SUFFIX,rolz.org
DOMAIN-SUFFIX,rospotrebnadzor.ru
DOMAIN-SUFFIX,roszdravnadzor.ru
DOMAIN-SUFFIX,rov-adm.su
DOMAIN-SUFFIX,rp-universe.ru
DOMAIN-SUFFIX,rp24.info
DOMAIN-SUFFIX,rp5.ru
DOMAIN-SUFFIX,rsload.net
DOMAIN-SUFFIX,rsload.ru
DOMAIN-SUFFIX,rst-dnr.ru
DOMAIN-SUFFIX,rt.com
DOMAIN-SUFFIX,rt.ru
DOMAIN-SUFFIX,rtcomm.ru
DOMAIN-SUFFIX,rtfm.wiki
DOMAIN-SUFFIX,rtr-planeta.com
DOMAIN-SUFFIX,ru.com
DOMAIN-SUFFIX,rucomics.info
DOMAIN-SUFFIX,rumedia24.com
DOMAIN-SUFFIX,rus-linux.net
DOMAIN-SUFFIX,ruscrimea.ru
DOMAIN-SUFFIX,rusdialog.ru
DOMAIN-SUFFIX,rusf.ru
DOMAIN-SUFFIX,rusmatica.org
DOMAIN-SUFFIX,rusnext.ru
DOMAIN-SUFFIX,russia.tv
DOMAIN-SUFFIX,russian-center.ru
DOMAIN-SUFFIX,rusvesna.su
DOMAIN-SUFFIX,rutab.net
DOMAIN-SUFFIX,rutor.info
DOMAIN-SUFFIX,rutrk.org
DOMAIN-SUFFIX,rutube.ru
DOMAIN-SUFFIX,rutubelist.ru
DOMAIN-SUFFIX,ruvoip.net
DOMAIN-SUFFIX,ruweb.net
DOMAIN-SUFFIX,ruxpert.ru
DOMAIN-SUFFIX,rv77.pw
DOMAIN-SUFFIX,rzd.ru
DOMAIN-SUFFIX,s8.capital
DOMAIN-SUFFIX,sadmin.io
DOMAIN-SUFFIX,sampo.ru
DOMAIN-SUFFIX,sape.ru
DOMAIN-SUFFIX,sberbank.ru
DOMAIN-SUFFIX,sc2tv.ru
DOMAIN-SUFFIX,scanmatik.ru
DOMAIN-SUFFIX,sceptic.online
DOMAIN-SUFFIX,school-xyz.com
DOMAIN-SUFFIX,seasonvar.ru
DOMAIN-SUFFIX,secretra.com
DOMAIN-SUFFIX,segodnya.tv
DOMAIN-SUFFIX,selectel.org
DOMAIN-SUFFIX,sendfile.su
DOMAIN-SUFFIX,sendsay.ru
DOMAIN-SUFFIX,sergeistrelec.ru
DOMAIN-SUFFIX,servebeer.com
DOMAIN-SUFFIX,serveradmin.ru
DOMAIN-SUFFIX,sev.tv
DOMAIN-SUFFIX,sevastopol.press
DOMAIN-SUFFIX,sf.education
DOMAIN-SUFFIX,shahtersk.org
DOMAIN-SUFFIX,shareman.tv
DOMAIN-SUFFIX,sharij.com.ua
DOMAIN-SUFFIX,sharij.net
DOMAIN-SUFFIX,sharij.online
DOMAIN-SUFFIX,showgogo.ru
DOMAIN-SUFFIX,showip.net
DOMAIN-SUFFIX,sibnet.ru
DOMAIN-SUFFIX,simadm.ru
DOMAIN-SUFFIX,simsync.io
DOMAIN-SUFFIX,sipnet.ru
DOMAIN-SUFFIX,skgazeta.su
DOMAIN-SUFFIX,skillbox.ru
DOMAIN-SUFFIX,skillfactory.ru
DOMAIN-SUFFIX,skladchik.com
DOMAIN-SUFFIX,skladchik.org
DOMAIN-SUFFIX,sky.pro
DOMAIN-SUFFIX,skyeng.com.ua
DOMAIN-SUFFIX,skyeng.in.ua
DOMAIN-SUFFIX,skyeng.ru
DOMAIN-SUFFIX,skysmart.ru
DOMAIN-SUFFIX,slavasev.ru
DOMAIN-SUFFIX,slavlnr.su
DOMAIN-SUFFIX,slavvesti.su
DOMAIN-SUFFIX,sledcom.ru
DOMAIN-SUFFIX,slimboxtv.ru
DOMAIN-SUFFIX,slo.ru
DOMAIN-SUFFIX,slovodel.com
DOMAIN-SUFFIX,slurm.io
DOMAIN-SUFFIX,smartwm.ru
DOMAIN-SUFFIX,smdnr.ru
DOMAIN-SUFFIX,smi2.ru
DOMAIN-SUFFIX,smotrim.ru
DOMAIN-SUFFIX,smtu.ru
DOMAIN-SUFFIX,soap4youand.me
DOMAIN-SUFFIX,sobranie-casino.com
DOMAIN-SUFFIX,soft-navigator.ru
DOMAIN-SUFFIX,sources.ru
DOMAIN-SUFFIX,sovminlnr.ru
DOMAIN-SUFFIX,sovminlnr.su
DOMAIN-SUFFIX,sp-rc.ru
DOMAIN-SUFFIX,spb.ru
DOMAIN-SUFFIX,spbstu.ru
DOMAIN-SUFFIX,speedfans.ru
DOMAIN-SUFFIX,spletnik.ru
DOMAIN-SUFFIX,sportloto.ru
DOMAIN-SUFFIX,sputnikimages.com
DOMAIN-SUFFIX,sputniknews.com
DOMAIN-SUFFIX,stakhanov.su
DOMAIN-SUFFIX,star-bet.ru
DOMAIN-SUFFIX,starkgames.app
DOMAIN-SUFFIX,starline-online.ru
DOMAIN-SUFFIX,starline.ru
DOMAIN-SUFFIX,starobeshevo.ru
DOMAIN-SUFFIX,start.ru
DOMAIN-SUFFIX,startallback.com
DOMAIN-SUFFIX,stepik.org
DOMAIN-SUFFIX,stitch.su
DOMAIN-SUFFIX,stnmoscow.ru
DOMAIN-SUFFIX,stoletie.ru
DOMAIN-SUFFIX,strana.digital
DOMAIN-SUFFIX,strana.news
DOMAIN-SUFFIX,strana.one
DOMAIN-SUFFIX,strana.today
DOMAIN-SUFFIX,strana.ua
DOMAIN-SUFFIX,strava.com
DOMAIN-SUFFIX,stv92.ru
DOMAIN-SUFFIX,sudrf.ru
DOMAIN-SUFFIX,supcourt-dpr.su
DOMAIN-SUFFIX,svetovik.info
DOMAIN-SUFFIX,svk-portal.su
DOMAIN-SUFFIX,svpressa.ru
DOMAIN-SUFFIX,swiftbook.ru
DOMAIN-SUFFIX,synapse-pe.ru
DOMAIN-SUFFIX,synthema.ru
DOMAIN-SUFFIX,sysadmins.ru
DOMAIN-SUFFIX,szstakhanov.su
DOMAIN-SUFFIX,tabor.ru
DOMAIN-SUFFIX,tadiphone.dev
DOMAIN-SUFFIX,tanki.su
DOMAIN-SUFFIX,tanksblitz.ru
DOMAIN-SUFFIX,tarakanov.net
DOMAIN-SUFFIX,tass.ru
DOMAIN-SUFFIX,taxi-yandex.com.ua
DOMAIN-SUFFIX,taxi-yandex.kiev.ua
DOMAIN-SUFFIX,tcpu.ru
DOMAIN-SUFFIX,team-host.ru
DOMAIN-SUFFIX,techberg.ru
DOMAIN-SUFFIX,tehnichka.pro
DOMAIN-SUFFIX,telecafe.ru
DOMAIN-SUFFIX,telecomsite.ru
DOMAIN-SUFFIX,telekanal-oplot.tv
DOMAIN-SUFFIX,telesputnik.ru
DOMAIN-SUFFIX,teletarget.ru
DOMAIN-SUFFIX,televid-sib.ru
DOMAIN-SUFFIX,telmanovo-dnr.ru
DOMAIN-SUFFIX,tennisi.bet
DOMAIN-SUFFIX,textologia.ru
DOMAIN-SUFFIX,teyes.cn
DOMAIN-SUFFIX,teyes.ru
DOMAIN-SUFFIX,tfomsrk.ru
DOMAIN-SUFFIX,thg.ru
DOMAIN-SUFFIX,tidal.com
DOMAIN-SUFFIX,tiflo.info
DOMAIN-SUFFIX,tinkoff.ru
DOMAIN-SUFFIX,tjournal.ru
DOMAIN-SUFFIX,tk-union.tv
DOMAIN-SUFFIX,tnt-online.ru
DOMAIN-SUFFIX,tochka.com
DOMAIN-SUFFIX,top-academy.ru
DOMAIN-SUFFIX,topface.com
DOMAIN-SUFFIX,topiptv.info
DOMAIN-SUFFIX,topvisor.com
DOMAIN-SUFFIX,torez24.ru
DOMAIN-SUFFIX,tortuga.club
DOMAIN-SUFFIX,tppdnr.ru
DOMAIN-SUFFIX,tpu.ru
DOMAIN-SUFFIX,trakrd.ru
DOMAIN-SUFFIX,trashbox.ru
DOMAIN-SUFFIX,treeone.ru
DOMAIN-SUFFIX,tribuna.com
DOMAIN-SUFFIX,trkmillet.ru
DOMAIN-SUFFIX,trudgor.su
DOMAIN-SUFFIX,trudslava.su
DOMAIN-SUFFIX,tsiklnr.su
DOMAIN-SUFFIX,tunecom.ru
DOMAIN-SUFFIX,tuyahome.online
DOMAIN-SUFFIX,tvc.ru
DOMAIN-SUFFIX,tvkultura.ru
DOMAIN-SUFFIX,tvlider.net
DOMAIN-SUFFIX,tvoetv.in.ua
DOMAIN-SUFFIX,tvzvezda.ru
DOMAIN-SUFFIX,twicker.ru
DOMAIN-SUFFIX,tyuiu.ru
DOMAIN-SUFFIX,ucoz.org
DOMAIN-SUFFIX,ucoz.ru
DOMAIN-SUFFIX,ugletele.com
DOMAIN-SUFFIX,ukraina.ru
DOMAIN-SUFFIX,ukraine.ru
DOMAIN-SUFFIX,ukrgarant.com
DOMAIN-SUFFIX,ulstu.ru
DOMAIN-SUFFIX,umi.ru
DOMAIN-SUFFIX,ural.ru
DOMAIN-SUFFIX,uraltm08.ru
DOMAIN-SUFFIX,urtaev.com
DOMAIN-SUFFIX,usbdev.ru
DOMAIN-SUFFIX,usbtor.ru
DOMAIN-SUFFIX,uscrimea.ru
DOMAIN-SUFFIX,userapi.com
DOMAIN-SUFFIX,utmn.ru
DOMAIN-SUFFIX,utro.ru
DOMAIN-SUFFIX,uzhhorod.today
DOMAIN-SUFFIX,vc.ru
DOMAIN-SUFFIX,vedomosti.ru
DOMAIN-SUFFIX,veesp.com
DOMAIN-SUFFIX,vegalab.ru
DOMAIN-SUFFIX,veraifoma.ru
DOMAIN-SUFFIX,versia.ru
DOMAIN-SUFFIX,veseloeradio.ru
DOMAIN-SUFFIX,vesti-k.ru
DOMAIN-SUFFIX,vesti.ru
DOMAIN-SUFFIX,vesti92.ru
DOMAIN-SUFFIX,vgl-sport.ru
DOMAIN-SUFFIX,vgtrk.com
DOMAIN-SUFFIX,vipdrive.net
DOMAIN-SUFFIX,viqeo.tv
DOMAIN-SUFFIX,virtustec.ru
DOMAIN-SUFFIX,visionbot.ru
DOMAIN-SUFFIX,visions.ru
DOMAIN-SUFFIX,vitrina.tv
DOMAIN-SUFFIX,vk-apps.com
DOMAIN-SUFFIX,vk.com
DOMAIN-SUFFIX,vkforms.ru
DOMAIN-SUFFIX,vkopt.net
DOMAIN-SUFFIX,vkplay.live
DOMAIN-SUFFIX,vladimirmalikov.com
DOMAIN-SUFFIX,vmakeevke.com
DOMAIN-SUFFIX,vniioeng.ru
DOMAIN-SUFFIX,vodadonbassa.ru
DOMAIN-SUFFIX,voenmeh.ru
DOMAIN-SUFFIX,voice-server.ru
DOMAIN-SUFFIX,voicesevas.ru
DOMAIN-SUFFIX,voidboost.cc
DOMAIN-SUFFIX,voidboost.in
DOMAIN-SUFFIX,voloshyna.org.ua
DOMAIN-SUFFIX,voltbet.ru
DOMAIN-SUFFIX,voskhodinfo.su
DOMAIN-SUFFIX,vperedlnr.su
DOMAIN-SUFFIX,vremya.tv
DOMAIN-SUFFIX,vsednr.ru
DOMAIN-SUFFIX,vz.ru
DOMAIN-SUFFIX,walletone.com
DOMAIN-SUFFIX,wasd.tv
DOMAIN-SUFFIX,web-moneta.com
DOMAIN-SUFFIX,web-money.ru
DOMAIN-SUFFIX,webhamster.ru
DOMAIN-SUFFIX,webmoney-keeper.ru
DOMAIN-SUFFIX,webmoney.by
DOMAIN-SUFFIX,webmoney.com
DOMAIN-SUFFIX,webmoney.com.ua
DOMAIN-SUFFIX,webmoney.ru
DOMAIN-SUFFIX,webmoney.ua
DOMAIN-SUFFIX,webos-forums.ru
DOMAIN-SUFFIX,whitesaas.com
DOMAIN-SUFFIX,wiki93.ru
DOMAIN-SUFFIX,wikimapia.org
DOMAIN-SUFFIX,wildberries.am
DOMAIN-SUFFIX,wildberries.by
DOMAIN-SUFFIX,wildberries.eu
DOMAIN-SUFFIX,wildberries.kg
DOMAIN-SUFFIX,wildberries.kz
DOMAIN-SUFFIX,wildberries.ru
DOMAIN-SUFFIX,wildberries.ua
DOMAIN-SUFFIX,win-torrent.net
DOMAIN-SUFFIX,win10tweaker.ru
DOMAIN-SUFFIX,winitpro.ru
DOMAIN-SUFFIX,winline.ru
DOMAIN-SUFFIX,wm-factor.com.ua
DOMAIN-SUFFIX,wmchanger.com
DOMAIN-SUFFIX,wmeuro.eu
DOMAIN-SUFFIX,wmid.com
DOMAIN-SUFFIX,wmsite.ru
DOMAIN-SUFFIX,wmtransfer.com
DOMAIN-SUFFIX,wmx.ru
DOMAIN-SUFFIX,wod.su
DOMAIN-SUFFIX,wooordhunt.ru
DOMAIN-SUFFIX,world-evolved.ru
DOMAIN-SUFFIX,worldcrisis.ru
DOMAIN-SUFFIX,worldoftanks.net
DOMAIN-SUFFIX,worldpress.com
DOMAIN-SUFFIX,wotspeak.ru
DOMAIN-SUFFIX,wtftime.ru
DOMAIN-SUFFIX,x-bet.co
DOMAIN-SUFFIX,xchess.ru
DOMAIN-SUFFIX,xn--80ahqgjaddr.xn--p1ai
DOMAIN-SUFFIX,xn--c1acbl2abdlkab1og.xn--p1ai
DOMAIN-SUFFIX,xn--h1aheeehel.xn--p1acf
DOMAIN-SUFFIX,xxiveklnr.su
DOMAIN-SUFFIX,ya.com
DOMAIN-SUFFIX,ya.ru
DOMAIN-SUFFIX,yadro.ru
DOMAIN-SUFFIX,yalta-tv.ru
DOMAIN-SUFFIX,yaltatv.ru
DOMAIN-SUFFIX,yandex-taxi.com.ua
DOMAIN-SUFFIX,yandex.com
DOMAIN-SUFFIX,yandex.net
DOMAIN-SUFFIX,yandex.ru
DOMAIN-SUFFIX,yandex.ua
DOMAIN-SUFFIX,yandexcloud.net
DOMAIN-SUFFIX,yandexdatafactory.com
DOMAIN-SUFFIX,yandextaksiua.com.ua
DOMAIN-SUFFIX,yandextaxi.com.ua
DOMAIN-SUFFIX,yandextaxi.kiev.ua
DOMAIN-SUFFIX,yasispolkom.ru
DOMAIN-SUFFIX,yataxi.com.ua
DOMAIN-SUFFIX,yataxi.net
DOMAIN-SUFFIX,yoobusiness.ru
DOMAIN-SUFFIX,yookassa.ru
DOMAIN-SUFFIX,yoomoney.ru
DOMAIN-SUFFIX,yoomoney.uk
DOMAIN-SUFFIX,yoomoney.website
DOMAIN-SUFFIX,youmoney.ru
DOMAIN-SUFFIX,yourok.ru
DOMAIN-SUFFIX,ytro.news
DOMAIN-SUFFIX,yumoney.ru
DOMAIN-SUFFIX,z-oleg.com
DOMAIN-SUFFIX,zaborona.help
DOMAIN-SUFFIX,zavtra.ru
DOMAIN-SUFFIX,zaycev.net
DOMAIN-SUFFIX,zedom.net
DOMAIN-SUFFIX,zenit.win
DOMAIN-SUFFIX,zenmoney.ru
DOMAIN-SUFFIX,zenon.net
DOMAIN-SUFFIX,zerocoder.ru
DOMAIN-SUFFIX,zhdanovka.com
DOMAIN-SUFFIX,zilore.com
DOMAIN-SUFFIX,zoneofgames.ru
