ipset=/101.ru/vpn_domains
ipset=/16-bits.ru/vpn_domains
ipset=/1c-umi.ru/vpn_domains
ipset=/1cent.in/vpn_domains
ipset=/1cent.tv/vpn_domains
ipset=/1cupis.ru/vpn_domains
ipset=/1internet.tv/vpn_domains
ipset=/1prime.ru/vpn_domains
ipset=/1rsload.ru/vpn_domains
ipset=/1tv.com/vpn_domains
ipset=/1tv.ru/vpn_domains
ipset=/1tvcrimea.ru/vpn_domains
ipset=/1x-bet.com/vpn_domains
ipset=/1xbet.com/vpn_domains
ipset=/1xslots-online.com/vpn_domains
ipset=/1xstavka.ru/vpn_domains
ipset=/21casino.com/vpn_domains
ipset=/22bet.com/vpn_domains
ipset=/24kcasino.com/vpn_domains
ipset=/288sb.com/vpn_domains
ipset=/2gis.ru/vpn_domains
ipset=/2gis.ua/vpn_domains
ipset=/2kita.com/vpn_domains
ipset=/2whois.ru/vpn_domains
ipset=/3dn.ru/vpn_domains
ipset=/3dnews.ru/vpn_domains
ipset=/3dtoday.ru/vpn_domains
ipset=/4brain.ru/vpn_domains
ipset=/5-tv.ru/vpn_domains
ipset=/777.com/vpn_domains
ipset=/7themes.su/vpn_domains
ipset=/888.ru/vpn_domains
ipset=/9111s.ru/vpn_domains
ipset=/9649.ru/vpn_domains
ipset=/abet.ru/vpn_domains
ipset=/academyit.ru/vpn_domains
ipset=/achtungpartisanen.ru/vpn_domains
ipset=/adacoins.ru/vpn_domains
ipset=/admin-gorlovka.ru/vpn_domains
ipset=/ag.ru/vpn_domains
ipset=/agklnr.su/vpn_domains
ipset=/agoravox.tv/vpn_domains
ipset=/aif.ru/vpn_domains
ipset=/aladdin-rd.ru/vpn_domains
ipset=/alchevsk.su/vpn_domains
ipset=/alfabank.ru/vpn_domains
ipset=/algoritmika.org/vpn_domains
ipset=/aliexpress.ru/vpn_domains
ipset=/allcrimea.net/vpn_domains
ipset=/altaipalace.net/vpn_domains
ipset=/amalgama-lab.com/vpn_domains
ipset=/amediateka.ru/vpn_domains
ipset=/amlgames.com/vpn_domains
ipset=/amocrm.ru/vpn_domains
ipset=/aniqit.com/vpn_domains
ipset=/anna-news.info/vpn_domains
ipset=/anomaly-zone.net/vpn_domains
ipset=/anomaly-zone.ru/vpn_domains
ipset=/antifashist.com/vpn_domains
ipset=/antifriz.tv/vpn_domains
ipset=/antimaydan.info/vpn_domains
ipset=/antispamsniper.com/vpn_domains
ipset=/antistarforce.com/vpn_domains
ipset=/antr-adm.ru/vpn_domains
ipset=/antratsit.su/vpn_domains
ipset=/apptractor.ru/vpn_domains
ipset=/aprlnr.su/vpn_domains
ipset=/arbitr.ru/vpn_domains
ipset=/argocasino50.com/vpn_domains
ipset=/armgov.ru/vpn_domains
ipset=/artmoney.ru/vpn_domains
ipset=/artpeople.ru/vpn_domains
ipset=/artv-news.ru/vpn_domains
ipset=/ascnb1.ru/vpn_domains
ipset=/asd.news/vpn_domains
ipset=/asketlnr.su/vpn_domains
ipset=/asp24.ru/vpn_domains
ipset=/asssr.info/vpn_domains
ipset=/astrabet.ru/vpn_domains
ipset=/atraining.ru/vpn_domains
ipset=/au-donetsk.ru/vpn_domains
ipset=/auto.ru/vpn_domains
ipset=/autobook.one/vpn_domains
ipset=/avtopribor.ru/vpn_domains
ipset=/bafista.ru/vpn_domains
ipset=/baltbet.ru/vpn_domains
ipset=/bdocodex.com/vpn_domains
ipset=/beeline.ru/vpn_domains
ipset=/begemot.media/vpn_domains
ipset=/beget.com/vpn_domains
ipset=/bet365.com/vpn_domains
ipset=/bet365.ru/vpn_domains
ipset=/betboom.ru/vpn_domains
ipset=/betchain.com/vpn_domains
ipset=/betchplp.xyz/vpn_domains
ipset=/betcity.ru/vpn_domains
ipset=/bethesda.net/vpn_domains
ipset=/betring.org/vpn_domains
ipset=/bettery.ru/vpn_domains
ipset=/betwinner.com/vpn_domains
ipset=/bg14.org/vpn_domains
ipset=/bigsv.ru/vpn_domains
ipset=/billingtv.net/vpn_domains
ipset=/bitasproductions.ru/vpn_domains
ipset=/bitcoincasino.us/vpn_domains
ipset=/bitrix24.site/vpn_domains
ipset=/biz.ua/vpn_domains
ipset=/bizdnr.ru/vpn_domains
ipset=/bizon365.ru/vpn_domains
ipset=/blast.hk/vpn_domains
ipset=/blogspot.com/vpn_domains
ipset=/bloknot.ru/vpn_domains
ipset=/blynk.tk/vpn_domains
ipset=/bmpvsu.ru/vpn_domains
ipset=/bober-tv.ru/vpn_domains
ipset=/bober.ru/vpn_domains
ipset=/bookmate.com/vpn_domains
ipset=/boosty.to/vpn_domains
ipset=/britannia-kaliningrad.ru/vpn_domains
ipset=/brunoyam.com/vpn_domains
ipset=/bryanka.su/vpn_domains
ipset=/burda.ru/vpn_domains
ipset=/bwin.ru/vpn_domains
ipset=/c-eho.info/vpn_domains
ipset=/c-inform.info/vpn_domains
ipset=/c-pravda.ru/vpn_domains
ipset=/cackle.me/vpn_domains
ipset=/calend.ru/vpn_domains
ipset=/cambridgecentre.ru/vpn_domains
ipset=/capitalfm.moscow/vpn_domains
ipset=/capitaller.ru/vpn_domains
ipset=/cardsharingserver.tv/vpn_domains
ipset=/casinotoken.com/vpn_domains
ipset=/cbilling.biz/vpn_domains
ipset=/cbilling.in/vpn_domains
ipset=/cbilling.pw/vpn_domains
ipset=/cbillingtv.net/vpn_domains
ipset=/cdn.tf/vpn_domains
ipset=/cdnbunny.org/vpn_domains
ipset=/cdnland.in/vpn_domains
ipset=/cdnvideo.ru/vpn_domains
ipset=/changamireltd.com/vpn_domains
ipset=/chat.ru/vpn_domains
ipset=/chipmaker.ru/vpn_domains
ipset=/chto-eto-takoe.ru/vpn_domains
ipset=/cikdnr.su/vpn_domains
ipset=/click.ru/vpn_domains
ipset=/cloudbet.com/vpn_domains
ipset=/club443.ru/vpn_domains
ipset=/clubpixel.ru/vpn_domains
ipset=/cmh.ru/vpn_domains
ipset=/cnews.ru/vpn_domains
ipset=/coddyschool.com/vpn_domains
ipset=/codenet.ru/vpn_domains
ipset=/college.ru/vpn_domains
ipset=/com.ru/vpn_domains
ipset=/combot.org/vpn_domains
ipset=/comitet.su/vpn_domains
ipset=/consoleclub.fun/vpn_domains
ipset=/cont.ws/vpn_domains
ipset=/contactpay.com/vpn_domains
ipset=/conversmod.ru/vpn_domains
ipset=/core.tf/vpn_domains
ipset=/coub.com/vpn_domains
ipset=/cqham.ru/vpn_domains
ipset=/crb-dnr.ru/vpn_domains
ipset=/crimea-news.com/vpn_domains
ipset=/crimea-radio.ru/vpn_domains
ipset=/crimea.com/vpn_domains
ipset=/crimea24.tv/vpn_domains
ipset=/crimea24tv.ru/vpn_domains
ipset=/crimeapress.info/vpn_domains
ipset=/css-ms.ru/vpn_domains
ipset=/ctrana.news/vpn_domains
ipset=/cwer.ru/vpn_domains
ipset=/cwer.su/vpn_domains
ipset=/cwer.ws/vpn_domains
ipset=/cyberforum.ru/vpn_domains
ipset=/d3-28.ru/vpn_domains
ipset=/d4reflection.org/vpn_domains
ipset=/dan-news.info/vpn_domains
ipset=/darkside.ru/vpn_domains
ipset=/datadome.co/vpn_domains
ipset=/datalock.ru/vpn_domains
ipset=/debalcevo-dnr.ru/vpn_domains
ipset=/denis-pushilin.info/vpn_domains
ipset=/denis-pushilin.ru/vpn_domains
ipset=/depirf.ru/vpn_domains
ipset=/des-life.ru/vpn_domains
ipset=/deviantart.net/vpn_domains
ipset=/digitalrussia.tv/vpn_domains
ipset=/dimonvideo.ru/vpn_domains
ipset=/djankoiadm.ru/vpn_domains
ipset=/dlink.ru/vpn_domains
ipset=/dmde.ru/vpn_domains
ipset=/dmkos.ru/vpn_domains
ipset=/dnd.su/vpn_domains
ipset=/dnipress.com/vpn_domains
ipset=/dnmchs.ru/vpn_domains
ipset=/dnr-hotline.ru/vpn_domains
ipset=/dnr-life.ru/vpn_domains
ipset=/dnr-live.ru/vpn_domains
ipset=/dnr-news.com/vpn_domains
ipset=/dnr-online.ru/vpn_domains
ipset=/dnr-pravda.ru/vpn_domains
ipset=/dnr24.com/vpn_domains
ipset=/dnr24.su/vpn_domains
ipset=/dnrailway.ru/vpn_domains
ipset=/dnronlane.su/vpn_domains
ipset=/dnrsovet.su/vpn_domains
ipset=/dns-shop.ru/vpn_domains
ipset=/do-mein.ru/vpn_domains
ipset=/domkino-premium.tv/vpn_domains
ipset=/domkino.tv/vpn_domains
ipset=/domkinopremium.tv/vpn_domains
ipset=/dommintrans.ru/vpn_domains
ipset=/donationalerts.com/vpn_domains
ipset=/donbass-insider.com/vpn_domains
ipset=/donbass.media/vpn_domains
ipset=/donbasstoday.ru/vpn_domains
ipset=/doncsm.ru/vpn_domains
ipset=/doneast.su/vpn_domains
ipset=/donetsk-france.org/vpn_domains
ipset=/donmarkets.ru/vpn_domains
ipset=/donmintrans.ru/vpn_domains
ipset=/donnu.ru/vpn_domains
ipset=/dontimes.ru/vpn_domains
ipset=/doverie-tv.ru/vpn_domains
ipset=/drive2.ru/vpn_domains
ipset=/driver.ru/vpn_domains
ipset=/droider.ru/vpn_domains
ipset=/dropmefiles.com/vpn_domains
ipset=/drweb.com/vpn_domains
ipset=/drweb.ru/vpn_domains
ipset=/dtf.ru/vpn_domains
ipset=/dvhab.ru/vpn_domains
ipset=/dzen.ru/vpn_domains
ipset=/e-hentai.org/vpn_domains
ipset=/e-news.su/vpn_domains
ipset=/e1.ru/vpn_domains
ipset=/easynod.ru/vpn_domains
ipset=/econri.org/vpn_domains
ipset=/edem.tv/vpn_domains
ipset=/edemtv.me/vpn_domains
ipset=/eduson.academy/vpn_domains
ipset=/elcats.ru/vpn_domains
ipset=/electrotransport.ru/vpn_domains
ipset=/elementy.ru/vpn_domains
ipset=/elibrary.ru/vpn_domains
ipset=/eljur.ru/vpn_domains
ipset=/elmi.ua/vpn_domains
ipset=/enakievo.org/vpn_domains
ipset=/enigma.ua/vpn_domains
ipset=/entware.net/vpn_domains
ipset=/eramedia.com.ua/vpn_domains
ipset=/esp8266.ru/vpn_domains
ipset=/esputnik.com/vpn_domains
ipset=/etu.ru/vpn_domains
ipset=/europaplus.ru/vpn_domains
ipset=/euslot.com/vpn_domains
ipset=/excelworld.ru/vpn_domains
ipset=/exchanger.money/vpn_domains
ipset=/exchanger.ru/vpn_domains
ipset=/exesniper.com/vpn_domains
ipset=/exist.parts/vpn_domains
ipset=/f1news.ru/vpn_domains
ipset=/fanfics.me/vpn_domains
ipset=/fansubs.ru/vpn_domains
ipset=/farmanager.com/vpn_domains
ipset=/fastpay-casino.com/vpn_domains
ipset=/fastpic.org/vpn_domains
ipset=/feedsmart.ru/vpn_domains
ipset=/fgi-lnr.su/vpn_domains
ipset=/ficbook.net/vpn_domains
ipset=/finbet.bet/vpn_domains
ipset=/findexiq.com/vpn_domains
ipset=/fixmypc.ru/vpn_domains
ipset=/flashboot.ru/vpn_domains
ipset=/flipperzero.one/vpn_domains
ipset=/fon.bet/vpn_domains
ipset=/fonbet.ru/vpn_domains
ipset=/forma-box.ru/vpn_domains
ipset=/fornote.net/vpn_domains
ipset=/forscan.org/vpn_domains
ipset=/forummikrotik.ru/vpn_domains
ipset=/forumupload.ru/vpn_domains
ipset=/fotopik.net/vpn_domains
ipset=/fotostrana.ru/vpn_domains
ipset=/fox-tv.fun/vpn_domains
ipset=/fpdnr.ru/vpn_domains
ipset=/fplnr.org/vpn_domains
ipset=/freedom.kiev.ua/vpn_domains
ipset=/freelance.ru/vpn_domains
ipset=/freeman42.ru/vpn_domains
ipset=/freize.net/vpn_domains
ipset=/frenglish.ru/vpn_domains
ipset=/freshchat.com/vpn_domains
ipset=/fsnslnr.su/vpn_domains
ipset=/fss.ru/vpn_domains
ipset=/fssprus.ru/vpn_domains
ipset=/game-debate.com/vpn_domains
ipset=/gamearmy.ru/vpn_domains
ipset=/gameassists.co.uk/vpn_domains
ipset=/gameawards.ru/vpn_domains
ipset=/gamekot.top/vpn_domains
ipset=/gatoga.ru/vpn_domains
ipset=/gazeta-dnr.ru/vpn_domains
ipset=/gazeta.ru/vpn_domains
ipset=/gazetacrimea.ru/vpn_domains
ipset=/gb-dnr.com/vpn_domains
ipset=/gb.ru/vpn_domains
ipset=/gcdn.co/vpn_domains
ipset=/gcs-web.com/vpn_domains
ipset=/gdcert.com/vpn_domains
ipset=/geopolitika.ru/vpn_domains
ipset=/getcourse.ru/vpn_domains
ipset=/ggbet.ru/vpn_domains
ipset=/gisclub.tv/vpn_domains
ipset=/gismeteo.ru/vpn_domains
ipset=/gisnpa-dnr.ru/vpn_domains
ipset=/gitflic.ru/vpn_domains
ipset=/gkecopoldnr.ru/vpn_domains
ipset=/gkgtn.ru/vpn_domains
ipset=/gknslnr.su/vpn_domains
ipset=/gkslnr.su/vpn_domains
ipset=/gktrlnr.su/vpn_domains
ipset=/glava-lnr.info/vpn_domains
ipset=/glava-lnr.su/vpn_domains
ipset=/gle.ru/vpn_domains
ipset=/godville.net/vpn_domains
ipset=/goldfishka68.com/vpn_domains
ipset=/golospravdy.com/vpn_domains
ipset=/gomel-sat.bz/vpn_domains
ipset=/goodgame.ru/vpn_domains
ipset=/gorlovka-news.su/vpn_domains
ipset=/gorlovka-tv.ru/vpn_domains
ipset=/gorlovka.today/vpn_domains
ipset=/gorod-donetsk.com/vpn_domains
ipset=/gorod-lugansk.com/vpn_domains
ipset=/goskomzemdnr.ru/vpn_domains
ipset=/goskomzemlnr.su/vpn_domains
ipset=/gosnadzorlnr.ru/vpn_domains
ipset=/gosrezervlnr.su/vpn_domains
ipset=/gosstat-dnr.ru/vpn_domains
ipset=/gostrud-dnr.ru/vpn_domains
ipset=/gosuslugi.ru/vpn_domains
ipset=/gov-dpr.ru/vpn_domains
ipset=/gov.ru/vpn_domains
ipset=/govdnr.ru/vpn_domains
ipset=/government.ru/vpn_domains
ipset=/gpdnr.su/vpn_domains
ipset=/gplnr.su/vpn_domains
ipset=/grandx.com/vpn_domains
ipset=/group-ib.ru/vpn_domains
ipset=/gs-corp.ru/vpn_domains
ipset=/gsdsd-dnr.ru/vpn_domains
ipset=/gt-news.info/vpn_domains
ipset=/gta.ru/vpn_domains
ipset=/gtklnr.su/vpn_domains
ipset=/gtrklnr.su/vpn_domains
ipset=/gtrlnr.com/vpn_domains
ipset=/guarantee.ru/vpn_domains
ipset=/gubkin.ru/vpn_domains
ipset=/gum-centr.su/vpn_domains
ipset=/guprec.ru/vpn_domains
ipset=/gvol.ru/vpn_domains
ipset=/h-helpers.ru/vpn_domains
ipset=/habr.com/vpn_domains
ipset=/habr.ru/vpn_domains
ipset=/hamsdr.ru/vpn_domains
ipset=/health-diet.ru/vpn_domains
ipset=/hexlet.io/vpn_domains
ipset=/hi-fi-forum.net/vpn_domains
ipset=/hi-fidelity-forum.com/vpn_domains
ipset=/highspeednetwork.ru/vpn_domains
ipset=/hightech.plus/vpn_domains
ipset=/hlboost.ru/vpn_domains
ipset=/horrorzone.ru/vpn_domains
ipset=/hostingradio.ru/vpn_domains
ipset=/howto-news.info/vpn_domains
ipset=/howtonews.info/vpn_domains
ipset=/htmlacademy.ru/vpn_domains
ipset=/i-don.ru/vpn_domains
ipset=/i-edem.tv/vpn_domains
ipset=/iddqd.ru/vpn_domains
ipset=/ideafix.name/vpn_domains
ipset=/iedem.tv/vpn_domains
ipset=/igromania.ru/vpn_domains
ipset=/iguides.ru/vpn_domains
ipset=/ihc.ru/vpn_domains
ipset=/ihor-hosting.ru/vpn_domains
ipset=/ikrim.net/vpn_domains
ipset=/ikstv.ru/vpn_domains
ipset=/ilook.tv/vpn_domains
ipset=/ilucki.com/vpn_domains
ipset=/ilyabirman.ru/vpn_domains
ipset=/imageban.ru/vpn_domains
ipset=/imgzona.video/vpn_domains
ipset=/infergames.com/vpn_domains
ipset=/inforeactor.ru/vpn_domains
ipset=/informing.ru/vpn_domains
ipset=/infostart.ru/vpn_domains
ipset=/inlinegroup-c.ru/vpn_domains
ipset=/inlinegroup.ru/vpn_domains
ipset=/inlinegroup.ua/vpn_domains
ipset=/inlnk.ru/vpn_domains
ipset=/inosmi.ru/vpn_domains
ipset=/insearch.site/vpn_domains
ipset=/inst.net/vpn_domains
ipset=/interfax.ru/vpn_domains
ipset=/interra.bz/vpn_domains
ipset=/ints.net/vpn_domains
ipset=/involta.ru/vpn_domains
ipset=/ip-tv.club/vpn_domains
ipset=/iptv-ru.com/vpn_domains
ipset=/iptvin.ru/vpn_domains
ipset=/iseetv.net/vpn_domains
ipset=/iskra-dnr.ru/vpn_domains
ipset=/ispsystem.ru/vpn_domains
ipset=/it999.ru/vpn_domains
ipset=/itc-life.ru/vpn_domains
ipset=/ithelp21.ru/vpn_domains
ipset=/ixbt.com/vpn_domains
ipset=/iz.ru/vpn_domains
ipset=/izbirkom.ru/vpn_domains
ipset=/jaomix.ru/vpn_domains
ipset=/japancats.ru/vpn_domains
ipset=/jiht.ru/vpn_domains
ipset=/jino.ru/vpn_domains
ipset=/jinopro.net/vpn_domains
ipset=/jira.ru/vpn_domains
ipset=/joocasino.com/vpn_domains
ipset=/journalcrimea.ru/vpn_domains
ipset=/joyreactor.cc/vpn_domains
ipset=/jpgazeta.ru/vpn_domains
ipset=/k3d.tech/vpn_domains
ipset=/kanal-o.ru/vpn_domains
ipset=/karpov.courses/vpn_domains
ipset=/karusel-tv.ru/vpn_domains
ipset=/kaspersky.com/vpn_domains
ipset=/kaspersky.ru/vpn_domains
ipset=/katyusha.tv/vpn_domains
ipset=/kaznalnr.ru/vpn_domains
ipset=/kcpn.info/vpn_domains
ipset=/kg-portal.ru/vpn_domains
ipset=/kga.su/vpn_domains
ipset=/khogov.ru/vpn_domains
ipset=/kianews24.ru/vpn_domains
ipset=/kini24.ru/vpn_domains
ipset=/kino-teatr.ru/vpn_domains
ipset=/kinopoisk.ru/vpn_domains
ipset=/kinzhal.media/vpn_domains
ipset=/kiozk.ru/vpn_domains
ipset=/kodik.biz/vpn_domains
ipset=/konungcasino.com/vpn_domains
ipset=/korabli.su/vpn_domains
ipset=/koroleffsov.ru/vpn_domains
ipset=/koronapay.com/vpn_domains
ipset=/koshara.co/vpn_domains
ipset=/kp.ru/vpn_domains
ipset=/kpfu.ru/vpn_domains
ipset=/krasnodon.su/vpn_domains
ipset=/krasnyluch.su/vpn_domains
ipset=/krt-club.ru/vpn_domains
ipset=/krtech.ru/vpn_domains
ipset=/labirint.ru/vpn_domains
ipset=/laitis.ru/vpn_domains
ipset=/lambda13.online/vpn_domains
ipset=/lampa32.ru/vpn_domains
ipset=/lapki.live/vpn_domains
ipset=/lenovo-forums.ru/vpn_domains
ipset=/lenta.ru/vpn_domains
ipset=/leon.ru/vpn_domains
ipset=/leonid-pasechnik.info/vpn_domains
ipset=/lesta.ru/vpn_domains
ipset=/lgt.su/vpn_domains
ipset=/lib.ru/vpn_domains
ipset=/lifelink.ru/vpn_domains
ipset=/lifelug.su/vpn_domains
ipset=/ligastavok.ru/vpn_domains
ipset=/lightiptv.me/vpn_domains
ipset=/linebet.com/vpn_domains
ipset=/linkmeup.ru/vpn_domains
ipset=/linuxrussia.com/vpn_domains
ipset=/litres.ru/vpn_domains
ipset=/livejournal.com/vpn_domains
ipset=/lnr.media/vpn_domains
ipset=/lnr.today/vpn_domains
ipset=/loftschool.com/vpn_domains
ipset=/lolz.guru/vpn_domains
ipset=/losst.ru/vpn_domains
ipset=/lostarmour.info/vpn_domains
ipset=/lostarmour.ru/vpn_domains
ipset=/lostfilm.info/vpn_domains
ipset=/lostmagic.ru/vpn_domains
ipset=/loyalcasino.com/vpn_domains
ipset=/lpr-reg.ru/vpn_domains
ipset=/lprreg.ru/vpn_domains
ipset=/lug-info.com/vpn_domains
ipset=/luga1news.ru/vpn_domains
ipset=/lugansk-online.su/vpn_domains
ipset=/lugansk.online/vpn_domains
ipset=/lugansk.site/vpn_domains
ipset=/lugansk1.info/vpn_domains
ipset=/lutik.tv/vpn_domains
ipset=/lutugino.su/vpn_domains
ipset=/m24.ru/vpn_domains
ipset=/magonet.ru/vpn_domains
ipset=/magzdb.org/vpn_domains
ipset=/mail.ru/vpn_domains
ipset=/makeyevka.ru/vpn_domains
ipset=/mamba.ru/vpn_domains
ipset=/manaeff.ru/vpn_domains
ipset=/mangadex.org/vpn_domains
ipset=/manjaro.ru/vpn_domains
ipset=/marathonbet.ru/vpn_domains
ipset=/markupeasy.ru/vpn_domains
ipset=/marshruty.ru/vpn_domains
ipset=/mastergrad.com/vpn_domains
ipset=/mchost.ru/vpn_domains
ipset=/mchs-lnr.su/vpn_domains
ipset=/mcxdnr.ru/vpn_domains
ipset=/mdsdnr.ru/vpn_domains
ipset=/media-xyz.com/vpn_domains
ipset=/megafon.ru/vpn_domains
ipset=/megasoft-ltd.ru/vpn_domains
ipset=/megatimer.ru/vpn_domains
ipset=/megatransov.net/vpn_domains
ipset=/melbet.com/vpn_domains
ipset=/melbet.ru/vpn_domains
ipset=/melord.net/vpn_domains
ipset=/memealerts.com/vpn_domains
ipset=/mephi.ru/vpn_domains
ipset=/merionet.ru/vpn_domains
ipset=/merlnr.su/vpn_domains
ipset=/metanit.com/vpn_domains
ipset=/meteotrend.com/vpn_domains
ipset=/mgb-dnr.ru/vpn_domains
ipset=/mgbdnr.ru/vpn_domains
ipset=/mgblnr.org/vpn_domains
ipset=/mhdd.ru/vpn_domains
ipset=/miaistok.su/vpn_domains
ipset=/micro-solution.ru/vpn_domains
ipset=/micrus.ru/vpn_domains
ipset=/mid-dnr.su/vpn_domains
ipset=/mil-lnr.info/vpn_domains
ipset=/mil.ru/vpn_domains
ipset=/minfindnr.ru/vpn_domains
ipset=/minfinlnr.su/vpn_domains
ipset=/mininfodnr.ru/vpn_domains
ipset=/minjust-dnr.ru/vpn_domains
ipset=/minobr.su/vpn_domains
ipset=/minpromlnr.su/vpn_domains
ipset=/minstroy-dnr.ru/vpn_domains
ipset=/minstroylnr.su/vpn_domains
ipset=/mintek-dnr.ru/vpn_domains
ipset=/mintop.su/vpn_domains
ipset=/mintranslnr.su/vpn_domains
ipset=/mintrudlnr.su/vpn_domains
ipset=/mipt.ru/vpn_domains
ipset=/mir24.tv/vpn_domains
ipset=/miralinks.ru/vpn_domains
ipset=/miranda-ng.org/vpn_domains
ipset=/mirkosmosa.ru/vpn_domains
ipset=/mirplus.info/vpn_domains
ipset=/mirtesen.ru/vpn_domains
ipset=/mk-donbass.ru/vpn_domains
ipset=/mk-herson.ru/vpn_domains
ipset=/mk-zap.ru/vpn_domains
ipset=/mk.ru/vpn_domains
ipset=/mklnr.su/vpn_domains
ipset=/mmnt.ru/vpn_domains
ipset=/mobstudio.ru/vpn_domains
ipset=/mondnr.ru/vpn_domains
ipset=/money.ru/vpn_domains
ipset=/monitorlab.ru/vpn_domains
ipset=/monteon.ru/vpn_domains
ipset=/moonback.ru/vpn_domains
ipset=/moscowmedia.net/vpn_domains
ipset=/mosfm.com/vpn_domains
ipset=/mostbet.ru/vpn_domains
ipset=/moyaposylka.ru/vpn_domains
ipset=/mozaika.dn.ua/vpn_domains
ipset=/mprlnr.su/vpn_domains
ipset=/mpt-dnr.ru/vpn_domains
ipset=/mptdnr.ru/vpn_domains
ipset=/mrespublika.ru/vpn_domains
ipset=/msdnr.ru/vpn_domains
ipset=/mshiplnr.su/vpn_domains
ipset=/mskagency.ru/vpn_domains
ipset=/mslnr.su/vpn_domains
ipset=/msreview.net/vpn_domains
ipset=/mstcvfvcvb.com/vpn_domains
ipset=/mts.ru/vpn_domains
ipset=/mtspdnr.ru/vpn_domains
ipset=/mu-lnr.su/vpn_domains
ipset=/mulnr.su/vpn_domains
ipset=/mupo.ru/vpn_domains
ipset=/musicwars.ru/vpn_domains
ipset=/muz1.tv/vpn_domains
ipset=/mvd.ru/vpn_domains
ipset=/mvddnr.ru/vpn_domains
ipset=/mvdlnr.ru/vpn_domains
ipset=/my.games/vpn_domains
ipset=/myarena.ru/vpn_domains
ipset=/myarena.site/vpn_domains
ipset=/mybook.ru/vpn_domains
ipset=/myshows.me/vpn_domains
ipset=/myvi.tv/vpn_domains
ipset=/mzdnr.ru/vpn_domains
ipset=/mzlnr.su/vpn_domains
ipset=/n1casino.com/vpn_domains
ipset=/nabu-leaks.com/vpn_domains
ipset=/nabu-leaks.info/vpn_domains
ipset=/nabu-leaks.net/vpn_domains
ipset=/nabu-leaks.org/vpn_domains
ipset=/nag.ru/vpn_domains
ipset=/nag.wiki/vpn_domains
ipset=/nahnews.org/vpn_domains
ipset=/narfu.ru/vpn_domains
ipset=/narod.ru/vpn_domains
ipset=/narodmon.ru/vpn_domains
ipset=/narodnoeopolchenie.ru/vpn_domains
ipset=/nashagazeta.net/vpn_domains
ipset=/nashe.ru/vpn_domains
ipset=/nateks-don.ru/vpn_domains
ipset=/nateks-dv.ru/vpn_domains
ipset=/nateks-ural.ru/vpn_domains
ipset=/nateks-volga.ru/vpn_domains
ipset=/nateks.by/vpn_domains
ipset=/nateks.ru/vpn_domains
ipset=/nation-news.ru/vpn_domains
ipset=/navitel.ru/vpn_domains
ipset=/navitel.ua/vpn_domains
ipset=/neosvc.ru/vpn_domains
ipset=/net.ru/vpn_domains
ipset=/netology.ru/vpn_domains
ipset=/network-xyz.com/vpn_domains
ipset=/nevelend.ru/vpn_domains
ipset=/new-team.org/vpn_domains
ipset=/newinform.com/vpn_domains
ipset=/news-front.info/vpn_domains
ipset=/newsdnr.ru/vpn_domains
ipset=/newsua.ru/vpn_domains
ipset=/newxboxone.ru/vpn_domains
ipset=/ngs.ru/vpn_domains
ipset=/nihon-go.ru/vpn_domains
ipset=/nix.ru/vpn_domains
ipset=/nm-g.ru/vpn_domains
ipset=/nomadcasino.com/vpn_domains
ipset=/novopressa.ru/vpn_domains
ipset=/novorosinform.org/vpn_domains
ipset=/novoross.info/vpn_domains
ipset=/novorossia-tv.ru/vpn_domains
ipset=/novorossia.su/vpn_domains
ipset=/novorossia.today/vpn_domains
ipset=/novorossia.vision/vpn_domains
ipset=/novorossiatv.com/vpn_domains
ipset=/novosti.icu/vpn_domains
ipset=/npoiskra.ru/vpn_domains
ipset=/nsc.ru/vpn_domains
ipset=/nslnr.su/vpn_domains
ipset=/nt1941.su/vpn_domains
ipset=/nts-tv.com/vpn_domains
ipset=/ntv.ru/vpn_domains
ipset=/ntvplus.ru/vpn_domains
ipset=/ntvplus.tv/vpn_domains
ipset=/nuipogoda.ru/vpn_domains
ipset=/obu4alka.ru/vpn_domains
ipset=/oddr.info/vpn_domains
ipset=/odnarodyna.org/vpn_domains
ipset=/odsd.ru/vpn_domains
ipset=/og-ti.ru/vpn_domains
ipset=/ok-crimea.ru/vpn_domains
ipset=/ok.ru/vpn_domains
ipset=/okdk.ru/vpn_domains
ipset=/okkupatsiya.net/vpn_domains
ipset=/old-combats.com/vpn_domains
ipset=/old-games.ru/vpn_domains
ipset=/oldbk2.com/vpn_domains
ipset=/olimp.bet/vpn_domains
ipset=/ombudsmandnr.ru/vpn_domains
ipset=/onetrust.com/vpn_domains
ipset=/online-cloud.moscow/vpn_domains
ipset=/onlinezakladki.ru/vpn_domains
ipset=/onmedia.io/vpn_domains
ipset=/ontvtime.ru/vpn_domains
ipset=/opcrimea.ru/vpn_domains
ipset=/opennet.ru/vpn_domains
ipset=/oplot.tv/vpn_domains
ipset=/orderingmemory.com/vpn_domains
ipset=/osnova.io/vpn_domains
ipset=/osu.ru/vpn_domains
ipset=/otchet-online.ru/vpn_domains
ipset=/otr-online.ru/vpn_domains
ipset=/ott-play.com/vpn_domains
ipset=/ottg.tv/vpn_domains
ipset=/ottglanz.tv/vpn_domains
ipset=/ottplay.com/vpn_domains
ipset=/otus.ru/vpn_domains
ipset=/outsidethebox.ms/vpn_domains
ipset=/overclockers.ru/vpn_domains
ipset=/owebmoney.ru/vpn_domains
ipset=/oxy.cloud/vpn_domains
ipset=/oxy.st/vpn_domains
ipset=/ozon.ru/vpn_domains
ipset=/p-on.ru/vpn_domains
ipset=/paradisecasino.com/vpn_domains
ipset=/paribet.ru/vpn_domains
ipset=/parimatch.com/vpn_domains
ipset=/parimatch.foundation/vpn_domains
ipset=/parimatch.net/vpn_domains
ipset=/parimatch.ua/vpn_domains
ipset=/partycasino.com/vpn_domains
ipset=/partypoker.com/vpn_domains
ipset=/pascalabc.net/vpn_domains
ipset=/pathofexile.com/vpn_domains
ipset=/patreon.com/vpn_domains
ipset=/patriarchia.ru/vpn_domains
ipset=/paymaster.ru/vpn_domains
ipset=/paymaster.ua/vpn_domains
ipset=/paystree.com/vpn_domains
ipset=/peertube.su/vpn_domains
ipset=/perviynomer.ru/vpn_domains
ipset=/pervomaysklnr.su/vpn_domains
ipset=/pflnr.su/vpn_domains
ipset=/phoenix-dnr.ru/vpn_domains
ipset=/php.ru/vpn_domains
ipset=/pikabu.ru/vpn_domains
ipset=/pikinform.ru/vpn_domains
ipset=/pikuco.ru/vpn_domains
ipset=/pingvinus.ru/vpn_domains
ipset=/pinnacle.com/vpn_domains
ipset=/pksspb.ru/vpn_domains
ipset=/pl.com.ua/vpn_domains
ipset=/planetaexcel.ru/vpn_domains
ipset=/playground.ru/vpn_domains
ipset=/pluggedin.ru/vpn_domains
ipset=/pm.ua/vpn_domains
ipset=/pobeda.tv/vpn_domains
ipset=/pocketbook.digital/vpn_domains
ipset=/poehali.tv/vpn_domains
ipset=/poig.ru/vpn_domains
ipset=/pokermatch.com/vpn_domains
ipset=/pokermatch.ua/vpn_domains
ipset=/politexpert.net/vpn_domains
ipset=/politnavigator.net/vpn_domains
ipset=/politros.com/vpn_domains
ipset=/poolbet.ru/vpn_domains
ipset=/pooshock.ru/vpn_domains
ipset=/pornreactor.cc/vpn_domains
ipset=/postdonbass.com/vpn_domains
ipset=/poweruser.guru/vpn_domains
ipset=/pozdravik.ru/vpn_domains
ipset=/poznet.ru/vpn_domains
ipset=/ppcrimea.ru/vpn_domains
ipset=/pravdabeslana.ru/vpn_domains
ipset=/pravdnr.ru/vpn_domains
ipset=/premier.one/vpn_domains
ipset=/premium.tv/vpn_domains
ipset=/pressa.ru/vpn_domains
ipset=/prikolnik.com/vpn_domains
ipset=/primedice.com/vpn_domains
ipset=/probki.net/vpn_domains
ipset=/prodonbass.ru/vpn_domains
ipset=/productstar.ru/vpn_domains
ipset=/proglib.io/vpn_domains
ipset=/prolaz.su/vpn_domains
ipset=/promedia.ru/vpn_domains
ipset=/promodj.com/vpn_domains
ipset=/psxplanet.ru/vpn_domains
ipset=/ptspb.ru/vpn_domains
ipset=/pyatilistnik.org/vpn_domains
ipset=/qiwi.com/vpn_domains
ipset=/qiwi.kz/vpn_domains
ipset=/qiwi.me/vpn_domains
ipset=/qiwi.ua/vpn_domains
ipset=/qiwiguide.ru/vpn_domains
ipset=/qiwitrue.dev/vpn_domains
ipset=/qrz.ru/vpn_domains
ipset=/rabotavtaxi.pro/vpn_domains
ipset=/radcap.ru/vpn_domains
ipset=/radio.ru/vpn_domains
ipset=/radiokot.ru/vpn_domains
ipset=/radiomoskvy.ru/vpn_domains
ipset=/radiopotok.ru/vpn_domains
ipset=/radiorecord.ru/vpn_domains
ipset=/radioscanner.net/vpn_domains
ipset=/radioscanner.ru/vpn_domains
ipset=/radiovera.ru/vpn_domains
ipset=/radiozvezda.ru/vpn_domains
ipset=/rambler.ru/vpn_domains
ipset=/rbc.ru/vpn_domains
ipset=/rcz-dnr.ru/vpn_domains
ipset=/redkings.com/vpn_domains
ipset=/redray-lnr-news.su/vpn_domains
ipset=/redstarcasino20.eu/vpn_domains
ipset=/reg.ru/vpn_domains
ipset=/remont-aud.net/vpn_domains
ipset=/remontcompa.ru/vpn_domains
ipset=/remontka.pro/vpn_domains
ipset=/remplanner.ru/vpn_domains
ipset=/ren.tv/vpn_domains
ipset=/reporter-crimea.ru/vpn_domains
ipset=/republic-tv.ru/vpn_domains
ipset=/rezka.ag/vpn_domains
ipset=/rf-cheats.ru/vpn_domains
ipset=/rfn.ru/vpn_domains
ipset=/ria.ru/vpn_domains
ipset=/riafan.ru/vpn_domains
ipset=/rian.com.ua/vpn_domains
ipset=/rian.ru/vpn_domains
ipset=/rinoptica.ru/vpn_domains
ipset=/riperam.org/vpn_domains
ipset=/ritualdnr.ru/vpn_domains
ipset=/rknpa.ru/vpn_domains
ipset=/rkproc.ru/vpn_domains
ipset=/rmnews.ru/vpn_domains
ipset=/rncb.ru/vpn_domains
ipset=/rock-n-roll.ru/vpn_domains
ipset=/rolz.org/vpn_domains
ipset=/rospotrebnadzor.ru/vpn_domains
ipset=/roszdravnadzor.ru/vpn_domains
ipset=/rov-adm.su/vpn_domains
ipset=/rp-universe.ru/vpn_domains
ipset=/rp24.info/vpn_domains
ipset=/rp5.ru/vpn_domains
ipset=/rsload.net/vpn_domains
ipset=/rsload.ru/vpn_domains
ipset=/rst-dnr.ru/vpn_domains
ipset=/rt.com/vpn_domains
ipset=/rt.ru/vpn_domains
ipset=/rtcomm.ru/vpn_domains
ipset=/rtfm.wiki/vpn_domains
ipset=/rtr-planeta.com/vpn_domains
ipset=/ru.com/vpn_domains
ipset=/rucomics.info/vpn_domains
ipset=/rumedia24.com/vpn_domains
ipset=/rus-linux.net/vpn_domains
ipset=/ruscrimea.ru/vpn_domains
ipset=/rusdialog.ru/vpn_domains
ipset=/rusf.ru/vpn_domains
ipset=/rusmatica.org/vpn_domains
ipset=/rusnext.ru/vpn_domains
ipset=/russia.tv/vpn_domains
ipset=/russian-center.ru/vpn_domains
ipset=/rusvesna.su/vpn_domains
ipset=/rutab.net/vpn_domains
ipset=/rutor.info/vpn_domains
ipset=/rutrk.org/vpn_domains
ipset=/rutube.ru/vpn_domains
ipset=/rutubelist.ru/vpn_domains
ipset=/ruvoip.net/vpn_domains
ipset=/ruweb.net/vpn_domains
ipset=/ruxpert.ru/vpn_domains
ipset=/rv77.pw/vpn_domains
ipset=/rzd.ru/vpn_domains
ipset=/s8.capital/vpn_domains
ipset=/sadmin.io/vpn_domains
ipset=/sampo.ru/vpn_domains
ipset=/sape.ru/vpn_domains
ipset=/sberbank.ru/vpn_domains
ipset=/sc2tv.ru/vpn_domains
ipset=/scanmatik.ru/vpn_domains
ipset=/sceptic.online/vpn_domains
ipset=/school-xyz.com/vpn_domains
ipset=/seasonvar.ru/vpn_domains
ipset=/secretra.com/vpn_domains
ipset=/segodnya.tv/vpn_domains
ipset=/selectel.org/vpn_domains
ipset=/sendfile.su/vpn_domains
ipset=/sendsay.ru/vpn_domains
ipset=/sergeistrelec.ru/vpn_domains
ipset=/servebeer.com/vpn_domains
ipset=/serveradmin.ru/vpn_domains
ipset=/sev.tv/vpn_domains
ipset=/sevastopol.press/vpn_domains
ipset=/sf.education/vpn_domains
ipset=/shahtersk.org/vpn_domains
ipset=/shareman.tv/vpn_domains
ipset=/sharij.com.ua/vpn_domains
ipset=/sharij.net/vpn_domains
ipset=/sharij.online/vpn_domains
ipset=/showgogo.ru/vpn_domains
ipset=/showip.net/vpn_domains
ipset=/sibnet.ru/vpn_domains
ipset=/simadm.ru/vpn_domains
ipset=/simsync.io/vpn_domains
ipset=/sipnet.ru/vpn_domains
ipset=/skgazeta.su/vpn_domains
ipset=/skillbox.ru/vpn_domains
ipset=/skillfactory.ru/vpn_domains
ipset=/skladchik.com/vpn_domains
ipset=/skladchik.org/vpn_domains
ipset=/sky.pro/vpn_domains
ipset=/skyeng.com.ua/vpn_domains
ipset=/skyeng.in.ua/vpn_domains
ipset=/skyeng.ru/vpn_domains
ipset=/skysmart.ru/vpn_domains
ipset=/slavasev.ru/vpn_domains
ipset=/slavlnr.su/vpn_domains
ipset=/slavvesti.su/vpn_domains
ipset=/sledcom.ru/vpn_domains
ipset=/slimboxtv.ru/vpn_domains
ipset=/slo.ru/vpn_domains
ipset=/slovodel.com/vpn_domains
ipset=/slurm.io/vpn_domains
ipset=/smartwm.ru/vpn_domains
ipset=/smdnr.ru/vpn_domains
ipset=/smi2.ru/vpn_domains
ipset=/smotrim.ru/vpn_domains
ipset=/smtu.ru/vpn_domains
ipset=/soap4youand.me/vpn_domains
ipset=/sobranie-casino.com/vpn_domains
ipset=/soft-navigator.ru/vpn_domains
ipset=/sources.ru/vpn_domains
ipset=/sovminlnr.ru/vpn_domains
ipset=/sovminlnr.su/vpn_domains
ipset=/sp-rc.ru/vpn_domains
ipset=/spb.ru/vpn_domains
ipset=/spbstu.ru/vpn_domains
ipset=/speedfans.ru/vpn_domains
ipset=/spletnik.ru/vpn_domains
ipset=/sportloto.ru/vpn_domains
ipset=/sputnikimages.com/vpn_domains
ipset=/sputniknews.com/vpn_domains
ipset=/stakhanov.su/vpn_domains
ipset=/star-bet.ru/vpn_domains
ipset=/starkgames.app/vpn_domains
ipset=/starline-online.ru/vpn_domains
ipset=/starline.ru/vpn_domains
ipset=/starobeshevo.ru/vpn_domains
ipset=/start.ru/vpn_domains
ipset=/startallback.com/vpn_domains
ipset=/stepik.org/vpn_domains
ipset=/stitch.su/vpn_domains
ipset=/stnmoscow.ru/vpn_domains
ipset=/stoletie.ru/vpn_domains
ipset=/strana.digital/vpn_domains
ipset=/strana.news/vpn_domains
ipset=/strana.one/vpn_domains
ipset=/strana.today/vpn_domains
ipset=/strana.ua/vpn_domains
ipset=/strava.com/vpn_domains
ipset=/stv92.ru/vpn_domains
ipset=/sudrf.ru/vpn_domains
ipset=/supcourt-dpr.su/vpn_domains
ipset=/svetovik.info/vpn_domains
ipset=/svk-portal.su/vpn_domains
ipset=/svpressa.ru/vpn_domains
ipset=/swiftbook.ru/vpn_domains
ipset=/synapse-pe.ru/vpn_domains
ipset=/synthema.ru/vpn_domains
ipset=/sysadmins.ru/vpn_domains
ipset=/szstakhanov.su/vpn_domains
ipset=/tabor.ru/vpn_domains
ipset=/tadiphone.dev/vpn_domains
ipset=/tanki.su/vpn_domains
ipset=/tanksblitz.ru/vpn_domains
ipset=/tarakanov.net/vpn_domains
ipset=/tass.ru/vpn_domains
ipset=/taxi-yandex.com.ua/vpn_domains
ipset=/taxi-yandex.kiev.ua/vpn_domains
ipset=/tcpu.ru/vpn_domains
ipset=/team-host.ru/vpn_domains
ipset=/techberg.ru/vpn_domains
ipset=/tehnichka.pro/vpn_domains
ipset=/telecafe.ru/vpn_domains
ipset=/telecomsite.ru/vpn_domains
ipset=/telekanal-oplot.tv/vpn_domains
ipset=/telesputnik.ru/vpn_domains
ipset=/teletarget.ru/vpn_domains
ipset=/televid-sib.ru/vpn_domains
ipset=/telmanovo-dnr.ru/vpn_domains
ipset=/tennisi.bet/vpn_domains
ipset=/textologia.ru/vpn_domains
ipset=/teyes.cn/vpn_domains
ipset=/teyes.ru/vpn_domains
ipset=/tfomsrk.ru/vpn_domains
ipset=/thg.ru/vpn_domains
ipset=/tidal.com/vpn_domains
ipset=/tiflo.info/vpn_domains
ipset=/tinkoff.ru/vpn_domains
ipset=/tjournal.ru/vpn_domains
ipset=/tk-union.tv/vpn_domains
ipset=/tnt-online.ru/vpn_domains
ipset=/tochka.com/vpn_domains
ipset=/top-academy.ru/vpn_domains
ipset=/topface.com/vpn_domains
ipset=/topiptv.info/vpn_domains
ipset=/topvisor.com/vpn_domains
ipset=/torez24.ru/vpn_domains
ipset=/tortuga.club/vpn_domains
ipset=/tppdnr.ru/vpn_domains
ipset=/tpu.ru/vpn_domains
ipset=/trakrd.ru/vpn_domains
ipset=/trashbox.ru/vpn_domains
ipset=/treeone.ru/vpn_domains
ipset=/tribuna.com/vpn_domains
ipset=/trkmillet.ru/vpn_domains
ipset=/trudgor.su/vpn_domains
ipset=/trudslava.su/vpn_domains
ipset=/tsiklnr.su/vpn_domains
ipset=/tunecom.ru/vpn_domains
ipset=/tuyahome.online/vpn_domains
ipset=/tvc.ru/vpn_domains
ipset=/tvkultura.ru/vpn_domains
ipset=/tvlider.net/vpn_domains
ipset=/tvoetv.in.ua/vpn_domains
ipset=/tvzvezda.ru/vpn_domains
ipset=/twicker.ru/vpn_domains
ipset=/tyuiu.ru/vpn_domains
ipset=/ucoz.org/vpn_domains
ipset=/ucoz.ru/vpn_domains
ipset=/ugletele.com/vpn_domains
ipset=/ukraina.ru/vpn_domains
ipset=/ukraine.ru/vpn_domains
ipset=/ukrgarant.com/vpn_domains
ipset=/ulstu.ru/vpn_domains
ipset=/umi.ru/vpn_domains
ipset=/ural.ru/vpn_domains
ipset=/uraltm08.ru/vpn_domains
ipset=/urtaev.com/vpn_domains
ipset=/usbdev.ru/vpn_domains
ipset=/usbtor.ru/vpn_domains
ipset=/uscrimea.ru/vpn_domains
ipset=/userapi.com/vpn_domains
ipset=/utmn.ru/vpn_domains
ipset=/utro.ru/vpn_domains
ipset=/uzhhorod.today/vpn_domains
ipset=/vc.ru/vpn_domains
ipset=/vedomosti.ru/vpn_domains
ipset=/veesp.com/vpn_domains
ipset=/vegalab.ru/vpn_domains
ipset=/veraifoma.ru/vpn_domains
ipset=/versia.ru/vpn_domains
ipset=/veseloeradio.ru/vpn_domains
ipset=/vesti-k.ru/vpn_domains
ipset=/vesti.ru/vpn_domains
ipset=/vesti92.ru/vpn_domains
ipset=/vgl-sport.ru/vpn_domains
ipset=/vgtrk.com/vpn_domains
ipset=/vipdrive.net/vpn_domains
ipset=/viqeo.tv/vpn_domains
ipset=/virtustec.ru/vpn_domains
ipset=/visionbot.ru/vpn_domains
ipset=/visions.ru/vpn_domains
ipset=/vitrina.tv/vpn_domains
ipset=/vk-apps.com/vpn_domains
ipset=/vk.com/vpn_domains
ipset=/vkforms.ru/vpn_domains
ipset=/vkopt.net/vpn_domains
ipset=/vkplay.live/vpn_domains
ipset=/vladimirmalikov.com/vpn_domains
ipset=/vmakeevke.com/vpn_domains
ipset=/vniioeng.ru/vpn_domains
ipset=/vodadonbassa.ru/vpn_domains
ipset=/voenmeh.ru/vpn_domains
ipset=/voice-server.ru/vpn_domains
ipset=/voicesevas.ru/vpn_domains
ipset=/voidboost.cc/vpn_domains
ipset=/voidboost.in/vpn_domains
ipset=/voloshyna.org.ua/vpn_domains
ipset=/voltbet.ru/vpn_domains
ipset=/voskhodinfo.su/vpn_domains
ipset=/vperedlnr.su/vpn_domains
ipset=/vremya.tv/vpn_domains
ipset=/vsednr.ru/vpn_domains
ipset=/vz.ru/vpn_domains
ipset=/walletone.com/vpn_domains
ipset=/wasd.tv/vpn_domains
ipset=/web-moneta.com/vpn_domains
ipset=/web-money.ru/vpn_domains
ipset=/webhamster.ru/vpn_domains
ipset=/webmoney-keeper.ru/vpn_domains
ipset=/webmoney.by/vpn_domains
ipset=/webmoney.com/vpn_domains
ipset=/webmoney.com.ua/vpn_domains
ipset=/webmoney.ru/vpn_domains
ipset=/webmoney.ua/vpn_domains
ipset=/webos-forums.ru/vpn_domains
ipset=/whitesaas.com/vpn_domains
ipset=/wiki93.ru/vpn_domains
ipset=/wikimapia.org/vpn_domains
ipset=/wildberries.am/vpn_domains
ipset=/wildberries.by/vpn_domains
ipset=/wildberries.eu/vpn_domains
ipset=/wildberries.kg/vpn_domains
ipset=/wildberries.kz/vpn_domains
ipset=/wildberries.ru/vpn_domains
ipset=/wildberries.ua/vpn_domains
ipset=/win-torrent.net/vpn_domains
ipset=/win10tweaker.ru/vpn_domains
ipset=/winitpro.ru/vpn_domains
ipset=/winline.ru/vpn_domains
ipset=/wm-factor.com.ua/vpn_domains
ipset=/wmchanger.com/vpn_domains
ipset=/wmeuro.eu/vpn_domains
ipset=/wmid.com/vpn_domains
ipset=/wmsite.ru/vpn_domains
ipset=/wmtransfer.com/vpn_domains
ipset=/wmx.ru/vpn_domains
ipset=/wod.su/vpn_domains
ipset=/wooordhunt.ru/vpn_domains
ipset=/world-evolved.ru/vpn_domains
ipset=/worldcrisis.ru/vpn_domains
ipset=/worldoftanks.net/vpn_domains
ipset=/worldpress.com/vpn_domains
ipset=/wotspeak.ru/vpn_domains
ipset=/wtftime.ru/vpn_domains
ipset=/x-bet.co/vpn_domains
ipset=/xchess.ru/vpn_domains
ipset=/xn--80ahqgjaddr.xn--p1ai/vpn_domains
ipset=/xn--c1acbl2abdlkab1og.xn--p1ai/vpn_domains
ipset=/xn--h1aheeehel.xn--p1acf/vpn_domains
ipset=/xxiveklnr.su/vpn_domains
ipset=/ya.com/vpn_domains
ipset=/ya.ru/vpn_domains
ipset=/yadro.ru/vpn_domains
ipset=/yalta-tv.ru/vpn_domains
ipset=/yaltatv.ru/vpn_domains
ipset=/yandex-taxi.com.ua/vpn_domains
ipset=/yandex.com/vpn_domains
ipset=/yandex.net/vpn_domains
ipset=/yandex.ru/vpn_domains
ipset=/yandex.ua/vpn_domains
ipset=/yandexcloud.net/vpn_domains
ipset=/yandexdatafactory.com/vpn_domains
ipset=/yandextaksiua.com.ua/vpn_domains
ipset=/yandextaxi.com.ua/vpn_domains
ipset=/yandextaxi.kiev.ua/vpn_domains
ipset=/yasispolkom.ru/vpn_domains
ipset=/yataxi.com.ua/vpn_domains
ipset=/yataxi.net/vpn_domains
ipset=/yoobusiness.ru/vpn_domains
ipset=/yookassa.ru/vpn_domains
ipset=/yoomoney.ru/vpn_domains
ipset=/yoomoney.uk/vpn_domains
ipset=/yoomoney.website/vpn_domains
ipset=/youmoney.ru/vpn_domains
ipset=/yourok.ru/vpn_domains
ipset=/ytro.news/vpn_domains
ipset=/yumoney.ru/vpn_domains
ipset=/z-oleg.com/vpn_domains
ipset=/zaborona.help/vpn_domains
ipset=/zavtra.ru/vpn_domains
ipset=/zaycev.net/vpn_domains
ipset=/zedom.net/vpn_domains
ipset=/zenit.win/vpn_domains
ipset=/zenmoney.ru/vpn_domains
ipset=/zenon.net/vpn_domains
ipset=/zerocoder.ru/vpn_domains
ipset=/zhdanovka.com/vpn_domains
ipset=/zilore.com/vpn_domains
ipset=/zoneofgames.ru/vpn_domains
