*1c-umi.ru
*1cent.in
*1cent.tv
*1cupis.ru
*1tv.com
*1tv.ru
*1tvcrimea.ru
*1x-bet.com
*1xbet.com
*1xslots-online.com
*1xstavka.ru
*21casino.com
*22bet.com
*24kcasino.com
*2gis.ru
*2gis.ua
*3dn.ru
*5-tv.ru
*777.com
*888.ru
*abet.ru
*academyit.ru
*achtungpartisanen.ru
*admin-gorlovka.ru
*agklnr.su
*agoravox.tv
*alchevsk.su
*algoritmika.org
*allcrimea.net
*altaipalace.net
*anna-news.info
*antifashist.com
*antifriz.tv
*antimaydan.info
*antr-adm.ru
*antratsit.su
*aprlnr.su
*argocasino50.com
*armgov.ru
*artv-news.ru
*asd.news
*asketlnr.su
*asssr.info
*astrabet.ru
*au-donetsk.ru
*auto.ru
*avtopribor.ru
*baltbet.ru
*begemot.media
*bet365.ru
*betboom.ru
*betchain.com
*betchplp.xyz
*betcity.ru
*betring.org
*bettery.ru
*betwinner.com
*bg14.org
*billingtv.net
*bitcoincasino.us
*bitrix24.site
*biz.ua
*bizdnr.ru
*blogspot.com
*bmpvsu.ru
*bober-tv.ru
*bookmate.com
*britannia-kaliningrad.ru
*brunoyam.com
*bryanka.su
*bwin.ru
*c-eho.info
*c-inform.info
*c-pravda.ru
*cambridgecentre.ru
*capitaller.ru
*cardsharingserver.tv
*casinotoken.com
*cbilling.biz
*cbilling.in
*cbilling.pw
*cbillingtv.net
*changamireltd.com
*cikdnr.su
*cloudbet.com
*clubpixel.ru
*cmh.ru
*coddyschool.com
*com.ru
*comitet.su
*contactpay.com
*crb-dnr.ru
*crimea-news.com
*crimea-radio.ru
*crimea24.tv
*crimeapress.info
*dan-news.info
*debalcevo-dnr.ru
*denis-pushilin.info
*denis-pushilin.ru
*digitalrussia.tv
*djankoiadm.ru
*dnipress.com
*dnmchs.ru
*dnr-hotline.ru
*dnr-life.ru
*dnr-live.ru
*dnr-news.com
*dnr-online.ru
*dnr-pravda.ru
*dnr24.com
*dnr24.su
*dnrailway.ru
*dnronlane.su
*dnrsovet.su
*do-mein.ru
*domkino-premium.tv
*domkino.tv
*dommintrans.ru
*donbass-insider.com
*donbass.media
*donbasstoday.ru
*doncsm.ru
*doneast.su
*donetsk-france.org
*donmarkets.ru
*donmintrans.ru
*donnu.ru
*dontimes.ru
*drweb.ru
*e-news.su
*econri.org
*edem.tv
*edemtv.me
*eduson.academy
*elmi.ua
*enakievo.org
*eramedia.com.ua
*euslot.com
*exchanger.money
*exchanger.ru
*fastpay-casino.com
*fgi-lnr.su
*finbet.bet
*findexiq.com
*fon.bet
*fonbet.ru
*forma-box.ru
*fox-tv.fun
*fpdnr.ru
*fplnr.org
*freedom.kiev.ua
*fsnslnr.su
*fss.ru
*fssprus.ru
*gameassists.co.uk
*gazeta-dnr.ru
*gazeta.ru
*gazetacrimea.ru
*gb-dnr.com
*gb.ru
*gdcert.com
*geopolitika.ru
*ggbet.ru
*gisnpa-dnr.ru
*gkecopoldnr.ru
*gkgtn.ru
*gknslnr.su
*gkslnr.su
*gktrlnr.su
*glava-lnr.info
*glava-lnr.su
*gle.ru
*goldfishka68.com
*golospravdy.com
*gomel-sat.bz
*gorlovka-news.su
*gorlovka-tv.ru
*gorlovka.today
*gorod-donetsk.com
*gorod-lugansk.com
*goskomzemdnr.ru
*goskomzemlnr.su
*gosnadzorlnr.ru
*gosrezervlnr.su
*gosstat-dnr.ru
*gostrud-dnr.ru
*gov.ru
*govdnr.ru
*gpdnr.su
*gplnr.su
*grandx.com
*group-ib.ru
*gsdsd-dnr.ru
*gt-news.info
*gtklnr.su
*gtrklnr.su
*gtrlnr.com
*guarantee.ru
*gum-centr.su
*guprec.ru
*hexlet.io
*howto-news.info
*howtonews.info
*htmlacademy.ru
*i-don.ru
*i-edem.tv
*iedem.tv
*ikrim.net
*ikstv.ru
*ilook.tv
*ilucki.com
*inforeactor.ru
*inlinegroup-c.ru
*inlinegroup.ru
*inlinegroup.ua
*inosmi.ru
*inst.net
*interra.bz
*ints.net
*ip-tv.club
*iptv-ru.com
*iseetv.net
*iskra-dnr.ru
*iz.ru
*izbirkom.ru
*jinopro.net
*joocasino.com
*journalcrimea.ru
*jpgazeta.ru
*kanal-o.ru
*karpov.courses
*karusel-tv.ru
*kaspersky.ru
*katyusha.tv
*kaznalnr.ru
*kcpn.info
*kga.su
*kianews24.ru
*kinopoisk.ru
*konungcasino.com
*kp.ru
*krasnodon.su
*krasnyluch.su
*krtech.ru
*labirint.ru
*lenta.ru
*leon.ru
*leonid-pasechnik.info
*lgt.su
*lifelug.su
*ligastavok.ru
*lightiptv.me
*linebet.com
*litres.ru
*livejournal.com
*lnr.media
*lnr.today
*loftschool.com
*lostarmour.info
*loyalcasino.com
*lpr-reg.ru
*lprreg.ru
*lug-info.com
*luga1news.ru
*lugansk-online.su
*lugansk.online
*lugansk.site
*lugansk1.info
*lutugino.su
*m24.ru
*mail.ru
*makeyevka.ru
*marathonbet.ru
*mchs-lnr.su
*mcxdnr.ru
*mdsdnr.ru
*media-xyz.com
*megasoft-ltd.ru
*megatransov.net
*melbet.com
*melbet.ru
*melord.net
*merlnr.su
*mgb-dnr.ru
*mgbdnr.ru
*mgblnr.org
*miaistok.su
*mid-dnr.su
*mil-lnr.info
*minfindnr.ru
*minfinlnr.su
*mininfodnr.ru
*minjust-dnr.ru
*minobr.su
*minpromlnr.su
*minstroy-dnr.ru
*minstroylnr.su
*mintek-dnr.ru
*mintop.su
*mintranslnr.su
*mintrudlnr.su
*mk.ru
*mklnr.su
*mondnr.ru
*money.ru
*moscowmedia.net
*mostbet.ru
*mozaika.dn.ua
*mprlnr.su
*mpt-dnr.ru
*mptdnr.ru
*mrespublika.ru
*msdnr.ru
*mshiplnr.su
*mskagency.ru
*mslnr.su
*mstcvfvcvb.com
*mtspdnr.ru
*mu-lnr.su
*mulnr.su
*muz1.tv
*mvd.ru
*mvddnr.ru
*mvdlnr.ru
*mzdnr.ru
*mzlnr.su
*n1casino.com
*nabu-leaks.com
*nabu-leaks.info
*nabu-leaks.net
*nabu-leaks.org
*nahnews.org
*narod.ru
*narodnoeopolchenie.ru
*nashagazeta.net
*nashe.ru
*nateks-don.ru
*nateks-dv.ru
*nateks-ural.ru
*nateks-volga.ru
*nateks.by
*nateks.ru
*nation-news.ru
*network-xyz.com
*nevelend.ru
*newinform.com
*news-front.info
*newsdnr.ru
*newsua.ru
*nm-g.ru
*nomadcasino.com
*novopressa.ru
*novorosinform.org
*novoross.info
*novorossia-tv.ru
*novorossia.su
*novorossia.today
*novorossia.vision
*novorossiatv.com
*novosti.icu
*nslnr.su
*nt1941.su
*nts-tv.com
*ntv.ru
*ntvplus.ru
*ntvplus.tv
*oddr.info
*odnarodyna.org
*odsd.ru
*ok-crimea.ru
*ok.ru
*okkupatsiya.net
*olimp.bet
*ombudsmandnr.ru
*onmedia.io
*opcrimea.ru
*oplot.tv
*otr-online.ru
*ottg.tv
*ottglanz.tv
*ottplay.com
*otus.ru
*owebmoney.ru
*ozon.ru
*paradisecasino.com
*paribet.ru
*parimatch.com
*parimatch.foundation
*parimatch.net
*parimatch.ua
*partycasino.com
*partypoker.com
*patreon.com
*paymaster.ru
*paymaster.ua
*paystree.com
*pervomaysklnr.su
*pflnr.su
*phoenix-dnr.ru
*pikinform.ru
*pinnacle.com
*pl.com.ua
*pm.ua
*pobeda.tv
*poehali.tv
*pokermatch.com
*pokermatch.ua
*politexpert.net
*politnavigator.net
*politros.com
*poolbet.ru
*postdonbass.com
*ppcrimea.ru
*pravdnr.ru
*primedice.com
*prodonbass.ru
*productstar.ru
*promedia.ru
*qiwi.com
*qiwi.kz
*qiwi.me
*qiwi.ua
*qiwiguide.ru
*qiwitrue.dev
*rabotavtaxi.pro
*radiovera.ru
*rambler.ru
*rbc.ru
*rcz-dnr.ru
*redkings.com
*redray-lnr-news.su
*redstarcasino20.eu
*ren.tv
*reporter-crimea.ru
*republic-tv.ru
*ria.ru
*riafan.ru
*rian.com.ua
*ritualdnr.ru
*rkproc.ru
*rmnews.ru
*rospotrebnadzor.ru
*roszdravnadzor.ru
*rov-adm.su
*rp24.info
*rst-dnr.ru
*rt.com
*rt.ru
*rtr-planeta.com
*rumedia24.com
*ruscrimea.ru
*rusdialog.ru
*rusmatica.org
*rusnext.ru
*russia.tv
*russian-center.ru
*rusvesna.su
*ruxpert.ru
*s8.capital
*sceptic.online
*school-xyz.com
*sev.tv
*sevastopol.press
*sf.education
*shahtersk.org
*sharij.com.ua
*sharij.net
*sharij.online
*simadm.ru
*skgazeta.su
*skillbox.ru
*skillfactory.ru
*sky.pro
*skyeng.com.ua
*skyeng.in.ua
*skyeng.ru
*skysmart.ru
*slavlnr.su
*slavvesti.su
*slovodel.com
*smartwm.ru
*smdnr.ru
*smi2.ru
*smotrim.ru
*sobranie-casino.com
*sovminlnr.ru
*sovminlnr.su
*sp-rc.ru
*sportloto.ru
*sputniknews.com
*stakhanov.su
*star-bet.ru
*starobeshevo.ru
*stepik.org
*stnmoscow.ru
*stoletie.ru
*strana.digital
*strana.news
*strana.one
*strana.today
*strana.ua
*stv92.ru
*sudrf.ru
*supcourt-dpr.su
*svk-portal.su
*svpressa.ru
*szstakhanov.su
*tass.ru
*taxi-yandex.com.ua
*taxi-yandex.kiev.ua
*telecafe.ru
*telecomsite.ru
*telekanal-oplot.tv
*telesputnik.ru
*telmanovo-dnr.ru
*tennisi.bet
*tfomsrk.ru
*tk-union.tv
*tnt-online.ru
*tochka.com
*top-academy.ru
*topiptv.info
*torez24.ru
*tppdnr.ru
*trkmillet.ru
*trudgor.su
*trudslava.su
*tsiklnr.su
*tvc.ru
*tvkultura.ru
*tvlider.net
*tvoetv.in.ua
*tvzvezda.ru
*ucoz.org
*ugletele.com
*ukraina.ru
*ukraine.ru
*umi.ru
*uscrimea.ru
*utro.ru
*uzhhorod.today
*vedomosti.ru
*versia.ru
*vesti-k.ru
*vesti.ru
*vesti92.ru
*vgl-sport.ru
*vgtrk.com
*vipdrive.net
*vitrina.tv
*vk.com
*vmakeevke.com
*vodadonbassa.ru
*voicesevas.ru
*voloshyna.org.ua
*voltbet.ru
*voskhodinfo.su
*vperedlnr.su
*vremya.tv
*vsednr.ru
*web-moneta.com
*web-money.ru
*web.com
*webmoney-keeper.ru
*webmoney.by
*webmoney.com.ua
*webmoney.ru
*webmoney.ua
*wildberries.am
*wildberries.by
*wildberries.eu
*wildberries.kg
*wildberries.kz
*wildberries.ru
*wildberries.ua
*winline.ru
*wm-factor.com.ua
*wmchanger.com
*wmeuro.eu
*wmid.com
*wmsite.ru
*wmtransfer.com
*wmx.ru
*worldpress.com
*x-bet.co
*xxiveklnr.su
*yalta-tv.ru
*yaltatv.ru
*yandex-taxi.com.ua
*yandex.ru
*yandex.ua
*yandexdatafactory.com
*yandextaksiua.com.ua
*yandextaxi.com.ua
*yandextaxi.kiev.ua
*yasispolkom.ru
*yataxi.com.ua
*yataxi.net
*yookassa.ru
*yoomoney.ru
*yoomoney.website
*yumoney.ru
*zavtra.ru
*zedom.net
*zenit.win
*zerocoder.ru
*zhdanovka.com
