0.ru
0370.ru
08k.ru
0qu.ru
1-ofd.ru
1.ru
1000000diy.ru
1000mp3.ru
1001goroskop.ru
1001guru.ru
1005km.ru
100biografiy.ru
100cards.ru
100dorog.ru
100points.ru
100sp.ru
101.ru
101key.ru
101kot.ru
101oblik.ru
103.by
10pix.ru
11one.ru
11y.ru
12gds.ru
15pix.ru
15plusmg.ru
16-bits.ru
19rusinfo.ru
1ak.ru
1astrjasr.ru
1avatara.ru
1avtozvuk.ru
1beautynews.ru
1c-bitrix.ru
1c-h.ru
1c-kod.ru
1c-softclub.ru
1c.ru
1cdn.su
1cent.in
1cent.tv
1cloud.ru
1cman.ru
1cont.ru
1cupis.ru
1dv.ru
1gb.ru
1hd.ru
1internet.tv
1iptv.ru
1nasledstvo.ru
1poplitke.ru
1prime.ru
1prof.by
1progs.ru
1rsload.ru
1sbuh.ru
1sn.ru
1stbreath.ru
1track.ru
1tv.com
1tv.ru
1tvcrimea.ru
1x-bet.com
1xbet.com
1xslots-online.com
1xstavka.ru
1zoom.ru
2-5-cheloveka.ru
211.ru
21mm.ru
220vk.ru
220youtube.ru
22bet.com
22kota.ru
24app.ru
24gadget.ru
24hc.ru
24log.ru
24olimp.ru
24open.ru
24tnews.ru
24topnews.ru
26hz.ru
288sb.com
28kartin.ru
28yw0a.ru
2aktera.ru
2ca2u68x1x.su
2gis.ru
2gis.ua
2hpc.ru
2ip.ru
2k0.ru
2karandasha.ru
2kita.com
2olega.ru
2prishi.ru
2rsload.ru
2whois.ru
2x2tv.ru
2xclick.ru
300experts.ru
301-1.ru
30secondstomars.ru
30seo.ru
32cars.ru
360.ru
360tv.ru
365sms.ru
366.ru
3angels.ru
3cdn.ru
3d-diy.ru
3d-galleru.ru
3dcenter.ru
3dlutcreator.ru
3dn.ru
3dnews.ru
3dspec.ru
3dtoday.ru
3ginfo.ru
3iks.ru
3kingdom.ru
3kingdoms.ru
3news.ru
3proxy.ru
43edu.ru
45.ru
4bbl.ru
4brain.ru
4clubcom.ru
4dekor.ru
4exchange.ru
4game.ru
4k-monitor.ru
4k-video.ru
4kpc.ru
4leb0e.ru
4living.su
4pda.ru
4pda.to
4sims.ru
4tololo.ru
4x4photo.ru
5-tv.ru
5.argocasino50.com
53.ru
5cm.ru
5dhnv8.ru
5go.ru
5lad.ru
5mod-file.ru
5mod.ru
5vd12a.ru
5x86.ru
66.ru
6ahddutb1ucc3cp.ru
6povarov.ru
707.su
72.ru
72zabor.ru
74.ru
7dach.ru
7days.ru
7ref.ru
7snov.by
7themes.su
7zet.ru
82.mchs.gov.ru
82.mvd.ru
82.rkn.gov.ru
82.rospotrebnadzor.ru
82reg.roszdravnadzor.ru
888.ru
89897258969.ru
8k0.ru
8lamp.ru
907707.ru
9111s.ru
9649.ru
99px.ru
9levl1.ru
9sam.ru
CyberPulse.ru
DOTA2.ru
FunTime.su
IMAGEBAN.ru
JUT.su
LANTa-NEt.ru
LANtA-NEt.ru
LANta-net.ru
LUXUp.ru
LUxUp.ru
LaNtA-NEt.ru
Lanta-Net.ru
Lanta-neT.ru
Luxup.ru
PAsAmART.ru
PRAVMIR.ru
RUTUBE.ru
RUTUBELIST.ru
SENDSAY.ru
TORREnT.by
TORReNT.by
TOrReNT.by
ToRReNt.by
ToRRenT.by
TorrEnt.by
YANDEX.ru
YAPFILES.ru
a-angel.ru
a-real.ru
a-russia.ru
a0z.ru
a1agregator.ru
a21network.ru
a4b5club.ru
aa22.ru
aact.ru
aasubbotina.ru
ab57.ru
abandonware.ru
abbv.ru
abbyy.ru
abc2.ru
abet.ru
abia.ru
abirus.ru
abkhazia.su
abnews.ru
about-windows.ru
about1c.ru
aboutanimals.ru
aboutsmarttv.ru
abs-magazine.ru
absintheclub.ru
absolutins.ru
absolutmebel.ru
abstroi.ru
abw.by
academic.ru
academika.ru
academpharm.by
academvisa.ru
academy-cs.ru
academyit.ru
academysexology.ru
accessrf.ru
achtungpartisanen.ru
acomics.ru
acomk.ru
action-press.ru
acucab.ru
ad-tech.ru
adacoins.ru
adact.ru
adaptsportpenza.ru
adata.by
adaurum.ru
adblocksosal.ru
adbomb.ru
adbz.ru
adengi.ru
adev-addon.ru
adfave.ru
adfox.ru
adhigh.net
adindex.ru
adlooxtracking.ru
admagazine.ru
admediator.ru
admile.ru
admin-gorlovka.ru
admnvrsk.ru
adpass.ru
adplay.ru
adprofits.ru
adrenalinezone.ru
adriver.ru
adrun.ru
adsentiz.ru
adservings.ru
adslclub.ru
adslink.su
adslinks.ru
adstreamer.ru
adultlabs.ru
adv-shop.ru
advanta-m.ru
advertur.ru
advisor.wmtransfer.com
advokat-02.ru
adwolf.ru
adygeya.ru
adygeya.su
ae-grupp.ru
ae-project.su
aelectrik.ru
aeplatform.ru
aerdns.ru
aex.ru
afinaland.ru
afisha.ru
afisha.yandex.ru
afisha.yandex.ua
aflink.ru
aftamat4ik.ru
after60.ru
afvgavt.ru
ag.ru
agava.net.ru
agency2.ru
agent-a.ru
aggreggator.ru
agige.ru
agklnr.su
agkonsult.ru
agregatoreat.ru
agro-i.ru
agrobase.ru
agrobelarus.by
agropk.by
agropoisk.ru
agroprom.msdnr.ru
agroserver.ru
agroxxi.ru
agyha.ru
ahaclub.ru
ahmadve.ru
ahunter.ru
aibolitets.ru
aif.by
aif.ru
ailm.ru
aimone.ru
aimp.ru
aimp.su
aineauramountain.ru
aipart.ru
airbase.ru
airpersonalities.ru
airsoft-rus.ru
akademiya-gornih-turov.ru
akademiya.znanierussia.ru
akado-ural.ru
akb-podbor.ru
akciatv.ru
akkordbard.ru
akro-spb.ru
akrvana.ru
akspic.ru
akteria.ru
aktivsb.ru
aktyubinsk.su
akubova.ru
akulova.by
akusherstvo.ru
akvakraska.ru
akvamir72.ru
akz21.ru
aladdin-rd.ru
alarm-motors.ru
alawark.ru
albacom.ru
albero-kuhni.ru
alchevsk.su
alcoclinic.ru
aldebaran.ru
alef-safe.ru
aleksandrovstroy.ru
alekssamosbt.ru
alenaosipova.ru
alexfine.ru
alexgyver.ru
alfabank.ru
alfadirect.ru
alfaradio.by
algoritmika.org
algostar.ru
aliasbakery.ru
alib.ru
aliexpress.ru
alisa-tver.ru
alitools.ru
all-cs.ru
all-make.su
all-poster.ru
all4games.ru
allaboutourladies.ru
allcalc.ru
allcalculators.ru
allcarz.ru
allcrimea.net
allcs.ru
alldaily.ru
allfinegirls.ru
allfont.ru
allmmorpg.ru
allods.ru
allrepack.ru
allsekrets.ru
allsoft.ru
allsports-tv.ru
allstat-pp.ru
alltend.ru
alltime.ru
alltravnik.ru
alonely.ru
alpha-ag.ru
alpha-energy.ru
alphagroup.ru
als53.ru
alta.ru
altailife.ru
altaipalace.net
altapress.ru
altergeo.ru
alternatio.org
altravita-ivf.ru
alumostroy.ru
am-light.ru
amalgama-lab.com
ambal.ru
ambox.ru
ambulatorno.ru
amdemo.ru
amdm.ru
amediateka.ru
amelie-style.ru
amgradio.ru
amic.ru
amigo-s.ru
amk-center.ru
amk-team.ru
amktroyka.ru
amlgames.com
amocrm.ru
ams-soft.ru
amur-n.ru
amvet.ru
amvnews.ru
amvrosievka-gorsovet.1c-umi.ru
amvrosievka-gorsovet.umi.ru
an-novocel.ru
an812.ru
analizfamilii.ru
analizy-sochi.ru
anasmi.ru
andata.ru
andraus.ru
andreil.by
andrewblog.ru
andreytkalenko.ru
androeed.ru
androha.ru
androidhost.ru
androidinsider.ru
androidmodgame.ru
andychef.ru
anekdot.ru
anextour.ru
anilibriaa.ru
anilibriadub.ru
anilibrias.ru
anilibriaz.ru
animal-doc.ru
animav.ru
anime-bit.ru
anime-recommend.ru
animecenter.ru
animelayer.ru
animereactor.ru
animeshik.ru
animespirit.ru
animeu.ru
anionix.ru
anipower.ru
aniqit.com
anketolog.ru
anmoigorod.ru
anna-news.info
announce-tor.ru
anodkatod.ru
anomaly-zone.net
anomaly-zone.ru
anon-chat.ru
anonmax.ru
antemion.ru
antenasport.ru
antenna-dvb-t2.ru
anti-malware.ru
anti-sovetnic.ru
antiage-kitchen.ru
antiblockseries.ru
anticlassic.ru
antifashist.com
antifriz.tv
antimaydan.info
antiplankton.ru
antisovetnic.ru
antispamsniper.com
antistarforce.com
antiwomen.ru
antmsk.ru
antobiz.ru
antonij72.ru
antonovsad.ru
antr-adm.ru
antratsit.su
anumis.ru
anybalance.ru
ap-pro.ru
apeplayer.ru
api-prod-europaplus.apptimizm.pro
api.viqeo.tv
apiblink.ru
apidater.ru
apimonster.ru
apinews.ru
apkw.ru
apollon174.ru
aport.ru
apot.ru
app2top.ru
appbearing.ru
appinfo.su
appleinsider.ru
appsmail.ru
appstorrent.ru
apptracer.ru
apptractor.ru
apriltime.ru
aprlnr.su
aptechestvo.ru
apteka-april.ru
apteka.by
apteka.ru
apteka245.ru
aptekabv.ru
aquamagaz.ru
aquamir63.ru
aquarium-msk.ru
arbatova.ru
arbitr.ru
arbitrage.webmoney.ru
arbitrage.webmoney.ua
arcanecoast.ru
archi.ru
arctic-online.ru
ardis-dent.ru
arduino.ru
arduinomaster.ru
arduinoprom.ru
arendator.ru
aresmine.ru
aresmine.su
argonlabs.ru
argumenti.ru
arhangel.ru
arhitectyra.ru
aristo.ru
aristosgroup.ru
arkhangelsk.su
arkmv.ru
arksp.ru
arm24news.ru
armenia.su
armgov.ru
army-news.ru
arny.ru
arp.by
arsenal-academy.ru
art-assorty.ru
art-catalog.ru
art-lunch.ru
art-matita.ru
art2sarov.ru
artapova.ru
artchive.ru
artemid-gr.ru
artfile.ru
articraft-club.ru
artkvartal.ru
artlib.ru
artmoney.ru
artnow.ru
artofwar.ru
artpeople.ru
artpostergallery.ru
artscroll.ru
artstudio-shop.ru
artv-news.ru
artvid.ru
artygrief.su
arwar.ru
as-doors.ru
ascnb1.ru
ascon.ru
asd.news
aservice-d.ru
ashgabad.su
asketlnr.su
askmoon.ru
asme-spb.ru
asna.ru
asnopo.ru
asp24.ru
aspirine.su
assistmw.ru
asssr.info
ast-info.ru
asteriagame.ru
astikiptv.ru
astrabet.ru
astraclub.ru
astrakhan.ru
astralnw.ru
astrapro.ru
astrocentr.ru
astrologchukreeva.ru
astrologics.ru
astrology-online.ru
astromeridian.ru
astron-group.ru
astron-gt.ru
astronaut.ru
astroscope.ru
astrosfera.ru
astrosymbols.ru
astv.ru
asustor.ru
asvt.ru
atego-man.ru
atlantgranit.ru
atnrussia.ru
atraffic.ru
atraining.ru
attachmail.ru
attemts.ru
attuale.ru
atvmedia.ru
au-donetsk.ru
auction.ru
audi-club.ru
audience.yandex.ru
audience.yandex.ua
audiencenet.ru
audio-profil.ru
audio-retro.ru
audiomania.ru
audionika.ru
audioportal.su
audiovkontakte.ru
audit-it.ru
aume.ru
aumishop.ru
aurora-launcher.ru
aushki.ru
auto-bk.ru
auto-messenger.ru
auto.ru
autobook.one
autobuffer.ru
autocar163.ru
autocent.ru
autochehly.ru
autoclub-ix35.ru
autoclub02.ru
autodesk.ru
autogear.ru
autokadabra.ru
autolada-m-smr.ru
autolada.ru
automn.ru
automotoworld.ru
autoopt.ru
autopiter.ru
autoprogs.ru
autoreview.ru
autoshcool.ru
autosport.com.ru
autoton32.ru
autotrader-msk.ru
autouma.ru
autous.ru
autoweboffice.ru
av.by
av.ru
avangarddsl.ru
avanta-avto-credit.ru
avanteh.ru
avat.ru
avatarko.ru
avcdn.net
avercheva.ru
avg-it.ru
avia.yandex.ru
avia.yandex.ua
aviaforum.ru
avianews.ru
aviaport.ru
aviasales.ru
avidreaders.ru
avilclub.ru
avis-motors.ru
avisoclick.ru
avito.ru
avluga.ru
avo-cado.ru
avon-smotret.ru
avrorafitness.ru
avsila.ru
avto-cepi.ru
avto-gruzo.ru
avto-klass37.ru
avto25.ru
avtoall.ru
avtobeginner.ru
avtoblokrele.ru
avtocod.ru
avtodetalonline.ru
avtoduk-xcite.ru
avtofirma63.ru
avtogaz16.ru
avtograd-technology.ru
avtoklinikahm.ru
avtokompass.ru
avtokulikova.ru
avtolux35.ru
avtomarket.ru
avtonovostidnya.ru
avtopasker.ru
avtoport-msk.ru
avtopravodo.ru
avtopribor.ru
avtorskimgolosom.ru
avtoshkola-avtokursy.ru
avtosushi.ru
avtozvuk-info.ru
awaybird.ru
awd.ru
awdee.ru
awesomecars.ru
awilum.ru
awru.my.games
axiom-pro.ru
ayaznal.ru
ayurveda-tour.by
ayurvedaru.ru
azalia22.ru
azbooka.ru
azbuka-med.ru
azbukauborki.ru
azbyka.ru
azerbaijan.su
aziko.ru
azovnew.ru
azpassword.ru
aztorrent.ru
azurka.ru
b17.ru
b242ya.ru
b2b-elektrodvigatel.ru
b2box.ru
b2bpoisk.ru
b2pos.ru
b37mrtl.ru
babla.ru
baby-best.ru
babyblog.ru
babysongs.ru
backlanov.ru
backustv.ru
badger.ru
bafista.ru
bagler.ru
baguzin.ru
baikal.ru
baksiki.ru
bakteso.ru
balancer.ru
balashov.com.ua
balashov.su
balcony-info.ru
baldej.su
baltbet.ru
baltfasad.ru
bamper.by
banana.by
bandaumnikov.ru
bank131.ru
banki.ru
bankicards.ru
banking.gdcert.com
banking.guarantee.ru
banking.wmeuro.eu
banks.webmoney.ru
bannersaga.ru
bards.ru
baryshna.ru
bashinkom.ru
bashkiria.ru
bashkiria.su
bashtel.ru
basis-tp.ru
bassclub.ru
baza-knig.ru
bazafasada.ru
bazaman.ru
bb30.ru
bbmix.ru
bcad.ru
bcpolygon.ru
bdocodex.com
bdolife.ru
be1.ru
beadeath.ru
beatles.ru
beautybrowshop.ru
beautymastera.ru
beautymed-48.ru
beautypodruge.ru
beboo.ru
bedeos.ru
bednyakov.ru
bedshard.lol
bee-garden.ru
bee-master.ru
bee62.ru
beebooks.ru
beeline.ru
beeretracker.ru
begemot.media
beget.com
beget.ru
begun.ru
being-woman.ru
beinusov.ru
bel.ru
belalek.by
belcanto.ru
belslavkom.by
beltelecom.by
bendynet.ru
benzoteh66.ru
bequn.ru
beremennydo.ru
berezniki.su
berkem.ru
berlinerdeutsch.ru
bern-gross.ru
besstyzhie-lordserial.ru
best-insur.ru
best-mos.ru
bestbuytoy.ru
bestchange.ru
bestflowers.ru
bestfree.ru
bestgamer.ru
bestgif.ru
bestgif.su
besthard.ru
bestkrov.ru
bestveb.ru
bestweapon.ru
bet365.com
bet365.ru
betassist.ru
betboom.ru
betboost.ru
betcity.ru
bethesda.net
beton-cement-ru.ru
betonpogreb.ru
betonprosto.ru
betring.org
betsonsport.ru
bettery.ru
betwinner.com
betzona.ru
bezdna.su
bezradio.ru
bezrisk.ru
bf-annamariya.ru
bfm.ru
bg.ru
bg14.org
bget.ru
bgrtarc.ru
bi0.ru
bibimot.ru
bibinet.ru
bibizone.ru
bible.by
bibliovk.ru
biblotsman.ru
big-ass-porn.ru
bigbim.ru
bigenc.ru
biggeek.ru
bigpicture.ru
bigsv.ru
bigtv.ru
bikebb.ru
bikepost.ru
billingtv.net
bin.entware.net
bingogrief.ru
bingohvh.ru
bio-faq.ru
bio-shell.ru
biographe.ru
biojizn.ru
biosferapark.ru
biovitar.ru
bip.ru
bip16.ru
bipbap.ru
bir.ru
bistrodengi.ru
bisv.ru
bitasproductions.ru
bitcoinnews.ru
bitrix24.by
bitrix24.ru
bittracker.ru
bittrix.ru
bitumconference.ru
biz-gid.ru
biz-vart2.ru
bizdnr.ru
biznesguide.ru
bizon365.ru
bizorg.su
bk-mt.ru
bk55.ru
bkred.ru
black-m.ru
blackstar-carwash.ru
blag-auto36.ru
blamper.ru
blast.hk
blazeworld.su
blitz-remont.ru
blitztest.ru
bloger.by
blogpoint.ru
blogsnow.ru
blogspot.ru
bloknot-astrakhan.ru
bloknot-kamyshin.ru
bloknot-rostov.ru
bloknot-volgograd.ru
bloknot.ru
blondie.ru
blooomy.ru
bluesystem.ru
blynk.tk
bmpvsu.ru
bmstu.ru
bmw-autokraft.ru
bmwclub.ru
bmwland.ru
bmwpost.ru
bnkomi.ru
boardgamer.ru
bober-tv.ru
bober.ru
bodibildingnovichok.ru
boevoj.ru
boilervdom.ru
bolen-zdorov.ru
bolesnymd.ru
bolsheviks.ru
bolshoyvopros.ru
bondostock.ru
bone-country.ru
bonnycards.ru
bonsaigrow.ru
bonus-betting.ru
bonus-tv.ru
bonus.qiwi.com
book.ru
book24.ru
bookler.ru
bookmaker-ratings.ru
bookmate.com
bookmate.ru
bookplaneta.ru
bookprice.ru
bookraj.ru
books.ru
bookscloud.ru
booksfb2.ru
booksite.ru
booktreker.ru
boomcenter.ru
boommert.ru
boosty.to
bootstraptema.ru
boringrobots.ru
bosch-centre.ru
bosh-simens-remont.ru
botanichka.ru
botfaqtor.ru
botva.ru
brabus.ru
brainapps.ru
brand-print.ru
bratsk.ru
brazilserial.ru
brief24.ru
briefly.ru
brightspark.ru
brigo.ru
britannia-kaliningrad.ru
broccoligames.ru
brocit-kurit.ru
bronnitsy.ru
browser.yandex.ru
browser.yandex.ua
brunoyam.com
bryanka.su
bryansk.su
bryansku.ru
bs-dante.ru
bse77.ru
bsfg.ru
bt3f4hjsf6.ru
btraf.ru
btvar.ru
budclub.ru
budvawshes.ru
budzdorov.ru
bugaga.ru
buka.ru
bukhara.su
bumm-shop.ru
bunkr.ru
bunkrr.su
bunny-song.ru
bunnycdn.ru
burda.ru
bureau.ru
burgerkingkupon.ru
burninghut.ru
bus173.ru
busfor.ru
businesnev.ru
business-gazeta.ru
business-online.ru
businessfaq.ru
businessork.ru
bustime.ru
butterflies-nnov.ru
buzulukmedia.ru
buzzitton.ru
bvb-alyans.ru
bwbw2kje848hsmla.ru
bwin.ru
bwproject.by
bws0wvqt3k.ru
bwtorrents.ru
bydemzdorovimi.ru
byfly.by
byse.ru
bytiemoe.ru
bytovaya-himiya.ru
c-eho.info
c-inform.info
c-pravda.ru
cableman.ru
cackle.me
cad-is.ru
caddy-club.ru
cainiao.ru
cake011.ru
cakesclub.ru
calculate.ru
calculator888.ru
calcus.ru
calend.ru
calendar.yandex.ru
calendar12.ru
calendarbox.ru
callibri.ru
callkeeper.ru
calllabs.ru
calltouch.ru
calltracking.ru
calorizator.ru
cambridgecentre.ru
camremont.ru
canon.ru
caorec.ru
cap.ru
capitalaw.ru
capitalfm.moscow
capitallawdo.ru
capjack.ru
car-faq.ru
carbaza.ru
cardamp.ru
cardio-tomsk.ru
cardsharingserver.tv
cardsmobile.ru
carformer.ru
carfrance.ru
carhack.ru
carkoleso.ru
carline.ru
carsdaily.ru
cartetika.ru
cartoonnetwork.ru
cas1.ru
casada-russia.ru
casaricca.ru
caseguru.ru
cashbacksurf.ru
casino.partycasino.com
casino.redkings.com
castlerock.ru
castor-mebel.ru
cat4you.ru
catedratico.ru
catsnetwork.ru
cb-online.ru
cbd.ru
cbg.ru
cbilling.biz
cbilling.in
cbilling.pw
cbillingtv.net
cbr-xml-daily.ru
cbr.ru
cbrpay.ru
cccp3d.ru
cccstore.ru
ccf-moscou.ru
cdek.ru
cdn-tinkoff.ru
cdn.ag.ru
cdn.tf
cdn01.ru
cdnbunny.org
cdnjoyka.ru
cdnland.in
cdnmail.ru
cdnrtbsape.ru
cdnvideo.ru
cdrrhq.ru
ce4g6j97hi.ru
celebe.ru
center-pss.ru
centrmag.ru
cepia.ru
ceplari.ru
cetis.ru
cfiltr.ru
cgdownload.ru
cgpods.ru
ch3oh.ru
chaletriverclub.ru
championat.ru
changamireltd.com
changanauto.ru
chapchap.su
chat.ru
chatnadejda.ru
chatovod.ru
chaturbator.su
chatvdvoem.ru
chbrr.crimea.com
cheapest.su
cheapollo.ru
cheatbot.ru
cheatmine.ru
chechensoft.ru
chef-royal.ru
chefmarket.ru
chemister.ru
chemregion.ru
chemtable.ru
chernayamagiya.com
cherry-socks.ru
cherrywoman.ru
chesspro.ru
chimkent.su
china-moto.ru
chipdip.ru
chipfind.ru
chipmaker.ru
chipster.ru
chiptuner.ru
chistota-shop.ru
chitai-gorod.ru
chitalkino.ru
chitalnya.ru
chmoto.ru
chocolatier.ru
chpic.su
chpoking.ru
chronos.vl.ru
chruck.ru
chto-eto-takoe.ru
churchn.ru
cidian.ru
cifracom.ru
cikdnr.su
cikid.ru
ciklotto.ru
ciliz.com
cinemaplex.ru
ciscomaster.ru
cit-service.ru
citilink.ru
cityautos.ru
citycat.ru
citydrive.ru
citymurmansk.ru
ckct.ru
ckee.ru
cl-news.ru
clan.su
classelectric.ru
classic-online.ru
clck.ru
cldmail.ru
cleepr.ru
clever-lady.ru
cleversite.ru
clfg.ru
click-market.by
click-or-die.ru
click.ru
clickfraud.ru
clickfrog.ru
clicktex.ru
clicktraf.ru
clients-cdnnow.ru
cliffe.ru
clinic-dlin.ru
clinic-estet.ru
clinic23.ru
clinica-tibet.ru
clinicamen.ru
clipson.ru
cloud.pocketbook.digital
cloudfun.ru
cloudim.ru
cloudlessons.ru
cloudpayments.ru
cloudshop.ru
cloudtips.ru
cltn.ru
club-kamnya.ru
club-vinyl.ru
club443.ru
clubpixel.ru
clubturbo.ru
cmd-online.ru
cmediahub.ru
cmh.ru
cmle.ru
cmlt.ru
cmyk-system.ru
cnc3018.ru
cnews.ru
cnhufa.ru
cnmt.ru
coaching-psy.ru
cobaltr4.ru
coddyschool.com
code.mu
codenet.ru
coffeejockey.ru
cojo.ru
coldharbour.ru
collectomania.ru
college.ru
collezioni-magazine.ru
colorprofi.ru
colorscheme.ru
coltel.ru
com.by
com.ru
comagic.ru
combats.ru
comboplayer.ru
combot.org
comedytheatre.ru
comicsplanet.ru
comitet.su
commandik.ru
comp-masterr.ru
comp-web-pro.ru
companium.ru
compnout.ru
composion.ru
compositeonline.ru
compressorair.ru
computern.ru
computerra.ru
compuzilla.ru
comss.ru
comstar.ru
condenast.ru
consoleclub.fun
consultant.ru
consultantdo.ru
cont.ws
contactpay.com
contemo.ru
contentdownloader.ru
contented.ru
contragents.ru
conversion-sg.ru
conversmod.ru
cookingclub.ru
cooku.ru
coolakov.ru
coollifehack.ru
coomer.su
coop-land.ru
copypastas.ru
coralagency.ru
core.tf
corona92.ru
corp.qiwi.com
corsika-os.ru
coub.com
covermart.ru
cpalenta.ru
cpatracking.ru
cptjack.ru
cpvp.ru
cpykami.ru
cq.ru
cqham.ru
craftcafe.ru
craftdepot.ru
craftology.ru
crafts-gift-decor.ru
crarena.ru
crashlytics.ru
crazygames.ru
crazypanda.ru
crazytoken.ru
crb-dnr.ru
creagames.com
create-decor.ru
credit.webmoney.ru
creezitime.ru
crimea-news.com
crimea-radio.ru
crimea.com
crimea.gov.ru
crimea.izbirkom.ru
crimea.mk.ru
crimea.ria.ru
crimea.ru
crimea24.tv
crimea24tv.ru
crimeagasnet.ru
crimeapress.info
crosti.ru
cs-booster.ru
cs-valve.ru
cs16planet.ru
cs3396.ru
cscb.su
csexe.ru
csj.ru
cslords.ru
csm-tula.ru
css-ms.ru
cssbym.ru
csserv.ru
cssystem.ru
ct-company.ru
ctc.ru
ctclove.ru
ctcmotors.ru
ctoday.ru
ctoma.ru
ctrana.news
cubiq.ru
culturaltracking.ru
culture.ru
custommade.ru
cutiegirl.ru
cuys.ru
cuzrfkzwkn.ru
cvam.ru
cvetmir3d.ru
cvetov.ru
cwer.ru
cwer.su
cwer.sucwer.ws
cwer.ws
cyberforum.ru
cyberguru.ru
cyberivanovo.ru
cyberleninka.ru
cybersport.ru
cypherpunks.ru
cyrillitsa.ru
cytamins.ru
cytohistology.ru
cytovir.ru
czlra.ru
d-cd.net
d-service-b.ru
d1tracker.ru
d3-28.ru
d3.ru
d4reflection.org
dachnoe-delo.ru
dachnyi-ychastok.ru
dadata.ru
daddylive1.ru
dafeb.ru
dagestan.ru
dagestan.su
daily-go.ru
daily-inform.ru
dailymirror.ru
dailystorm.ru
dakagames.ru
dalwin.ru
damia.ru
dan-news.info
dan-news.ru
danieldefo.ru
daran.ru
darkalbum.ru
darkromance.ru
darkside.ru
darkvk.ru
darkvk2.ru
darminaopel.ru
dart.ru
daruse.ru
dashamail.ru
dastereo.ru
data.nag.ru
data.nag.wiki
datacdn.ru
datacenter.by
datacloudmail.ru
datadome.co
datago.ru
datalock.ru
datamind.ru
datarc.ru
datatracking.ru
davno.ru
dax.ru
daynotes.ru
days.ru
dayz-code.ru
dayzland.ru
dbankcdn.ru
dbankcloud.ru
dclans.ru
ddestiny.ru
ddgroupclub.ru
ddos-guard.net
ddriver.ru
de-online.ru
deacon.ru
deadviser.ru
deal.by
debalcevo-dnr.ru
debotaniki.ru
debt.wmtransfer.com
deckofficer.ru
deep-water.ru
deep1.ru
deflektor.ru
defo.ru
dekormyhome.ru
dekorspalni.ru
delaem-dvigaem.ru
delivery.yandex.ru
delo-vcusa.ru
delphi-help.ru
delphi-hlp.ru
delphibasics.ru
delphisources.ru
demiand.ru
demiart.ru
demokrat-clinic.ru
demoscope.ru
denarx.ru
dendyemulator.ru
dengi-denejki.ru
dengiinterneta.ru
denis-pushilin.info
denis-pushilin.ru
denpasar.ru
dentalklass.ru
dentalroott.ru
denvs.ru
depirf.ru
derbentmuseum.ru
derevoblog.ru
dergunovv.ru
derzhimformu.ru
des-life.ru
deseite.ru
design-homes.ru
design-mate.ru
design.ru
designboom.ru
designwonderland-crm.ru
designwonderland.ru
desireproject.ru
detalidarom.ru
detalka.ru
detalkof.ru
detectivetv.ru
detivmireufa.ru
detkipodelki.ru
deusdevs.ru
deutschonline.ru
dev-cs.ru
dev-notes.ru
dev.by
devapps.ru
devchenky.ru
devdelphi.ru
developer.qiwi.com
deviantart.net
devline.ru
devmail.ru
dexland.su
dfiles.ru
dfm.ru
dfogorod.ru
dfpr.ru
dg-home.ru
dgmu.ru
diafilmy.su
dialog-mebel.ru
diary.ru
digi-marcet.ru
digiseller.ru
digital-academy.ru
digital2.ru
digitalocean.ru
digitalrussia.tv
digitaltarget.ru
digitaltopics.ru
digitartzone.ru
dikb.ru
dimonvideo.ru
dimoon.ru
dinis.ru
dip-kostroma.ru
dipris-studio.ru
dipvr.ru
direct.yandex.ru
direct.yandex.ua
directadvert.ru
dirty.ru
discoveric.ru
discred.ru
disk.yandex.ru
disk.yandex.ua
distek.ru
distroy.ru
divan.by
divan.ru
divoch.ru
divolog.ru
divoss.ru
diz-kitchen.ru
dizainmetrov.ru
dizajninfo.ru
dizaks.ru
djankoiadm.ru
djinn.ru
djumalieva.ru
dk-zio.ru
dklab.ru
dknmebel.ru
dle14.ru
dlink.ru
dmclk.ru
dmd48.ru
dmde.ru
dmesp.ru
dmi3y-tv.ru
dmitrirender.ru
dmkos.ru
dmosk.ru
dmtoy.ru
dmway.ru
dmx-512.ru
dnd.su
dni.ru
dnipress.com
dnkgames.ru
dnmchs.ru
dno-it.ru
dnr-hotline.ru
dnr-life.ru
dnr-live.ru
dnr-news.com
dnr-online.ru
dnr-pravda.ru
dnr24.com
dnr24.su
dnrailway.ru
dnronlane.su
dnronline.su
dnrsovet.su
dns-master.ru
dns-shop.ru
dns.yandex.ru
dns.yandex.ua
do-mein.ru
dobdom.ru
dobrogoutra.ru
dobropovar.ru
dobrosos.ru
docme.ru
docode.ru
docs-python.ru
doctorhead.ru
doctorvoinov.ru
dokonlin.ru
doktor-disk.ru
doktoronla.ru
dokuchaevskga.ucoz.org
dollarr.ru
dolyame.ru
dom-lady.ru
dom-okey.ru
dom-sonnik.ru
dom2-line.ru
dom2-tube.su
dom2hd.ru
dom2on.ru
doma-ed.ru
doma-u-semena.ru
domadruzey.ru
domain00.ru
domainparking.ru
domashniy.ru
domashnyaya-kosmetika.ru
domavlad.ru
domclick.ru
domdvordorogi.ru
domikdomovenka.ru
dominokmv.ru
domkino-premium.tv
domkino.tv
domkinopremium.tv
dommintrans.ru
domovot.ru
domoxozyaiki.ru
domrnr.ru
domru.ru
domwoman.ru
don-ald.ru
donate.qiwi.com
donatepay.ru
donationalerts.com
donationalerts.ru
donballon.ru
donbass.media
donbasstoday.ru
doncsm.ru
doneast.su
donetsk.kp.ru
donmap.ru
donmarkets.ru
donmintrans.ru
donnasa.ru
donnov.ru
donntu.ru
donnu.ru
dontimes.ru
doob.by
dooralei.ru
doorsrnd.ru
doptik.ru
dosmedia.ru
dostavkadivanov.ru
dostavkatsvetov.ru
dostup1.ru
dota2.ru
dotterian.ru
dou29-asb.ru
downdetector.su
dp-tv.ru
dp.ru
dp10.ru
dpkapp.ru
dprofile.ru
dragmetinform.ru
dragon-english.ru
dragonknight.ru
draug.ru
dreamjob.ru
dreamofhair.ru
dreamteam43.ru
dressone.ru
drevo-info.ru
drigmatic.ru
drimtim.ru
drive-tech.ru
drive.ru
drive2.ru
drivedrom.ru
driver.ru
drkb.ru
droider-programms.ru
droider.ru
drom.ru
dropmefiles.com
drovavoz.ru
drp.su
drugvokrug.ru
drupal.ru
drweb.com
drweb.ru
ds-russia.ru
dsgners.ru
dslavangard.ru
dsp-rambler.ru
dspnow.ru
dtf.ru
dugtor.ru
dumainfo.ru
dumps.tadiphone.dev
dungeonsanddragons.ru
durak.ru
dv-stream.ru
dvb.by
dvemorkovki.ru
dvhab.ru
dvir.ru
dwar-info.ru
dwar.ru
dycpoisk.ru
dymohod-smirnov.ru
dyzh.su
dzen.ru
dzener.ru
dzeninfra.ru
dzhankoy.rk.gov.ru
e-06.adwolf.ru
e-biblio.ru
e-hentai.org
e-kittrade.ru
e-marcet.ru
e-news.su
e-pizzahut.ru
e-press.ru
e-proficom.ru
e-timer.ru
e1.ru
eadaily.com
eanews.ru
eaplay.ru
eapteka.ru
earth-chronicles.ru
earthquaketrack.ru
east-kazakhstan.su
eastnews.ru
easydonate.ru
easyelectronics.ru
easynod.ru
easynod.servebeer.com
easyx.ru
echo-design.ru
echudo.ru
ecigtalk.ru
ecobar.by
ecobeltex.ru
ecodomstroj.ru
ecofoto.ru
ecogazeta.ru
ecomcrm.ru
economapteka.ru
econri.org
ecosum.ru
ecutune.ru
eda.ru
edem-room.ru
edem.tv
edemtv.me
edgecdn.ru
edgecenter.ru
edgecore.ru
edgevideo.ru
edimdoma.ru
edna.ru
edostimg.ru
edovlatova.ru
edu.lpr-reg.ru
edu.ru
educom.ru
eduru.ru
edusite.ru
eduson.academy
effect8.ru
efl-forum.ru
efsol.ru
eg.ru
ege-crimea.ru
egeturbo.ru
egoist-music.ru
egoset.ru
ehoop.ru
eimb.ru
einfo.ru
ejka.ru
ekabu.ru
ekakonontoys.ru
ekatgid.ru
ekds74.ru
ekoptiza.ru
eksmo.ru
ekzorchik.ru
el-med.ru
el-mods.ru
el-shops.ru
elcats.ru
eldorado.ru
electrik-spb.ru
electrofind.ru
electroforum.su
electronix.ru
electronpribor.ru
electrotransport.ru
elektriksam.ru
elektrospets.ru
elementshop.ru
elementy.ru
elgrasso.by
elibrary.ru
elika2012.ru
eliks.ru
elis.ru
elit-santech.ru
elitegas.ru
elitsy.ru
eljur.ru
ellariel.ru
elle.ru
ellegoparket.ru
elleriumsoft.ru
elmarts.ru
elmi.ua
elpub.ru
eltex-co.ru
elwo.ru
ely.by
email-image.ru
emailmatrix.ru
emgsound.ru
eminers605.ru
eminers802.ru
emirabiz.ru
emsclinic.ru
emuverse.ru
enabledevice.ru
enakievo.org
encyclopatia.ru
enderix.ru
energocontinent.ru
energy-body.ru
energymuseum.ru
enersoft.ru
eng4school.ru
englex.ru
english-verbs.ru
englishelp.ru
englishinfo.ru
engplus.ru
enha.ru
enigma.ua
enjourney.ru
enkod.ru
enmed24.ru
entaipovakurs.ru
enterprof.ru
entomology.ru
entware.net
enum.ru
epg.fox-tv.fun
epp.genproc.gov.ru
epsondrivers.ru
era-igr.ru
eramedia.com.ua
ermolino-produkty.ru
eroshop.ru
erotalks.ru
erotease.ru
eroticgirls.ru
erotorrent.ru
erotovary.ru
erp-mta.ru
ertelecom.ru
erzrf.ru
escapechan.ru
esebua.ru
eshoper.ru
esir.gov.spb.ru
eskortmoskva.ru
esp8266.ru
esports.ru
espritgames.ru
esputnik.com
esseysad.ru
eterfund.ru
ethnomir.ru
etlib.ru
etoday.ru
etokhtarov.ru
etoskazka.ru
etu.ru
eurcars.ru
euro-football.ru
euro-shop.by
eurobyte.ru
eurocos.ru
euroonco.ru
europaplus.ru
eurosantehnik.ru
eurosar.ru
eurosuvenir.ru
eva.ru
evdokimenko.ru
events.wmtransfer.com
everest32.ru
everestdent.by
everypony.ru
evg-crystal.ru
evgeniyfit.ru
evgexa.ru
evolution-plus.ru
evp.rk.gov.ru
ewabro.ru
exaccess.ru
exactlycase.ru
exbot.su
excalibur-craft.ru
excam.ru
excelion-info.ru
excelworld.ru
exchanger.money
exchanger.money.ru
exchanger.ru
exe.ru
exesniper.com
exist.parts
exist.ru
exkavator.ru
exkinoray.ru
exler.ru
exnet.su
expeducation.ru
expert-byt.ru
expert-edugalaxy.ru
expertisakr.ru
expf.ru
exponenta.ru
expressmed.ru
exzk.ru
eyepress.ru
f1-world.ru
f1news.ru
faberlic-smotret.ru
faberlic-u.ru
fabrikadk.ru
facct.ru
facenewss.ru
facesave.ru
factbaza.ru
factorio.su
factornews.ru
factstore.ru
fair-exchange.ru
faketime.su
family-journal.ru
family3.ru
familydoctor.ru
fan-fifa.ru
fanat1k.ru
fancomstroy.ru
fanfics.me
fanhair.ru
fanpictures.ru
fansubs.ru
fantasticcraft.ru
fantlab.ru
fapello.ru
fapello.su
fapl.ru
farmanager.com
farmani.ru
farpost.ru
farvarter.ru
farvater-td.ru
fashiongu.ru
fashmag.ru
fast-film.ru
fast-torents.ru
fast-torrent.ru
fast2load.ru
fastpic.org
fastpic.ru
fatoid.ru
fb.ru
fbras.ru
fbsearch.ru
fcenter.ru
fconvert.ru
fct-altai.ru
fdoctor.ru
febrare.ru
federalcity.ru
fedpress.ru
feedot-cloud.ru
feedsmart.ru
femmida.ru
femmie.ru
feo.rk.gov.ru
ferma-biz.ru
ferra.ru
fesclub.ru
festima.ru
ff-orignal.ru
ffclub.ru
ffffff.ru
fgi-lnr.su
fgssr.ru
fi-hi.ru
fialkisvetlana.ru
fianna.ru
fibre-family.ru
ficbook.net
fictionbook.ru
figure-skaters.ru
fil.su
filap.ru
filarmonia-donetsk.ru
filatovvlad.ru
filecheck.ru
files.wmtransfer.com
film.ru
filmax-tv.ru
filmic.ac
filmix.ac
filmnavi.ru
filmozavr.ru
films-torrent.ru
filter-cyclon.ru
filtr-aruan.ru
finansit.ru
finbet.bet
finby.by
findexiq.com
finec51.ru
finnauto.ru
finnautoparts.ru
fintr.ru
fipi.ru
first-apartment.ru
firststeps.ru
firsttrucks.ru
fishing.ru
fishlake-scripts.ru
fisting-shop.ru
fitmomonline.ru
fitness-firmika.ru
fitness-pro.ru
fitnessnova.ru
fitotrav.ru
fitstars.ru
fixicomp.ru
fixim.ru
fixitweb.ru
fixmag.ru
fixmypc.ru
fk.by
fkwallet.ru
fl.ru
flash-magic.ru
flashboot.ru
flashr.ru
flibusta.su
flipperzero.one
flipzip.ru
flnet.su
florin.ru
flot55.ru
flprog.ru
fluxhd.ru
fly-server.ru
fly2sky.ru
flymer.ru
flypobeda.ru
fmplay.ru
fmstream.ru
fnet-vpn.ru
fnkc-fmba.ru
foliant72.ru
folklor-dlya-detej.ru
foma.ru
fon.bet
fonbet.ru
fondpravmir.ru
fondtriumph.ru
fonstola.ru
fontanka.ru
fontankrasnodar.ru
fontdrvhost.ru
fonts-online.ru
fonwall.ru
fooby.ru
foodteor.ru
foontik.ru
forallkino.ru
forbes.ru
force-rp.su
forcedent.ru
forcestroy.ru
foreca.ru
forens-med.ru
forexpf.ru
forgame.su
fork-portal.ru
form-m.ru
forma-box.ru
formdesigner.ru
formula-zd.ru
fornote.net
forscan.org
forum-lines.ru
forum-top.ru
forum2x2.ru
forumavatars.ru
forumavia.ru
forumhouse.ru
forumimage.ru
forumkinopoisk.ru
forummikrotik.ru
forumooo.ru
forumot.ru
forumplanet.ru
forumscripts.ru
forumsdrom.ru
forumsmotri.su
forumstatic.ru
forumupload.ru
forward-sport.ru
forzajuve.ru
fos-nn.ru
fotki.yandex.ru
fotkiflo.ru
foto-stroyka.ru
foto-volos.ru
foto.ru
fotohost.by
fotokartinki.ru
fotokto.ru
fotoload.ru
foton-auto-mo.ru
fotonn.ru
fotopik.net
fotopod.ru
fotoredactor.ru
fotosklad.ru
fotostrana.ru
fox-fan.ru
fox-guide.ru
fox-tv.fun
foxford.ru
foxglam.ru
fozerapp.ru
fpdnr.ru
fplay.su
fplnr.org
fpp-alania.ru
fppressa.ru
fragrantica.ru
francissimo.ru
frandesa.by
fraufluger.ru
free-kassa.ru
freedom.kiev.ua
freeduino.ru
freeexchange.ru
freekassa.ru
freelance.ru
freeman42.ru
freeplanetvpn.ru
freescreens.ru
freeseller.ru
freesmi.by
freesoft.ru
freesoftrus.ru
freesteam.ru
freetorrent.ru
freize.net
french-foto.ru
frenglish.ru
fresh-cards.ru
fresh-recipes.ru
freshpics.ru
freshtorrent.ru
friday.ru
fridaywear.ru
friendlygames.ru
frisbuy.ru
front-rf.ru
frontacoustic.ru
frontol.ru
frontpc.ru
fsnslnr.su
fsrussia.ru
fullrest.ru
fullstacker.ru
fundora.ru
funomania.ru
funsters.ru
funtattoo.ru
funtime.su
funtochka.ru
furnation.ru
fusionguru.ru
fxtt.ru
g-women.ru
g4blin.ru
gafuk.ru
gagsters.ru
gallery.ru
galya.ru
gama-gama.ru
game-debate.com
game-lead.ru
game01.ru
gamearmy.ru
gameawards.ru
gamebomb.ru
gamecop.ru
gamedl.ru
gameguru.ru
gamekot.top
gamemag.ru
gamenet.ru
gamepe.ru
gamepic.ru
gamer-mods.ru
gamer.ru
gamerslair.ru
gamesisart.ru
gamesok.ru
gamesvoice.ru
gameswim.ru
gammagames.ru
garant.ru
gardenprotection.ru
garryspirit.ru
gastrobranch.ru
gastroe.ru
gastronom.ru
gastronomu.ru
gastrosapiens.ru
gatoga.ru
gaz39.ru
gazeta-dnr.ru
gazeta-unp.ru
gazeta.ru
gazetacrimea.ru
gazetametro.ru
gazobeton59.ru
gazprom.ru
gb-dnr.com
gb.ru
gb2cernyv.ru
gblnet.ru
gbusm.ru
gc-robot.ru
gcdn.co
gdebirka.ru
gdefile.ru
gdeposylka.ru
gdeslon.ru
gds-manuals.ru
geekometr.ru
geektimes.ru
gemotest.ru
genapilot.ru
genby.ru
geneal.ru
genichesk.khogov.ru
genns.ru
geocaching.su
geocult.ru
geodesist.ru
geopolitika.ru
georg34.ru
georgia.su
geraci.ru
geraldika.ru
gerbovnik.ru
germany.ru
germet-pro.ru
geroncraft.ru
geronimo.su
gertadv.ru
gesigor.ru
get-color.ru
get4click.ru
getandgo.ru
getappwiz.ru
getbb.ru
getblogger.ru
getbtn.ru
getcourse.ru
getexperiment.ru
getfusion.ru
getoneclick.ru
getsiptv.ru
getvideo.su
getyourguide.ru
getzstyle.ru
ggbet.ru
ggsel.ru
giapkdnr.msdnr.ru
giashop.ru
gibdd-pay.ru
gibevay.ru
gid-online.ru
gid.ru
giex.ru
gifbest.ru
gifotkritki.ru
gigabyte.ru
gigachad-cdn.ru
gilev.ru
gin.by
gippokrat-plus.ru
gipsyteam.ru
girlsinfo.ru
gisclub.tv
gismeteo.ru
gisnpa-dnr.ru
gistroy.ru
gitflic.ru
gjv7fg.ru
gk-stalker.ru
gkecopoldnr.ru
gkgtn.ru
gkh11.ru
gknslnr.su
gks.ru
gkslnr.su
gktrlnr.su
glamour.ru
glamurnenko.ru
glasnarod.ru
glav.su
glava-lnr.info
glava-lnr.su
glavboard.ru
glavstat.govdnr.ru
gle.ru
glisty.su
glitchless.ru
global-source.ru
global-weather.ru
global.parimatch.com
gm-setti.ru
gnezdo.ru
gnezdo2.ru
gnezdom.ru
go-radio.ru
godrop.ru
godville.net
gogov.ru
goha.ru
goldenfront.ru
goldfishka68.com
golftur.ru
golnk.ru
golos-naroda.tv
golospravdy.com
golye-devushki-photo.ru
gomel-sat.bz
goo.su
goodcopy.su
goodfon.ru
goodgame.ru
goodmart24.ru
goodmod.ru
goods-finder.ru
goodtrading.ru
google.by
google.ru
googlesavedata.ru
gora-posudy.ru
gorcomnet.ru
gorilla-trailer.ru
gorlovka-news.su
gorlovka-tv.ru
gorlovka.today
gormed.su
gorod-donetsk.com
gorod-lugansk.com
gorodkirov.ru
gorodschekino.ru
goskomzemdnr.ru
goskomzemlnr.su
gosmed.ru
gosnadzorlnr.ru
gosrezervlnr.su
gosstat-dnr.ru
gostrud-dnr.ru
gosuslugi.ru
gotennis.ru
gotoadm.ru
gotovim-doma.ru
gov.by
gov.ru
gov.spb.ru
govdnr.ru
government.ru
govoritmoskva.ru
govoritsatka.ru
gp1.ru
gpb.ru
gpdnr.su
gplnr.su
gpm-content.ru
gpmdata.ru
gpmradio.ru
gps86.ru
gq.ru
gramota.ru
gramotool.ru
grand-l.ru
grandawards.ru
grandclock.ru
granitsnet.ru
grazdano4ka.ru
grazia.ru
great-tv.ru
greatpicture.ru
green-spark.ru
greencarscompare.ru
greendachnik.ru
greenflash.su
greenhosting.ru
greeninfo.ru
greenmile.ru
greenomsk.ru
grimpro.ru
griskomed.ru
grow-ads.ru
grozdova.ru
grozny.ru
grozny.su
gruppovuha1.ru
gruzdevclinic.ru
gruzovik-24msk.ru
gruzovoy.ru
grylev.ru
gs-corp.ru
gsdsd-dnr.ru
gsk-buran.ru
gsmforum.ru
gt-news.info
gta-mobile.ru
gta.ru
gta5v.ru
gtamania.ru
gtaprovince.ru
gtavicecity.ru
gtblg.ru
gtgames.ru
gthemes.ru
gtklnr.su
gtrk-volga.ru
gtrklnr.su
gtrlnr.com
gu-st.ru
gubkin.ru
gudok.ru
guidecrypto.ru
guidesgame.ru
guitarlib.ru
gum-centr.su
guns.ru
guprec.ru
gustokuchen.ru
gvol.ru
h-helpers.ru
h-hotel.ru
h1n.ru
h9m.ru
habr.com
habr.ru
habrahabr.ru
hackware.ru
hafelespb.ru
hairfood.ru
halfoff.ru
hamachi-soft.ru
hameleone.ru
hamsdr.ru
hand-store.ru
handwritter.ru
happy-world.su
happyflora.ru
happylend.ru
happylook.ru
happymodapk.ru
happypik.ru
hard-doors.ru
hardisoft.ru
hardwareluxx.ru
haval-otradnoe-dactor.ru
hd-rezka.su
hdrezka.ag
hdrezka.me
hdrezka.org
hdts-announce.ru
hdtv.ru
hdtvpro.ru
heaad.ru
health-diet.ru
hekon.ru
hellomagrussia.ru
hellomissmargo.ru
helloworld.ru
hellywood.ru
helpadmins.ru
helpme1c.ru
helpme1s.ru
hentai365.ru
heraldicum.ru
heroeswm.ru
heroesworld.ru
heromoney.ru
hersonka.ru
hexlet.io
hfsi.ru
hh.ru
hhcdn.ru
hhos.ru
hi-fi-forum.net
hi-fi.ru
hi-fidelity-forum.com
hi-intel.ru
hi-news.ru
hi-tech-zone.ru
hi.ru
hibiny.ru
hifi-audio.ru
hifinews.ru
highspeednetwork.ru
hightech.plus
hikvision.ru
hip-hop.ru
histrf.ru
hit-muzik.ru
hitbiju.ru
hitcounter.ru
hitpaw.ru
hitplayer.ru
hiwoenrep.ru
hl-laser.ru
hlboost.ru
hls-01-regions.emgsound.ru
hobbyfm.ru
hobbyndom.ru
hobbyportal.ru
hollyworld.su
holodilnik.ru
holyworld.ru
home-ix.ru
homechart.ru
homekit-store.ru
homewin.ru
homyak55.ru
honda-fit.ru
horochan.ru
horrorzone.ru
hosted-by-vdsina.ru
hostingradio.ru
hostingrust.ru
hot-parts.ru
hotcourses.ru
hotelmanage.ru
hotlog.ru
hotlong.ru
hotplug.ru
hourboost.ru
housecable.ru
houzz.ru
howemine.su
howto-news.info
howtonews.info
hozvo.ru
hq-video.ru
hram-preobrajeniya.ru
hserv.su
hsmedia.ru
ht2.ru
htmlacademy.ru
huawei-shop.su
huawei.ru
hudeem911.ru
huiontab.ru
humoraf.ru
humorpedia.ru
hunting.ru
hurrytolove.ru
hvostiq.ru
hvp45z.ru
hwccpc.ru
hwcdn.ru
hwcm.ru
hwp.ru
hyper-stars.ru
hyperauto.ru
hyperpc.ru
hyperschool.ru
hyundai-clubs.ru
hyundai-sam.ru
hyundai-sto.ru
i-dgtl.ru
i-don.ru
i-edem.tv
i-hostess.ru
i-igrushki.ru
i-media.ru
i-sng.ru
i-trailer.ru
i-wifi.ru
i2hard.ru
i9dhjx.ru
iam-profi.ru
iamcook.ru
iarex.ru
ibik.ru
iblitzmods.ru
icdmc.ru
icdn.ru
iceservice74.ru
ichip.ru
icons8.ru
ictechnika.ru
icyh3e.ru
idaprikol.ru
iddqd.ru
ideafix.name
ideafix.su
idealim.ru
idealnaya-ya.ru
idey-remonta.ru
idom.ru
idzn.ru
iedem.tv
ifiction.ru
ifreedom.su
ifvremya.ru
igat-samara.ru
iglara.ru
igorkripta.ru
igrafan.ru
igralove1.ru
igrasan.ru
igromania.ru
igroutka.ru
igrudom.ru
igrunkagames.ru
iguides.ru
ihc.ru
ihcode.ru
ihor-hosting.ru
ii4.ru
iimg.su
ik-ptz.ru
ika-maika.ru
ikey.ru
ikrim.net
ikstv.ru
il.ru
ilcats.ru
ilinblog.ru
illva.ru
ilnk.ru
ilook.tv
ilovaisk.ugletele.com
iloveasia.su
ilovefabric.ru
ilyabirman.ru
imageban.ru
imagename.ru
imagetext.ru
imageup.ru
imboom.ru
img-webcalypt.ru
imgbb.ru
imgbum.ru
imgdisk.ru
imghosts.ru
imgmos.ru
imgsmail.ru
imgzona.video
imha.ru
immyroom.ru
imou-life.ru
imou.ru
imperiafilm.ru
imperiyavkusov.ru
impqvdx.ru
in-biz.ru
in-space.ru
in-the-fog.ru
inadm.ru
inappstory.ru
incbtc.ru
incine.ru
inclusivekids.ru
indevices.ru
indi-tv.ru
india-film.ru
indiaserial.ru
industrialreviews.ru
inee.ru
inetcom.ru
inetlog.ru
infergames.com
infiniti.ru
infinityplay.ru
info-app.ru
info-app5shs.ru
info-guru.ru
info-hit.ru
info-spravki.ru
info-stroizakaz.ru
info.fox-tv.fun
info.paymaster.ru
infoaviatrans.ru
infogra.ru
infohaba.ru
infopovsem.ru
inforeactor.ru
informfrom.ru
informing.ru
informvest.ru
inforos.ru
infostart.ru
infoteach.ru
infourok.ru
infovestnik.blogspot.com
ingenier.ru
inkscapebook.ru
inlinegroup-c.ru
inlnk.ru
inmu3.ru
inmyroom.ru
inn.ru
innov.ru
innovationzone.ru
inormal.ru
inosmi.ru
inpearls.ru
inpenza.ru
inplat.ru
inplayer.ru
inplayroom.ru
insales-tech.ru
insales.ru
insearch.site
inst.net
instalator.ru
instituteiba.by
instreamvideo.ru
instruka.ru
instrument33.ru
int-medium.ru
int.ru
integralyoga.ru
intelplyus.ru
interesnonam.ru
interface.ru
interface31.ru
interfax.ru
interior.ru
internet-lab.ru
internetid.ru
internovosti.ru
interra.bz
interstroy58.ru
intickets.ru
intimkis.ru
intofact.ru
intrem.ru
intrud.rk.gov.ru
intuit.ru
inude.ru
invest-4you.ru
investfunds.ru
investor.qiwi.com
invitro.ru
involta.ru
inzhener-info.ru
ios18.ru
iosplayer.ru
ip-calculator.ru
ip-tv.club
ipev.ru
ipgold.ru
iphones.ru
ipic.su
ipicture.ru
iplookup.vvdev.ru
iportal.ru
iptrafic.ru
iptv-ru.com
iptvcinema.ru
iptvin.ru
iptvremote.ru
iptvsmotri.ru
iptvsmotri.su
ipv6tracker.ru
ipweb.ru
iqb.ru
iqreview.ru
ir-max.ru
ir.ru
irc.su
irecommend.ru
iris-center.ru
irk-florist.ru
irkutsk.ru
irkutskmedia.ru
ironlogic.ru
is-stroy.ru
is74.ru
iseetv.net
ishariki.ru
ishort.su
isicad.ru
iskra-dnr.ru
ispmanager.ru
ispring.ru
ispsystem.ru
istari.ru
istarik.ru
istoriipro.ru
istr34.ru
istu.ru
it-kb.ru
it-land.by
it-woomen.ru
it999.ru
itc-life.ru
itchief.ru
ithelp21.ru
itlogia.ru
itmages.ru
itndaily.ru
itop-gear.ru
itotal.ru
itproblog.ru
itprogress.ru
itshop.ru
itsid.ru
itzine.ru
ivanmotors.ru
ivanovo.su
ivbt.ru
ivd.ru
ivi.ru
ivinstrument.ru
ivkusnoiprosto.ru
ivteleradio.ru
iworknet.ru
ix.ru
ixbt.com
ixbt.games
iz-kirpicha.su
iz.ru
izap24.ru
izbaprint.ru
izhevsk-live.ru
izhpets.ru
izhtorrent.ru
izjum.ru
izpp.govdnr.ru
izubki.ru
izveztka.ru
j-phone.ru
j117.ru
jablog.ru
jackboxgames.ru
jacred.ru
jailbreakvideo.ru
jambyl.su
jaomix.ru
japancar.ru
japancars.ru
japancats.ru
jardic.ru
jarjad.ru
java-online.ru
javabegin.ru
javascript.ru
jazz-man.ru
jb5.ru
jdu.ru
jeepspares.ru
jensecrety.ru
jenskoe-shaste.ru
jiht.ru
jin0cbonpi.ru
jino.ru
jinopro.net
jira.ru
jitv.ru
jivay-woda.ru
jivo.ru
jk-luxe.ru
jo-jo.ru
jobs.qiwi.com
jobs.yoomoney.ru
jofrua.ru
jonathan-shop.ru
joom.ru
journalcrimea.ru
journaldoctor.ru
journalrussia.ru
joxi.ru
joxnet.ru
joyreactor.cc
joyta.ru
jpg4.su
jpg5.su
jpgazeta.ru
jsdelivr.ru
jsprav.ru
jumpoutpopup.ru
juristywin.ru
just-interes.ru
justclick.ru
justtalks.ru
jut.su
jutak.ru
juventus.ru
jvlife.ru
jzmuvqg.ru
k-happiness.ru
k-itv.ru
k-spectra.ru
k.cackle.me
k12-company.ru
k12-test.ru
k12.ru
k3d.tech
kadet39.ru
kafe-sviaz.ru
kafel-online.ru
kaifolog.ru
kakopis.ru
kaksdelatgarazh.ru
kakteplica.ru
kaktutzhit.by
kakzachem.ru
kalejdoscop.ru
kalendar-365.ru
kalendarnagod.ru
kalmykia.ru
kalmykia.su
kaluga.su
kama-avtodetal.ru
kamilaecommerce.ru
kanal-o.ru
kancmir-rostov.ru
kanobu.ru
kansoftware.ru
kaomoji.ru
kapiba.ru
karacol.su
karaganda.su
karaoke.ru
karavaevotort.ru
kardios.ru
karelia.ru
karelia.su
kariglazka.ru
karlsontv.ru
karmak.ru
karpov-clinic.ru
karpov.courses
karta-taro.ru
kartabita.ru
kartami.ru
kartaslov.ru
kartinatv.ru
kartinki-life.ru
kartinki-vernisazh.ru
kartinkivsem.ru
kartologia.ru
karusel-tv.ru
kasparov.ru
kaspersky.com
kaspersky.ru
kassa.yandex.ru
katalog-avon.ru
katalog-j.ru
katalproject.ru
katemobile.ru
katie-patterns.ru
katod-anod.ru
katstat.ru
katyusha.tv
kazancity.ru
kazanmedjournal.ru
kaznalnr.ru
kazus.ru
kazved.ru
kbki.ru
kcpn.info
kdklor-spb.ru
keenetic.ru
keep4u.ru
keeper.webmoney.ru
keeper.wmtransfer.com
keephere.ru
keepsoft.ru
kefirgames.ru
keldysh.ru
kemono.su
kemuglesbit.ru
keramika.by
keramikos.ru
kerio-rus.ru
ketokotleta.ru
key-collector.ru
keycollector.ru
keylocking.ru
keymarketing.ru
keypro2.ru
keysok.ru
kfaktiv.ru
kg-portal.ru
kga.su
khakasnet.ru
khakassia.su
khartsyzsk.ugletele.com
khazin.ru
kherson-news.ru
kherson.khogov.ru
khogov.ru
khushikhiladi.ru
khv.ru
kianews24.ru
kiaportal.ru
kiberis.ru
kidbooms.ru
kiev.coddyschool.com
kigurumimax.ru
killbillsushi.ru
killbot.ru
kineziolog.su
kini24.ru
kino-teatr.ru
kino-trend.ru
kinoafisha.ru
kinobugle.ru
kinoclever.ru
kinodv.ru
kinogo.by
kinogost.ru
kinokong.pro
kinomax.ru
kinonavigator.ru
kinonews.ru
kinopoisk.ru
kinopriz.ru
kinopss.ru
kinosakh.ru
kinoss.ru
kinotv.ru
kinzhal.media
kion.ru
kiozk.ru
kip-postavka.ru
kira-scrap.ru
kirensky.ru
kirovskoe.ugletele.com
kitabu.ru
kkmsale.ru
klbrtest.ru
kld.ru
kldcardio.ru
klem.ru
kleo.ru
klevet.ru
klex.ru
klientiks.ru
klinikabudzdorov.ru
klinikasharapova.ru
klinkerhof.ru
klooop.ru
klops.ru
klucva.ru
klvcennik.ru
kngcit.ru
knigant.ru
knigarekordovrossii.ru
knigkin.ru
knitka.ru
knittingideas.ru
knizhin.ru
kniznik.ru
kns.ru
knskazan.ru
knsvoronezh.ru
kod.ru
kodik.biz
kogda-vykhodit.ru
kolanord.ru
kolba.ru
koldun12.ru
kolibri-dominikana.ru
komfort-vnutri.ru
komfort21vek.ru
kommersant.ru
kommunalo4ka.ru
kondopoga.su
konkurs-klass.ru
konnektu.ru
konsaltdo.ru
konslegal.ru
konstruktorkuhni.ru
konstruktortestov.ru
konsultantok.ru
kontaktapp.ru
kontrakt-avto.ru
kontrolnaya-rabota.ru
kontur.ru
koob.ru
kop21.ru
kopilkaurokov.ru
kopipasta.ru
kopirovalnya.ru
koptil.ru
koptilnja-hanhi.ru
korabli.su
korawnskiy.ru
korea-cosmo.ru
koreaphone.ru
koroleffsov.ru
koronapay.com
koronavirus-ncov.ru
koronavirus-new.ru
korpanmarina.ru
koshara.co
kosmetista.ru
kostyor.ru
kotbrain.ru
koteloksit.ru
kotuch.ru
kotyara12.ru
kovalevi.ru
kovcheg-market.ru
kp.ru
kpe.ru
kpfu.ru
kprf.ru
kqqn.by
krani.su
kraska-store.ru
krasnet.ru
krasnodar.ru
krasnodar.su
krasnodar7.ru
krasnodon.su
krasnovosti.ru
krasnoyarskmedia.ru
krasnyluch.su
krasotaimedicina.ru
krasotizemli.ru
krastem.ru
kravadesign.ru
krd.ru
kredits.su
kremlin.ru
kristi.su
kronos5.ru
kropotkinkadet.ru
krov-systems.ru
krovlsale.ru
krovlyaikrysha.ru
krs-ix.ru
krt-club.ru
krtech.ru
kru4ok.ru
kruso.su
krvesna.rk.gov.ru
krym.fas.gov.ru
kryuchkom.ru
ksan-vet.ru
ksize.ru
kss45.ru
ktalk.ru
ktcr.lprreg.ru
ktdetal.ru
ktonanovenkogo.ru
ktvtv.ru
kub8.ru
kuban.ru
kubikus.ru
kuchasovetov.ru
kudakvrachu.ru
kuf.by
kufar.by
kuharka.ru
kuhni-lebedi.ru
kuhnimastera.by
kukovik.ru
kukumbaclub.ru
kulibinsclub.ru
kulinar565.ru
kulinarenok.ru
kulinarika.ru
kulinarnie-retepti.ru
kulturamgo.ru
kulturologia.ru
kunch.kg
kuntsevo-plus.ru
kuper.ru
kupi-elektriku.ru
kupi-othodov.ru
kupikame.ru
kupiprodai.ru
kupiremen.ru
kuplya.by
kupolhall.ru
kurgan.su
kurian.ru
kurs-tarasov.ru
kursi-floristiki.ru
kustanai.ru
kustanai.su
kuzov-media.ru
kv.by
kvok.by
kwork.ru
kypikluchi.ru
kyrkyma.ru
kzngo.ru
l-rom.ru
l-trin.ru
l2db.ru
l2int.ru
l2op.ru
l2vika.ru
lANTa-NEt.ru
lUXUP.ru
laNta-NET.ru
labanimalsjournal.ru
labirint.ru
labquest.ru
labsystech.ru
lada-dealer-sales.ru
lada-niva.ru
ladaautos.ru
ladaomsk.ru
ladiideal.ru
ladyadvice.ru
ladymega.ru
ladypopular.ru
ladysarafan.ru
ladystory.ru
ladyup.ru
laform.ru
laimroll.ru
laitis.ru
lambda13.online
laminarts.ru
lamoda.ru
lampa32.ru
lampa360.ru
lampaexpert.ru
lancer-club.ru
lancerx.ru
landl.ru
landofgames.ru
landshaftdizajn.ru
landshafto.ru
landvps.ru
lankey.ru
lansale.ru
lantA-nET.ru
lanta-net.ru
lapki.live
laradiofm.ru
laravel.su
laserbiz.ru
laserdoctor.ru
laserwar.ru
laststicker.ru
lasttorent.ru
lavelin.ru
lavellakitchen.ru
lavzjewellery.ru
lawdelov.ru
ldayz.ru
ldplayer.net
ldsound.ru
le-music.ru
leadback.ru
leadertask.ru
leadgenic.ru
leadplan.ru
leads.su
league17.ru
leather-time.ru
leber.ru
lechaim.ru
lectoriy.ru
legacyprojects.ru
legallup.ru
legallurist.ru
legends-game.ru
legendsgrief.ru
lehabespal.ru
lekarj.ru
lenasobol.ru
lenasoboltravelcontent.ru
lenov.ru
lenovo-forums.ru
lensmaster.ru
lenta.ru
lentaknit.ru
lenug.su
leohd59.ru
leon.ru
leonardo.osnova.io
leonid-pasechnik.info
leprosorium.ru
leradeliya.ru
lerne.ru
leroymerlin.ru
lesnayaskazka74.ru
leso-torg.ru
lesta-trk.ru
lesta.ru
lestagames.by
letovo.ru
levitaly.ru
lex1.ru
lexus61.ru
lgt.su
li-ne.ru
li.ru
liautorussia.ru
lib.ru
libcat.ru
libertycity.ru
libking.ru
libussr.ru
licencecenter.ru
liebevoll.ru
life.ru
lifehacker.ru
lifelink.ru
lifelug.su
lifemoneyblog.ru
lifenews.ru
lifeoflove.ru
lifepat.ru
lifeposi.ru
lifespeaker.ru
liffehacker.ru
liga.net
ligastavok.ru
light-alloy.ru
light.webmoney.ru
light.wmtransfer.com
lightaudio.ru
lightiptv.me
lightnex.su
lightseason.ru
lightsho.ru
ligovka.ru
likeeapp.ru
likeevideo.ru
likefilmdb.ru
likekitten.ru
likeness.ru
lime-tv.ru
line-net.ru
line-x24.ru
linebet.com
linedia.ru
linguee.ru
lingust.ru
lingvo.ru
linkmeup.ru
linkoz.ru
linkslot.ru
linux-gaming.ru
linuxforum.ru
linuxmint.com.ru
linuxrussia.com
linuxshop.ru
list.ru
listbb.ru
lit-yaz.ru
litclubbs.ru
lite-monitoring.ru
lite-zarabotok.ru
liteka.ru
litemanager.ru
literu.ru
litgu.ru
litmarket.ru
litmy.ru
litravuhe.ru
litres.ru
liubavyshka.ru
live.vkvideo.ru
livecamrips.su
livecars.ru
liveclasses.ru
liveinternet.ru
livejournal.com
livejournal.ru
livelib.ru
livelive.ru
livemaster.ru
liveresult.ru
liveshow.ru
livesport.ru
livetex.ru
livetvstatic.ru
livingheritage.ru
livinglifestylegroup.ru
ljplus.ru
lkoi3q.ru
lktholding.ru
llawdo.ru
lln4.ru
lmcdn.ru
lmoroshkina.ru
lms.mupo.ru
lnka.ru
lnr.media
lnr.today
lobushkin.ru
loft-kirpich.ru
loftschool.com
logan-help.ru
loganet.ru
login.p1.worldoftanks.net
login.p2.worldoftanks.net
login.p3.worldoftanks.net
login.p4.worldoftanks.net
login.p5.worldoftanks.net
login.p6.worldoftanks.net
login.p7.worldoftanks.net
login.p8.worldoftanks.net
login.p9.worldoftanks.net
login.wmtransfer.com
login0.tanksblitz.ru
login1.tanksblitz.ru
login2.tanksblitz.ru
login3.tanksblitz.ru
login4.tanksblitz.ru
loginza.ru
lognex.ru
logopatiki.ru
loguna.ru
lol54.ru
loliland.ru
loloo.ru
lolz.guru
lomasm.ru
lombard-perspectiva.ru
lonygrief.ru
lookatme.ru
lookfantastic.ru
lookglass.ru
lopatins.ru
lordfilm-garri-potter.ru
lordfilm15.ru
lordfilmar.ru
lordfilmi-t.ru
lordfilms-perevozchic.ru
lordflm.ru
lordmed.ru
lori.ru
lossless-galaxy.ru
losst.ru
lost-news.ru
lostark.ru
lostarmour.info
lostarmour.ru
lostfilm-hd720.ru
lostfilm.info
lostmagic.ru
lotus-dsp.ru
loudplay.ru
love.ru
loveandmoney.ru
lovecast.ru
loveplanet.ru
loveradio.ru
loverust.ru
lowcosttraveling.ru
lp9.ru
lpnz.ru
lptracker.ru
lrepacks.ru
lsd.by
lsgeotar.ru
ltdfoto.ru
lublu-vino.ru
luchshii-blog.ru
luck-lady.ru
lucystew.ru
ludoedka.ru
lug-info.com
luga1news.ru
lugansk-online.su
lugansk.online
lugansk.site
lugansk1.info
lumpics.ru
lutik.tv
lutugino.su
lux-medik.ru
luxmats.ru
luxup.ru
luxvaz.ru
lyapinskoe.ru
lyricsonline.ru
lyvi.ru
lzkfm.ru
m-opinion.ru
m-strana.ru
m24.ru
maam.ru
macroclub.ru
macroid.ru
madaw24.ru
madon.ru
magazin-detaley.ru
magazindoberman.ru
magizoo.ru
magmesed.ru
magniro.ru
magnit.ru
magonet.ru
magya-online.ru
magzdb.org
magzip.ru
mail.ru
mail.wmid.com
mail.yandex.ua
mailrugames.com
mailtds.ru
maiso.ru
majestic-rp.ru
make-1.ru
makeyevka.ru
makeyourmeme.ru
maleka.ru
malimar.ru
malinkablog.ru
malipuz.ru
malvina-malina.ru
mama-print.ru
mamablogg.ru
mamamozhetvse.ru
mamba.ru
manaeff.ru
mandarin-print.ru
mangabuff.ru
mangadex.org
mangalectory.ru
mangamammy.ru
mangavest.ru
mango-office.ru
mangyshlak.su
manhunter.ru
manicurepedicure-izmaylovo.ru
manikurguru.ru
manikurvtumeni.ru
manjaro.ru
mann-ivanov-ferber.ru
manualspdf.ru
many-film.ru
manyweb.ru
mapinfo.ru
mapoftheworld.ru
maprut.ru
maps-world.ru
marathonbet.ru
marathonec.ru
marc-prager.ru
marfateplaya.ru
marina-kulpina.ru
marine.ru
market.yandex.ru
market.yandex.ua
marketdigest.ru
marketoy.ru
marketton.ru
markupeasy.ru
marontop.ru
marquiz.ru
marremont.ru
marrex.ru
marshruty.ru
marya.ru
marykay.ru
mash.ru
mashinogolik.ru
maslomotors.ru
maslosmenka.ru
masmotors.ru
masteravaza.ru
mastergrad.com
mastermf.ru
masterokblog.ru
masterrazborov.ru
masterspec61.ru
masterstudies.ru
matchtv.ru
materlife.ru
mathnet.ru
matroskin27.ru
matrp.ru
max-demo.ru
maxaltera.ru
maxbord.ru
maxcapital.ru
maxgraph.ru
maximonline.ru
maximumtest.ru
maxitel.ru
maxstyle.ru
maxtextures.ru
maxtolstoi.ru
mc5zvezd.ru
mcafee-info.ru
mcdir.ru
mcgrp.ru
mchippokrat.ru
mchost.ru
mchs-lnr.su
mchs.rk.gov.ru
mckw.ru
mckx.ru
mclauncher.su
mcmodding.ru
mcpehost.ru
mcxdnr.ru
md4u.ru
mdex-nn.ru
mdnsoft.ru
mdsdnr.ru
me-talk.ru
mebel-lotos18.ru
mebeldetal.ru
mebelhrc.ru
mebelimago.ru
mebeltorgvrn.ru
mebpilot.ru
meco.rk.gov.ru
med-advisor.ru
med-otzyv.ru
med-pro-ves.ru
medbit.ru
medcentr-pobeda.ru
medflex.ru
medgorod-clinic.ru
medi.ru
media-xyz.com
media.gpmradio.ru
media56.ru
mediabarservices.ru
mediabo.ru
mediacdn.ru
mediafort.ru
mediahils.ru
mediamaniya.ru
mediamera.ru
mediameter.by
mediametrics.ru
medianation-tools.ru
mediaohvat.ru
mediarepost.ru
mediaryazan.ru
mediasave.ru
mediasole.ru
mediasubs.ru
mediatoday.ru
mediavitrina.ru
medicine-line.ru
medikforum.ru
medinfon.ru
medlitportal.ru
mednews24.ru
medods.ru
medportal.ru
medrupro.ru
medrybnoe.ru
medside.ru
medtechpro.ru
medtochka.ru
medvediva.ru
meepay.ru
mega-mult.ru
megafon.ru
megafonpro.ru
megagroup.ru
megaigry.ru
megaindex.ru
megalabs.ru
megamarket.ru
meganorm.ru
megapeer.ru
megapteka.ru
megasoft-ltd.ru
megatimer.ru
megatransov.net
megavaz.ru
megazvuk.su
melbet.com
melbet.ru
melfon.ru
melibuttehnika.ru
melik-pashaev.ru
melnitsaagency.ru
melodiabisera.ru
melord.net
memealerts.com
memepedia.ru
memify.ru
mend-boln.ru
mendeleev-samogon.ru
mens-recipes.ru
menstois.ru
menunedeli.ru
mephi.ru
mer.govdnr.ru
mer.lpr-reg.ru
merchant.webmoney.ru
merchant.wmtransfer.com
meri-tec.ru
merionet.ru
merlnr.su
metabar.ru
metabot.ru
metallibrary.ru
metalweb.ru
metanit.com
metaratings.ru
meteonova.ru
meteopathy.ru
meteoservice.ru
meteotrend.com
meteovesti.ru
metodsovet.su
metrika.yandex.ru
metrika.yandex.ua
metro-set.ru
metro.yandex.ru
metro.yandex.ua
metro86.ru
metrologu.ru
metronv.ru
metroz.ru
mfms.ru
mfo27.ru
mfveres.ru
mga-nvr.ru
mgates.ru
mgb-dnr.ru
mgbdnr.ru
mgblnr.org
mgc-loyalty.ru
mgkpd.by
mgsn.rk.gov.ru
mgts-spdop.ru
mgts.by
mgts.ru
mhdd.ru
mhealth.ru
mi-room.ru
mia24.ru
miaistok.su
miazar.ru
mickes-ile.ru
micro-solution.ru
microchips.by
microstock.ru
micrus.ru
mid-dnr.su
mid.ru
midusa.ru
migup67.ru
mikopbx.ru
mikrotik-training.ru
mil-lnr.info
mil.by
mil.ru
milanac.ru
military-uniforms.ru
millionstatusov.ru
min2win.ru
min4win.ru
mincult.govdnr.ru
mindbox.ru
mindmachine.ru
mindmix.ru
mineavto.ru
minecraft-inside.ru
minecraft-market.ru
minecraft-servers.ru
minecraftrating.ru
mineevaelena.ru
minehidden.ru
minek.rk.gov.ru
minekit.ru
minelord.ru
minergatepooll.ru
minesrv.ru
minfarm.by
minfin.lprreg.ru
minfin.rk.gov.ru
minfindnr.ru
minfinlnr.su
minfo.rk.gov.ru
mingli.ru
mini-skirts.ru
mini.webmoney.ru
mini.wmtransfer.com
mininfodnr.ru
miningcrypto-currency.ru
minisklad-spb.ru
minjust-dnr.ru
minjust.lpr-reg.ru
minobr.su
minpromlnr.su
minstroy-dnr.ru
minstroy.lpr-reg.ru
minstroylnr.su
mint-imp.ru
mint-view.ru
mintek-dnr.ru
mintop.su
mintrans.lpr-reg.ru
mintranslnr.su
mintrud.gov-dpr.ru
mintrud.lpr-reg.ru
mintrudlnr.su
minzdrav.govdnr.ru
minzdrav.lpr-reg.ru
miped.ru
mipt.ru
mir-cnc.ru
mir-diet.ru
mir-everafterhigh.ru
mir-lzm.ru
mir-shungita.ru
mir24.tv
mirabels.ru
miracal.ru
miralinks.ru
miranda-ng.org
mirbb.ru
mirbelogorya.ru
mirbmw.ru
mircloud.ru
mirdizajna.ru
mirdliatebia.ru
mirekto-linen.ru
mirento.ru
mirf.ru
mirf1.ru
mirfxmoda.ru
mirinfo.ru
mirknig.su
mirkosmosa.ru
mirlib.ru
mirnovel.ru
mirokru.ru
mironlian.ru
mirplus.info
mirra-2.ru
mirra-rostov.ru
mirradio.ru
mirtankov.su
mirtesen.ru
mista.ru
misterklop.ru
mitv-iptv.ru
mitvcinema.ru
mixer-1ruplus.ru
mixlo.ru
mixplat.ru
mixstuff.ru
mizhls.ru
mizo.lpr-reg.ru
mk-donbass.ru
mk-herson.ru
mk-zap.ru
mk.lpr-reg.ru
mk.ru
mklnr.su
mksegment.ru
mksmiley.ru
mkult.rk.gov.ru
mlink.su
mltrade.ru
mmg.by
mmnt.ru
mmoblog.ru
mmohelper.ru
mmotop.ru
mmovote.ru
mn365.ru
mnagent.ru
mns.ru
moba.ru
mobatime.ru
mobile-api.ru
mobile3.gameassists.co.uk
mobilebanner.ru
mobilemax.ru
mobiletracking.ru
mobilis.ru
mobilkoy.ru
mobsted.ru
mobstudio.ru
mobtop.ru
modelena.ru
modern-talking.ru
modernlib.ru
modfarm.ru
modnohod.ru
modnuesovetu.ru
mods-minecraft.ru
modsgame.ru
modsgaming.ru
moepravodo.ru
mogusmir.ru
moi-raskraski.ru
moichisla.ru
moidomiks.ru
moifundament.ru
moipodval.ru
moisekretiki.ru
moiton.ru
moizagorod.ru
mojakomanda.ru
molbiol.ru
mole.ru
moloko45.ru
momijoy.ru
monadotex.ru
mondnr.ru
moneropool.ru
monetnik.ru
money-cod.ru
money-coming.ru
money.yandex.ru
moneytimes.ru
monitor.net.ru
monitorlab.ru
monitorus.ru
monm.rk.gov.ru
monolife.ru
montazhnik02.ru
montecarlo.ru
monteon.ru
mooks.ru
moonback.ru
moparplus.ru
mordovia.ru
mordovia.su
moredoram.ru
morehod.ru
morfish.ru
morkniga.ru
mos-oblast.ru
mos.ru
moscowfy.ru
moscowmedia.net
moscowtimes.ru
mose.su
mosenergosbyt.ru
mosfilmgold.ru
moshiach.ru
mosi.ru
moskeram.ru
moslenta.ru
mosmedportal.ru
mosnotariat.ru
mospsy.ru
mosreg.ru
mostbet.ru
mosvodokanal.ru
moto-room.ru
moto-sssr.ru
moto62.ru
moto85.ru
motorring.ru
mousemath.ru
movavi.ru
movehome.ru
moviead55.ru
movielib.ru
movix.ru
mow-portal.ru
moxa.ru
moy.su
moyalmetevsk.ru
moyaposylka.ru
moymir.ru
moymotor.ru
moypolk.ru
moysklad.ru
mozaika.dn.ua
mozhga18.ru
mp3bob.ru
mp3coffee.ru
mp3minus.ru
mp3sklad.ru
mpl12.ru
mplay.su
mpr.lpr-reg.ru
mprlnr.su
mprom.rk.gov.ru
mpsh.ru
mpsuadv.ru
mpt-dnr.ru
mpt.lpr-reg.ru
mptdnr.ru
mr-zik.ru
mradx.ru
mrbos.ru
mrespublika.ru
mrgcdn.ru
mrkostik.ru
mrtranslate.ru
ms-news.ru
msdk.freshchat.com
msdnr.ru
msfree.su
msg13.core.tf
msh.rk.gov.ru
mshiplnr.lpr-reg.ru
mshiplnr.su
msk.ru
msk.su
msk.top-academy.ru
msk1.ru
mskagency.ru
mskobr.ru
mskst.ru
mslnr.su
msn-net.ru
msport.rk.gov.ru
msreview.net
mstcvfvcvb.com
mstroy.rk.gov.ru
msu.ru
msu.su
msun.ru
msxplayer.ru
mt.ru
mtdata.ru
mterapia.ru
mtml.ru
mtop.rk.gov.ru
mtrans.rk.gov.ru
mtrud.rk.gov.ru
mts.ru
mtsbank.ru
mtspdnr.ru
mtur.rk.gov.ru
mtz77.ru
mu-lnr.su
mudecay.ru
mulino58.ru
mulnr.su
multi-cooking.ru
multi-office.ru
multitran.ru
multiurok.ru
multiwood.ru
multoigri.ru
mumble-voip.ru
mumotiki.ru
mupo.ru
murcode.ru
murmansk.su
music-365.ru
music.yandex.ua
musiceffect.ru
musicmanuals.ru
musicwars.ru
musidora.ru
must.rk.gov.ru
muz1.tv
muzda.ru
muzh-zhena.ru
muzkartalygb.ru
muzkult.ru
muztor.ru
mvddnr.ru
mvdhelper.ru
mvdlnr.ru
mvideo.ru
mvtom.ru
mws.ru
mx.by
my-calend.ru
my-clubs.ru
my-excel.ru
my-hit.ru
my-panel.ru
my-popup.ru
my.com
my.games
my1.ru
myaccount.partypoker.com
myarena.ru
myarena.site
mybb.ru
mybb2.ru
mybiysk.ru
myblogovsem.ru
mybook.ru
mycharm.ru
mydecor.ru
mydentist.ru
mydomishko.ru
mydune.ru
myefe.ru
myfin.by
mygadjet.by
mygreenworld.ru
myjane.ru
myjino.ru
myjulia.ru
mykaleidoscope.ru
mykristall.ru
mymirknig.ru
mynissanleaf.ru
myoffice.ru
myotkritki.ru
myplaycity.ru
mypoisk.su
mypresentation.ru
myresume.ru
myscore.ru
myshows.me
mysku-st.ru
mysku.club
mysku.ru
myslide.ru
mysportszao.ru
mystory18.ru
mytabs.ru
mytis.ru
myttk.ru
myvi.tv
mywanderlust.ru
mywebpc.ru
mzdnr.ru
mzdrav.rk.gov.ru
mzem.rk.gov.ru
mzhkh.rk.gov.ru
mzlnr.su
n-d-c.ru
n.maps.yandex.ru
n.tracktor.site
n4e.ru
na-lodkah.ru
na-svyazi.ru
nabu-leaks.com
nabu-leaks.info
nabu-leaks.net
nabu-leaks.org
nadezhda-karelia.ru
nadmash.ru
nag.ru
nag.wiki
nagorskcity.ru
nahnews.org
naked-science.ru
nalchik.ru
nalchik.su
nalog.ru
nalogido.ru
namenu.ru
nanevskom.ru
nanoav.ru
naos.ru
naran.ru
narfu.ru
narmedicyna.ru
narmedrus.ru
narod-inform.ru
narod.ru
narodmon.ru
narodnoeopolchenie.ru
narutoall.ru
narutoplanet.ru
nashagazeta.net
nashalife.ru
nashaplaneta.su
nashe.ru
nashgorod.ru
nashindex.ru
naskaku.ru
nasledie-college.ru
nasledie-sluck.by
naslednikipobedi.ru
nasos59.ru
nastil69.ru
nastrojkabios.ru
natali-dev.ru
natalydesign.ru
nateks-don.ru
nateks-dv.ru
nateks-ural.ru
nateks-volga.ru
nateks.by
nateks.telecomsite.ru
nation-news.ru
native-english.ru
nativerent.ru
naturefarmhub.ru
naturmeh.ru
naukatv.ru
navitel.ru
navitel.ua
navoi.su
naxodka-luxuryes.ru
nazarov-gallery.ru
nazarova-s.ru
nb159.ru
nbzip.ru
ncnet.ru
ncrim.ru
nd.ru
ndmsystems.ru
ne-kurim.ru
near.by
neauto.ru
nebojump.ru
needforyou.ru
neft-gaz-prom.ru
neiromed-nk.ru
neizvestniy-geniy.ru
nelegal-edition.ru
neo-job.ru
neolove.ru
neosvc.ru
nerios.ru
nesmetnoe.ru
nestlebaby.ru
net.ru
netbynet.ru
neteye.ru
netology.ru
netplus-vpn.ru
netpress.ru
netskills.ru
network-xyz.com
networkeducation.ru
networkgraphics.ru
neumeka.ru
neural-networked.ru
neuralinsight.ru
neurograff-space.ru
neurology.ru
nevelend.ru
nevinka-info.ru
nevosoft.ru
new-days.ru
new-disser.ru
new-hotel.ru
new-team.org
new.by
new.yoomoney.ru
newbur.ru
newdeaf.ru
newfanprikol.ru
newgrodno.by
newinform.com
newins.ru
newradio.ru
news-front.info
news-front.su
news-kharkov.ru
news-kiev.ru
news-odessa.ru
news-time.ru
news-too.ru
news.ru
news.yandex.ru
news.yandex.ua
newsa.ru
newscitylive.ru
newsdnr.ru
newsfast.ru
newsgomel.by
newsler.ru
newsn.ru
newsnovosti.ru
newsobzor.ru
newsreports.ru
newstyle.ru
newsua.ru
newsweb.ru
newtechagro.ru
newtvnews.ru
newxboxone.ru
nexia-club.ru
nexplorer.ru
nextbdom.ru
nextgis.ru
nexttvnet.ru
nexusmod.ru
nezevai.ru
neznakomye.ru
nfdev.ru
ng.ru
ngs.ru
ngs24.ru
nic.ru
nice-books.ru
nice-slides.ru
nicekit.ru
nick-name.ru
nidin.ru
nigma.ru
nihon-go.ru
nii-onco.ru
niioncologii.ru
niko-pianobar.ru
nikolaev-news.ru
nikolasakh.ru
niksolovov.ru
nikulya.ru
ninestore.ru
ninjaclub.ru
nipkef.ru
niris.ru
nix.ru
njcar.ru
nkp-moskstorozh.ru
nm-g.ru
nm-tv.ru
nn.ru
nnm-club.ru
nnmclub.to
nnov.ru
no-frames.ru
no-lamer.ru
noboring-finance.ru
nocd.ru
noginsk-service.ru
nohoho.ru
nolimits-team.ru
nomadcasino.com
nonograms.ru
noob-club.ru
noobzone.ru
nopbreak.ru
nopsoryaz.ru
noraspdan.ru
nororuss.ru
north-kazakhstan.su
nosimkarapuza.ru
notarhiv.ru
notebook1.ru
notik.ru
notperfect.ru
nov.ru
nov.su
nova-lan.ru
novate.ru
novayagazeta.ru
novgorod.ru
novkahovka.khogov.ru
novo-belokatay.ru
novoaz-adm.3dn.ru
novochag.ru
novofon.ru
novoizdanie.com
novopressa.ru
novorosinform.org
novoross.info
novorossia-tv.ru
novorossia.su
novorossia.today
novorossia.vision
novorossiatv.com
novorusgpt.ru
novoshishminsk.ru
novosti-igr.ru
novosti-spb.ru
novosti.icu
novostidnja.ru
novostizn.ru
novostroykiuga.ru
nplus1.ru
npoiskra.ru
nppo-sc.ru
nsc.ru
nsk.ru
nslnr.su
nspk.ru
nsportal.ru
nspu.ru
nstatic.ru
nstreamportal.ru
nt1941.su
ntdb.su
ntm13.ru
nts-tv.com
nts.su
ntv.ru
ntvplus.ru
ntvplus.tv
nuders.ru
nuipogoda.ru
nukadeti.ru
numeroscop.ru
numschool-web.ru
nuum.ru
nuzpolarmavir.ru
nv-clinic.ru
nvgazeta.ru
nvidia.ru
nvkfm.ru
nvlife.ru
nw-agency.ru
nym.by
nym.su
nyse-trade.ru
o-privivkah.ru
o3.ru
o3team.ru
obd2.su
obgonay.ru
obhohocheshsya.ru
obi.ru
oblgazeta.ru
oblivinfo.ru
obninsk.su
oboilux.ru
obovse.ru
obrascidoc.ru
obrazovaka.ru
obu4alka.ru
oceanwm.ru
ochenkrepko.ru
oclo.ru
octobercinema.ru
oculus.ru
oddr.info
odessatypical.site
odeta-studio.ru
odincrk.ru
odkl.ru
odnaknopka.ru
odnarodyna.org
odnoklassniki.ru
odriflik.ru
odsd.ru
odstroy.ru
oemvwshop.ru
of.by
ofall.ru
offeringdreams.ru
office-guru.ru
ofisarium.ru
og-irk.ru
og-ti.ru
ogorod.ru
ogorodik66.ru
oil-club.ru
oilcapital.ru
ok-crimea.ru
ok-na.ru
ok-nogotok.ru
ok-pansionat.ru
ok-solovey.ru
ok-ua.ru
ok.ru
okcdn.ru
okdk.ru
okeydrive.ru
okgamer.ru
okigo.ru
okii.ru
okkupatsiya.net
okmp3.ru
oko-planet.su
okopka.ru
okraska-volos.ru
oksanasudareva.ru
okt-poselenie.ru
oktja.ru
oktools.ru
okuskol.ru
olade.ru
old-combats.com
old-games.ru
old-games.su
oldbk2.com
oldcafe.ru
oldi.ru
oldtriod.ru
olegmakarenko.ru
olegon.ru
olimp.bet
olimpstroyservis.ru
olybvi.ru
olympteka.ru
omaske.ru
ombudsmandnr.ru
omegavlg.ru
omfilms.ru
omflies.ru
oml.ru
omni.ru
omnidesk.ru
omontazhe.ru
omr.by
omskinform.ru
omsknet.ru
omsnews.ru
on-off-on.ru
onbass.ru
onbird.ru
oncalc.ru
onco46.ru
one-piece-jut-su.ru
one-smi.ru
one-zaem.ru
one.by
one.ru
oneclickykt.ru
onetarget.ru
onetrust.com
oneznakomke.ru
onfeed.ru
onicon.ru
onlayn-radio.ru
online-cloud.moscow
online-ufa.ru
online24.ru
onlinekonkursy.ru
onlinemultfilmy.ru
onliner.by
onlinetrade.ru
onlinetv.su
onlinezakladki.ru
onlinvrach.ru
only-holiday.ru
only-paper.ru
onmedia.io
onthewaytothesun.ru
ontvtime.ru
onyxmedia.ru
oooeos.ru
oopnm.ru
op3dg.by
opcrimea.ru
opel-club.ru
opelastrah.ru
open-networks.ru
open-server.ru
openbudget.ru
opencart-russia.ru
opendsp.ru
opennet.ru
openni.ru
opensharing.ru
openssp.ru
opentrackers.org
openwidget.ru
oper.ru
operativa.ru
operatorbonus.ru
opt-milena.ru
optawa.ru
optim1stka.ru
optima-cut.ru
oracleplsql.ru
orangecameltoys.ru
orderingmemory.com
oreanda.ru
orel.ru
orensad102.ru
orfogrammka.ru
org.ru
orgmebel.ru
orgpage.ru
original-detal.ru
orionnet.ru
orn.ru
ornellamuti.ru
ornithology.su
orphus.ru
ort-tv.ru
orthoteam.ru
ortm.by
orto-n.ru
ortograf.ru
orton.ru
osbplity.ru
oskolchip.ru
osnmedia.ru
osnova.io
osnovam.ru
osu.ru
osullivan.ru
ot-cellyulita.ru
ot7.ru
otchet-online.ru
otclick-adv.ru
otcnet.ru
otel-sezon.ru
otkritkiok.ru
otkritkioks.ru
otkritkionline.ru
otkritku.ru
otoba.ru
otomkak.ru
otoplenie-doma54.ru
otr-online.ru
otravlenie03.ru
ott-play.com
ottg.tv
ottglanz.tv
ottmedia.ru
ottplay.com
otus.ru
otvetsite.ru
otziv-otziv.ru
otzyvmarketing.ru
oum.ru
outsidethebox.ms
ouuo.ru
ov-doors.ru
overbag.ru
overclockers.ru
overkings.ru
overtimebar.ru
ovgorskiy.ru
owebmoney.ru
owlforest.ru
oxy-center.ru
oxy.cloud
oxy.st
oz.by
ozerki.ru
ozon.by
ozon.ru
ozone.ru
ozproduct.ru
ozstatic.by
ozzz.ru
p-e.su
p-on.ru
p1sms.ru
p2p.qiwi.com
p49o7e.ru
pa.fox-tv.fun
pa4h.ru
paganism-info.ru
page365.ru
pagertv.ru
paininstitute.ru
paladins.ru
pammplus.ru
pamyat-naroda.ru
pancreomenu.ru
paparazzi.ru
paracels.ru
paradocs.ru
paranormal-news.ru
paratype.ru
paribet.ru
parimatch.com
parimatch.foundation
parimatch.net
parimatch.ua
park-kosa.ru
parkournnov.ru
parsesite.ru
partizany.by
partner-moto.ru
partner.yandex.ru
partner.yandex.ua
partreview.ru
parts-soft.ru
parts4atv.ru
pascalabc.net
passat-club.ru
passatworld.ru
passfab.ru
passion.ru
passionforum.ru
passport.webmoney.ru
passport.yandex.ua
pasyans.su
pathofexile.com
patio-house.ru
patriarchia.ru
patriotvrn.ru
paulov.ru
pay-day.ru
paycraft.ru
payinfor.ru
paymaster.ru
paymaster.ua
paymentgid.ru
paysto.ru
paystree.com
pc-1.ru
pc-4you.ru
pc-connect.ru
pc.ru
pcbway.ru
pci.su
pcminipro.ru
pcons.ru
pcprintinfo.ru
pcprogs.ru
pcradio.ru
pct.amocrm.ru
pdd.yandex.ru
pdf-editor.su
ped-kopilka.ru
pedagoginfo.ru
pedsovet.su
peertube.su
pejnya.ru
pekin-avto.su
pensermen.ru
penta-club.ru
pentaschool.ru
penza.su
penzasmi.ru
peonnika.ru
peoples.ru
peopletalk.ru
pepper.ru
pereplan-one.ru
peretrah.ru
performer.emg.fm
periscope-app.ru
perm-meb.ru
permheart.ru
permokrug.ru
permrg.ru
persik.by
perstat.ru
perviynomer.ru
pervomaysklnr.su
pes-files.ru
pesiq.ru
peskarlib.ru
pesticidy.by
pesticidy.ru
petdog.ru
petrokorpus.ru
petrsu.ru
petstory.ru
pevas.ru
pflnr.su
pfrf.ru
pg11.ru
pharmarf.ru
pharmbiomed.ru
philka.ru
phlovel.ru
phmlife.ru
phoenix-browser-update.ru
phoenix-dnr.ru
photo-screen.ru
photocentra.ru
photofile.ru
photoforum.ru
photopole.ru
photoshop-master.ru
photoshosting.ru
photoxpress.ru
php.ru
piarbest.ru
pic4a.ru
pic4you.ru
picabox.ru
picforall.ru
picompany.ru
picplus.ru
picsclub.ru
picshare.ru
pifm.ru
pikabu-fixes.ru
pikabu.ru
pikenews.ru
piki-trip.ru
pikinform.ru
piknikvgorode.ru
pikuco.ru
pilles.ru
pilloot.ru
pillow.su
pin-up.bet
pin-up.casino
pin-up.ua
pin-up794.com
pin-upbet-ua.com
ping-admin.ru
pingvinus.ru
pinouts.ru
pinpro.by
pint.ru
pinterest.ru
pinup.bet
pinup.casino
pionerprodukt.by
pipcindom.ru
pipess.ru
piratebuhta.ru
pitbikeclub.ru
piter98.ru
piti.ru
piv-dom.ru
pixelplus.ru
pixeltools.ru
pixs.ru
pixstorm.ru
pizzasushiwok.ru
pizzusami.ru
pksspb.ru
placepic.ru
pladform.ru
plaff-go.ru
planetacam.ru
planetaexcel.ru
planetazdorovo.ru
planetcalc.ru
planetoday.ru
planplace.ru
planshetu.ru
plantarium.ru
plasmacentre.ru
plastic-surgery.ru
platan.ru
plati.ru
play-www.777.com
playauto.ru
playberry.ru
playcast.ru
playerman.ru
playertv.ru
playfamily.ru
playground.ru
playmap.ru
playmc.su
playme8.ru
playminigames.ru
playmuz.ru
playvision.ru
playzap.ru
pldeb.ru
pleogame.ru
plitmart.ru
pljs.ru
plodpitomnik.ru
pluggedin.ru
plus-teaser.ru
pluslike.ru
pluso.ru
plvideo.ru
pm.by
pm.ua
pngicon.ru
pnp.ru
pobeda.tv
pocamere.ru
pochemu4ka.ru
pochta.ru
pochtabank.ru
pochtovyeindeksy.ru
pocvetam.ru
podarki-soap.ru
podarki.ru
podarok777.ru
podolyaka.ru
podolyaka.su
podruge.su
poehala.ru
poehali.tv
poembook.ru
poflirtyem.ru
pofu.ru
pogoda.by
pogoda7.ru
pogovorim.by
pogranec.ru
poig.ru
pointcad.ru
pointex.ru
poiskstom.ru
pokazuha.ru
pokerenergy.ru
pokermatch.com
pokermatch.ua
pokrovsk.su
polarcom.ru
pole4you.ru
poleznenko.ru
poli-vet.ru
polifonia.ru
politcentr.ru
politexpert.net
politikus.ru
politmine.ru
politnavigator.net
politring.com
politros.com
politvz.ru
polyclin.ru
polyclinika.ru
polygraphcity.ru
polyvision.ru
pomni-irk.ru
pomni.by
ponomar-sibir.ru
ponominalu.ru
poolbet.ru
pooshock.ru
popcat.ru
popcornnews.ru
popmechanic.ru
porno-kniga.ru
porno-smart.ru
pornocentr.ru
pornogames.ru
pornohosting.ru
pornohub24.ru
pornomamki.ru
pornoya24.ru
pornreactor.cc
porogich.ru
portal-krasotok.ru
portal-kultura.ru
portalteplic.ru
portwine-linux.ru
postavshhiki.ru
postdonbass.com
postila.ru
postium.ru
posudaguide.ru
posudamart.ru
povar.ru
povarenok.ru
powerstaff.ru
poweruser.guru
pozdravik.ru
pozitivny.ru
poznanie21.ru
poznet.ru
pp.ru
pp14.ru
ppcrimea.ru
ppfood.ru
ppt.ru
pr-cy.ru
pr-planet.ru
prado-club.su
pranabel.by
pravda-tv.ru
pravda.ru
pravdabeslana.ru
pravdnr.ru
pravenc.ru
pravilamag.ru
pravmir.ru
pravo-rm.ru
pravoslavie.ru
pravoslavnoe-duhovenstvo.ru
pravoto.ru
pravoup.ru
pravovoeob.ru
pravovoeobesp.ru
pravtor.ru
prazdnik2come.ru
predskazanie.ru
premier.one
premierliga.ru
premierzal.ru
premium.tv
preo.ru
pressa.ru
pressvp.ru
priboj.ru
pricelib.ru
priemcvetmeta.ru
prikol24.ru
prikolnik.com
primamedia.ru
primedice.com
primemeat.ru
primepayments.ru
print-driver.ru
print-king.ru
print-moda.ru
printblog.ru
printerprofi.ru
printouch.ru
printskrin.ru
prior.by
priscree.ru
privetmir.ru
privetpeople.ru
prjaga.ru
prmedia59.ru
pro-glazki.ru
pro-onlineigry.ru
pro-personal.ru
pro-prikoly.ru
pro-samolet.ru
pro-smojem.ru
pro-sw.ru
pro100seif.ru
pro2pochki.ru
proalbea.ru
probel.su
probios.ru
probolezny.ru
probujdenie.ru
prochepetsk.ru
prochtenie.ru
procvetok.by
prodamus.ru
prodmp.ru
prodoctorov.ru
prodonbass.ru
productradar.ru
productstar.ru
productuniversity.ru
prodvizeniesaitov.ru
proekt-mebel57.ru
prof-kapranov.ru
professorkovaleva.ru
profhairs.ru
profi.ru
profildoors-design.ru
profiles-vkontakte.ru
profinance.ru
profit-links.ru
profitserfing.ru
profitstation.ru
profsan-psm.ru
profstroikadry.ru
prog-time.ru
progio.ru
proglib.io
progorod35.ru
progorod59.ru
progorodnn.ru
progorodsamara.ru
progoroduhta.ru
programmatic.ru
programmersforum.ru
programtv.ru
projects-ae.ru
prokazan.ru
prokoni.ru
proktolog-demin.ru
proland63.ru
prolaz.su
proline-rus.ru
promebelclub.ru
promedia.ru
promo.yookassa.ru
promo.yoomoney.ru
promo01.ru
promodj.com
promored.ru
promovk.ru
promportal.su
promt.ru
promtorg-baza.ru
pronedra.ru
proobraz27.ru
proofix.ru
propartner.ru
propest.ru
prophotovideo.ru
proproprogs.ru
propub.ru
prorab01.ru
proreiling.ru
prosimptomy.ru
prosmart.by
prosmm-shop.ru
prost-chiks.ru
prostor-sklad.ru
prostovend.ru
prostrimer.ru
prosv.ru
protabletpc.ru
providers.by
proza.ru
prufy.ru
prykoly.ru
pryshchiki.ru
psa-club.ru
psbank.ru
psenyukov.ru
pskovinf.ru
pspx.ru
psxplanet.ru
psychiatr.ru
pt-zapovednik.ru
ptspb.ru
ptzgovorit.ru
puchkovk.ru
pult.ru
pumpgrief.ru
punchmedia.ru
purina.ru
purinaone.ru
pushcodetop.ru
pushcontrol.ru
pushe.ru
pushkin-vyatka.ru
puzat.ru
puzdrik.ru
puzzle-book.ru
puzzleheap.ru
pvgstudio.ru
pwonline.ru
pxl.su
pxnet.ru
pyatigorsk.ru
pyatilistnik.org
pydocs.ru
pyplanet.ru
python-teach.ru
python.su
pythonchik.ru
pythondigest.ru
pythonhelp.ru
pythonist.ru
pythonstart.ru
pythonworld.ru
q-seo.ru
qanjiq.ru
qcomment.ru
qeyzer.ru
qip.ru
qiwi-terminal.ru
qiwi.com
qiwi.gcs-web.com
qiwi.kz
qiwi.me
qiwiguide.ru
qiwitrue.dev
qllq.ru
qoopler.ru
qqq-ttss.su
qr4.ru
qrz.ru
qsdb.ru
qtickets.ru
quantum-phantom-moon.ru
quarantine-game.ru
queen-of-motorsport.ru
quest-book.ru
questu.ru
questzone.ru
quickresto.ru
quiti.ru
quiz-clinic-rost.ru
qunis.ru
quotiq.ru
r-color.ru
r40.ru
r4uab.ru
r5hsid.ru
r82.fss.ru
r82.fssprus.ru
ra-germes.ru
rabota.yandex.ru
rabota.yandex.ua
rabotavtaxi.pro
radcap.ru
radeon.ru
radial.ru
radikal.ru
radio-effect.ru
radio-holding.ru
radio-portal.su
radio.ru
radio.yandex.ua
radio1.ru
radioaktiv.ru
radiobitva.ru
radiochief.ru
radioexpert.ru
radiohata.ru
radiokarnaval.ru
radiokot.ru
radiokp.ru
radiolamps.ru
radiomed.ru
radiomoskvy.ru
radiopermyak.ru
radioplayer.ru
radiopotok.ru
radioprog.ru
radiorecord.magonet.ru
radiorecord.ru
radioscanner.net
radioscanner.ru
radioskot.ru
radiosvod.ru
radioultra.ru
radiovera.ru
radiozvezda.ru
rae.ru
raid-legends.ru
raiffeisen.ru
rakushechnik82.ru
rambler-co.ru
rambler.ru
rambler.su
ramkizakona.ru
randomgeeks.ru
rannews.ru
rapidus.ru
rasayanavl.ru
rashodka35.ru
rasp.yandex.ru
rasp.yandex.ua
raspinovki.ru
raspiv.ru
rassvetlash.ru
rat-felt.ru
ratingfirmporemontu.ru
raumplus.ru
razer.ru
razlozhi.ru
raznoe-porno.ru
razpetelka.ru
razrisyika.ru
razvitie-mozga.ru
rb.ru
rbc.ru
rbcdn.ru
rbk.ru
rbp63841.ru
rbpsh.ru
rbtrack.ru
rcdesign.ru
rcl-radio.ru
rcstv.ru
rcz-dnr.ru
rdrom.ru
rdshop.ru
rdstroy.ru
re-tracker.ru
read-book.ru
read.ru
readovka.news
readovka.ru
readovka.world
readstory.ru
real-software.ru
realbiker.ru
realcatalog.ru
reallyworld.ru
realmusic.ru
realnoevremya.ru
realt.by
realty-gid.ru
realty.yandex.ru
realyworld.ru
rebenky-god.ru
rebenokboleet.ru
receptnewmira.ru
recordregion.ru
recreativ.ru
recself.ru
red-soft.ru
redbarn.ru
reddigital.ru
redhelper.ru
redllama.ru
redpower.ru
redray-lnr-news.su
redserver.su
redsmm.ru
redspell.ru
redstar.ru
redtrast.ru
reels-originals.ru
rees46.ru
reestr-pki.ru
ref.by
referzone.ru
reffection.ru
refinedrp.ru
refinvest.ru
reformal.ru
reg.ru
region29.ru
regiontu.ru
regmarkets.ru
regnum.ru
regrucolo.ru
regruhosting.ru
rehub.ru
reine.ru
rejail.ru
remhandy.ru
remkam.ru
remkuzov.ru
remo24.ru
remonlife.ru
remonline.ru
remont-aud.net
remont-komputerov77.ru
remont-sv.ru
remont-volot.ru
remontcompa.ru
remontflash.ru
remontikvdome.ru
remontka.pro
remontkresla.ru
remontmechty.ru
remontposobie.ru
remontservo.ru
remontvytyazhek.ru
remplanner.ru
rempostroy.ru
remstroiblog.ru
remstroitelstvo.ru
ren.tv
render.ru
rental-engineering.ru
repetitor2000.ru
repeynikgarden.ru
rephon.ru
reporter-crimea.ru
republic-tv.ru
reputation.ru
reqbus.ru
reqme.ru
rerooms.ru
reserve-donkin-leads.ru
reshak.ru
retailrocket.ru
retrofm.ru
revage.ru
reviewlab.ru
reviews.ru
rezale.ru
rezka.ag
rf-cheats.ru
rf4-stat.ru
rf4game.ru
rfca412.ru
rfn.ru
rfrgrill.ru
rg.ru
rghost.ru
rgnp.ru
rgo.ru
rgub.ru
ria.ru
riafan.ru
riamo.ru
rian.com.ua
rian.ru
richlifeads.ru
riddick-lordfilms.ru
ridero.ru
ridick-lordfilm.ru
ridlife.ru
rin.ru
rinet.ru
rinoptica.ru
riperam.org
risovach.ru
ritualdnr.ru
riva.ru
rivara.ru
rk.gov.ru
rkeeper.ru
rkn.gov.ru
rknpa.ru
rkproc.ru
rl-pansion.ru
rl0.ru
rlocman.ru
rls-aurora.ru
rlsn.ru
rlsnet.ru
rlsneta.ru
rmart.ru
rmcreative.ru
rmg.ru
rmj.ru
rmmedia.ru
rmnews.ru
rncb.ru
rnd-remont-pk.ru
rnk.ru
rnti.ru
rnx.ru
roadcontrol.org
roadnice.ru
robitex.ru
robnavo.ru
robo-hamster.ru
robotech.ru
robotratings.ru
rock-n-roll.ru
rockfm.ru
rocknation.su
rockstargame.su
rodmoy.ru
rodnyetravy.ru
role-me.ru
rollerhockey.ru
rollershop.ru
rollingmoto.ru
rolz.org
rom.by
rones.su
roofor.ru
roox.ru
ros-spravka.ru
rosa.ru
rosalinux.ru
rose-novoross.ru
rosebook.ru
rosebook31.ru
roseltorg.ru
rosfederal-inform.ru
rosfines.ru
rosgovinform.ru
roskazna.ru
rosradio-online.ru
rosregioninform.ru
rosselhoscenter.ru
rossitex.ru
rossoshru.ru
rostec.ru
rostelecom.ru
rotaban.ru
rov-adm.su
royalbee24.ru
roznanie.ru
rp-arts.ru
rp-universe.ru
rp24.info
rp5.ru
rpfm.ru
rpgarea.ru
rpglib.ru
rpgtop.su
rpkshop.ru
rqtvigoy.ru
rs.gov.ru
rsb.ru
rshb.ru
rsifund.ru
rskrf.ru
rsl.ru
rsload.net
rsload.ru
rsload.website
rst-dnr.ru
rstgames.ru
rt.com
rt.ru
rt22.ru
rtcomm.ru
rtcommufa.ru
rtfm.wiki
rtr-planeta.com
rtr-vesti.ru
rtrs.ru
ru-minecraft.ru
ru-tld.ru
ru-xbox.ru
ru.com
ru.ldplayer.net
ru.meteotrend.com
ruanekdot.ru
rubarius.ru
rubbler.ru
rubmw.ru
rubserf.ru
ruchime.ru
rucomics.info
rudatasheet.ru
rudesktop.ru
rudtp.ru
ruera.ru
rufox.ru
rukapomoshi75.ru
rukavkaz.ru
rulate.ru
rulive.ru
rumedia24.com
ruminecraft.ru
runabase.ru
runews24.ru
ruparty.ru
ruperstat.ru
rupertino.ru
rupest.ru
rurigol.ru
rus-imperia.ru
rus-linux.net
rus163m5.ru
rusatribut.ru
rusbandy.ru
rusbetonplus.ru
ruscable.ru
ruscemena.ru
ruscrimea.ru
rusdialog.ru
rusdozor.ru
rused.ru
rusf.ru
rusfact.ru
rusff.ru
rusgeoservice.ru
rush-academy.ru
rusk.ru
ruskino.ru
rusklimat.ru
ruskline.ru
ruslanavetrenko.ru
rusmatica.org
rusmeteo.by
rusneb.ru
rusnext.ru
ruspioner.ru
rusplt.ru
ruspolitnews.ru
ruspostindex.ru
rusprofile.ru
rusregioninform.ru
russ-tractor.ru
russcult.ru
russia-game.ru
russia-map.ru
russia.tv
russian-center.ru
russian-money.ru
russian-remont.ru
russian.oplot.tv
russian7.ru
russiancouncil.ru
russkiymir.ru
russkmed.ru
rust-lang.ru
rustore.ru
rustwiki.su
rusvesna.su
rutab.net
rutarget.ru
ruthenia.ru
rutor.info
rutracker.org
rutracker.ru
rutrk.org
rutube.ru
rutubelist.ru
rutxt.ru
ruvoip.net
ruweb.net
ruwiki.ru
ruxpert.ru
rv77.pw
rybalku.ru
rybdn.ru
rybinskblog.ru
rycckienovosti.ru
rzd.ru
rzlock.ru
s-mf.ru
s-narodom.ru
s-porn.ru
s-tv.ru
s-zametki.ru
s1-revengerp.ru
s3mts.ru
s5o.ru
s8.capital
sabrina-vip.ru
sadiogorod24.ru
sadmin.io
sadyk.ru
safetyarea.ru
saharnyydiabet.ru
saint2.su
sait32.ru
sale-chery.ru
saledver.ru
sales-generator.ru
salire-mod.ru
salondom6.ru
salonendi.ru
samaraonline24.ru
samelectric.ru
samlib.ru
samokraska.ru
samoshvejka.ru
samoylov-agata.ru
sampo.ru
sampotv360.ru
samsung-help.ru
san2.ru
san4ik.ru
sanctam.su
sandali-neman.ru
sanstv.ru
santech1.ru
santreyd.ru
sapboard.ru
sapcode.ru
sape.ru
sapland.ru
sas-media.ru
sasha-medvedko.ru
sasisa.ru
satcom28.ru
satshara.ru
savegameinformer.ru
savepic.ru
savepice.ru
sayany35.ru
sb.by
sbank-business-online.ru
sber-o.ru
sber.ru
sberbank.ru
sbercloud.ru
sberdevices.ru
sbermarketing.ru
sbermegamarket.ru
sbfactory.ru
sbl.su
sblnk.ru
sbrf.ru
sc2tv.ru
scalemodels.ru
scanmatik.ru
scanport.ru
sceptic.online
schakal.ru
school-1268.ru
school-kairos.ru
school-xyz.com
schoolgs.ru
schoolofchess.ru
science-engineering.ru
screenstudio.ru
sdamanaliz.ru
sdamgia.ru
sddhelp.ru
sdelai-doma.ru
sdelaidvor.ru
sdelaimebel.ru
sdelaipotolok.ru
sdelanounas.ru
sdelayhod.ru
search-sales.ru
seasonhit.ru
seasonvar.ru
seatracker.ru
sechenov.ru
second-brain.ru
secondstreet.ru
secretmag.ru
secretra.com
secrets-of-women.ru
security.webmoney.ru
security.wmtransfer.com
securitylab.ru
see-me.ru
seeitnow.ru
sefan.ru
segmento.ru
segodnya.tv
selcdn.ru
selcloud.ru
select-place.ru
selectel.org
selencin.ru
selhozinstitut.ru
sellercheck.ru
selstorage.ru
semenagavrish.ru
semenauspeha.ru
semeynaya-kuchka.ru
semko-samara.ru
send-opt.ru
sendfile.su
sendimage.ru
sendle.ru
sendpic.ru
sendsay.ru
sentry-cdn.com
seo-fast.ru
seobyx.ru
seohotmix.ru
seolift.ru
septik27.ru
serge-nazarov.ru
sergeistrelec.ru
sergeybezrukov.ru
sergeytroshin.ru
sergikzas.ru
serguun42.ru
serioussite.ru
serissa.ru
serkov.su
serptop.ru
servandroidkino.ru
serveradmin.ru
servergate.ru
servernews.ru
serverspace.by
service-gsm.ru
servicebox.ru
servicecdn.ru
servicepipe.ru
serving-sys.ru
setafi.ru
setframe.ru
setmar.ru
settv.ru
sev.gov.ru
sev.tv
sev7en.ru
sevastopol.press
sevastopol.su
sevastopolmedia.ru
severmedia.ru
sevesk.ru
sevkor.ru
sevsu.ru
sew-lane.ru
sewingstore.ru
sexnarod.ru
sexoshopia.ru
sexpornovideo.ru
sezon-modnicy.ru
sf.education
sfera-kino.ru
sfil.ru
sflog.ru
shadowmaster777.ru
shagi-mos.ru
shahtersk.org
shakon.ru
shanson-plus.ru
shaohao.ru
sharavoz.ru
shard-copywriting.ru
shareman.tv
shareslide.ru
sharij.com.ua
sharij.net
sharij.online
sharing-club.ru
sharlife.ru
sharonov.ru
shary-i-shariki.ru
shazoo.ru
sheeep.ru
sheriffpro.ru
sherlockcrm.ru
shirshikova.ru
shkaf-v-dome.ru
shkola34.ru
shokolad-txt.ru
shop.by
shop.fox-tv.fun
shopadvert.ru
shopandshow.ru
shopdon.ru
shopogolllik.ru
shopozz.ru
shoptrip.ru
shor.by
shovgen880.ru
showgogo.ru
showip.net
showjet.ru
shpl.ru
shuby.by
shutok.ru
shveda.ru
sian.ru
siava.ru
sib-fm.ru
sibdom.ru
siberian-studio.ru
sibfun.ru
sibirskaya-burovaya-kompaniya.ru
sibkursy.ru
siblaguna.su
sibmama.ru
sibnet.ru
sidex.ru
sila-rf.ru
silaledi.ru
silkom.ru
silvengames.ru
silverstonef1.ru
simadm.ru
simatic-market.ru
simgov.ru
simpcity.su
simplacms.ru
simple-ha.ru
simpleminecraft.ru
simracing.su
sims-news.ru
sims4pack.ru
simsbase.ru
simsync.io
sinussmp.ru
sipnet.ru
sirena-travel.ru
sirunner.ru
sirus.su
sistema.ru
site-chat.ru
site.yandex.ua
site2sale.ru
sjsmartcontent.ru
sk-bauinvest.ru
sk-briz.ru
sk-domostroi.ru
skadovsk.khogov.ru
skandinaviya-a101.ru
skazon.ru
skdesign.ru
skgazeta.su
ski.ru
skidka-msk.ru
skidkaonline.ru
skiings.ru
skillbox.ru
skillfactory.ru
skladchik.com
skladchik.org
skladchinabiz.ru
skladchinatut.ru
skladexpress.ru
sklatchiki.ru
skoda-modus.ru
skodakaroq.ru
skorogovoro4ka.ru
skosr.ru
skotseti.ru
skrinshoter.ru
skstoit.ru
skwstat.ru
sky.pro
skydiverslab.ru
skydns.ru
skyeng.com.ua
skyeng.in.ua
skyeng.ru
skylink.ru
skysmart.ru
skytime.su
sladkiiflirt.ru
slapk.ru
slartus.ru
slavasev.ru
slavlnr.su
slavvesti.su
sled-samprok.ru
sledcom.ru
sledopit.by
slide-life.ru
slimboxtv.ru
slmp.ru
slo.ru
slovobook.ru
slovodel.com
slsew.ru
sluh.su
slurm.io
slushkinvsem.ru
slvnet.ru
slyshuvizhu.ru
sm-lik.ru
smart-bazar.ru
smart-lab.ru
smartcallback.ru
smartiqa.ru
smartliving.ru
smarttvapp.ru
smartwidgets.ru
smayly.ru
smclinic.ru
smdnr.ru
smdoctor.ru
smekalkino.ru
smi2.ru
smi2cdn.ru
smido.ru
smilewed.ru
sminewsnet.ru
smkneva.ru
smmacc.ru
smods.ru
smojem.ru
smol-detsad1.ru
smotret-video.ru
smotretonline.ru
smotri1tivi.ru
smotrim.ru
smotriuchis.ru
smr8.ru
smrcp.ru
smrebenok.ru
smste.ru
smtu.ru
snakeproject.ru
snet-vpn.ru
snezh-dnr.wmsite.ru
snianna.ru
snick.ru
sniperlog.ru
snk-syntez.ru
snob.ru
snookerist.ru
snsv.ru
so-wiki.ru
soap4youand.me
sobaka.ru
soberiurozhai.ru
soberypk.ru
sobory.ru
sobranie-casino.com
soc-proof.su
sochi.su
sochilens.ru
sochimedia.su
sochinskayatrk.ru
socialpeople.ru
socialquantum.ru
soderganki.ru
soft-download-files.ru
soft-navigator.ru
soft-sng.ru
soft1queen.ru
softboard.ru
softcamp.ru
softdownloads.ru
softhvac.ru
softline.ru
softo-mir.ru
softonic.ru
softorbits.ru
softovichek.ru
softslot.ru
software-expert.ru
soglasie.by
sokoly.ru
soleolis.ru
solncesvet.ru
solo-mahjong.ru
solo-semena.ru
solodilova.ru
solomonvet.ru
soloway.ru
solsince2013.ru
sonarmusic.ru
songx.ru
sonikelf.ru
sonnerick.ru
sonoragroup.ru
sony.ru
soosle.ru
sorokanews.ru
sortraceviewer.ru
sosdety.ru
sospiny.ru
sosudoved.ru
sotis-online.ru
sound-park.ru
soundex.ru
soundmovie.ru
sources.ru
souspark.ru
souz-pribor.ru
sovcombank.ru
sovet-ok.ru
sovet-sadovody.ru
sovetvam.ru
sovety-tut.ru
sovetyvam.ru
sovkusom.ru
sovminlnr.ru
sovminlnr.su
soware.ru
soyka.ru
soyuz.ru
sp-estore.ru
sp-piter.ru
sp-rc.ru
sp-shopogoliki.ru
sp-social.ru
sp-tagil.ru
space-base.ru
space-star-club.ru
spaces.ru
spampavac.by
spark-rostov.ru
spark.ru
sparklogic.ru
sparkmusic.ru
sparrow.ru
spaymentsplus.ru
spb.ru
spb.su
spbalum.ru
spbstu.ru
spbu.ru
spc2.ru
spcmed.ru
spdop.ru
spec-zone.ru
specagro-market.ru
specialgamesclub.ru
specially-for-you.ru
specmotors-msk.ru
specpryanosti.ru
speechkit.yandex.ru
speechpad.ru
speedfans.ru
spicami.ru
spidernfsoft.ru
spigotmc.ru
spkvadrat.ru
spletenie.ru
spletnik.ru
spokojnoj-nochi.ru
sponsr.ru
sport-express.ru
sport-in-my-life.ru
sport-oboz.ru
sport-results.ru
sport-stroitel.ru
sport.ru
sport24.ru
sport5.by
sportbox.ru
sportfood40.ru
sportland24.ru
sportloto.ru
sportmail.ru
sportmaster.ru
sports-news.ru
sports.ru
sportsdzen.ru
sportsheroes.ru
spr-tura.ru
sprashivai.ru
sprav.yandex.ru
sprav.yandex.ua
spravker.ru
spravochnick.ru
sprts.ru
spryt.ru
spsu.ru
sputnik.by
sputnik.ru
sputnikimages.com
sputniknews.com
sputniknews.ru
spw.ru
sravni.ru
srochnodengi.ru
ssluha.ru
ssmaker.ru
sstroys.ru
st-roll.ru
st2-fashiony.ru
staforceteam.su
stakan4ik.ru
stakhanov.su
stakhanovets.ru
stalcomplus.ru
stalker-world.ru
stalker-worlds.ru
stalkerforus.ru
stalkermod.ru
stalkerportaal.ru
stanis.ru
stanislav-milevich.ru
stanki-katalog.ru
stankoff.ru
stanluchshe.ru
stanremont.ru
star-bet.ru
staracs.ru
stararbat.ru
starcinemax.ru
starhit.ru
starkgames.app
starline-online.ru
starline.ru
starlink.ru
starobeshevo.ru
start.ru
startallback.com
startcopy.su
starter63.ru
startgamer.ru
startimg.ru
startmain.ru
startpack.ru
staskoff.ru
stat-feedot.ru
stat.yandex.ru
stat.yandex.ua
statad.ru
static.qiwi.com
static.viqeo.tv
static.vl.ru
statmedia.ru
status-media.ru
stavadm.ru
stavimsteni.ru
stavropol.ru
stbid.ru
stdater.ru
steammachine.ru
steamworkshopdownloader.ru
stefanikasalon.ru
stellio.ru
stepandstep.ru
stepik.org
stereo.ru
stereosat.ru
sterlegrad.ru
stickberry.ru
stihi.ru
stinger-shop.ru
stitch.su
stmtag.ru
stnmoscow.ru
stockinfo.ru
stoletie.ru
stolicaonego.ru
stolichki.ru
stoltumba.su
stom.ru
stone-prestol.ru
stone.ru
stoneforest.ru
stopgame.ru
stopvirus.by
store-men.ru
stoross.ru
storyfox.ru
stpulscen.ru
strana.digital
strana.news
strana.one
strana.today
strana.ua
stranamam.ru
stranamasterov.ru
stranavstrech.ru
strangearts.ru
stratege.ru
strategium.ru
stratum1.ru
strava.com
stream-promotion.ru
stream4k.ru
streamdps.ru
streaming-elbrus.su
streamo.ru
streamonsports.ru
streamr.ru
strmir.ru
stroi-news.ru
stroimtt.ru
stroispecteh.ru
strong-servis.ru
stronglink.ru
stroy-faq.ru
stroy-podskazka.ru
stroy-technics.ru
stroy-tusa.ru
stroyka-sl.ru
stroykaguru.ru
stroymaster-web.ru
sttsclub.ru
sttsmntz.ru
studentopedia.ru
studilka.ru
studio-nd.ru
studiya-cvetov-ov.ru
studychinese.ru
stv.ru
stv92.ru
styapokupayu.ru
styleui.ru
subbotaaa-s.ru
subscribe.ru
sudokuweb.ru
sukablyat.su
sukhoylog-media.ru
sun-soft.ru
sunduk-ribaka.ru
sunduk.su
sunmc.ru
sunnyface.ru
sunset-media.ru
supa.ru
supcourt-dpr.su
super-traf.ru
super.ru
supereyes.ru
superlen.ru
superoil24.ru
superprazdnik134.ru
superputana.ru
supersadovnik.ru
supersnimki.ru
superstrizhki.ru
suphelper.ru
suplicio.ru
support.my.games
suprion.ru
surasoft.ru
surfclicker.ru
sushitut71.ru
susi.ru
susu.ru
suzuki-club.ru
svadbafun.ru
svao-ix.ru
svechin.ru
svetovik.info
svetvstupino.ru
svinja.ru
svk-native.ru
svk-plast.ru
svk-portal.su
svoevideo.ru
svoimi-rukami-club.ru
svpressa.ru
svr-service.ru
sw-a.ru
swaap.ru
swezhak.su
swiftbook.ru
swiss-clinic.ru
swjournal.ru
swn.ru
sxembox.ru
syl.ru
synapse-pe.fun
synapse-pe.ru
synapsenet.ru
synex.ru
synthema.ru
synthira.ru
sysadmin-note.ru
sysadminhub.ru
sysadminmosaic.ru
sysadmins.ru
systemreq.ru
syzran-small.ru
szstakhanov.su
szzmk.ru
t-80.ru
t-bank-app.ru
t-bank-app.su
t-j.ru
t-laminat.ru
t-oapp.ru
t-static.ru
t2.ru
t30p.ru
tOrReNt.by
tabletka.by
tablicakalorijnosti.ru
tabor.ru
tace.ru
tachka.ru
taday.ru
tadiphone.dev
tadviser.ru
tagil-tv.ru
tahc.ru
talk-me.ru
tamos.ru
tandemtools.ru
taninshar.ru
tanki.su
tanksblitz.ru
tapulsads.ru
tarakanov.net
tarcode.ru
tarelka67.ru
tashirovo.ru
tashkent.su
tashlanov.ru
tass.ru
taste-of-tea.ru
tatar.ru
tatler.ru
tattoo-search.ru
tattooz.ru
tavria.tv
taxi-yandex.com.ua
taxi-yandex.kiev.ua
taxi.yandex.ru
taxinomera.ru
taxisv.ru
taxsee.ru
tb.ru
tbank.ru
tbx.su
tcpu.ru
td-forbiz.ru
td-keramic.ru
tdeth.ru
tdkare.ru
te4h.ru
te4vg2d2.ru
team-host.ru
team4yk.ru
teamo.ru
teamplay.qiwi.com
teaserfast.ru
tecel.ru
tech.yandex.ru
techart.ru
techberg.ru
techcult.ru
techdsp.ru
techinsider.ru
technodroid.ru
technoframe.ru
technopark.ru
technosity-dnr.ru
tehnichka.pro
tehno-tt.ru
tehnoomsk.ru
tehnoteca.ru
teko-com.ru
tektonit.ru
tel-spb.ru
tele2.ru
tele2kino.ru
telead.ru
telebegun.ru
telecafe.ru
telecid.ru
telecom.by
telecomid.ru
telecon-tv.ru
telegramcards.ru
teleguide.su
telekanal-oplot.tv
telemaster.ru
telemax-net.ru
telemedai.ru
telepay.webmoney.ru
telepay.wmtransfer.com
telephony.yandex.ru
teleport2001.ru
telepot.ru
teleseriali.ru
teleservice.su
telesputnik.ru
teletarget.ru
teletehnika.su
televid-sib.ru
televizor-24-tochka.ru
televizor24tochka.ru
telmanovo-dnr.ru
telmanovo.dnr-online.ru
telvanil.ru
temofeev.ru
tenchat.ru
tennis-store.ru
tennisi.bet
tenorshare.ru
teotv.ru
tep-nn.ru
teplius.ru
teploluxe.by
terma-msk.ru
termez.su
termografia.ru
terrhq.ru
terve.su
tes-game.ru
test.ru
test1.ru
testlendinga.ru
testo.ru
tetrika-school.ru
texbaza.by
texsvarka.ru
text-image.ru
text.ru
texter.ru
texterra.ru
textologia.ru
textscan.ru
textslova.ru
teyes.cn
teyes.ru
tez-cars.ru
tfile.ru
tfl-shop.ru
tfomsrk.ru
tga-info.ru
tgcnt.ru
tgkb5.ru
tgmania.ru
tgstat.ru
thaiportal.ru
the-flow.ru
the-forest.ru
the-master.ru
the-radio.ru
the-womans.ru
theabyss.ru
theatre-library.ru
theblueprint.ru
thecommunity.ru
thegirl.ru
theins.ru
thelastgame.ru
thematrixx.ru
thenailbar.ru
theonlineshop.ru
theotherukraine.info
thepresentation.ru
thermagent.ru
thermal-imager.ru
thermoview.ru
therumdiary.ru
thevoicemag.ru
thg.ru
thisis.media
thisisdacha.ru
thisnews.ru
thomaldrin.worldpress.com
ti.ru
ticketland.ru
tidal.com
tidings.su
tiflo.info
tiflocomp.ru
tiflohost.ru
tiggoclub.ru
timacad.ru
time100.ru
timeout.ru
timepad.ru
timeserver.ru
timeweb.ru
timewebmtgames.ru
tinc.by
tinkoff.ru
tinkoffinsurance.ru
tinkoffjournal.ru
titotu.ru
tittygramdom.ru
tivision.ru
tivizor.ru
tj-service.ru
tj4rxr.ru
tjournal.ru
tjp56x.ru
tk-union.tv
tlauncher.ru
tlgrm.ru
tlintegration.ru
tltgorod.ru
tlum.ru
tmall.ru
tmelectronics.ru
tmeter.ru
tmk-bud.ru
tmn.ru
tmweb.ru
tnative.ru
tns-counter.ru
tnt-online.ru
toRrEnT.by
tochka.by
tochka.com
tocrypto.ru
todays-news.ru
togliatti.su
tokenrate.ru
tokomet.ru
tolknews.ru
tom.ru
tomsk-time.ru
tomsk.ru
tomtelnet.ru
tonkimir.ru
tonkosti.ru
tonus-studiya.ru
tonzz3.ru
top-books.ru
top-drives.ru
top-mmogames.ru
top-mods.ru
top-page.ru
top-radio.ru
top-tvdoc.ru
top100.ru
top1baza.ru
top3dshop.ru
top5.su
topasnew24.com
topcars.su
topcor.ru
topdent.ru
topdownloads.ru
topengineer.ru
topface.com
tophotels.ru
tophouse.ru
topiptv.info
topiz.ru
topln.ru
topnews.ru
topnomer.ru
topomatic.ru
toppositiv.ru
topref.ru
topruscar.ru
toptracker.ru
topvisor.com
topvkusniashki.ru
topwar.ru
topzar.ru
torez24.ru
torrent-soft.ru
torrent-tracker.ru
torrent.by
torrentmir.ru
torrs.ru
torrtilla.ru
torsion24.ru
tort4u.ru
tortuga.club
tosamoe55.ru
tosma.ru
tosupport.ru
totaldvd.ru
touchmemory.ru
touki.ru
tourdom.ru
tourismdaily.ru
tourister.ru
toyotamark2.ru
tpk-vid.ru
tpoints.ru
tppchita.ru
tppdnr.ru
tpu.ru
tr.ru
track-backit.ru
track-lesta.ru
track24.ru
trackchecker.ru
trackgoods.ru
tracktor.site
tractor-74.ru
trade-print.ru
tradesoft.ru
traf-top.ru
traffzone.ru
traficstoc.ru
trafiframe.ru
trailer.ru
trainmuscles.ru
trainz-mp.ru
trakrd.ru
tram23.ru
transceh.ru
transfergo.ru
transfiles.ru
translate.ru
translate.yandex.ru
translate.yandex.ua
translation-profi.ru
translit.ru
trashbox.ru
travel.qiwi.com
travel.ru
travel.yandex.ru
travelask.ru
traveller-eu.ru
travms.ru
treeone.ru
tribuna.com
tribunal.dnr-online.ru
tricolor.ru
trinitas.ru
trinixy.ru
tripadvisor.ru
tripster.ru
triza-media.ru
trkb.ru
trkbrest.by
trkcrimea.ru
trkmillet.ru
trlm.ru
trn.su
troitsk.su
trovo.live
trovocdn.net
trs-motors.ru
truapt.ru
trudgor.su
trudslava.su
trueimages.ru
truenetwork.ru
trula-music.ru
trump-rutor.ru
trustlink.ru
trv-science.ru
trv.su
ts3.su
ts3x.ru
tselinograd.su
tsidfrri.ru
tsifra-tv.ru
tsiklnr.su
tsknv.ru
tspeak.ru
tsu.ru
tswteam.ru
tsybulskaya.ru
ttarget.ru
ttl24.ru
tts-kazan.ru
tu-tu.ru
tudap.ru
tuday.ru
tula.su
tulupavel.ru
tumentoday.ru
tunecom.ru
tuning-klin.ru
tuningprosto.ru
tunnel.ru
tupa-germania.ru
turbo.ua
turboconf.ru
turbolead.ru
turbologo.ru
turbotema.ru
turbozaim.ru
turikhay.ru
turisheva.ru
turism2sale.ru
turizmfoto.ru
turtella.ru
tuseti.ru
tut.by
tutorplace.ru
tutu.ru
tuva.ru
tuva.su
tuyahome.online
tv-11.ru
tv-ch.ru
tv-novosti.ru
tv-videoarchive.ru
tv.rbc.ru
tv.yandex.ru
tv.yandex.ua
tv2free.ru
tv3.ru
tv4k.ru
tvc.ru
tvcenter.ru
tverigrad.ru
tverreg.ru
tvextra.ru
tvigle.ru
tvin.su
tvkultura.ru
tvlider.net
tvnews.by
tvoetv.in.ua
tvoi-noski.ru
tvojajbolit.ru
tvoyaizuminka.ru
tvoyavto24.ru
tvoyklub.ru
tvoyweb.ru
tvplusonline.ru
tvplusstreaming.ru
tvradioo.ru
tvrain.ru
tvspb.ru
tvstart.ru
tvtomsk.ru
tvtvtv.ru
tvzavr.ru
tvzvezda.ru
tw1.ru
twam.ru
twicker.ru
twilightrussia.ru
twincher.ru
tyuiu.ru
u-art.ru
u-hotel.ru
u-team.by
u2.9111s.ru
uaz.ru
uaz74.ru
ubar.su
ubars.ru
ublaze.ru
ubnt.su
uborkovedenie.ru
ubuntu.ru
uchi.ru
ucmg.ru
ucoz.ru
ucrazy.ru
ucs.ru
udlapi.ru
udlcdn.ru
udm.ru
ufanet.ru
ufcplayer.ru
ufitsalon.ru
ugadn76.ru
ugo.ru
ugoodhome.ru
ugoos.ru
ugoos.twicker.ru
uhta24.ru
uifr.ru
uigkh.ru
uiscom.ru
ujut-v-dome.ru
uk-progress.ru
uk-servicedom.ru
ukhimenergo.ru
ukladka-stroy.ru
ukladkapro.ru
ukodeksrf.ru
ukr.rs.gov.ru
ukraina.ru
ukraine.ru
ukrfkod.ru
ukrgarant.com
ukrtvr.org
ulibky.ru
ulmart.ru
uln-ix.ru
ulogin.ru
ulpravda.ru
ulstu.ru
umnazia.ru
umnitsa.ru
umnozhaj-ka.ru
unbound.ru
unclinic.ru
unigamecms.ru
union-motors.ru
unitex.ru
unitpay.ru
unitsolutions.ru
universe-tss.su
universe.qiwi.com
unknot.ru
unn.ru
unona-hair.ru
unusual-world.ru
uoperev.ucoz.org
up66.ru
uploadpic.ru
uploads.ru
upmobile.ru
upupenglish.ru
urait.ru
ural.ru
uralst.ru
uraltm08.ru
urban3p.ru
urbc.ru
urfu.ru
uristvzakon.ru
urouter.ru
urss.ru
urtaev.com
usadba19.ru
usbdev.ru
usbtor.ru
uscrimea.ru
usd.krm.sudrf.ru
usedesk.ru
uselogic.ru
userapi.com
userforum.ru
utarget.ru
uteka.ru
uteufo.ru
utimg.ru
utkacraft.ru
utmn.ru
utorrentserials.ru
utorrentsoft.ru
utradobrogo.ru
utro.ru
utvar78.ru
uvaleronchika.ru
uvuvu.ru
uweb-style.ru
uxfeedback.ru
uytvvannoi.ru
uzbak.ru
uzbum.su
uzhhorod.today
uznayonline.ru
uznayson.ru
uznayvse.ru
uzor.su
uzst.ru
uzx.su
v-banyu.ru
v-credit.su
v-dome-chisto.ru
v-velikolepniy.ru
v1.ru
v3.skladchik.org
vafrike.ru
vag-coder.ru
vakhtangov.ru
valeryg.ru
vam-auto.ru
vanarti.ru
vaporshop-altay.ru
vaquariume.ru
varikoz5.ru
vas-torg.ru
vashakrasota25.ru
vashakrovlja.ru
vashdom.ru
vashesamodelkino.ru
vashgorod.ru
vashifinancy.ru
vashkontrol.ru
vashpult.ru
vasilissa-bra.ru
vaz2110-11-12.ru
vbankcenter.ru
vc-ss.ru
vc.ru
vd-tv.ru
vdfm.ru
vdommebel.ru
vdrifte.ru
vdsina.ru
veber-service.ru
veber.ru
veche-info.ru
vector-ski.ru
veditourgroup.ru
vedomosti.ru
veesp.com
veg.by
vegalab.ru
veglas.ru
vegopolis.ru
vekneboley.ru
vektor-tv.ru
velo1000.ru
velomania.ru
velotourism.ru
venyoo.ru
veps34.ru
vera.by
veraifoma.ru
verbformen.ru
verbox.by
verbox.ru
vercity.ru
vermeisterrus.ru
versia.ru
veryscary.ru
vesbiz.ru
veseloeradio.ru
vesna-city.ru
vesti-k.ru
vesti.ru
vesti42.ru
vesti92.ru
vestimoskva.ru
vestnik-moskvy.ru
vestnik-nn.ru
vestnik-rm.ru
vet-news.ru
veter96.ru
veterinardoma.ru
veterinardoma74.ru
vetromaster.ru
vetsas.by
vetspb.ru
vfl.ru
vgatu.ru
vgif.ru
vgl-sport.ru
vgluhova.ru
vgtimes.ru
vgtrk.com
viber-chat.ru
victorycorp.ru
victronenergy.ru
vid.ru
vidadu.ru
vidal.by
vidal.ru
video-converter.ru
video-dom2.ru
video-mech.ru
video-pricheski.ru
video-zvezd.ru
videoline.ru
videomore.ru
videonew.ru
videonow.ru
videosmile.ru
videotorrent.ru
vido.su
vigarik.ru
vigo.ru
vigvam.ru
vihub.ru
vijin.ru
vikapirs.ru
vikaprokitai.ru
vimetop.ru
vingrad.ru
vinkisa.ru
vinoteka40.ru
vinylko.ru
violetfire.ru
vipdrive.net
vipip.ru
viplime.fun
vipreshebnik.ru
viqeo.tv
virtustec.ru
visionary.ru
visionbot.ru
visions.ru
visited.ru
vistaservis.ru
vitalnt.ru
vitamingid.ru
vitaplastica-school.ru
vitospb.ru
vitrina.tv
vitrinabeat.ru
vityazki.ru
vivareit.ru
vivoo.ru
vivt.ru
vizitnlo.ru
vjagu.ru
vk-analytics.ru
vk-apps.com
vk-faces.ru
vk.com
vk.ru
vkcdn.ru
vkcloud-storage.ru
vkforms.ru
vklanding.ru
vkontakte.ru
vkopt.net
vkplaneta.ru
vkplay.live
vkplay.ru
vkplayerpro.ru
vkpress.ru
vkrutka.ru
vkspy.by
vktarget.ru
vkus-expert.ru
vkuseraudio.ru
vkusercdn.ru
vkuserphoto.ru
vkusnorecept.ru
vkvideo.ru
vkysnayakyxnya.ru
vl.ru
vlab.su
vladikavkaz.ru
vladikavkaz.su
vladimir.ru
vladimir.su
vladimirmalikov.com
vlapp.ru
vlastelin-kolets.ru
vlogistic.ru
vm.ru
vmakeevke.com
vmasshtabe.ru
vmblog.ru
vmedok.ru
vmireskazki.ru
vnadom.ru
vniiftri.ru
vniioeng.ru
vodadonbassa.ru
voenhronika.ru
voenmeh.ru
voennye-novosti.ru
vogo-vogo.ru
vogue.ru
voi.ru
voice-server.ru
voicesevas.ru
voidboost.cc
voidboost.in
vokrug.tv
vokrugsveta.ru
volgogradplanetarium.ru
volhovec.ru
vologda.su
voloshyna.org.ua
volshebnaya-eda.ru
voltacom.ru
voltag.ru
voltagefm.ru
voltbet.ru
voltiq.ru
voplit.ru
voronezh-uber.ru
vorotnet.ru
voshod-solnca.ru
voskhodinfo.su
vostokgamedev.ru
vott.ru
voximplant.ru
voxlink.ru
voyaki.ru
vozwooden.ru
vperedlnr.su
vplate.ru
vpn-dlya-youtube.ru
vpn.zaborona.help
vpnip.ru
vpnquick.ru
vpoxod.ru
vppress.ru
vr-vyksa.ru
vremya.tv
vrn-transtur.ru
vrtp.ru
vrubcovske.ru
vs.krm.sudrf.ru
vse-footbolki.ru
vse10.ru
vsedliaremonta.ru
vsedlypolsy.ru
vsednr.ru
vseglisty.ru
vsego.ru
vseinstrumenti.ru
vseledi.ru
vsemayki.ru
vsemcomp.ru
vsenews24.ru
vseoteplicah.ru
vseozrenii.ru
vsesorta.ru
vsetemy.ru
vsevteme.ru
vsexshop.ru
vshi911.ru
vsi.ru
vsko.ru
vskrytie-zamkof.ru
vsthouse.ru
vsya-mebel-tut.ru
vta-gaz.ru
vtb.ru
vtemu.by
vtome.ru
vtsft.ru
vuydqm.ru
vw-golfclub.ru
vwcoding.ru
vwgolf-club.ru
vwts.ru
vz.ru
wa-2.ru
wahelp.ru
wallegro.ru
walletone.com
wallpaperscraft.ru
wampi.ru
wannatalk.ru
wantprikol.ru
warandpeace.ru
warface.ru
warface.su
warfacelab.ru
wargm.ru
warha.ru
warhammergames.ru
warses.ru
warthunder.ru
wasd.tv
watch.ru
watchanime.su
wb.ru
wbbasket.ru
wbc.com.ru
wcbiathlon.ru
wdfiles.ru
wdho.ru
wdorogu.ru
wealthads.ru
web-creator.ru
web-lesson.ru
web-literatura.ru
web-moneta.com
web-monitoring.ru
web-paint.ru
web-revenue.ru
web.ru
webcode70.ru
webdelphi.ru
webeffector.ru
webfonts.ru
webfrau.ru
webhamster.ru
webim.ru
webim2.ru
webkamerton.ru
webkind.ru
webmaster.yandex.ru
webmg.ru
webmoney-keeper.ru
webmoney.by
webmoney.com
webmoney.com.ua
webmoney.ru
webmoney.ua
webmoneydealer.narod.ru
webofcomics.ru
weborama-tech.ru
webos-forums.ru
webpunk.ru
webref.ru
websteel.ru
webtalk.ru
webtrafic.ru
weburologiya.ru
webwizard.ru
wedgo.ru
wellworld.su
wfolio.ru
whatsap-web.ru
wheelspedia.ru
whiteboxdigital.ru
whitesaas.com
whynotportal.ru
wi-fi.ru
wifiradio.su
wifire.ru
wiki.web-money.ru
wiki.web.money.ru
wiki.webmoney.ru
wiki.wmtransfer.com
wiki93.ru
wikibotanika.ru
wikigrib.ru
wikilink.by
wikimapia.org
wikisovet.ru
wikiterra.ru
wikitropes.ru
wildberries.ru
wildred.ru
wildstat.ru
win-torrent.net
win10tweaker.ru
wincore.ru
windows-school.ru
windowsplayer.ru
windowss10.ru
windowstips.ru
windowsword.ru
windse.ru
windwheel.ru
winitpro.ru
wink.rt.ru
wink.ru
winline.ru
winpiter.ru
wiq.ru
wiselady.ru
wlinks.ru
wm-factor.com.ua
wm.exchanger.money
wmbild.ru
wmchanger.com
wmmail.ru
wmnik.ru
wmsc1.webmoney.ru
wmsc2.webmoney.ru
wmsc3.webmoney.ru
wmsc4.webmoney.ru
wmscl.webmoney.ru
wmtransfer.com
wmx.ru
wod.su
wolcens.ru
wolfskillmarketing.ru
womaan.ru
woman.ru
womanadvice.ru
womanhit.ru
womaninstinct.ru
womaninweb.ru
womanjour.ru
womanmaniya.ru
womanshoping.ru
womantell.ru
womantop.ru
womanzdorovie.ru
women-sekret.ru
womenclub.ru
womenfirst.ru
womenluck.ru
womenzz.ru
woodson.ru
woodysoft.ru
wooordhunt.ru
woords.su
word-by-word.ru
wordexcele.ru
workinnet.ru
world-evolved.ru
world-snooker.ru
world-war.ru
world-weather.ru
worldbirds.ru
worldcrisis.ru
worldofplayers.ru
worldoftanks.ru
worldofwarships.ru
wotpack.ru
wotrend.ru
wotspeak.ru
wow-game.ru
wow-guides.ru
wow-servers.ru
wp-art.ru
wp-kama.ru
wrcars.ru
writemore.ru
wrk.ru
wtcmoscow.ru
wtftime.ru
wwes.ru
www.21casino.com
www.24kcasino.com
www.agoravox.tv
www.betchain.com
www.betchplp.xyz
www.bitcoincasino.us
www.capitaller.ru
www.casinotoken.com
www.cloudbet.com
www.donbass-insider.com
www.donetsk-france.org
www.doverie-tv.ru
www.drweb.ru
www.euslot.com
www.facct.ru
www.fastpay-casino.com
www.geopolitika.ru
www.grandx.com
www.group-ib.com
www.group-ib.ru
www.ilucki.com
www.inlinegroup.ru
www.inlinegroup.ua
www.ints.net
www.joocasino.com
www.kaspersky.ru
www.kinopoisk.ru
www.konungcasino.com
www.labirint.ru
www.litres.ru
www.loyalcasino.com
www.mail.ru
www.mklnr.su
www.mosfm.com
www.n1casino.com
www.nateks.ru
www.ok.ru
www.osnmedia.ru
www.ozon.ru
www.paradisecasino.com
www.patreon.com
www.pervomaysklnr.su
www.pinnacle.com
www.pl.com.ua
www.probki.net
www.qiwi.com
www.qiwi.ua
www.redstarcasino20.eu
www.sila-rf.ru
www.smartwm.ru
www.tvzvezda.ru
www.vk.com
www.wildberries.am
www.wildberries.by
www.wildberries.eu
www.wildberries.kg
www.wildberries.kz
www.wildberries.ru
www.wildberries.ua
www.yataxi.net
www.yoomoney.ru
www1.ru
wylek.ru
x-bet.co
x-hw.by
x-lines.ru
x-memory.ru
x-xisnoj.ru
x2k.ru
xakep.ru
xamubee.ru
xbaz.ru
xbmc.ru
xcec.ru
xchess.ru
xdan.ru
xdlab.ru
xeon-e5450.ru
xeonlive.ru
xerect.ru
xgamers.ru
xgd3kl.ru
xiacom.ru
xiaomi-smarthome.ru
xistore.by
xmetrics.ru
xml.yandex.ru
xml.yandex.ua
xn--80ahqgjaddr.xn--p1ai
xn--c1acbl2abdlkab1og.xn--p1ai
xn--h1aheeehel.xn--p1acf
xorow.ru
xseomis.ru
xsph.ru
xstory.ru
xtet.ru
xtrend.ru
xxiveklnr.su
xzona.su
y-jenchina.ru
y-legal.ru
ya-counter.ru
ya-taxi.bitrix24.site
ya.com
ya.ru
yablor.ru
yadelus.ru
yadi.sk
yadro.ru
yadrocrm.ru
yadveri.ru
yagla.ru
yaguar-m.ru
yaha-cloud.ru
yakutiamedia.ru
yalta-print.ru
yalta-tv.ru
yalta.rk.gov.ru
yaltatv.ru
yamal-media.ru
yamobi.ru
yandeg.ru
yandex-context.ru
yandex-net.ru
yandex-taxi.com.ua
yandex.biz.ua
yandex.by
yandex.com
yandex.net
yandex.ru
yandex.ua
yandexcloud.net
yandexdatafactory.com
yandextaksiua.com.ua
yandextaxi.com.ua
yandextaxi.kiev.ua
yandexua.ru
yandro.ru
yap.ru
yapfiles.ru
yaplakal-i-ustal.ru
yapolitc.ru
yapolitic.ru
yapolitical.ru
yapolitik.ru
yapotolok.ru
yaproduction.ru
yapx.ru
yar.ru
yarik-sat.ru
yaroshenko.by
yasew.ru
yasispolkom.dnr-online.ru
yasispolkom.ru
yataxi.com.ua
yaundex.ru
ybis.ru
ydmitry.ru
yeltsin.ru
yesasia.ru
ym5hfo8ogn.ru
ym5mltbu4n.ru
ymawp7i2ke.ru
ymbxmp1r3m.ru
ymdw2aq0if.ru
ymdxm3qa9p.ru
ymfw4u9lss.ru
ymi24heuiy.ru
ymk-mebel.ru
ymo2cwht0b.ru
ymr8fm2jmd.ru
ymt5lky6bm.ru
ymus9qjce1.ru
ymvjchlb26.ru
ynavigator.ru
yobte.ru
yogateachers.ru
yoobusiness.ru
yookassa.ru
yoomoney.ru
yoomoney.uk
yoomoney.website
yoorstudio.ru
yootv.ru
yota.ru
yotor.ru
you-guide.ru
you-logo.ru
you-med.ru
you-right.ru
you-zdorov3.ru
youiron.ru
youla.ru
youloveit.ru
youmoney.ru
youpic.su
yourok.ru
yoursmileys.ru
youtube.ru
yowindow.ru
ypizeako.ru
yquunysa.ru
yslugiyurista.ru
ytazika.ru
ytro.news
yug-upr.ru
yugramoto.ru
yummy-anime.ru
yumoney.ru
yunarmy.ru
yurigas.ru
yusdoc.ru
yzutaschool.ru
z-aya.ru
z-oleg.com
z-torrents.ru
z-truda.ru
z13e.ru
zabava63.ru
zaberemenetkak.ru
zabor154.ru
zagony.ru
zagorsky-stamps.ru
zakaz-roz.ru
zakazvsad.ru
zakladchitsa.ru
zakladchitsy.ru
zakonlw.ru
zakonwin.ru
zakuyu.ru
zalinux.ru
zamm.ru
zaokomtek.ru
zapchastivaz163.ru
zapovednik96.ru
zapros-bki.ru
zarabotat-vsem.ru
zarsto.ru
zashitapravi.ru
zatramvaj.su
zavalinka-new.ru
zavod-garant.by
zavorota.ru
zavtra.ru
zavtracast.ru
zayads.ru
zayb.ru
zaycev.net
zaymigo.ru
zazhinki.by
zcdn.ru
zchnk.ru
zdesinstrument.ru
zdorof.ru
zdorovat.ru
zdorovaya-life.ru
zdoroveevo.ru
zdorovie-natsii.ru
zdorovnet.ru
zdorovvonline.ru
zdos.ru
zdravcity.ru
zebomba.ru
zebraak.ru
zebraapi.ru
zedom.net
zefir.ru
zelleto.ru
zemlemer-67.ru
zenclass.ru
zendomusic.ru
zenit.win
zenmoney.ru
zenon.net
zenstat.ru
zerk.ru
zerka.ru
zerkalamarzena.ru
zerocake-school.ru
zerocoder.ru
zgtk.ru
zharafm.ru
zhdanovka.com
zhdanovka.ugletele.com
zhenskayadolya.ru
zhizn-hm.ru
zigfreed.ru
zilart-auto.ru
zilore.com
zinenkos.site
zip-zip.ru
zip4tools.ru
zipzip.ru
zjmods.ru
zjshaitan.ru
zmqdez.ru
znanierussia.ru
znanio.ru
znaybiznes.ru
zno.yandex.ua
zoaworet.ru
zona.ru
zonafilm.ru
zonakulinara.ru
zonazakona.ru
zondov.ru
zoneofgames.ru
zooclub.ru
zooinform.ru
zoon.ru
zoostatus.ru
zootom.ru
zornet.ru
zovrus.ru
zozo.gg
zprosto.ru
zr.ru
zrk-1.ru
zsttk.ru
ztegid.ru
zubi-protezi.ru
zubi33.ru
zubovv.ru
zufino.ru
zugres.ugletele.com
zverushkin.ru
zvooq.ru
zvukomaniya.ru
zx-pk.ru
zxpress.ru
